BACKUP /home/baiwen/ax-pipeline/six/backups/before-driving-half-speed-20260916-192817
NEW_CHANNEL {"name": "driving", "kind": "vehicle", "title": "YOLO26n + tracking", "input": "/home/baiwen/ax-pipeline/video/1080p/traffic7_slow_0p5x.mp4", "source_name": "traffic7_slow_0p5x.mp4", "model": "/home/baiwen/ax-pipeline/six/models/yolo26n.axmodel", "output": "rtsp://0.0.0.0:8554/driving", "enable_tracking": true, "show_unconfirmed_detections": true, "plugin": "/home/baiwen/ax-pipeline/six/npu-release/plugins/libax_plugin_yolo26.so", "plugin_options": {"model_path": "/home/baiwen/ax-pipeline/six/models/yolo26n.axmodel", "num_classes": 80, "conf_threshold": 0.3, "nms_threshold": 0.45, "max_det": 50, "enable_tracking": false, "resize_mode": "keep_aspect", "background_color": 0}, "source_fps": 29.97002997002997}
active
active
()
{
  "sample_seconds": 10.033020398997905,
  "channels": [
    {
      "name": "pcd",
      "decode_fps": 11.960505932190227,
      "infer_fps": 12.060176814958478,
      "encode_fps": 12.060176814958478,
      "dropped": 0,
      "mux_errors": 0,
      "submit_errors": 0
    },
    {
      "name": "vehicle",
      "decode_fps": 25.017391574831223,
      "infer_fps": 9.668075628520432,
      "encode_fps": 25.117062457599474,
      "dropped": 0,
      "mux_errors": 0,
      "submit_errors": 0
    },
    {
      "name": "seg",
      "decode_fps": 30.000935713243816,
      "infer_fps": 6.179594731631617,
      "encode_fps": 30.000935713243816,
      "dropped": 0,
      "mux_errors": 0,
      "submit_errors": 0
    },
    {
      "name": "driving",
      "decode_fps": 29.901264830475565,
      "infer_fps": 9.867417394056936,
      "encode_fps": 29.901264830475565,
      "dropped": 0,
      "mux_errors": 0,
      "submit_errors": 0
    },
    {
      "name": "depth",
      "decode_fps": 24.020682747148705,
      "infer_fps": 10.166430042361693,
      "encode_fps": 24.020682747148705,
      "dropped": 0,
      "mux_errors": 0,
      "submit_errors": 0
    },
    {
      "name": "count",
      "decode_fps": 24.020682747148705,
      "infer_fps": 9.369062980215677,
      "encode_fps": 24.220024512685207,
      "dropped": 0,
      "mux_errors": 0,
      "submit_errors": 0
    }
  ],
  "overview_encode_fps": 30.10060659601207
}
(<'Playing'>,)
MainPID=83794
Result=success
