ffmpeg stats and -progress period set to 20.
Input #0, mov,mp4,m4a,3gp,3g2,mj2, from '/home/baiwen/ax-pipeline/video/1080p/traffic7.mp4':
  Metadata:
    major_brand     : isom
    minor_version   : 512
    compatible_brands: isomiso2avc1mp41
    encoder         : Lavf60.16.100
  Duration: 00:00:46.05, start: 0.000000, bitrate: 12570 kb/s
  Stream #0:0[0x1](und): Video: h264 (High) (avc1 / 0x31637661), yuv420p(tv, bt709, progressive), 1920x1080 [SAR 1:1 DAR 16:9], 12567 kb/s, 29.97 fps, 29.97 tbr, 30k tbn (default)
    Metadata:
      handler_name    : L-SMASH Video Handler
      vendor_id       : [0][0][0][0]
      encoder         : Lavc60.31.102 libx264
Stream mapping:
  Stream #0:0 -> #0:0 (h264 (native) -> h264 (libx264))
frame=0
fps=0.00
stream_0_0_q=0.0
bitrate=N/A
total_size=0
out_time_us=N/A
out_time_ms=N/A
out_time=N/A
dup_frames=0
drop_frames=0
speed=N/A
progress=continue
[libx264 @ 0xaaaae12dda50] using SAR=1/1
[libx264 @ 0xaaaae12dda50] using cpu capabilities: ARMv8 NEON
[libx264 @ 0xaaaae12dda50] profile High, level 4.0, 4:2:0, 8-bit
[libx264 @ 0xaaaae12dda50] 264 - core 164 r3108 31e19f9 - H.264/MPEG-4 AVC codec - Copyleft 2003-2023 - http://www.videolan.org/x264.html - options: cabac=1 ref=1 deblock=1:0:0 analyse=0x3:0x113 me=hex subme=2 psy=1 psy_rd=1.00:0.00 mixed_ref=0 me_range=16 chroma_me=1 trellis=0 8x8dct=1 cqm=0 deadzone=21,11 fast_pskip=1 chroma_qp_offset=0 threads=2 lookahead_threads=1 sliced_threads=0 nr=0 decimate=1 interlaced=0 bluray_compat=0 constrained_intra=0 bframes=3 b_pyramid=2 b_adapt=1 b_bias=0 direct=1 weightb=1 open_gop=0 weightp=1 keyint=250 keyint_min=25 scenecut=40 intra_refresh=0 rc_lookahead=10 rc=crf mbtree=1 crf=20.0 qcomp=0.60 qpmin=0 qpmax=69 qpstep=4 ip_ratio=1.40 aq=1:1.00
Output #0, mp4, to '/home/baiwen/ax-pipeline/video/1080p/traffic7_slow_0p5x.partial.mp4':
  Metadata:
    major_brand     : isom
    minor_version   : 512
    compatible_brands: isomiso2avc1mp41
    encoder         : Lavf60.16.100
  Stream #0:0(und): Video: h264 (avc1 / 0x31637661), yuv420p(tv, bt709, progressive), 1920x1080 [SAR 1:1 DAR 16:9], q=2-31, 29.97 fps, 30k tbn (default)
    Metadata:
      handler_name    : L-SMASH Video Handler
      vendor_id       : [0][0][0][0]
      encoder         : Lavc60.31.102 libx264
    Side data:
      cpb: bitrate max/min/avg: 0/0/0 buffer size: 0 vbv_delay: N/A
frame=225
fps=11.10
stream_0_0_q=26.0
bitrate=5918.8kbits/s
total_size=5505072
out_time_us=7440767
out_time_ms=7440767
out_time=00:00:07.440767
dup_frames=0
drop_frames=0
speed=0.367x
progress=continue
frame=444
fps=11.02
stream_0_0_q=26.0
bitrate=6114.6kbits/s
total_size=11272240
out_time_us=14748067
out_time_ms=14748067
out_time=00:00:14.748067
dup_frames=0
drop_frames=0
speed=0.366x
progress=continue
frame=662
fps=10.94
stream_0_0_q=26.0
bitrate=6190.0kbits/s
total_size=17039408
out_time_us=22022000
out_time_ms=22022000
out_time=00:00:22.022000
dup_frames=0
drop_frames=0
speed=0.364x
progress=continue
frame=869
fps=10.79
stream_0_0_q=26.0
bitrate=6234.4kbits/s
total_size=22544432
out_time_us=28928900
out_time_ms=28928900
out_time=00:00:28.928900
dup_frames=0
drop_frames=0
speed=0.359x
progress=continue
frame=1087
fps=10.81
stream_0_0_q=26.0
bitrate=6146.0kbits/s
total_size=27787312
out_time_us=36169467
out_time_ms=36169467
out_time=00:00:36.169467
dup_frames=0
drop_frames=0
speed=0.36x
progress=continue
frame=1289
fps=10.68
stream_0_0_q=26.0
bitrate=6153.3kbits/s
total_size=33030192
out_time_us=42942900
out_time_ms=42942900
out_time=00:00:42.942900
dup_frames=0
drop_frames=0
speed=0.356x
progress=continue
frame=1480
fps=10.50
stream_0_0_q=26.0
bitrate=6251.2kbits/s
total_size=38535216
out_time_us=49315933
out_time_ms=49315933
out_time=00:00:49.315933
dup_frames=0
drop_frames=0
speed=0.35x
progress=continue
frame=1675
fps=10.40
stream_0_0_q=26.0
bitrate=6352.8kbits/s
total_size=44302384
out_time_us=55789067
out_time_ms=55789067
out_time=00:00:55.789067
dup_frames=0
drop_frames=0
speed=0.346x
progress=continue
frame=1882
fps=10.39
stream_0_0_q=26.0
bitrate=6388.9kbits/s
total_size=50069552
out_time_us=62695967
out_time_ms=62695967
out_time=00:01:02.695967
dup_frames=0
drop_frames=0
speed=0.346x
progress=continue
frame=2082
fps=10.34
stream_0_0_q=26.0
bitrate=6436.3kbits/s
total_size=55836720
out_time_us=69402667
out_time_ms=69402667
out_time=00:01:09.402667
dup_frames=0
drop_frames=0
speed=0.345x
progress=continue
frame=2274
fps=10.27
stream_0_0_q=26.0
bitrate=6501.0kbits/s
total_size=61603888
out_time_us=75809067
out_time_ms=75809067
out_time=00:01:15.809067
dup_frames=0
drop_frames=0
speed=0.342x
progress=continue
frame=2470
fps=10.23
stream_0_0_q=26.0
bitrate=6573.1kbits/s
total_size=67633200
out_time_us=82315567
out_time_ms=82315567
out_time=00:01:22.315567
dup_frames=0
drop_frames=0
speed=0.341x
progress=continue
frame=2661
fps=10.18
stream_0_0_q=26.0
bitrate=6618.5kbits/s
total_size=73400368
out_time_us=88721967
out_time_ms=88721967
out_time=00:01:28.721967
dup_frames=0
drop_frames=0
speed=0.339x
progress=continue
[mp4 @ 0xaaaae135bf30] Starting second pass: moving the moov atom to the beginning of the file
frame=2760
fps=10.23
stream_0_0_q=-1.0
bitrate=6623.2kbits/s
total_size=76160337
out_time_us=91991900
out_time_ms=91991900
out_time=00:01:31.991900
dup_frames=0
drop_frames=0
speed=0.341x
progress=end
[out#0/mp4 @ 0xaaaae12db510] video:74341kB audio:0kB subtitle:0kB other streams:0kB global headers:0kB muxing overhead: 0.045981%
frame= 2760 fps= 10 q=-1.0 Lsize=   74375kB time=00:01:31.99 bitrate=6623.2kbits/s speed=0.341x    
[libx264 @ 0xaaaae12dda50] frame I:12    Avg QP:17.13  size:150000
[libx264 @ 0xaaaae12dda50] frame P:695   Avg QP:20.19  size: 68976
[libx264 @ 0xaaaae12dda50] frame B:2053  Avg QP:20.87  size: 12853
[libx264 @ 0xaaaae12dda50] consecutive B-frames:  0.8%  0.1%  0.3% 98.8%
[libx264 @ 0xaaaae12dda50] mb I  I16..4: 11.4% 47.5% 41.0%
[libx264 @ 0xaaaae12dda50] mb P  I16..4: 10.8% 44.1%  3.5%  P16..4: 17.0% 13.3%  8.1%  0.0%  0.0%    skip: 3.1%
[libx264 @ 0xaaaae12dda50] mb B  I16..4:  1.5%  6.4%  0.2%  B16..8: 11.4%  5.2%  0.7%  direct: 5.2%  skip:69.5%  L0:44.4% L1:40.9% BI:14.7%
[libx264 @ 0xaaaae12dda50] 8x8 transform intra:75.9% inter:28.0%
[libx264 @ 0xaaaae12dda50] coded y,uvDC,uvAC intra: 68.7% 64.9% 13.4% inter: 8.7% 14.0% 0.4%
[libx264 @ 0xaaaae12dda50] i16 v,h,dc,p: 31% 20% 34% 15%
[libx264 @ 0xaaaae12dda50] i8 v,h,dc,ddl,ddr,vr,hd,vl,hu: 24% 21% 23%  3%  7%  5%  6%  5%  6%
[libx264 @ 0xaaaae12dda50] i4 v,h,dc,ddl,ddr,vr,hd,vl,hu: 24% 26% 15%  2%  9%  5%  7%  4%  6%
[libx264 @ 0xaaaae12dda50] i8c dc,h,v,p: 51% 23% 21%  4%
[libx264 @ 0xaaaae12dda50] Weighted P-Frames: Y:2.2% UV:0.3%
[libx264 @ 0xaaaae12dda50] kb/s:6612.92
VALIDATED {"codec_name": "h264", "width": 1920, "height": 1080, "avg_frame_rate": "30000/1001", "duration": "92.092000", "nb_frames": "2760"}
/home/baiwen/ax-pipeline/video/1080p/traffic7.mp4: OK
SLOW_FILE_READY
