Input #0, mov,mp4,m4a,3gp,3g2,mj2, from 'video/1080p/traffic7.mp4':
  Metadata:
    major_brand     : isom
    minor_version   : 512
    compatible_brands: isomiso2avc1mp41
    encoder         : Lavf60.16.100
  Duration: 00:00:46.05, start: 0.000000, bitrate: 12570 kb/s
  Stream #0:0[0x1](und): Video: h264 (High) (avc1 / 0x31637661), yuv420p(tv, bt709, progressive), 1920x1080 [SAR 1:1 DAR 16:9], 12567 kb/s, 29.97 fps, 29.97 tbr, 30k tbn (default)
    Metadata:
      handler_name    : L-SMASH Video Handler
      vendor_id       : [0][0][0][0]
      encoder         : Lavc60.31.102 libx264
Input #1, mov,mp4,m4a,3gp,3g2,mj2, from 'video/1080p/traffic7_slow_0p5x.mp4':
  Metadata:
    major_brand     : isom
    minor_version   : 512
    compatible_brands: isomiso2avc1mp41
    encoder         : Lavf60.16.100
  Duration: 00:01:32.09, start: 0.000000, bitrate: 6616 kb/s
  Stream #1:0[0x1](und): Video: h264 (High) (avc1 / 0x31637661), yuv420p(tv, bt709, progressive), 1920x1080 [SAR 1:1 DAR 16:9], 6612 kb/s, 29.97 fps, 29.97 tbr, 30k tbn (default)
    Metadata:
      handler_name    : L-SMASH Video Handler
      vendor_id       : [0][0][0][0]
      encoder         : Lavc60.31.102 libx264
Stream mapping:
  Stream #0:0 (h264) -> trim:default
  Stream #1:0 (h264) -> trim:default
  ssim:default -> Stream #0:0 (wrapped_avframe)
Output #0, null, to 'pipe:':
  Metadata:
    major_brand     : isom
    minor_version   : 512
    compatible_brands: isomiso2avc1mp41
    encoder         : Lavf60.16.100
  Stream #0:0: Video: wrapped_avframe, yuv420p(tv, bt709, progressive), 320x180 [SAR 1:1 DAR 16:9], q=2-31, 200 kb/s, 29.97 fps, 29.97 tbn
    Metadata:
      encoder         : Lavc60.31.102 wrapped_avframe
frame=    1 fps=0.4 q=-0.0 size=N/A time=00:00:00.00 bitrate=N/A speed=   0x    [out#0/null @ 0xaaaabb5cd970] video:0kB audio:0kB subtitle:0kB other streams:0kB global headers:0kB muxing overhead: unknown
frame=    1 fps=0.4 q=-0.0 Lsize=N/A time=00:00:00.00 bitrate=N/A speed=   0x    
[Parsed_ssim_6 @ 0xaaaabb481fe0] SSIM Y:0.998922 (29.675181) U:0.996043 (24.025950) V:0.996424 (24.465475) All:0.998026 (27.046364)
