[ax_runner_axcl] profile runner=0xffffa81289e0 devid=0 grpid=0 avg_us{in_sync=0 exec=4474 out_sync=74300 total=78776} out_bytes_avg=4838400 n=10
[ax_runner_axcl] profile runner=0xffffa810fcd0 devid=0 grpid=0 avg_us{in_sync=0 exec=4328 out_sync=73950 total=78279} out_bytes_avg=4838400 n=10
[2026-09-16T18:46:29.079] [INFO] [T:281467089055424] RTSP OPTIONS rtsp://127.0.0.1:8554/overview
[2026-09-16T18:46:29.079] [INFO] [T:281467089055424] RTSP DESCRIBE rtsp://127.0.0.1:8554/overview
[2026-09-16T18:46:29.081] [INFO] [T:281467089055424] RTSP SETUP rtsp://127.0.0.1:8554/overview/stream
[2026-09-16T18:46:29.083] [INFO] [T:281467089055424] RTSP PLAY rtsp://127.0.0.1:8554/overview/
[ax_runner_axcl] profile runner=0xffffa80c8990 devid=0 grpid=0 avg_us{in_sync=0 exec=1410 out_sync=11703 total=13115} out_bytes_avg=30800 n=13
[ax_runner_axcl] profile runner=0xffffa80146f0 devid=0 grpid=0 avg_us{in_sync=0 exec=2450 out_sync=37890 total=40343} out_bytes_avg=2822400 n=14
[ax_runner_axcl] profile runner=0xffffa81200f8 devid=0 grpid=0 avg_us{in_sync=0 exec=6612 out_sync=33227 total=39840} out_bytes_avg=2359296 n=9
[ax_runner_axcl] profile runner=0xffffa810fcd0 devid=0 grpid=0 avg_us{in_sync=0 exec=4430 out_sync=66494 total=70925} out_bytes_avg=4838400 n=10
[ax_runner_axcl] profile runner=0xffffa81289e0 devid=0 grpid=0 avg_us{in_sync=0 exec=4283 out_sync=65894 total=70178} out_bytes_avg=4838400 n=10
[ax_runner_axcl] profile runner=0xffffa81126e8 devid=0 grpid=0 avg_us{in_sync=0 exec=2768 out_sync=87433 total=90203} out_bytes_avg=7174400 n=7
{"channels":[{"decoded":121,"dropped":0,"encoded":120,"infer_fps":12.097322604834849,"inferred":121,"lr":0,"mux_errors":0,"name":"pcd","objects":2,"process_ms":34.773803999996744,"render_ms":4.506862002017442,"render_replaced":0,"rendered":121,"result_age":0.06599379399995087,"rl":0,"submit_errors":0},{"decoded":249,"dropped":0,"encoded":246,"infer_fps":9.597875785654095,"inferred":96,"lr":0,"mux_errors":0,"name":"vehicle","objects":6,"process_ms":93.60509399994044,"render_ms":4.668237001169473,"render_replaced":0,"rendered":249,"result_age":0.07463301600000705,"rl":0,"submit_errors":0},{"decoded":301,"dropped":0,"encoded":300,"infer_fps":5.6987387477321185,"inferred":57,"lr":0,"mux_errors":0,"name":"seg","objects":4,"process_ms":159.4665550001082,"render_ms":7.919382998807123,"render_replaced":0,"rendered":301,"result_age":0.06038813300256152,"rl":0,"submit_errors":0},{"decoded":298,"dropped":0,"encoded":296,"infer_fps":12.497234095903769,"inferred":125,"lr":0,"mux_errors":0,"name":"driving","objects":1,"process_ms":65.67420800274704,"render_ms":4.9729490019672085,"render_replaced":0,"rendered":298,"result_age":0.054724222001823364,"rl":0,"submit_errors":0},{"decoded":240,"dropped":0,"encoded":239,"infer_fps":7.898251948611182,"inferred":79,"lr":0,"mux_errors":0,"name":"depth","objects":0,"process_ms":119.08796499847085,"render_ms":13.255458998173708,"render_replaced":0,"rendered":240,"result_age":0.08981719499934115,"rl":0,"submit_errors":0},{"decoded":241,"dropped":0,"encoded":240,"infer_fps":9.597875785654095,"inferred":96,"lr":0,"mux_errors":0,"name":"count","objects":7,"process_ms":85.21583300171187,"render_ms":8.73634700110415,"render_replaced":0,"rendered":240,"result_age":0.041766056998312706,"rl":1,"submit_errors":0}],"elapsed":10.002213212999777,"event":"stats","overview_dropped":0,"overview_encoded":294,"overview_mux_errors":0}
[ax_runner_axcl] profile runner=0xffffa80c8990 devid=0 grpid=0 avg_us{in_sync=0 exec=1107 out_sync=10855 total=11964} out_bytes_avg=30800 n=12
[ax_runner_axcl] profile runner=0xffffa80146f0 devid=0 grpid=0 avg_us{in_sync=0 exec=2167 out_sync=38860 total=41029} out_bytes_avg=2822400 n=14
[ax_runner_axcl] profile runner=0xffffa81200f8 devid=0 grpid=0 avg_us{in_sync=0 exec=6819 out_sync=37797 total=44618} out_bytes_avg=2359296 n=9
[ax_runner_axcl] profile runner=0xffffa810fcd0 devid=0 grpid=0 avg_us{in_sync=0 exec=4276 out_sync=58962 total=63239} out_bytes_avg=4838400 n=11
[ax_runner_axcl] profile runner=0xffffa81289e0 devid=0 grpid=0 avg_us{in_sync=0 exec=4252 out_sync=61777 total=66030} out_bytes_avg=4838400 n=11
[ax_runner_axcl] profile runner=0xffffa81126e8 devid=0 grpid=0 avg_us{in_sync=0 exec=2941 out_sync=91120 total=94062} out_bytes_avg=7174400 n=7
[ax_runner_axcl] profile runner=0xffffa80c8990 devid=0 grpid=0 avg_us{in_sync=0 exec=1700 out_sync=10308 total=12011} out_bytes_avg=30800 n=13
[ax_runner_axcl] profile runner=0xffffa810fcd0 devid=0 grpid=0 avg_us{in_sync=0 exec=4242 out_sync=68498 total=72744} out_bytes_avg=4838400 n=10
[ax_runner_axcl] profile runner=0xffffa80146f0 devid=0 grpid=0 avg_us{in_sync=0 exec=2729 out_sync=42720 total=45451} out_bytes_avg=2822400 n=14
[ax_runner_axcl] profile runner=0xffffa81200f8 devid=0 grpid=0 avg_us{in_sync=0 exec=6575 out_sync=40304 total=46881} out_bytes_avg=2359296 n=9
[ax_runner_axcl] profile runner=0xffffa81289e0 devid=0 grpid=0 avg_us{in_sync=0 exec=4595 out_sync=65452 total=70049} out_bytes_avg=4838400 n=10
[ax_runner_axcl] profile runner=0xffffa81126e8 devid=0 grpid=0 avg_us{in_sync=0 exec=3434 out_sync=110170 total=113605} out_bytes_avg=7174400 n=6
[ax_runner_axcl] profile runner=0xffffa80c8990 devid=0 grpid=0 avg_us{in_sync=0 exec=1902 out_sync=14555 total=16460} out_bytes_avg=30800 n=12
[ax_runner_axcl] profile runner=0xffffa81200f8 devid=0 grpid=0 avg_us{in_sync=0 exec=7017 out_sync=46136 total=53154} out_bytes_avg=2359296 n=6
[ax_runner_axcl] profile runner=0xffffa80146f0 devid=0 grpid=0 avg_us{in_sync=0 exec=3465 out_sync=54180 total=57648} out_bytes_avg=2822400 n=10
[ax_runner_axcl] profile runner=0xffffa81289e0 devid=0 grpid=0 avg_us{in_sync=0 exec=4993 out_sync=71226 total=76221} out_bytes_avg=4838400 n=9
[ax_runner_axcl] profile runner=0xffffa810fcd0 devid=0 grpid=0 avg_us{in_sync=0 exec=4302 out_sync=82581 total=86886} out_bytes_avg=4838400 n=9
[ax_runner_axcl] profile runner=0xffffa81126e8 devid=0 grpid=0 avg_us{in_sync=0 exec=3135 out_sync=123349 total=126485} out_bytes_avg=7174400 n=5
{"event":"count_loop_reset","loop":1}
[ax_runner_axcl] profile runner=0xffffa80c8990 devid=0 grpid=0 avg_us{in_sync=0 exec=1219 out_sync=12293 total=13515} out_bytes_avg=30800 n=12
[ax_runner_axcl] profile runner=0xffffa80146f0 devid=0 grpid=0 avg_us{in_sync=0 exec=2350 out_sync=40333 total=42686} out_bytes_avg=2822400 n=13
[ax_runner_axcl] profile runner=0xffffa81289e0 devid=0 grpid=0 avg_us{in_sync=0 exec=4644 out_sync=63559 total=68206} out_bytes_avg=4838400 n=10
[ax_runner_axcl] profile runner=0xffffa810fcd0 devid=0 grpid=0 avg_us{in_sync=0 exec=4409 out_sync=66836 total=71247} out_bytes_avg=4838400 n=10
[ax_runner_axcl] profile runner=0xffffa81200f8 devid=0 grpid=0 avg_us{in_sync=0 exec=6549 out_sync=39904 total=46454} out_bytes_avg=2359296 n=9
[ax_runner_axcl] profile runner=0xffffa81126e8 devid=0 grpid=0 avg_us{in_sync=0 exec=2908 out_sync=87330 total=90240} out_bytes_avg=7174400 n=6
[ax_runner_axcl] profile runner=0xffffa80c8990 devid=0 grpid=0 avg_us{in_sync=0 exec=1299 out_sync=13292 total=14594} out_bytes_avg=30800 n=13
[ax_runner_axcl] profile runner=0xffffa80146f0 devid=0 grpid=0 avg_us{in_sync=0 exec=2555 out_sync=42374 total=44932} out_bytes_avg=2822400 n=12
[ax_runner_axcl] profile runner=0xffffa81289e0 devid=0 grpid=0 avg_us{in_sync=0 exec=4632 out_sync=63552 total=68187} out_bytes_avg=4838400 n=10
[ax_runner_axcl] profile runner=0xffffa810fcd0 devid=0 grpid=0 avg_us{in_sync=0 exec=4240 out_sync=66251 total=70493} out_bytes_avg=4838400 n=11
[ax_runner_axcl] profile runner=0xffffa81200f8 devid=0 grpid=0 avg_us{in_sync=0 exec=7797 out_sync=37708 total=45507} out_bytes_avg=2359296 n=9
[ax_runner_axcl] profile runner=0xffffa81126e8 devid=0 grpid=0 avg_us{in_sync=0 exec=2909 out_sync=94075 total=96986} out_bytes_avg=7174400 n=7
{"direction":"right_to_left","event":"crossing","id":65,"lr":0,"rl":2}
[ax_runner_axcl] profile runner=0xffffa80c8990 devid=0 grpid=0 avg_us{in_sync=0 exec=1048 out_sync=11002 total=12052} out_bytes_avg=30800 n=13
[ax_runner_axcl] profile runner=0xffffa80146f0 devid=0 grpid=0 avg_us{in_sync=0 exec=2395 out_sync=39102 total=41500} out_bytes_avg=2822400 n=13
[ax_runner_axcl] profile runner=0xffffa81289e0 devid=0 grpid=0 avg_us{in_sync=0 exec=4259 out_sync=70007 total=74269} out_bytes_avg=4838400 n=10
[ax_runner_axcl] profile runner=0xffffa810fcd0 devid=0 grpid=0 avg_us{in_sync=0 exec=4983 out_sync=62265 total=67250} out_bytes_avg=4838400 n=10
[ax_runner_axcl] profile runner=0xffffa81200f8 devid=0 grpid=0 avg_us{in_sync=0 exec=6583 out_sync=38974 total=45560} out_bytes_avg=2359296 n=9
[ax_runner_axcl] profile runner=0xffffa81126e8 devid=0 grpid=0 avg_us{in_sync=0 exec=2966 out_sync=94423 total=97390} out_bytes_avg=7174400 n=7
[ax_runner_axcl] profile runner=0xffffa80c8990 devid=0 grpid=0 avg_us{in_sync=0 exec=1811 out_sync=12611 total=14425} out_bytes_avg=30800 n=12
[ax_runner_axcl] profile runner=0xffffa80146f0 devid=0 grpid=0 avg_us{in_sync=0 exec=2146 out_sync=38855 total=41004} out_bytes_avg=2822400 n=13
[ax_runner_axcl] profile runner=0xffffa810fcd0 devid=0 grpid=0 avg_us{in_sync=0 exec=4493 out_sync=68038 total=72533} out_bytes_avg=4838400 n=10
[ax_runner_axcl] profile runner=0xffffa81289e0 devid=0 grpid=0 avg_us{in_sync=0 exec=4682 out_sync=62763 total=67447} out_bytes_avg=4838400 n=11
[ax_runner_axcl] profile runner=0xffffa81200f8 devid=0 grpid=0 avg_us{in_sync=0 exec=6687 out_sync=37221 total=43909} out_bytes_avg=2359296 n=8
[ax_runner_axcl] profile runner=0xffffa81126e8 devid=0 grpid=0 avg_us{in_sync=0 exec=2875 out_sync=94810 total=97687} out_bytes_avg=7174400 n=6
[ax_runner_axcl] profile runner=0xffffa80c8990 devid=0 grpid=0 avg_us{in_sync=0 exec=1578 out_sync=11399 total=12980} out_bytes_avg=30800 n=13
[ax_runner_axcl] profile runner=0xffffa80146f0 devid=0 grpid=0 avg_us{in_sync=0 exec=2387 out_sync=37285 total=39675} out_bytes_avg=2822400 n=14
[ax_runner_axcl] profile runner=0xffffa810fcd0 devid=0 grpid=0 avg_us{in_sync=0 exec=4285 out_sync=65939 total=70226} out_bytes_avg=4838400 n=10
[ax_runner_axcl] profile runner=0xffffa81289e0 devid=0 grpid=0 avg_us{in_sync=0 exec=4713 out_sync=60787 total=65501} out_bytes_avg=4838400 n=11
[ax_runner_axcl] profile runner=0xffffa81200f8 devid=0 grpid=0 avg_us{in_sync=0 exec=6571 out_sync=38451 total=45023} out_bytes_avg=2359296 n=9
[ax_runner_axcl] profile runner=0xffffa81126e8 devid=0 grpid=0 avg_us{in_sync=0 exec=3182 out_sync=98650 total=101833} out_bytes_avg=7174400 n=6
[ax_runner_axcl] profile runner=0xffffa80c8990 devid=0 grpid=0 avg_us{in_sync=0 exec=1277 out_sync=11920 total=13199} out_bytes_avg=30800 n=12
[ax_runner_axcl] profile runner=0xffffa80146f0 devid=0 grpid=0 avg_us{in_sync=0 exec=2170 out_sync=42596 total=44768} out_bytes_avg=2822400 n=12
[ax_runner_axcl] profile runner=0xffffa810fcd0 devid=0 grpid=0 avg_us{in_sync=0 exec=4314 out_sync=63065 total=67382} out_bytes_avg=4838400 n=10
[ax_runner_axcl] profile runner=0xffffa81289e0 devid=0 grpid=0 avg_us{in_sync=0 exec=4511 out_sync=64894 total=69407} out_bytes_avg=4838400 n=10
[ax_runner_axcl] profile runner=0xffffa81200f8 devid=0 grpid=0 avg_us{in_sync=0 exec=6535 out_sync=41216 total=47753} out_bytes_avg=2359296 n=8
[ax_runner_axcl] profile runner=0xffffa81126e8 devid=0 grpid=0 avg_us{in_sync=0 exec=2820 out_sync=94162 total=96984} out_bytes_avg=7174400 n=6
[ax_runner_axcl] profile runner=0xffffa80c8990 devid=0 grpid=0 avg_us{in_sync=0 exec=1292 out_sync=9373 total=10668} out_bytes_avg=30800 n=12
[ax_runner_axcl] profile runner=0xffffa80146f0 devid=0 grpid=0 avg_us{in_sync=0 exec=2352 out_sync=38291 total=40645} out_bytes_avg=2822400 n=13
[ax_runner_axcl] profile runner=0xffffa810fcd0 devid=0 grpid=0 avg_us{in_sync=0 exec=4490 out_sync=65686 total=70181} out_bytes_avg=4838400 n=11
{"channels":[{"decoded":241,"dropped":0,"encoded":240,"infer_fps":11.999249152983356,"inferred":241,"lr":0,"mux_errors":0,"name":"pcd","objects":1,"process_ms":37.300320000213105,"render_ms":8.963057000073604,"render_replaced":0,"rendered":241,"result_age":0.0668658829999913,"rl":0,"submit_errors":0},{"decoded":499,"dropped":0,"encoded":494,"infer_fps":9.799386808269741,"inferred":194,"lr":0,"mux_errors":0,"name":"vehicle","objects":3,"process_ms":94.75543500229833,"render_ms":6.944336000742624,"render_replaced":0,"rendered":496,"result_age":0.10389765899890335,"rl":0,"submit_errors":0},{"decoded":601,"dropped":0,"encoded":600,"infer_fps":5.599649604725566,"inferred":113,"lr":0,"mux_errors":0,"name":"seg","objects":6,"process_ms":206.85831299851998,"render_ms":10.130147999007022,"render_replaced":0,"rendered":601,"result_age":0.13734437200037064,"rl":0,"submit_errors":0},{"decoded":596,"dropped":0,"encoded":596,"infer_fps":12.29923038180794,"inferred":248,"lr":0,"mux_errors":0,"name":"driving","objects":1,"process_ms":79.08737700199708,"render_ms":4.751655000291066,"render_replaced":0,"rendered":596,"result_age":0.03685531700102729,"rl":0,"submit_errors":0},{"decoded":480,"dropped":0,"encoded":479,"infer_fps":7.899505692380709,"inferred":158,"lr":0,"mux_errors":0,"name":"depth","objects":0,"process_ms":126.67834599778871,"render_ms":7.95671699961531,"render_replaced":0,"rendered":480,"result_age":0.08319932000085828,"rl":0,"submit_errors":0},{"decoded":482,"dropped":0,"encoded":481,"infer_fps":9.699393065328213,"inferred":193,"lr":0,"mux_errors":0,"name":"count","objects":7,"process_ms":109.4109860023309,"render_ms":6.579750002856599,"render_replaced":0,"rendered":482,"result_age":0.02483303299959516,"rl":2,"submit_errors":0}],"elapsed":20.00283895800021,"event":"stats","overview_dropped":0,"overview_encoded":594,"overview_mux_errors":0}
[ax_runner_axcl] profile runner=0xffffa81289e0 devid=0 grpid=0 avg_us{in_sync=0 exec=5184 out_sync=59773 total=64959} out_bytes_avg=4838400 n=10
[ax_runner_axcl] profile runner=0xffffa81200f8 devid=0 grpid=0 avg_us{in_sync=0 exec=6939 out_sync=34495 total=41435} out_bytes_avg=2359296 n=9
[ax_runner_axcl] profile runner=0xffffa81126e8 devid=0 grpid=0 avg_us{in_sync=0 exec=3061 out_sync=93536 total=96599} out_bytes_avg=7174400 n=6
[ax_runner_axcl] profile runner=0xffffa80c8990 devid=0 grpid=0 avg_us{in_sync=0 exec=1614 out_sync=13223 total=14839} out_bytes_avg=30800 n=12
[ax_runner_axcl] profile runner=0xffffa80146f0 devid=0 grpid=0 avg_us{in_sync=0 exec=2646 out_sync=40809 total=43459} out_bytes_avg=2822400 n=13
[ax_runner_axcl] profile runner=0xffffa810fcd0 devid=0 grpid=0 avg_us{in_sync=0 exec=4253 out_sync=69626 total=73881} out_bytes_avg=4838400 n=10
[ax_runner_axcl] profile runner=0xffffa81289e0 devid=0 grpid=0 avg_us{in_sync=0 exec=4286 out_sync=64126 total=68414} out_bytes_avg=4838400 n=10
[ax_runner_axcl] profile runner=0xffffa81200f8 devid=0 grpid=0 avg_us{in_sync=0 exec=6958 out_sync=44322 total=51281} out_bytes_avg=2359296 n=8
[ax_runner_axcl] profile runner=0xffffa81126e8 devid=0 grpid=0 avg_us{in_sync=0 exec=3366 out_sync=99477 total=102846} out_bytes_avg=7174400 n=6
[ax_runner_axcl] profile runner=0xffffa80c8990 devid=0 grpid=0 avg_us{in_sync=0 exec=1456 out_sync=11737 total=13195} out_bytes_avg=30800 n=12
[ax_runner_axcl] profile runner=0xffffa80146f0 devid=0 grpid=0 avg_us{in_sync=0 exec=2161 out_sync=44176 total=46340} out_bytes_avg=2822400 n=12
[ax_runner_axcl] profile runner=0xffffa810fcd0 devid=0 grpid=0 avg_us{in_sync=0 exec=4769 out_sync=75994 total=80766} out_bytes_avg=4838400 n=9
[ax_runner_axcl] profile runner=0xffffa81200f8 devid=0 grpid=0 avg_us{in_sync=0 exec=6670 out_sync=41292 total=47964} out_bytes_avg=2359296 n=8
[ax_runner_axcl] profile runner=0xffffa81289e0 devid=0 grpid=0 avg_us{in_sync=0 exec=4261 out_sync=74222 total=78485} out_bytes_avg=4838400 n=9
[ax_runner_axcl] profile runner=0xffffa81126e8 devid=0 grpid=0 avg_us{in_sync=0 exec=2845 out_sync=103981 total=106827} out_bytes_avg=7174400 n=6
[ax_runner_axcl] profile runner=0xffffa80c8990 devid=0 grpid=0 avg_us{in_sync=0 exec=1640 out_sync=11439 total=13082} out_bytes_avg=30800 n=13
[ax_runner_axcl] profile runner=0xffffa80146f0 devid=0 grpid=0 avg_us{in_sync=0 exec=2317 out_sync=45939 total=48259} out_bytes_avg=2822400 n=12
[ax_runner_axcl] profile runner=0xffffa81289e0 devid=0 grpid=0 avg_us{in_sync=0 exec=4645 out_sync=71409 total=76055} out_bytes_avg=4838400 n=9
[ax_runner_axcl] profile runner=0xffffa810fcd0 devid=0 grpid=0 avg_us{in_sync=0 exec=4281 out_sync=76195 total=80479} out_bytes_avg=4838400 n=10
[ax_runner_axcl] profile runner=0xffffa81200f8 devid=0 grpid=0 avg_us{in_sync=0 exec=6728 out_sync=42230 total=48960} out_bytes_avg=2359296 n=7
[ax_runner_axcl] profile runner=0xffffa80c8990 devid=0 grpid=0 avg_us{in_sync=0 exec=1631 out_sync=13465 total=15099} out_bytes_avg=30800 n=12
[ax_runner_axcl] profile runner=0xffffa81126e8 devid=0 grpid=0 avg_us{in_sync=0 exec=3249 out_sync=100921 total=104172} out_bytes_avg=7174400 n=6
[ax_runner_axcl] profile runner=0xffffa80146f0 devid=0 grpid=0 avg_us{in_sync=0 exec=2611 out_sync=41881 total=44494} out_bytes_avg=2822400 n=13
[ax_runner_axcl] profile runner=0xffffa81289e0 devid=0 grpid=0 avg_us{in_sync=0 exec=4788 out_sync=70218 total=75009} out_bytes_avg=4838400 n=9
[ax_runner_axcl] profile runner=0xffffa810fcd0 devid=0 grpid=0 avg_us{in_sync=0 exec=4466 out_sync=68821 total=73289} out_bytes_avg=4838400 n=10
[ax_runner_axcl] profile runner=0xffffa81200f8 devid=0 grpid=0 avg_us{in_sync=0 exec=6567 out_sync=43445 total=50014} out_bytes_avg=2359296 n=8
[ax_runner_axcl] profile runner=0xffffa81126e8 devid=0 grpid=0 avg_us{in_sync=0 exec=3547 out_sync=104722 total=108271} out_bytes_avg=7174400 n=6
[ax_runner_axcl] profile runner=0xffffa80c8990 devid=0 grpid=0 avg_us{in_sync=0 exec=1091 out_sync=11973 total=13066} out_bytes_avg=30800 n=13
[ax_runner_axcl] profile runner=0xffffa80146f0 devid=0 grpid=0 avg_us{in_sync=0 exec=2086 out_sync=44042 total=46131} out_bytes_avg=2822400 n=13
[ax_runner_axcl] profile runner=0xffffa81289e0 devid=0 grpid=0 avg_us{in_sync=0 exec=4873 out_sync=66455 total=71330} out_bytes_avg=4838400 n=10
[ax_runner_axcl] profile runner=0xffffa810fcd0 devid=0 grpid=0 avg_us{in_sync=0 exec=4403 out_sync=68527 total=72932} out_bytes_avg=4838400 n=10
{"event":"count_loop_reset","loop":2}
[ax_runner_axcl] profile runner=0xffffa81200f8 devid=0 grpid=0 avg_us{in_sync=0 exec=6666 out_sync=39374 total=46042} out_bytes_avg=2359296 n=9
[ax_runner_axcl] profile runner=0xffffa80c8990 devid=0 grpid=0 avg_us{in_sync=0 exec=1673 out_sync=11533 total=13208} out_bytes_avg=30800 n=13
[ax_runner_axcl] profile runner=0xffffa81126e8 devid=0 grpid=0 avg_us{in_sync=0 exec=2878 out_sync=96255 total=99136} out_bytes_avg=7174400 n=6
[ax_runner_axcl] profile runner=0xffffa80146f0 devid=0 grpid=0 avg_us{in_sync=0 exec=2631 out_sync=42400 total=45034} out_bytes_avg=2822400 n=13
[ax_runner_axcl] profile runner=0xffffa81289e0 devid=0 grpid=0 avg_us{in_sync=0 exec=4297 out_sync=64247 total=68545} out_bytes_avg=4838400 n=10
[ax_runner_axcl] profile runner=0xffffa810fcd0 devid=0 grpid=0 avg_us{in_sync=0 exec=4909 out_sync=62341 total=67251} out_bytes_avg=4838400 n=11
[ax_runner_axcl] profile runner=0xffffa81200f8 devid=0 grpid=0 avg_us{in_sync=0 exec=6715 out_sync=36608 total=43325} out_bytes_avg=2359296 n=9
[ax_runner_axcl] profile runner=0xffffa81126e8 devid=0 grpid=0 avg_us{in_sync=0 exec=3307 out_sync=101913 total=105221} out_bytes_avg=7174400 n=6
[ax_runner_axcl] profile runner=0xffffa80c8990 devid=0 grpid=0 avg_us{in_sync=0 exec=1420 out_sync=11552 total=12974} out_bytes_avg=30800 n=13
[ax_runner_axcl] profile runner=0xffffa80146f0 devid=0 grpid=0 avg_us{in_sync=0 exec=2915 out_sync=39894 total=42812} out_bytes_avg=2822400 n=13
[ax_runner_axcl] profile runner=0xffffa81289e0 devid=0 grpid=0 avg_us{in_sync=0 exec=4227 out_sync=63571 total=67800} out_bytes_avg=4838400 n=10
[ax_runner_axcl] profile runner=0xffffa810fcd0 devid=0 grpid=0 avg_us{in_sync=0 exec=4313 out_sync=64986 total=69301} out_bytes_avg=4838400 n=10
[ax_runner_axcl] profile runner=0xffffa81200f8 devid=0 grpid=0 avg_us{in_sync=0 exec=6832 out_sync=39886 total=46720} out_bytes_avg=2359296 n=8
[ax_runner_axcl] profile runner=0xffffa80146f0 devid=0 grpid=0 avg_us{in_sync=0 exec=3211 out_sync=43108 total=46322} out_bytes_avg=2822400 n=12
{"direction":"right_to_left","event":"crossing","id":86,"lr":0,"rl":3}
[ax_runner_axcl] profile runner=0xffffa80c8990 devid=0 grpid=0 avg_us{in_sync=0 exec=1668 out_sync=11067 total=12738} out_bytes_avg=30800 n=13
[ax_runner_axcl] profile runner=0xffffa81126e8 devid=0 grpid=0 avg_us{in_sync=0 exec=3089 out_sync=94904 total=97994} out_bytes_avg=7174400 n=7
[ax_runner_axcl] profile runner=0xffffa81289e0 devid=0 grpid=0 avg_us{in_sync=0 exec=4436 out_sync=63716 total=68154} out_bytes_avg=4838400 n=10
[ax_runner_axcl] profile runner=0xffffa810fcd0 devid=0 grpid=0 avg_us{in_sync=0 exec=4419 out_sync=64982 total=69404} out_bytes_avg=4838400 n=10
[ax_runner_axcl] profile runner=0xffffa81200f8 devid=0 grpid=0 avg_us{in_sync=0 exec=6830 out_sync=45031 total=51863} out_bytes_avg=2359296 n=8
[ax_runner_axcl] profile runner=0xffffa80146f0 devid=0 grpid=0 avg_us{in_sync=0 exec=2210 out_sync=39223 total=41436} out_bytes_avg=2822400 n=13
[ax_runner_axcl] profile runner=0xffffa80c8990 devid=0 grpid=0 avg_us{in_sync=0 exec=1482 out_sync=12217 total=13701} out_bytes_avg=30800 n=12
[ax_runner_axcl] profile runner=0xffffa81126e8 devid=0 grpid=0 avg_us{in_sync=0 exec=3456 out_sync=93271 total=96728} out_bytes_avg=7174400 n=6
[ax_runner_axcl] profile runner=0xffffa81289e0 devid=0 grpid=0 avg_us{in_sync=0 exec=4328 out_sync=61155 total=65484} out_bytes_avg=4838400 n=11
[ax_runner_axcl] profile runner=0xffffa810fcd0 devid=0 grpid=0 avg_us{in_sync=0 exec=4329 out_sync=65550 total=69881} out_bytes_avg=4838400 n=11
[ax_runner_axcl] profile runner=0xffffa81200f8 devid=0 grpid=0 avg_us{in_sync=0 exec=6553 out_sync=40183 total=46737} out_bytes_avg=2359296 n=8
{"channels":[{"decoded":361,"dropped":0,"encoded":360,"infer_fps":11.998975841815518,"inferred":361,"lr":0,"mux_errors":0,"name":"pcd","objects":2,"process_ms":34.889679998741485,"render_ms":8.350760999746853,"render_replaced":0,"rendered":361,"result_age":0.0735095080017345,"rl":0,"submit_errors":0},{"decoded":750,"dropped":0,"encoded":742,"infer_fps":9.499189208103953,"inferred":289,"lr":0,"mux_errors":0,"name":"vehicle","objects":2,"process_ms":117.08128499958548,"render_ms":6.4080410011229105,"render_replaced":0,"rendered":746,"result_age":0.06312319200151251,"rl":0,"submit_errors":0},{"decoded":901,"dropped":0,"encoded":899,"infer_fps":5.699513524862371,"inferred":170,"lr":0,"mux_errors":0,"name":"seg","objects":0,"process_ms":141.29306399991037,"render_ms":8.867098000337137,"render_replaced":0,"rendered":901,"result_age":0.12326165699778358,"rl":0,"submit_errors":0},{"decoded":897,"dropped":0,"encoded":893,"infer_fps":12.198958772512444,"inferred":370,"lr":0,"mux_errors":0,"name":"driving","objects":1,"process_ms":71.87528999929782,"render_ms":5.176533002668293,"render_replaced":0,"rendered":895,"result_age":0.0820746470017184,"rl":0,"submit_errors":0},{"decoded":720,"dropped":0,"encoded":719,"infer_fps":7.699342831831625,"inferred":235,"lr":0,"mux_errors":0,"name":"depth","objects":0,"process_ms":127.26876600208925,"render_ms":9.002639999380335,"render_replaced":0,"rendered":720,"result_age":0.04444232300011208,"rl":0,"submit_errors":0},{"decoded":723,"dropped":0,"encoded":722,"infer_fps":9.39919774275549,"inferred":287,"lr":0,"mux_errors":0,"name":"count","objects":6,"process_ms":111.71612600082881,"render_ms":4.9321139995299745,"render_replaced":0,"rendered":722,"result_age":0.09978467499968247,"rl":3,"submit_errors":0}],"elapsed":30.00369249600044,"event":"stats","overview_dropped":0,"overview_encoded":894,"overview_mux_errors":0}
[ax_runner_axcl] profile runner=0xffffa80146f0 devid=0 grpid=0 avg_us{in_sync=0 exec=2325 out_sync=40710 total=43038} out_bytes_avg=2822400 n=13
[ax_runner_axcl] profile runner=0xffffa80c8990 devid=0 grpid=0 avg_us{in_sync=0 exec=1390 out_sync=12391 total=13783} out_bytes_avg=30800 n=13
[ax_runner_axcl] profile runner=0xffffa81126e8 devid=0 grpid=0 avg_us{in_sync=0 exec=2906 out_sync=99259 total=102167} out_bytes_avg=7174400 n=7
[ax_runner_axcl] profile runner=0xffffa81289e0 devid=0 grpid=0 avg_us{in_sync=0 exec=4230 out_sync=68380 total=72611} out_bytes_avg=4838400 n=10
[ax_runner_axcl] profile runner=0xffffa810fcd0 devid=0 grpid=0 avg_us{in_sync=0 exec=4514 out_sync=74682 total=79198} out_bytes_avg=4838400 n=10
[ax_runner_axcl] profile runner=0xffffa81200f8 devid=0 grpid=0 avg_us{in_sync=0 exec=6626 out_sync=40283 total=46911} out_bytes_avg=2359296 n=8
[ax_runner_axcl] profile runner=0xffffa80146f0 devid=0 grpid=0 avg_us{in_sync=0 exec=2492 out_sync=44694 total=47188} out_bytes_avg=2822400 n=12
[ax_runner_axcl] profile runner=0xffffa80c8990 devid=0 grpid=0 avg_us{in_sync=0 exec=1295 out_sync=12004 total=13301} out_bytes_avg=30800 n=12
[ax_runner_axcl] profile runner=0xffffa81126e8 devid=0 grpid=0 avg_us{in_sync=0 exec=3598 out_sync=96448 total=100049} out_bytes_avg=7174400 n=7
[ax_runner_axcl] profile runner=0xffffa810fcd0 devid=0 grpid=0 avg_us{in_sync=0 exec=4270 out_sync=66162 total=70433} out_bytes_avg=4838400 n=10
[ax_runner_axcl] profile runner=0xffffa81289e0 devid=0 grpid=0 avg_us{in_sync=0 exec=4421 out_sync=67012 total=71436} out_bytes_avg=4838400 n=10
[ax_runner_axcl] profile runner=0xffffa81200f8 devid=0 grpid=0 avg_us{in_sync=0 exec=6567 out_sync=39694 total=46263} out_bytes_avg=2359296 n=8
[ax_runner_axcl] profile runner=0xffffa80146f0 devid=0 grpid=0 avg_us{in_sync=0 exec=2354 out_sync=42262 total=44618} out_bytes_avg=2822400 n=13
[ax_runner_axcl] profile runner=0xffffa80c8990 devid=0 grpid=0 avg_us{in_sync=0 exec=1298 out_sync=13436 total=14736} out_bytes_avg=30800 n=13
[ax_runner_axcl] profile runner=0xffffa810fcd0 devid=0 grpid=0 avg_us{in_sync=0 exec=4268 out_sync=68186 total=72455} out_bytes_avg=4838400 n=10
[ax_runner_axcl] profile runner=0xffffa81126e8 devid=0 grpid=0 avg_us{in_sync=0 exec=2790 out_sync=101711 total=104502} out_bytes_avg=7174400 n=7
[ax_runner_axcl] profile runner=0xffffa81289e0 devid=0 grpid=0 avg_us{in_sync=0 exec=4783 out_sync=71711 total=76495} out_bytes_avg=4838400 n=10
[ax_runner_axcl] profile runner=0xffffa81200f8 devid=0 grpid=0 avg_us{in_sync=0 exec=6791 out_sync=43754 total=50547} out_bytes_avg=2359296 n=8
[ax_runner_axcl] profile runner=0xffffa80146f0 devid=0 grpid=0 avg_us{in_sync=0 exec=2203 out_sync=43945 total=46151} out_bytes_avg=2822400 n=12
[ax_runner_axcl] profile runner=0xffffa80c8990 devid=0 grpid=0 avg_us{in_sync=0 exec=1080 out_sync=11990 total=13072} out_bytes_avg=30800 n=12
[ax_runner_axcl] profile runner=0xffffa81126e8 devid=0 grpid=0 avg_us{in_sync=0 exec=2988 out_sync=91886 total=94875} out_bytes_avg=7174400 n=7
[ax_runner_axcl] profile runner=0xffffa810fcd0 devid=0 grpid=0 avg_us{in_sync=0 exec=4567 out_sync=70141 total=74709} out_bytes_avg=4838400 n=10
[ax_runner_axcl] profile runner=0xffffa81289e0 devid=0 grpid=0 avg_us{in_sync=0 exec=4356 out_sync=69793 total=74151} out_bytes_avg=4838400 n=10
[ax_runner_axcl] profile runner=0xffffa81200f8 devid=0 grpid=0 avg_us{in_sync=0 exec=6853 out_sync=39285 total=46140} out_bytes_avg=2359296 n=9
[ax_runner_axcl] profile runner=0xffffa80c8990 devid=0 grpid=0 avg_us{in_sync=0 exec=1780 out_sync=14687 total=16469} out_bytes_avg=30800 n=13
[ax_runner_axcl] profile runner=0xffffa80146f0 devid=0 grpid=0 avg_us{in_sync=0 exec=2495 out_sync=42184 total=44682} out_bytes_avg=2822400 n=13
[ax_runner_axcl] profile runner=0xffffa81126e8 devid=0 grpid=0 avg_us{in_sync=0 exec=2788 out_sync=92428 total=95218} out_bytes_avg=7174400 n=6
[ax_runner_axcl] profile runner=0xffffa810fcd0 devid=0 grpid=0 avg_us{in_sync=0 exec=4563 out_sync=68440 total=73005} out_bytes_avg=4838400 n=10
[ax_runner_axcl] profile runner=0xffffa81289e0 devid=0 grpid=0 avg_us{in_sync=0 exec=4295 out_sync=69805 total=74103} out_bytes_avg=4838400 n=10
[ax_runner_axcl] profile runner=0xffffa81200f8 devid=0 grpid=0 avg_us{in_sync=0 exec=6721 out_sync=39235 total=45957} out_bytes_avg=2359296 n=8
[ax_runner_axcl] profile runner=0xffffa80146f0 devid=0 grpid=0 avg_us{in_sync=0 exec=2628 out_sync=43478 total=46109} out_bytes_avg=2822400 n=12
[ax_runner_axcl] profile runner=0xffffa80c8990 devid=0 grpid=0 avg_us{in_sync=0 exec=1489 out_sync=12363 total=13854} out_bytes_avg=30800 n=13
[ax_runner_axcl] profile runner=0xffffa81126e8 devid=0 grpid=0 avg_us{in_sync=0 exec=3019 out_sync=100594 total=103616} out_bytes_avg=7174400 n=6
[ax_runner_axcl] profile runner=0xffffa810fcd0 devid=0 grpid=0 avg_us{in_sync=0 exec=4460 out_sync=66282 total=70744} out_bytes_avg=4838400 n=11
[ax_runner_axcl] profile runner=0xffffa81200f8 devid=0 grpid=0 avg_us{in_sync=0 exec=6735 out_sync=42337 total=49073} out_bytes_avg=2359296 n=8
[ax_runner_axcl] profile runner=0xffffa81289e0 devid=0 grpid=0 avg_us{in_sync=0 exec=4275 out_sync=72305 total=76582} out_bytes_avg=4838400 n=10
[ax_runner_axcl] profile runner=0xffffa80146f0 devid=0 grpid=0 avg_us{in_sync=0 exec=2621 out_sync=44715 total=47338} out_bytes_avg=2822400 n=12
[ax_runner_axcl] profile runner=0xffffa80c8990 devid=0 grpid=0 avg_us{in_sync=0 exec=1045 out_sync=11914 total=12961} out_bytes_avg=30800 n=12
[ax_runner_axcl] profile runner=0xffffa810fcd0 devid=0 grpid=0 avg_us{in_sync=0 exec=4291 out_sync=74128 total=78421} out_bytes_avg=4838400 n=9
[ax_runner_axcl] profile runner=0xffffa81126e8 devid=0 grpid=0 avg_us{in_sync=0 exec=3235 out_sync=95154 total=98390} out_bytes_avg=7174400 n=7
[ax_runner_axcl] profile runner=0xffffa81200f8 devid=0 grpid=0 avg_us{in_sync=0 exec=6857 out_sync=41524 total=48383} out_bytes_avg=2359296 n=8
[ax_runner_axcl] profile runner=0xffffa81289e0 devid=0 grpid=0 avg_us{in_sync=0 exec=4372 out_sync=65170 total=69544} out_bytes_avg=4838400 n=10
[ax_runner_axcl] profile runner=0xffffa80146f0 devid=0 grpid=0 avg_us{in_sync=0 exec=2222 out_sync=40799 total=43024} out_bytes_avg=2822400 n=13
[ax_runner_axcl] profile runner=0xffffa80c8990 devid=0 grpid=0 avg_us{in_sync=0 exec=1317 out_sync=10934 total=12254} out_bytes_avg=30800 n=13
[ax_runner_axcl] profile runner=0xffffa810fcd0 devid=0 grpid=0 avg_us{in_sync=0 exec=4306 out_sync=65243 total=69551} out_bytes_avg=4838400 n=10
[ax_runner_axcl] profile runner=0xffffa81200f8 devid=0 grpid=0 avg_us{in_sync=0 exec=6542 out_sync=39887 total=46430} out_bytes_avg=2359296 n=8
[ax_runner_axcl] profile runner=0xffffa81126e8 devid=0 grpid=0 avg_us{in_sync=0 exec=2845 out_sync=101963 total=104810} out_bytes_avg=7174400 n=6
[ax_runner_axcl] profile runner=0xffffa81289e0 devid=0 grpid=0 avg_us{in_sync=0 exec=4625 out_sync=65560 total=70187} out_bytes_avg=4838400 n=10
{"event":"count_loop_reset","loop":3}
[2026-09-16T18:46:59.095] [INFO] [T:281467089055424] RTSP OPTIONS rtsp://127.0.0.1:8554/overview/
[ax_runner_axcl] profile runner=0xffffa80146f0 devid=0 grpid=0 avg_us{in_sync=0 exec=2078 out_sync=42962 total=45042} out_bytes_avg=2822400 n=13
[ax_runner_axcl] profile runner=0xffffa80c8990 devid=0 grpid=0 avg_us{in_sync=0 exec=1427 out_sync=12884 total=14313} out_bytes_avg=30800 n=13
[ax_runner_axcl] profile runner=0xffffa810fcd0 devid=0 grpid=0 avg_us{in_sync=0 exec=5239 out_sync=68932 total=74173} out_bytes_avg=4838400 n=10
[ax_runner_axcl] profile runner=0xffffa81289e0 devid=0 grpid=0 avg_us{in_sync=0 exec=4469 out_sync=69662 total=74134} out_bytes_avg=4838400 n=9
[ax_runner_axcl] profile runner=0xffffa81200f8 devid=0 grpid=0 avg_us{in_sync=0 exec=7668 out_sync=39617 total=47287} out_bytes_avg=2359296 n=9
[ax_runner_axcl] profile runner=0xffffa81126e8 devid=0 grpid=0 avg_us{in_sync=0 exec=3734 out_sync=111065 total=114802} out_bytes_avg=7174400 n=6
[ax_runner_axcl] profile runner=0xffffa80146f0 devid=0 grpid=0 avg_us{in_sync=0 exec=2230 out_sync=37739 total=39971} out_bytes_avg=2822400 n=13
[ax_runner_axcl] profile runner=0xffffa80c8990 devid=0 grpid=0 avg_us{in_sync=0 exec=1204 out_sync=12809 total=14016} out_bytes_avg=30800 n=12
[ax_runner_axcl] profile runner=0xffffa810fcd0 devid=0 grpid=0 avg_us{in_sync=0 exec=4828 out_sync=70686 total=75515} out_bytes_avg=4838400 n=10
{"channels":[{"decoded":481,"dropped":0,"encoded":481,"infer_fps":11.961000174542447,"inferred":481,"lr":0,"mux_errors":0,"name":"pcd","objects":5,"process_ms":38.47603599933791,"render_ms":4.850072000408545,"render_replaced":0,"rendered":481,"result_age":0.009639352003432577,"rl":0,"submit_errors":0},{"decoded":999,"dropped":0,"encoded":993,"infer_fps":9.568800139633957,"inferred":385,"lr":0,"mux_errors":0,"name":"vehicle","objects":6,"process_ms":103.38811500332667,"render_ms":5.0569490013003815,"render_replaced":0,"rendered":994,"result_age":0.11006015699967975,"rl":0,"submit_errors":0},{"decoded":1202,"dropped":0,"encoded":1201,"infer_fps":5.880825085816703,"inferred":229,"lr":0,"mux_errors":0,"name":"seg","objects":1,"process_ms":171.3234620001458,"render_ms":8.466846000374062,"render_replaced":0,"rendered":1202,"result_age":0.13527439999961643,"rl":0,"submit_errors":0},{"decoded":1198,"dropped":0,"encoded":1192,"infer_fps":11.961000174542447,"inferred":490,"lr":0,"mux_errors":0,"name":"driving","objects":1,"process_ms":86.37559000271722,"render_ms":6.869668999570422,"render_replaced":0,"rendered":1195,"result_age":0.03293229300106759,"rl":0,"submit_errors":0},{"decoded":961,"dropped":0,"encoded":960,"infer_fps":7.87432511490711,"inferred":314,"lr":0,"mux_errors":0,"name":"depth","objects":0,"process_ms":127.17768299989984,"render_ms":7.889133998105535,"render_replaced":0,"rendered":961,"result_age":0.003851982000924181,"rl":0,"submit_errors":0},{"decoded":964,"dropped":0,"encoded":964,"infer_fps":9.269775135270395,"inferred":380,"lr":0,"mux_errors":0,"name":"count","objects":6,"process_ms":116.92736700206297,"render_ms":5.964120999124134,"render_replaced":0,"rendered":964,"result_age":0.1164637389993004,"rl":3,"submit_errors":0}],"elapsed":40.03629831899889,"event":"stats","overview_dropped":0,"overview_encoded":1194,"overview_mux_errors":0}
[ax_runner_axcl] profile runner=0xffffa81289e0 devid=0 grpid=0 avg_us{in_sync=0 exec=5180 out_sync=63555 total=68737} out_bytes_avg=4838400 n=10
[ax_runner_axcl] profile runner=0xffffa81126e8 devid=0 grpid=0 avg_us{in_sync=0 exec=3120 out_sync=96790 total=99911} out_bytes_avg=7174400 n=6
[ax_runner_axcl] profile runner=0xffffa81200f8 devid=0 grpid=0 avg_us{in_sync=0 exec=6693 out_sync=38510 total=45205} out_bytes_avg=2359296 n=9
[ax_runner_axcl] profile runner=0xffffa80146f0 devid=0 grpid=0 avg_us{in_sync=0 exec=2367 out_sync=45286 total=47656} out_bytes_avg=2822400 n=13
[ax_runner_axcl] profile runner=0xffffa80c8990 devid=0 grpid=0 avg_us{in_sync=0 exec=1680 out_sync=12390 total=14073} out_bytes_avg=30800 n=13
{"direction":"right_to_left","event":"crossing","id":127,"lr":0,"rl":4}
[ax_runner_axcl] profile runner=0xffffa810fcd0 devid=0 grpid=0 avg_us{in_sync=0 exec=4643 out_sync=71540 total=76186} out_bytes_avg=4838400 n=10
[ax_runner_axcl] profile runner=0xffffa81289e0 devid=0 grpid=0 avg_us{in_sync=0 exec=4740 out_sync=67863 total=72605} out_bytes_avg=4838400 n=10
[ax_runner_axcl] profile runner=0xffffa81126e8 devid=0 grpid=0 avg_us{in_sync=0 exec=2749 out_sync=97278 total=100030} out_bytes_avg=7174400 n=6
[ax_runner_axcl] profile runner=0xffffa81200f8 devid=0 grpid=0 avg_us{in_sync=0 exec=6581 out_sync=36670 total=43252} out_bytes_avg=2359296 n=9
[ax_runner_axcl] profile runner=0xffffa80146f0 devid=0 grpid=0 avg_us{in_sync=0 exec=2185 out_sync=38108 total=40295} out_bytes_avg=2822400 n=14
[ax_runner_axcl] profile runner=0xffffa80c8990 devid=0 grpid=0 avg_us{in_sync=0 exec=1053 out_sync=11488 total=12544} out_bytes_avg=30800 n=13
[ax_runner_axcl] profile runner=0xffffa810fcd0 devid=0 grpid=0 avg_us{in_sync=0 exec=4666 out_sync=65083 total=69751} out_bytes_avg=4838400 n=10
[ax_runner_axcl] profile runner=0xffffa81289e0 devid=0 grpid=0 avg_us{in_sync=0 exec=4640 out_sync=68261 total=72902} out_bytes_avg=4838400 n=10
[ax_runner_axcl] profile runner=0xffffa81200f8 devid=0 grpid=0 avg_us{in_sync=0 exec=7119 out_sync=40616 total=47737} out_bytes_avg=2359296 n=8
[ax_runner_axcl] profile runner=0xffffa81126e8 devid=0 grpid=0 avg_us{in_sync=0 exec=3026 out_sync=104059 total=107087} out_bytes_avg=7174400 n=6
[ax_runner_axcl] profile runner=0xffffa80146f0 devid=0 grpid=0 avg_us{in_sync=0 exec=2903 out_sync=41035 total=43941} out_bytes_avg=2822400 n=12
[ax_runner_axcl] profile runner=0xffffa80c8990 devid=0 grpid=0 avg_us{in_sync=0 exec=1068 out_sync=13461 total=14531} out_bytes_avg=30800 n=12
[ax_runner_axcl] profile runner=0xffffa810fcd0 devid=0 grpid=0 avg_us{in_sync=0 exec=4825 out_sync=72261 total=77087} out_bytes_avg=4838400 n=10
[ax_runner_axcl] profile runner=0xffffa81289e0 devid=0 grpid=0 avg_us{in_sync=0 exec=4590 out_sync=67823 total=72416} out_bytes_avg=4838400 n=10
[ax_runner_axcl] profile runner=0xffffa81200f8 devid=0 grpid=0 avg_us{in_sync=0 exec=6665 out_sync=43721 total=50388} out_bytes_avg=2359296 n=8
[ax_runner_axcl] profile runner=0xffffa81126e8 devid=0 grpid=0 avg_us{in_sync=0 exec=2907 out_sync=99792 total=102701} out_bytes_avg=7174400 n=6
[ax_runner_axcl] profile runner=0xffffa80146f0 devid=0 grpid=0 avg_us{in_sync=0 exec=2386 out_sync=40794 total=43183} out_bytes_avg=2822400 n=13
[ax_runner_axcl] profile runner=0xffffa80c8990 devid=0 grpid=0 avg_us{in_sync=0 exec=1391 out_sync=10157 total=11550} out_bytes_avg=30800 n=13
[ax_runner_axcl] profile runner=0xffffa810fcd0 devid=0 grpid=0 avg_us{in_sync=0 exec=4693 out_sync=65151 total=69846} out_bytes_avg=4838400 n=11
[ax_runner_axcl] profile runner=0xffffa81289e0 devid=0 grpid=0 avg_us{in_sync=0 exec=5289 out_sync=63914 total=69205} out_bytes_avg=4838400 n=10
[ax_runner_axcl] profile runner=0xffffa81200f8 devid=0 grpid=0 avg_us{in_sync=0 exec=6709 out_sync=38289 total=44999} out_bytes_avg=2359296 n=8
[ax_runner_axcl] profile runner=0xffffa81126e8 devid=0 grpid=0 avg_us{in_sync=0 exec=2833 out_sync=103223 total=106057} out_bytes_avg=7174400 n=5
[ax_runner_axcl] profile runner=0xffffa80146f0 devid=0 grpid=0 avg_us{in_sync=0 exec=3017 out_sync=44087 total=47106} out_bytes_avg=2822400 n=12
[ax_runner_axcl] profile runner=0xffffa80c8990 devid=0 grpid=0 avg_us{in_sync=0 exec=2853 out_sync=10421 total=13276} out_bytes_avg=30800 n=12
[ax_runner_axcl] profile runner=0xffffa810fcd0 devid=0 grpid=0 avg_us{in_sync=0 exec=5328 out_sync=68435 total=73765} out_bytes_avg=4838400 n=10
[ax_runner_axcl] profile runner=0xffffa81289e0 devid=0 grpid=0 avg_us{in_sync=0 exec=4285 out_sync=65461 total=69747} out_bytes_avg=4838400 n=10
[ax_runner_axcl] profile runner=0xffffa81200f8 devid=0 grpid=0 avg_us{in_sync=0 exec=6634 out_sync=39756 total=46392} out_bytes_avg=2359296 n=8
[ax_runner_axcl] profile runner=0xffffa81126e8 devid=0 grpid=0 avg_us{in_sync=0 exec=2829 out_sync=93596 total=96427} out_bytes_avg=7174400 n=6
[ax_runner_axcl] profile runner=0xffffa80146f0 devid=0 grpid=0 avg_us{in_sync=0 exec=2387 out_sync=42479 total=44869} out_bytes_avg=2822400 n=13
[ax_runner_axcl] profile runner=0xffffa80c8990 devid=0 grpid=0 avg_us{in_sync=0 exec=1589 out_sync=12308 total=13899} out_bytes_avg=30800 n=13
[ax_runner_axcl] profile runner=0xffffa810fcd0 devid=0 grpid=0 avg_us{in_sync=0 exec=4881 out_sync=63362 total=68246} out_bytes_avg=4838400 n=10
[ax_runner_axcl] profile runner=0xffffa81289e0 devid=0 grpid=0 avg_us{in_sync=0 exec=4692 out_sync=68771 total=73466} out_bytes_avg=4838400 n=10
[ax_runner_axcl] profile runner=0xffffa81200f8 devid=0 grpid=0 avg_us{in_sync=0 exec=6604 out_sync=38108 total=44714} out_bytes_avg=2359296 n=9
[ax_runner_axcl] profile runner=0xffffa81126e8 devid=0 grpid=0 avg_us{in_sync=0 exec=2914 out_sync=96205 total=99120} out_bytes_avg=7174400 n=6
[ax_runner_axcl] profile runner=0xffffa80146f0 devid=0 grpid=0 avg_us{in_sync=0 exec=2518 out_sync=42041 total=44562} out_bytes_avg=2822400 n=12
[ax_runner_axcl] profile runner=0xffffa80c8990 devid=0 grpid=0 avg_us{in_sync=0 exec=1490 out_sync=11320 total=12814} out_bytes_avg=30800 n=12
[ax_runner_axcl] profile runner=0xffffa810fcd0 devid=0 grpid=0 avg_us{in_sync=0 exec=4465 out_sync=66323 total=70790} out_bytes_avg=4838400 n=10
[ax_runner_axcl] profile runner=0xffffa81289e0 devid=0 grpid=0 avg_us{in_sync=0 exec=4207 out_sync=66627 total=70837} out_bytes_avg=4838400 n=10
[ax_runner_axcl] profile runner=0xffffa81200f8 devid=0 grpid=0 avg_us{in_sync=0 exec=6610 out_sync=38360 total=44970} out_bytes_avg=2359296 n=8
[ax_runner_axcl] profile runner=0xffffa81126e8 devid=0 grpid=0 avg_us{in_sync=0 exec=3158 out_sync=104656 total=107815} out_bytes_avg=7174400 n=6
[ax_runner_axcl] profile runner=0xffffa80146f0 devid=0 grpid=0 avg_us{in_sync=0 exec=2783 out_sync=40040 total=42825} out_bytes_avg=2822400 n=13
[ax_runner_axcl] profile runner=0xffffa80c8990 devid=0 grpid=0 avg_us{in_sync=0 exec=1404 out_sync=10999 total=12405} out_bytes_avg=30800 n=13
[ax_runner_axcl] profile runner=0xffffa810fcd0 devid=0 grpid=0 avg_us{in_sync=0 exec=4471 out_sync=70212 total=74685} out_bytes_avg=4838400 n=10
[ax_runner_axcl] profile runner=0xffffa81289e0 devid=0 grpid=0 avg_us{in_sync=0 exec=4638 out_sync=63982 total=68622} out_bytes_avg=4838400 n=11
[ax_runner_axcl] profile runner=0xffffa81200f8 devid=0 grpid=0 avg_us{in_sync=0 exec=6624 out_sync=36218 total=42843} out_bytes_avg=2359296 n=8
[ax_runner_axcl] profile runner=0xffffa81126e8 devid=0 grpid=0 avg_us{in_sync=0 exec=2874 out_sync=93562 total=96438} out_bytes_avg=7174400 n=6
[ax_runner_axcl] profile runner=0xffffa80146f0 devid=0 grpid=0 avg_us{in_sync=0 exec=2208 out_sync=40107 total=42318} out_bytes_avg=2822400 n=12
[ax_runner_axcl] profile runner=0xffffa80c8990 devid=0 grpid=0 avg_us{in_sync=0 exec=1644 out_sync=13884 total=15530} out_bytes_avg=30800 n=13
[ax_runner_axcl] profile runner=0xffffa810fcd0 devid=0 grpid=0 avg_us{in_sync=0 exec=4789 out_sync=73633 total=78424} out_bytes_avg=4838400 n=10
[ax_runner_axcl] profile runner=0xffffa81200f8 devid=0 grpid=0 avg_us{in_sync=0 exec=6555 out_sync=39979 total=46536} out_bytes_avg=2359296 n=8
[ax_runner_axcl] profile runner=0xffffa81289e0 devid=0 grpid=0 avg_us{in_sync=0 exec=4510 out_sync=62668 total=67180} out_bytes_avg=4838400 n=11
[ax_runner_axcl] profile runner=0xffffa80146f0 devid=0 grpid=0 avg_us{in_sync=0 exec=2280 out_sync=41198 total=43482} out_bytes_avg=2822400 n=13
{"channels":[{"decoded":602,"dropped":0,"encoded":601,"infer_fps":11.961672573810723,"inferred":601,"lr":0,"mux_errors":0,"name":"pcd","objects":7,"process_ms":36.9409849990916,"render_ms":5.583993999607628,"render_replaced":0,"rendered":601,"result_age":0.046265626999229426,"rl":0,"submit_errors":0},{"decoded":1251,"dropped":0,"encoded":1243,"infer_fps":9.56933805904858,"inferred":481,"lr":0,"mux_errors":0,"name":"vehicle","objects":4,"process_ms":105.5845880000561,"render_ms":5.8021619988721795,"render_replaced":0,"rendered":1243,"result_age":0.09765120299925911,"rl":0,"submit_errors":0},{"decoded":1504,"dropped":0,"encoded":1503,"infer_fps":5.382752658214826,"inferred":283,"lr":0,"mux_errors":0,"name":"seg","objects":4,"process_ms":188.92274099926,"render_ms":7.053919998725178,"render_replaced":0,"rendered":1504,"result_age":0.02145980300338124,"rl":0,"submit_errors":0},{"decoded":1500,"dropped":0,"encoded":1490,"infer_fps":12.260714388155991,"inferred":613,"lr":0,"mux_errors":0,"name":"driving","objects":1,"process_ms":82.20335499936482,"render_ms":7.470880002074409,"render_replaced":0,"rendered":1493,"result_age":0.0557237709981564,"rl":0,"submit_errors":0},{"decoded":1202,"dropped":0,"encoded":1201,"infer_fps":7.874767777758726,"inferred":393,"lr":0,"mux_errors":0,"name":"depth","objects":0,"process_ms":127.22726599895395,"render_ms":7.467881001502974,"render_replaced":0,"rendered":1202,"result_age":0.08968273600112298,"rl":0,"submit_errors":0},{"decoded":1205,"dropped":0,"encoded":1204,"infer_fps":9.56933805904858,"inferred":476,"lr":0,"mux_errors":0,"name":"count","objects":7,"process_ms":109.94882399972994,"render_ms":4.4030280005245,"render_replaced":0,"rendered":1205,"result_age":0.03540351599804126,"rl":4,"submit_errors":0}],"elapsed":50.06834018099835,"event":"stats","overview_dropped":0,"overview_encoded":1496,"overview_mux_errors":0}
[ax_runner_axcl] profile runner=0xffffa81126e8 devid=0 grpid=0 avg_us{in_sync=0 exec=3609 out_sync=104434 total=108046} out_bytes_avg=7174400 n=6
[ax_runner_axcl] profile runner=0xffffa80c8990 devid=0 grpid=0 avg_us{in_sync=0 exec=1342 out_sync=10970 total=12315} out_bytes_avg=30800 n=13
[ax_runner_axcl] profile runner=0xffffa810fcd0 devid=0 grpid=0 avg_us{in_sync=0 exec=4227 out_sync=68820 total=73049} out_bytes_avg=4838400 n=10
{"event":"count_loop_reset","loop":4}
[ax_runner_axcl] profile runner=0xffffa81200f8 devid=0 grpid=0 avg_us{in_sync=0 exec=6658 out_sync=38478 total=45138} out_bytes_avg=2359296 n=8
[ax_runner_axcl] profile runner=0xffffa81289e0 devid=0 grpid=0 avg_us{in_sync=0 exec=4386 out_sync=69224 total=73613} out_bytes_avg=4838400 n=10
[ax_runner_axcl] profile runner=0xffffa80146f0 devid=0 grpid=0 avg_us{in_sync=0 exec=2408 out_sync=40551 total=42962} out_bytes_avg=2822400 n=13
[ax_runner_axcl] profile runner=0xffffa81126e8 devid=0 grpid=0 avg_us{in_sync=0 exec=4653 out_sync=95803 total=100458} out_bytes_avg=7174400 n=6
[ax_runner_axcl] profile runner=0xffffa80c8990 devid=0 grpid=0 avg_us{in_sync=0 exec=1453 out_sync=14490 total=15945} out_bytes_avg=30800 n=12
[ax_runner_axcl] profile runner=0xffffa810fcd0 devid=0 grpid=0 avg_us{in_sync=0 exec=4731 out_sync=74896 total=79629} out_bytes_avg=4838400 n=9
[ax_runner_axcl] profile runner=0xffffa81200f8 devid=0 grpid=0 avg_us{in_sync=0 exec=6571 out_sync=42662 total=49235} out_bytes_avg=2359296 n=9
[ax_runner_axcl] profile runner=0xffffa81289e0 devid=0 grpid=0 avg_us{in_sync=0 exec=4223 out_sync=70757 total=74982} out_bytes_avg=4838400 n=10
[ax_runner_axcl] profile runner=0xffffa80146f0 devid=0 grpid=0 avg_us{in_sync=0 exec=2175 out_sync=40727 total=42905} out_bytes_avg=2822400 n=13
[ax_runner_axcl] profile runner=0xffffa81126e8 devid=0 grpid=0 avg_us{in_sync=0 exec=2866 out_sync=101245 total=104113} out_bytes_avg=7174400 n=6
[ax_runner_axcl] profile runner=0xffffa80c8990 devid=0 grpid=0 avg_us{in_sync=0 exec=1158 out_sync=13831 total=14990} out_bytes_avg=30800 n=13
[ax_runner_axcl] profile runner=0xffffa810fcd0 devid=0 grpid=0 avg_us{in_sync=0 exec=4219 out_sync=66237 total=70458} out_bytes_avg=4838400 n=11
[ax_runner_axcl] profile runner=0xffffa81200f8 devid=0 grpid=0 avg_us{in_sync=0 exec=6807 out_sync=34756 total=41564} out_bytes_avg=2359296 n=9
[ax_runner_axcl] profile runner=0xffffa81289e0 devid=0 grpid=0 avg_us{in_sync=0 exec=4378 out_sync=66595 total=70975} out_bytes_avg=4838400 n=10
[ax_runner_axcl] profile runner=0xffffa80146f0 devid=0 grpid=0 avg_us{in_sync=0 exec=2301 out_sync=43833 total=46137} out_bytes_avg=2822400 n=12
[ax_runner_axcl] profile runner=0xffffa81126e8 devid=0 grpid=0 avg_us{in_sync=0 exec=3398 out_sync=97909 total=101308} out_bytes_avg=7174400 n=6
{"direction":"right_to_left","event":"crossing","id":180,"lr":0,"rl":5}
[ax_runner_axcl] profile runner=0xffffa80c8990 devid=0 grpid=0 avg_us{in_sync=0 exec=1357 out_sync=12431 total=13790} out_bytes_avg=30800 n=13
[ax_runner_axcl] profile runner=0xffffa810fcd0 devid=0 grpid=0 avg_us{in_sync=0 exec=4504 out_sync=66006 total=70512} out_bytes_avg=4838400 n=11
[ax_runner_axcl] profile runner=0xffffa81200f8 devid=0 grpid=0 avg_us{in_sync=0 exec=6708 out_sync=41478 total=48187} out_bytes_avg=2359296 n=8
[ax_runner_axcl] profile runner=0xffffa81289e0 devid=0 grpid=0 avg_us{in_sync=0 exec=4523 out_sync=67007 total=71532} out_bytes_avg=4838400 n=10
[ax_runner_axcl] profile runner=0xffffa80146f0 devid=0 grpid=0 avg_us{in_sync=0 exec=3256 out_sync=39502 total=42759} out_bytes_avg=2822400 n=13
[ax_runner_axcl] profile runner=0xffffa81126e8 devid=0 grpid=0 avg_us{in_sync=0 exec=2927 out_sync=100817 total=103747} out_bytes_avg=7174400 n=6
[ax_runner_axcl] profile runner=0xffffa80c8990 devid=0 grpid=0 avg_us{in_sync=0 exec=1721 out_sync=12437 total=14160} out_bytes_avg=30800 n=13
[ax_runner_axcl] profile runner=0xffffa810fcd0 devid=0 grpid=0 avg_us{in_sync=0 exec=4386 out_sync=67802 total=72190} out_bytes_avg=4838400 n=9
[ax_runner_axcl] profile runner=0xffffa81289e0 devid=0 grpid=0 avg_us{in_sync=0 exec=5451 out_sync=65065 total=70518} out_bytes_avg=4838400 n=10
[ax_runner_axcl] profile runner=0xffffa81200f8 devid=0 grpid=0 avg_us{in_sync=0 exec=6695 out_sync=42499 total=49195} out_bytes_avg=2359296 n=9
[ax_runner_axcl] profile runner=0xffffa80146f0 devid=0 grpid=0 avg_us{in_sync=0 exec=2979 out_sync=40058 total=43040} out_bytes_avg=2822400 n=13
[ax_runner_axcl] profile runner=0xffffa80c8990 devid=0 grpid=0 avg_us{in_sync=0 exec=1261 out_sync=11062 total=12325} out_bytes_avg=30800 n=12
[ax_runner_axcl] profile runner=0xffffa81126e8 devid=0 grpid=0 avg_us{in_sync=0 exec=3431 out_sync=95843 total=99276} out_bytes_avg=7174400 n=7
[ax_runner_axcl] profile runner=0xffffa810fcd0 devid=0 grpid=0 avg_us{in_sync=0 exec=4579 out_sync=66466 total=71048} out_bytes_avg=4838400 n=11
[ax_runner_axcl] profile runner=0xffffa81200f8 devid=0 grpid=0 avg_us{in_sync=0 exec=6794 out_sync=44463 total=51259} out_bytes_avg=2359296 n=8
[ax_runner_axcl] profile runner=0xffffa81289e0 devid=0 grpid=0 avg_us{in_sync=0 exec=4289 out_sync=68798 total=73089} out_bytes_avg=4838400 n=10
[ax_runner_axcl] profile runner=0xffffa80146f0 devid=0 grpid=0 avg_us{in_sync=0 exec=2433 out_sync=41224 total=43659} out_bytes_avg=2822400 n=12
[ax_runner_axcl] profile runner=0xffffa80c8990 devid=0 grpid=0 avg_us{in_sync=0 exec=1298 out_sync=11803 total=13104} out_bytes_avg=30800 n=13
[ax_runner_axcl] profile runner=0xffffa81126e8 devid=0 grpid=0 avg_us{in_sync=0 exec=3298 out_sync=108459 total=111758} out_bytes_avg=7174400 n=5
[ax_runner_axcl] profile runner=0xffffa810fcd0 devid=0 grpid=0 avg_us{in_sync=0 exec=5361 out_sync=66979 total=72342} out_bytes_avg=4838400 n=10
[ax_runner_axcl] profile runner=0xffffa81200f8 devid=0 grpid=0 avg_us{in_sync=0 exec=7007 out_sync=47137 total=54149} out_bytes_avg=2359296 n=7
[ax_runner_axcl] profile runner=0xffffa81289e0 devid=0 grpid=0 avg_us{in_sync=0 exec=4433 out_sync=72184 total=76618} out_bytes_avg=4838400 n=10
[ax_runner_axcl] profile runner=0xffffa80146f0 devid=0 grpid=0 avg_us{in_sync=0 exec=2369 out_sync=42555 total=44926} out_bytes_avg=2822400 n=13
[ax_runner_axcl] profile runner=0xffffa80c8990 devid=0 grpid=0 avg_us{in_sync=0 exec=1860 out_sync=9892 total=11754} out_bytes_avg=30800 n=13
[ax_runner_axcl] profile runner=0xffffa81126e8 devid=0 grpid=0 avg_us{in_sync=0 exec=3221 out_sync=98908 total=102132} out_bytes_avg=7174400 n=5
[ax_runner_axcl] profile runner=0xffffa810fcd0 devid=0 grpid=0 avg_us{in_sync=0 exec=4412 out_sync=69009 total=73422} out_bytes_avg=4838400 n=9
[ax_runner_axcl] profile runner=0xffffa81200f8 devid=0 grpid=0 avg_us{in_sync=0 exec=7340 out_sync=39086 total=46428} out_bytes_avg=2359296 n=8
[ax_runner_axcl] profile runner=0xffffa81289e0 devid=0 grpid=0 avg_us{in_sync=0 exec=4404 out_sync=67133 total=71539} out_bytes_avg=4838400 n=10
[ax_runner_axcl] profile runner=0xffffa80146f0 devid=0 grpid=0 avg_us{in_sync=0 exec=3177 out_sync=39157 total=42336} out_bytes_avg=2822400 n=12
[ax_runner_axcl] profile runner=0xffffa80c8990 devid=0 grpid=0 avg_us{in_sync=0 exec=1154 out_sync=13146 total=14302} out_bytes_avg=30800 n=12
[ax_runner_axcl] profile runner=0xffffa81126e8 devid=0 grpid=0 avg_us{in_sync=0 exec=3546 out_sync=102200 total=105747} out_bytes_avg=7174400 n=7
[ax_runner_axcl] profile runner=0xffffa810fcd0 devid=0 grpid=0 avg_us{in_sync=0 exec=4295 out_sync=69112 total=73409} out_bytes_avg=4838400 n=10
[ax_runner_axcl] profile runner=0xffffa81200f8 devid=0 grpid=0 avg_us{in_sync=0 exec=6855 out_sync=42573 total=49430} out_bytes_avg=2359296 n=8
[ax_runner_axcl] profile runner=0xffffa81289e0 devid=0 grpid=0 avg_us{in_sync=0 exec=4291 out_sync=63242 total=67535} out_bytes_avg=4838400 n=10
[ax_runner_axcl] profile runner=0xffffa80146f0 devid=0 grpid=0 avg_us{in_sync=0 exec=2212 out_sync=41813 total=44027} out_bytes_avg=2822400 n=13
[ax_runner_axcl] profile runner=0xffffa80c8990 devid=0 grpid=0 avg_us{in_sync=0 exec=1264 out_sync=10885 total=12151} out_bytes_avg=30800 n=13
[ax_runner_axcl] profile runner=0xffffa810fcd0 devid=0 grpid=0 avg_us{in_sync=0 exec=4307 out_sync=64248 total=68557} out_bytes_avg=4838400 n=10
{"channels":[{"decoded":721,"dropped":0,"encoded":721,"infer_fps":11.99998201082567,"inferred":721,"lr":0,"mux_errors":0,"name":"pcd","objects":8,"process_ms":49.38814700290095,"render_ms":5.580118002399104,"render_replaced":0,"rendered":721,"result_age":0.03253649800171843,"rl":0,"submit_errors":0},{"decoded":1500,"dropped":0,"encoded":1494,"infer_fps":9.499985758570324,"inferred":576,"lr":0,"mux_errors":0,"name":"vehicle","objects":1,"process_ms":115.82565199933015,"render_ms":4.441820001375163,"render_replaced":0,"rendered":1494,"result_age":0.014919137000106275,"rl":0,"submit_errors":0},{"decoded":1804,"dropped":0,"encoded":1803,"infer_fps":5.399991904871552,"inferred":337,"lr":0,"mux_errors":0,"name":"seg","objects":5,"process_ms":156.14707399799954,"render_ms":9.709062000183621,"render_replaced":0,"rendered":1803,"result_age":0.09928096400108188,"rl":0,"submit_errors":0},{"decoded":1800,"dropped":0,"encoded":1787,"infer_fps":12.399981411186527,"inferred":737,"lr":0,"mux_errors":0,"name":"driving","objects":1,"process_ms":77.66607700250461,"render_ms":5.110908001370262,"render_replaced":0,"rendered":1790,"result_age":0.006288373002462322,"rl":0,"submit_errors":0},{"decoded":1442,"dropped":0,"encoded":1440,"infer_fps":7.699988456946472,"inferred":470,"lr":0,"mux_errors":0,"name":"depth","objects":0,"process_ms":124.21112200172502,"render_ms":8.201344000553945,"render_replaced":0,"rendered":1442,"result_age":0.06716446799691767,"rl":0,"submit_errors":0},{"decoded":1446,"dropped":0,"encoded":1445,"infer_fps":9.399985908480108,"inferred":570,"lr":0,"mux_errors":0,"name":"count","objects":7,"process_ms":97.28982700107736,"render_ms":4.373944000690244,"render_replaced":0,"rendered":1446,"result_age":0.04347690099893953,"rl":5,"submit_errors":0}],"elapsed":60.06835517199943,"event":"stats","overview_dropped":0,"overview_encoded":1795,"overview_mux_errors":0}
[ax_runner_axcl] profile runner=0xffffa81126e8 devid=0 grpid=0 avg_us{in_sync=0 exec=3171 out_sync=90899 total=94072} out_bytes_avg=7174400 n=6
[ax_runner_axcl] profile runner=0xffffa81200f8 devid=0 grpid=0 avg_us{in_sync=0 exec=6508 out_sync=41881 total=48390} out_bytes_avg=2359296 n=8
[ax_runner_axcl] profile runner=0xffffa81289e0 devid=0 grpid=0 avg_us{in_sync=0 exec=4666 out_sync=64447 total=69115} out_bytes_avg=4838400 n=10
[ax_runner_axcl] profile runner=0xffffa80146f0 devid=0 grpid=0 avg_us{in_sync=0 exec=2493 out_sync=35943 total=38439} out_bytes_avg=2822400 n=14
[ax_runner_axcl] profile runner=0xffffa80c8990 devid=0 grpid=0 avg_us{in_sync=0 exec=1194 out_sync=11419 total=12616} out_bytes_avg=30800 n=12
[ax_runner_axcl] profile runner=0xffffa810fcd0 devid=0 grpid=0 avg_us{in_sync=0 exec=4309 out_sync=65036 total=69348} out_bytes_avg=4838400 n=10
[ax_runner_axcl] profile runner=0xffffa81126e8 devid=0 grpid=0 avg_us{in_sync=0 exec=3320 out_sync=93115 total=96436} out_bytes_avg=7174400 n=7
[ax_runner_axcl] profile runner=0xffffa81200f8 devid=0 grpid=0 avg_us{in_sync=0 exec=6559 out_sync=45086 total=51646} out_bytes_avg=2359296 n=8
[ax_runner_axcl] profile runner=0xffffa81289e0 devid=0 grpid=0 avg_us{in_sync=0 exec=4729 out_sync=75069 total=79802} out_bytes_avg=4838400 n=9
[ax_runner_axcl] profile runner=0xffffa80146f0 devid=0 grpid=0 avg_us{in_sync=0 exec=2097 out_sync=40167 total=42267} out_bytes_avg=2822400 n=13
[ax_runner_axcl] profile runner=0xffffa80c8990 devid=0 grpid=0 avg_us{in_sync=0 exec=1155 out_sync=10139 total=11296} out_bytes_avg=30800 n=13
[ax_runner_axcl] profile runner=0xffffa810fcd0 devid=0 grpid=0 avg_us{in_sync=0 exec=4612 out_sync=65592 total=70205} out_bytes_avg=4838400 n=11
[ax_runner_axcl] profile runner=0xffffa81200f8 devid=0 grpid=0 avg_us{in_sync=0 exec=6598 out_sync=37477 total=44077} out_bytes_avg=2359296 n=8
[ax_runner_axcl] profile runner=0xffffa81126e8 devid=0 grpid=0 avg_us{in_sync=0 exec=4113 out_sync=88102 total=92217} out_bytes_avg=7174400 n=7
[ax_runner_axcl] profile runner=0xffffa81289e0 devid=0 grpid=0 avg_us{in_sync=0 exec=4288 out_sync=65947 total=70237} out_bytes_avg=4838400 n=10
[ax_runner_axcl] profile runner=0xffffa80146f0 devid=0 grpid=0 avg_us{in_sync=0 exec=2989 out_sync=41384 total=44375} out_bytes_avg=2822400 n=13
[ax_runner_axcl] profile runner=0xffffa80c8990 devid=0 grpid=0 avg_us{in_sync=0 exec=1465 out_sync=12315 total=13783} out_bytes_avg=30800 n=13
[ax_runner_axcl] profile runner=0xffffa810fcd0 devid=0 grpid=0 avg_us{in_sync=0 exec=4483 out_sync=62843 total=67327} out_bytes_avg=4838400 n=10
{"event":"count_loop_reset","loop":5}
[ax_runner_axcl] profile runner=0xffffa81200f8 devid=0 grpid=0 avg_us{in_sync=0 exec=6737 out_sync=39493 total=46231} out_bytes_avg=2359296 n=9
[ax_runner_axcl] profile runner=0xffffa81126e8 devid=0 grpid=0 avg_us{in_sync=0 exec=2888 out_sync=95765 total=98655} out_bytes_avg=7174400 n=6
[ax_runner_axcl] profile runner=0xffffa81289e0 devid=0 grpid=0 avg_us{in_sync=0 exec=4460 out_sync=65051 total=69513} out_bytes_avg=4838400 n=10
[ax_runner_axcl] profile runner=0xffffa80146f0 devid=0 grpid=0 avg_us{in_sync=0 exec=2333 out_sync=38162 total=40497} out_bytes_avg=2822400 n=13
[ax_runner_axcl] profile runner=0xffffa80c8990 devid=0 grpid=0 avg_us{in_sync=0 exec=1912 out_sync=12414 total=14329} out_bytes_avg=30800 n=12
[ax_runner_axcl] profile runner=0xffffa810fcd0 devid=0 grpid=0 avg_us{in_sync=0 exec=4333 out_sync=61099 total=65434} out_bytes_avg=4838400 n=11
[ax_runner_axcl] profile runner=0xffffa81200f8 devid=0 grpid=0 avg_us{in_sync=0 exec=7068 out_sync=42293 total=49363} out_bytes_avg=2359296 n=8
[ax_runner_axcl] profile runner=0xffffa81126e8 devid=0 grpid=0 avg_us{in_sync=0 exec=2956 out_sync=104690 total=107649} out_bytes_avg=7174400 n=6
[ax_runner_axcl] profile runner=0xffffa81289e0 devid=0 grpid=0 avg_us{in_sync=0 exec=4310 out_sync=63121 total=67434} out_bytes_avg=4838400 n=10
[ax_runner_axcl] profile runner=0xffffa80146f0 devid=0 grpid=0 avg_us{in_sync=0 exec=2276 out_sync=39583 total=41863} out_bytes_avg=2822400 n=14
[ax_runner_axcl] profile runner=0xffffa80c8990 devid=0 grpid=0 avg_us{in_sync=0 exec=1450 out_sync=11496 total=12948} out_bytes_avg=30800 n=12
[ax_runner_axcl] profile runner=0xffffa810fcd0 devid=0 grpid=0 avg_us{in_sync=0 exec=4682 out_sync=63658 total=68341} out_bytes_avg=4838400 n=11
[ax_runner_axcl] profile runner=0xffffa81200f8 devid=0 grpid=0 avg_us{in_sync=0 exec=6677 out_sync=43159 total=49837} out_bytes_avg=2359296 n=8
[ax_runner_axcl] profile runner=0xffffa81289e0 devid=0 grpid=0 avg_us{in_sync=0 exec=4277 out_sync=64994 total=69273} out_bytes_avg=4838400 n=10
[ax_runner_axcl] profile runner=0xffffa81126e8 devid=0 grpid=0 avg_us{in_sync=0 exec=2875 out_sync=96334 total=99211} out_bytes_avg=7174400 n=6
[ax_runner_axcl] profile runner=0xffffa80146f0 devid=0 grpid=0 avg_us{in_sync=0 exec=2194 out_sync=37878 total=40074} out_bytes_avg=2822400 n=13
[ax_runner_axcl] profile runner=0xffffa80c8990 devid=0 grpid=0 avg_us{in_sync=0 exec=1450 out_sync=10573 total=12028} out_bytes_avg=30800 n=13
{"direction":"right_to_left","event":"crossing","id":218,"lr":0,"rl":6}
[ax_runner_axcl] profile runner=0xffffa81289e0 devid=0 grpid=0 avg_us{in_sync=0 exec=4776 out_sync=65584 total=70362} out_bytes_avg=4838400 n=10
[ax_runner_axcl] profile runner=0xffffa810fcd0 devid=0 grpid=0 avg_us{in_sync=0 exec=4488 out_sync=67885 total=72375} out_bytes_avg=4838400 n=10
[ax_runner_axcl] profile runner=0xffffa81126e8 devid=0 grpid=0 avg_us{in_sync=0 exec=3081 out_sync=86673 total=89755} out_bytes_avg=7174400 n=6
[ax_runner_axcl] profile runner=0xffffa81200f8 devid=0 grpid=0 avg_us{in_sync=0 exec=7101 out_sync=35483 total=42585} out_bytes_avg=2359296 n=9
[ax_runner_axcl] profile runner=0xffffa80146f0 devid=0 grpid=0 avg_us{in_sync=0 exec=2089 out_sync=38848 total=40940} out_bytes_avg=2822400 n=13
[ax_runner_axcl] profile runner=0xffffa80c8990 devid=0 grpid=0 avg_us{in_sync=0 exec=1564 out_sync=11053 total=12620} out_bytes_avg=30800 n=13
[ax_runner_axcl] profile runner=0xffffa81126e8 devid=0 grpid=0 avg_us{in_sync=0 exec=3128 out_sync=96357 total=99486} out_bytes_avg=7174400 n=6
[ax_runner_axcl] profile runner=0xffffa81289e0 devid=0 grpid=0 avg_us{in_sync=0 exec=4706 out_sync=68887 total=73595} out_bytes_avg=4838400 n=10
[ax_runner_axcl] profile runner=0xffffa810fcd0 devid=0 grpid=0 avg_us{in_sync=0 exec=4588 out_sync=63265 total=67854} out_bytes_avg=4838400 n=11
[ax_runner_axcl] profile runner=0xffffa81200f8 devid=0 grpid=0 avg_us{in_sync=0 exec=6580 out_sync=40097 total=46678} out_bytes_avg=2359296 n=8
[ax_runner_axcl] profile runner=0xffffa80146f0 devid=0 grpid=0 avg_us{in_sync=0 exec=2272 out_sync=40814 total=43089} out_bytes_avg=2822400 n=13
[ax_runner_axcl] profile runner=0xffffa80c8990 devid=0 grpid=0 avg_us{in_sync=0 exec=1245 out_sync=13179 total=14427} out_bytes_avg=30800 n=12
[ax_runner_axcl] profile runner=0xffffa81289e0 devid=0 grpid=0 avg_us{in_sync=0 exec=4246 out_sync=66086 total=70334} out_bytes_avg=4838400 n=10
[ax_runner_axcl] profile runner=0xffffa810fcd0 devid=0 grpid=0 avg_us{in_sync=0 exec=4563 out_sync=71147 total=75713} out_bytes_avg=4838400 n=10
[ax_runner_axcl] profile runner=0xffffa81126e8 devid=0 grpid=0 avg_us{in_sync=0 exec=3606 out_sync=102841 total=106449} out_bytes_avg=7174400 n=6
[ax_runner_axcl] profile runner=0xffffa81200f8 devid=0 grpid=0 avg_us{in_sync=0 exec=6772 out_sync=43804 total=50578} out_bytes_avg=2359296 n=8
[2026-09-16T18:47:29.098] [INFO] [T:281467089055424] RTSP OPTIONS rtsp://127.0.0.1:8554/overview/
[ax_runner_axcl] profile runner=0xffffa80146f0 devid=0 grpid=0 avg_us{in_sync=0 exec=2256 out_sync=40412 total=42671} out_bytes_avg=2822400 n=13
[ax_runner_axcl] profile runner=0xffffa80c8990 devid=0 grpid=0 avg_us{in_sync=0 exec=1017 out_sync=10893 total=11912} out_bytes_avg=30800 n=12
[ax_runner_axcl] profile runner=0xffffa81289e0 devid=0 grpid=0 avg_us{in_sync=0 exec=4681 out_sync=56594 total=61278} out_bytes_avg=4838400 n=11
[ax_runner_axcl] profile runner=0xffffa81126e8 devid=0 grpid=0 avg_us{in_sync=0 exec=3015 out_sync=92037 total=95054} out_bytes_avg=7174400 n=6
[ax_runner_axcl] profile runner=0xffffa81200f8 devid=0 grpid=0 avg_us{in_sync=0 exec=7206 out_sync=36381 total=43588} out_bytes_avg=2359296 n=8
[ax_runner_axcl] profile runner=0xffffa810fcd0 devid=0 grpid=0 avg_us{in_sync=0 exec=4405 out_sync=66034 total=70441} out_bytes_avg=4838400 n=10
[ax_runner_axcl] profile runner=0xffffa80146f0 devid=0 grpid=0 avg_us{in_sync=0 exec=2201 out_sync=38325 total=40529} out_bytes_avg=2822400 n=14
{"channels":[{"decoded":842,"dropped":0,"encoded":842,"infer_fps":12.060140942329982,"inferred":842,"lr":0,"mux_errors":0,"name":"pcd","objects":10,"process_ms":31.662284000049112,"render_ms":7.1505460000480525,"render_replaced":0,"rendered":842,"result_age":0.08554616900073597,"rl":0,"submit_errors":0},{"decoded":1752,"dropped":0,"encoded":1746,"infer_fps":9.767717457424283,"inferred":674,"lr":0,"mux_errors":0,"name":"vehicle","objects":6,"process_ms":105.28233500008355,"render_ms":4.41177799802972,"render_replaced":0,"rendered":1746,"result_age":0.0008199630028684624,"rl":0,"submit_errors":0},{"decoded":2105,"dropped":0,"encoded":2104,"infer_fps":5.980235178014866,"inferred":397,"lr":0,"mux_errors":0,"name":"seg","objects":3,"process_ms":154.13943699968513,"render_ms":6.750168002326973,"render_replaced":0,"rendered":2105,"result_age":0.04139572100029909,"rl":0,"submit_errors":0},{"decoded":2101,"dropped":0,"encoded":2088,"infer_fps":12.658164460131468,"inferred":864,"lr":0,"mux_errors":0,"name":"driving","objects":2,"process_ms":75.59318800122128,"render_ms":5.952745999820763,"render_replaced":0,"rendered":2090,"result_age":0.01799515600214363,"rl":0,"submit_errors":0},{"decoded":1682,"dropped":0,"encoded":1681,"infer_fps":7.873976317719574,"inferred":549,"lr":0,"mux_errors":0,"name":"depth","objects":0,"process_ms":134.66714699825388,"render_ms":11.380905998521484,"render_replaced":0,"rendered":1682,"result_age":0.06882006200248725,"rl":0,"submit_errors":0},{"decoded":1688,"dropped":0,"encoded":1687,"infer_fps":9.668046871124034,"inferred":667,"lr":0,"mux_errors":0,"name":"count","objects":8,"process_ms":97.29974200308789,"render_ms":5.73041200186708,"render_replaced":0,"rendered":1688,"result_age":0.05147257699718466,"rl":6,"submit_errors":0}],"elapsed":70.1014054139996,"event":"stats","overview_dropped":0,"overview_encoded":2097,"overview_mux_errors":0}
[ax_runner_axcl] profile runner=0xffffa80c8990 devid=0 grpid=0 avg_us{in_sync=0 exec=1314 out_sync=10529 total=11845} out_bytes_avg=30800 n=13
[ax_runner_axcl] profile runner=0xffffa81126e8 devid=0 grpid=0 avg_us{in_sync=0 exec=3139 out_sync=94538 total=97680} out_bytes_avg=7174400 n=7
[ax_runner_axcl] profile runner=0xffffa81289e0 devid=0 grpid=0 avg_us{in_sync=0 exec=4896 out_sync=64341 total=69239} out_bytes_avg=4838400 n=10
[ax_runner_axcl] profile runner=0xffffa810fcd0 devid=0 grpid=0 avg_us{in_sync=0 exec=5168 out_sync=70449 total=75619} out_bytes_avg=4838400 n=10
[ax_runner_axcl] profile runner=0xffffa80146f0 devid=0 grpid=0 avg_us{in_sync=0 exec=2203 out_sync=40738 total=42943} out_bytes_avg=2822400 n=12
[ax_runner_axcl] profile runner=0xffffa81200f8 devid=0 grpid=0 avg_us{in_sync=0 exec=6836 out_sync=38755 total=45593} out_bytes_avg=2359296 n=9
[ax_runner_axcl] profile runner=0xffffa80c8990 devid=0 grpid=0 avg_us{in_sync=0 exec=1106 out_sync=13864 total=14972} out_bytes_avg=30800 n=12
[ax_runner_axcl] profile runner=0xffffa81126e8 devid=0 grpid=0 avg_us{in_sync=0 exec=2980 out_sync=93446 total=96428} out_bytes_avg=7174400 n=7
[ax_runner_axcl] profile runner=0xffffa81289e0 devid=0 grpid=0 avg_us{in_sync=0 exec=4205 out_sync=66509 total=70716} out_bytes_avg=4838400 n=10
[ax_runner_axcl] profile runner=0xffffa80146f0 devid=0 grpid=0 avg_us{in_sync=0 exec=2475 out_sync=39510 total=41987} out_bytes_avg=2822400 n=13
[ax_runner_axcl] profile runner=0xffffa810fcd0 devid=0 grpid=0 avg_us{in_sync=0 exec=4890 out_sync=69450 total=74341} out_bytes_avg=4838400 n=10
[ax_runner_axcl] profile runner=0xffffa81200f8 devid=0 grpid=0 avg_us{in_sync=0 exec=6616 out_sync=38453 total=45071} out_bytes_avg=2359296 n=9
[ax_runner_axcl] profile runner=0xffffa80c8990 devid=0 grpid=0 avg_us{in_sync=0 exec=1281 out_sync=10007 total=11290} out_bytes_avg=30800 n=13
[ax_runner_axcl] profile runner=0xffffa81126e8 devid=0 grpid=0 avg_us{in_sync=0 exec=2903 out_sync=104403 total=107308} out_bytes_avg=7174400 n=6
[ax_runner_axcl] profile runner=0xffffa81289e0 devid=0 grpid=0 avg_us{in_sync=0 exec=4280 out_sync=66253 total=70535} out_bytes_avg=4838400 n=10
[ax_runner_axcl] profile runner=0xffffa80146f0 devid=0 grpid=0 avg_us{in_sync=0 exec=2416 out_sync=41190 total=43610} out_bytes_avg=2822400 n=13
[ax_runner_axcl] profile runner=0xffffa810fcd0 devid=0 grpid=0 avg_us{in_sync=0 exec=4499 out_sync=67532 total=72033} out_bytes_avg=4838400 n=10
[ax_runner_axcl] profile runner=0xffffa81200f8 devid=0 grpid=0 avg_us{in_sync=0 exec=6704 out_sync=32476 total=39182} out_bytes_avg=2359296 n=9
[ax_runner_axcl] profile runner=0xffffa80c8990 devid=0 grpid=0 avg_us{in_sync=0 exec=1180 out_sync=13062 total=14246} out_bytes_avg=30800 n=13
[ax_runner_axcl] profile runner=0xffffa81126e8 devid=0 grpid=0 avg_us{in_sync=0 exec=4193 out_sync=91687 total=95882} out_bytes_avg=7174400 n=7
[ax_runner_axcl] profile runner=0xffffa810fcd0 devid=0 grpid=0 avg_us{in_sync=0 exec=4682 out_sync=67711 total=72395} out_bytes_avg=4838400 n=10
[ax_runner_axcl] profile runner=0xffffa80146f0 devid=0 grpid=0 avg_us{in_sync=0 exec=2283 out_sync=41725 total=44011} out_bytes_avg=2822400 n=13
[ax_runner_axcl] profile runner=0xffffa81289e0 devid=0 grpid=0 avg_us{in_sync=0 exec=4716 out_sync=68410 total=73128} out_bytes_avg=4838400 n=10
[ax_runner_axcl] profile runner=0xffffa81200f8 devid=0 grpid=0 avg_us{in_sync=0 exec=6528 out_sync=44733 total=51262} out_bytes_avg=2359296 n=8
[ax_runner_axcl] profile runner=0xffffa80c8990 devid=0 grpid=0 avg_us{in_sync=0 exec=1041 out_sync=11586 total=12629} out_bytes_avg=30800 n=13
[ax_runner_axcl] profile runner=0xffffa81126e8 devid=0 grpid=0 avg_us{in_sync=0 exec=4086 out_sync=95198 total=99286} out_bytes_avg=7174400 n=6
[ax_runner_axcl] profile runner=0xffffa810fcd0 devid=0 grpid=0 avg_us{in_sync=0 exec=4506 out_sync=64613 total=69121} out_bytes_avg=4838400 n=10
[ax_runner_axcl] profile runner=0xffffa80146f0 devid=0 grpid=0 avg_us{in_sync=0 exec=2441 out_sync=39869 total=42314} out_bytes_avg=2822400 n=13
[ax_runner_axcl] profile runner=0xffffa81289e0 devid=0 grpid=0 avg_us{in_sync=0 exec=4694 out_sync=66662 total=71360} out_bytes_avg=4838400 n=10
[ax_runner_axcl] profile runner=0xffffa81200f8 devid=0 grpid=0 avg_us{in_sync=0 exec=6651 out_sync=37186 total=43838} out_bytes_avg=2359296 n=8
[ax_runner_axcl] profile runner=0xffffa80c8990 devid=0 grpid=0 avg_us{in_sync=0 exec=1312 out_sync=9492 total=10806} out_bytes_avg=30800 n=12
{"event":"count_loop_reset","loop":6}
[ax_runner_axcl] profile runner=0xffffa81126e8 devid=0 grpid=0 avg_us{in_sync=0 exec=3070 out_sync=91860 total=94932} out_bytes_avg=7174400 n=6
[ax_runner_axcl] profile runner=0xffffa810fcd0 devid=0 grpid=0 avg_us{in_sync=0 exec=4621 out_sync=61295 total=65918} out_bytes_avg=4838400 n=11
[ax_runner_axcl] profile runner=0xffffa80146f0 devid=0 grpid=0 avg_us{in_sync=0 exec=2553 out_sync=35834 total=38390} out_bytes_avg=2822400 n=13
[ax_runner_axcl] profile runner=0xffffa81289e0 devid=0 grpid=0 avg_us{in_sync=0 exec=4296 out_sync=66457 total=70755} out_bytes_avg=4838400 n=10
[ax_runner_axcl] profile runner=0xffffa81200f8 devid=0 grpid=0 avg_us{in_sync=0 exec=6900 out_sync=40411 total=47312} out_bytes_avg=2359296 n=8
[ax_runner_axcl] profile runner=0xffffa80c8990 devid=0 grpid=0 avg_us{in_sync=0 exec=1693 out_sync=11287 total=12982} out_bytes_avg=30800 n=13
[ax_runner_axcl] profile runner=0xffffa810fcd0 devid=0 grpid=0 avg_us{in_sync=0 exec=4529 out_sync=67502 total=72033} out_bytes_avg=4838400 n=10
[ax_runner_axcl] profile runner=0xffffa80146f0 devid=0 grpid=0 avg_us{in_sync=0 exec=2961 out_sync=41174 total=44137} out_bytes_avg=2822400 n=13
[ax_runner_axcl] profile runner=0xffffa81289e0 devid=0 grpid=0 avg_us{in_sync=0 exec=5083 out_sync=64710 total=69795} out_bytes_avg=4838400 n=10
[ax_runner_axcl] profile runner=0xffffa81200f8 devid=0 grpid=0 avg_us{in_sync=0 exec=8734 out_sync=39258 total=47994} out_bytes_avg=2359296 n=8
[ax_runner_axcl] profile runner=0xffffa81126e8 devid=0 grpid=0 avg_us{in_sync=0 exec=2928 out_sync=99282 total=102213} out_bytes_avg=7174400 n=7
[ax_runner_axcl] profile runner=0xffffa80c8990 devid=0 grpid=0 avg_us{in_sync=0 exec=1112 out_sync=12075 total=13189} out_bytes_avg=30800 n=13
[ax_runner_axcl] profile runner=0xffffa810fcd0 devid=0 grpid=0 avg_us{in_sync=0 exec=4459 out_sync=60995 total=65457} out_bytes_avg=4838400 n=11
[ax_runner_axcl] profile runner=0xffffa80146f0 devid=0 grpid=0 avg_us{in_sync=0 exec=2325 out_sync=37077 total=39405} out_bytes_avg=2822400 n=13
[ax_runner_axcl] profile runner=0xffffa81289e0 devid=0 grpid=0 avg_us{in_sync=0 exec=4837 out_sync=64010 total=68849} out_bytes_avg=4838400 n=10
[ax_runner_axcl] profile runner=0xffffa81126e8 devid=0 grpid=0 avg_us{in_sync=0 exec=2940 out_sync=97179 total=100122} out_bytes_avg=7174400 n=6
[ax_runner_axcl] profile runner=0xffffa81200f8 devid=0 grpid=0 avg_us{in_sync=0 exec=6841 out_sync=36522 total=43364} out_bytes_avg=2359296 n=9
[ax_runner_axcl] profile runner=0xffffa80c8990 devid=0 grpid=0 avg_us{in_sync=0 exec=1378 out_sync=12214 total=13594} out_bytes_avg=30800 n=13
{"direction":"right_to_left","event":"crossing","id":277,"lr":0,"rl":7}
[ax_runner_axcl] profile runner=0xffffa810fcd0 devid=0 grpid=0 avg_us{in_sync=0 exec=4721 out_sync=67050 total=71773} out_bytes_avg=4838400 n=10
[ax_runner_axcl] profile runner=0xffffa80146f0 devid=0 grpid=0 avg_us{in_sync=0 exec=2875 out_sync=39158 total=42036} out_bytes_avg=2822400 n=13
[ax_runner_axcl] profile runner=0xffffa81289e0 devid=0 grpid=0 avg_us{in_sync=0 exec=4467 out_sync=65954 total=70423} out_bytes_avg=4838400 n=10
[ax_runner_axcl] profile runner=0xffffa81200f8 devid=0 grpid=0 avg_us{in_sync=0 exec=6893 out_sync=41722 total=48616} out_bytes_avg=2359296 n=8
[ax_runner_axcl] profile runner=0xffffa81126e8 devid=0 grpid=0 avg_us{in_sync=0 exec=3553 out_sync=93298 total=96852} out_bytes_avg=7174400 n=7
[ax_runner_axcl] profile runner=0xffffa80c8990 devid=0 grpid=0 avg_us{in_sync=0 exec=1318 out_sync=10278 total=11598} out_bytes_avg=30800 n=13
[ax_runner_axcl] profile runner=0xffffa80146f0 devid=0 grpid=0 avg_us{in_sync=0 exec=2688 out_sync=40313 total=43004} out_bytes_avg=2822400 n=13
[ax_runner_axcl] profile runner=0xffffa810fcd0 devid=0 grpid=0 avg_us{in_sync=0 exec=5216 out_sync=71555 total=76772} out_bytes_avg=4838400 n=10
{"channels":[{"decoded":962,"dropped":0,"encoded":962,"infer_fps":11.996663166529865,"inferred":962,"lr":0,"mux_errors":0,"name":"pcd","objects":9,"process_ms":27.243505999649642,"render_ms":7.945550998556428,"render_replaced":0,"rendered":962,"result_age":0.0030850609982735477,"rl":0,"submit_errors":0},{"decoded":2003,"dropped":0,"encoded":1995,"infer_fps":9.797274919332724,"inferred":772,"lr":0,"mux_errors":0,"name":"vehicle","objects":4,"process_ms":108.2716460005031,"render_ms":8.366428002773318,"render_replaced":0,"rendered":1996,"result_age":0.11577206799847772,"rl":0,"submit_errors":0},{"decoded":2406,"dropped":0,"encoded":2404,"infer_fps":5.998331583264933,"inferred":457,"lr":0,"mux_errors":0,"name":"seg","objects":1,"process_ms":160.94093799983966,"render_ms":17.459194001276046,"render_replaced":0,"rendered":2405,"result_age":0.144773168998654,"rl":0,"submit_errors":0},{"decoded":2400,"dropped":0,"encoded":2388,"infer_fps":12.496524131801943,"inferred":989,"lr":0,"mux_errors":0,"name":"driving","objects":0,"process_ms":94.57051800200134,"render_ms":8.178676998795709,"render_replaced":0,"rendered":2390,"result_age":0.004935113996907603,"rl":0,"submit_errors":0},{"decoded":1923,"dropped":0,"encoded":1922,"infer_fps":7.997775444353243,"inferred":629,"lr":0,"mux_errors":0,"name":"depth","objects":0,"process_ms":115.65444299776573,"render_ms":17.525777999253478,"render_replaced":0,"rendered":1923,"result_age":0.13140920899968478,"rl":0,"submit_errors":0},{"decoded":1929,"dropped":0,"encoded":1928,"infer_fps":9.497358340169477,"inferred":762,"lr":0,"mux_errors":0,"name":"count","objects":7,"process_ms":110.57640999933938,"render_ms":12.547580001410097,"render_replaced":0,"rendered":1929,"result_age":0.023652650001167785,"rl":7,"submit_errors":0}],"elapsed":80.10418688199934,"event":"stats","overview_dropped":0,"overview_encoded":2397,"overview_mux_errors":0}
[ax_runner_axcl] profile runner=0xffffa81289e0 devid=0 grpid=0 avg_us{in_sync=0 exec=4539 out_sync=65750 total=70291} out_bytes_avg=4838400 n=10
[ax_runner_axcl] profile runner=0xffffa81200f8 devid=0 grpid=0 avg_us{in_sync=0 exec=6891 out_sync=40023 total=46916} out_bytes_avg=2359296 n=8
[ax_runner_axcl] profile runner=0xffffa81126e8 devid=0 grpid=0 avg_us{in_sync=0 exec=2813 out_sync=96289 total=99104} out_bytes_avg=7174400 n=7
[ax_runner_axcl] profile runner=0xffffa80c8990 devid=0 grpid=0 avg_us{in_sync=0 exec=1259 out_sync=13196 total=14457} out_bytes_avg=30800 n=12
[ax_runner_axcl] profile runner=0xffffa80146f0 devid=0 grpid=0 avg_us{in_sync=0 exec=2286 out_sync=43536 total=45825} out_bytes_avg=2822400 n=12
[ax_runner_axcl] profile runner=0xffffa810fcd0 devid=0 grpid=0 avg_us{in_sync=0 exec=4315 out_sync=68200 total=72517} out_bytes_avg=4838400 n=10
[ax_runner_axcl] profile runner=0xffffa81200f8 devid=0 grpid=0 avg_us{in_sync=0 exec=6614 out_sync=41687 total=48303} out_bytes_avg=2359296 n=8
[ax_runner_axcl] profile runner=0xffffa81289e0 devid=0 grpid=0 avg_us{in_sync=0 exec=4531 out_sync=69125 total=73659} out_bytes_avg=4838400 n=10
[ax_runner_axcl] profile runner=0xffffa81126e8 devid=0 grpid=0 avg_us{in_sync=0 exec=3077 out_sync=101431 total=104509} out_bytes_avg=7174400 n=6
[ax_runner_axcl] profile runner=0xffffa80c8990 devid=0 grpid=0 avg_us{in_sync=0 exec=1415 out_sync=11196 total=12613} out_bytes_avg=30800 n=12
[ax_runner_axcl] profile runner=0xffffa80146f0 devid=0 grpid=0 avg_us{in_sync=0 exec=2976 out_sync=43215 total=46196} out_bytes_avg=2822400 n=12
[ax_runner_axcl] profile runner=0xffffa810fcd0 devid=0 grpid=0 avg_us{in_sync=0 exec=4959 out_sync=69448 total=74409} out_bytes_avg=4838400 n=10
[ax_runner_axcl] profile runner=0xffffa81289e0 devid=0 grpid=0 avg_us{in_sync=0 exec=4671 out_sync=69814 total=74487} out_bytes_avg=4838400 n=9
[ax_runner_axcl] profile runner=0xffffa81200f8 devid=0 grpid=0 avg_us{in_sync=0 exec=6665 out_sync=38743 total=45409} out_bytes_avg=2359296 n=9
[ax_runner_axcl] profile runner=0xffffa81126e8 devid=0 grpid=0 avg_us{in_sync=0 exec=2951 out_sync=100098 total=103051} out_bytes_avg=7174400 n=6
[ax_runner_axcl] profile runner=0xffffa80c8990 devid=0 grpid=0 avg_us{in_sync=0 exec=1343 out_sync=12703 total=14048} out_bytes_avg=30800 n=13
[ax_runner_axcl] profile runner=0xffffa80146f0 devid=0 grpid=0 avg_us{in_sync=0 exec=2253 out_sync=45838 total=48096} out_bytes_avg=2822400 n=12
[ax_runner_axcl] profile runner=0xffffa810fcd0 devid=0 grpid=0 avg_us{in_sync=0 exec=4268 out_sync=67775 total=72046} out_bytes_avg=4838400 n=10
[ax_runner_axcl] profile runner=0xffffa81289e0 devid=0 grpid=0 avg_us{in_sync=0 exec=4274 out_sync=64223 total=68500} out_bytes_avg=4838400 n=10
[ax_runner_axcl] profile runner=0xffffa81200f8 devid=0 grpid=0 avg_us{in_sync=0 exec=6812 out_sync=43512 total=50327} out_bytes_avg=2359296 n=8
[ax_runner_axcl] profile runner=0xffffa81126e8 devid=0 grpid=0 avg_us{in_sync=0 exec=3115 out_sync=99069 total=102186} out_bytes_avg=7174400 n=6
[ax_runner_axcl] profile runner=0xffffa80c8990 devid=0 grpid=0 avg_us{in_sync=0 exec=1356 out_sync=13299 total=14657} out_bytes_avg=30800 n=13
[ax_runner_axcl] profile runner=0xffffa80146f0 devid=0 grpid=0 avg_us{in_sync=0 exec=2411 out_sync=42771 total=45185} out_bytes_avg=2822400 n=12
[ax_runner_axcl] profile runner=0xffffa810fcd0 devid=0 grpid=0 avg_us{in_sync=0 exec=4459 out_sync=59468 total=63929} out_bytes_avg=4838400 n=11
[ax_runner_axcl] profile runner=0xffffa81289e0 devid=0 grpid=0 avg_us{in_sync=0 exec=4291 out_sync=66774 total=71067} out_bytes_avg=4838400 n=10
[ax_runner_axcl] profile runner=0xffffa81200f8 devid=0 grpid=0 avg_us{in_sync=0 exec=6940 out_sync=39713 total=46654} out_bytes_avg=2359296 n=7
[ax_runner_axcl] profile runner=0xffffa81126e8 devid=0 grpid=0 avg_us{in_sync=0 exec=2832 out_sync=101978 total=104811} out_bytes_avg=7174400 n=6
[ax_runner_axcl] profile runner=0xffffa80c8990 devid=0 grpid=0 avg_us{in_sync=0 exec=1128 out_sync=12375 total=13506} out_bytes_avg=30800 n=13
[ax_runner_axcl] profile runner=0xffffa80146f0 devid=0 grpid=0 avg_us{in_sync=0 exec=2390 out_sync=37128 total=39521} out_bytes_avg=2822400 n=14
[ax_runner_axcl] profile runner=0xffffa810fcd0 devid=0 grpid=0 avg_us{in_sync=0 exec=4222 out_sync=61808 total=66033} out_bytes_avg=4838400 n=11
[ax_runner_axcl] profile runner=0xffffa81289e0 devid=0 grpid=0 avg_us{in_sync=0 exec=4277 out_sync=62748 total=67027} out_bytes_avg=4838400 n=10
[ax_runner_axcl] profile runner=0xffffa81200f8 devid=0 grpid=0 avg_us{in_sync=0 exec=6730 out_sync=43806 total=50537} out_bytes_avg=2359296 n=8
[ax_runner_axcl] profile runner=0xffffa81126e8 devid=0 grpid=0 avg_us{in_sync=0 exec=2755 out_sync=103587 total=106344} out_bytes_avg=7174400 n=6
[ax_runner_axcl] profile runner=0xffffa80c8990 devid=0 grpid=0 avg_us{in_sync=0 exec=1064 out_sync=10463 total=11529} out_bytes_avg=30800 n=12
[ax_runner_axcl] profile runner=0xffffa80146f0 devid=0 grpid=0 avg_us{in_sync=0 exec=2158 out_sync=43793 total=45954} out_bytes_avg=2822400 n=12
[ax_runner_axcl] profile runner=0xffffa810fcd0 devid=0 grpid=0 avg_us{in_sync=0 exec=4222 out_sync=66901 total=71125} out_bytes_avg=4838400 n=10
[ax_runner_axcl] profile runner=0xffffa81289e0 devid=0 grpid=0 avg_us{in_sync=0 exec=4810 out_sync=65385 total=70198} out_bytes_avg=4838400 n=10
[ax_runner_axcl] profile runner=0xffffa81200f8 devid=0 grpid=0 avg_us{in_sync=0 exec=6961 out_sync=37346 total=44308} out_bytes_avg=2359296 n=8
[ax_runner_axcl] profile runner=0xffffa80c8990 devid=0 grpid=0 avg_us{in_sync=0 exec=1436 out_sync=13111 total=14549} out_bytes_avg=30800 n=12
[ax_runner_axcl] profile runner=0xffffa81126e8 devid=0 grpid=0 avg_us{in_sync=0 exec=4001 out_sync=101137 total=105140} out_bytes_avg=7174400 n=6
