+------------------------------------------------------------------------------------------------+
| AXCL-SMI  V3.16.0_20260729180218                                Driver  V3.16.0_20260729180218 |
+-----------------------------------------+--------------+---------------------------------------+
| Card  Name                     Firmware | Bus-Id       |                          Memory-Usage |
| Fan   Temp                Pwr:Usage/Cap | CPU      NPU |                             CMM-Usage |
|=========================================+==============+=======================================|
|    0  AX8850                    V3.16.0 | 0000:01:00.0 |                221 MiB /      945 MiB |
|   --   58C                      -- / -- | 13%      13% |               1122 MiB /    15232 MiB |
+-----------------------------------------+--------------+---------------------------------------+

+------------------------------------------------------------------------------------------------+
| Processes:                                                                                     |
| Card      PID  Process Name                                                   NPU Memory Usage |
|================================================================================================|
|    0    63471  /home/baiwen/ax-pipeline/six/bin/six_app                              37996 KiB |
+------------------------------------------------------------------------------------------------+

+------------------------------------------------------------------------------------------------+
| AXCL-SMI  V3.16.0_20260729180218                                Driver  V3.16.0_20260729180218 |
+-----------------------------------------+--------------+---------------------------------------+
| Card  Name                     Firmware | Bus-Id       |                          Memory-Usage |
| Fan   Temp                Pwr:Usage/Cap | CPU      NPU |                             CMM-Usage |
|=========================================+==============+=======================================|
|    0  AX8850                    V3.16.0 | 0000:01:00.0 |                220 MiB /      945 MiB |
|   --   59C                      -- / -- | 16%      14% |               1122 MiB /    15232 MiB |
+-----------------------------------------+--------------+---------------------------------------+

+------------------------------------------------------------------------------------------------+
| Processes:                                                                                     |
| Card      PID  Process Name                                                   NPU Memory Usage |
|================================================================================================|
|    0    63471  /home/baiwen/ax-pipeline/six/bin/six_app                              37996 KiB |
+------------------------------------------------------------------------------------------------+

+------------------------------------------------------------------------------------------------+
| AXCL-SMI  V3.16.0_20260729180218                                Driver  V3.16.0_20260729180218 |
+-----------------------------------------+--------------+---------------------------------------+
| Card  Name                     Firmware | Bus-Id       |                          Memory-Usage |
| Fan   Temp                Pwr:Usage/Cap | CPU      NPU |                             CMM-Usage |
|=========================================+==============+=======================================|
|    0  AX8850                    V3.16.0 | 0000:01:00.0 |                221 MiB /      945 MiB |
|   --   58C                      -- / -- | 17%      14% |               1122 MiB /    15232 MiB |
+-----------------------------------------+--------------+---------------------------------------+

+------------------------------------------------------------------------------------------------+
| Processes:                                                                                     |
| Card      PID  Process Name                                                   NPU Memory Usage |
|================================================================================================|
|    0    63471  /home/baiwen/ax-pipeline/six/bin/six_app                              37996 KiB |
+------------------------------------------------------------------------------------------------+

+------------------------------------------------------------------------------------------------+
| AXCL-SMI  V3.16.0_20260729180218                                Driver  V3.16.0_20260729180218 |
+-----------------------------------------+--------------+---------------------------------------+
| Card  Name                     Firmware | Bus-Id       |                          Memory-Usage |
| Fan   Temp                Pwr:Usage/Cap | CPU      NPU |                             CMM-Usage |
|=========================================+==============+=======================================|
|    0  AX8850                    V3.16.0 | 0000:01:00.0 |                221 MiB /      945 MiB |
|   --   58C                      -- / -- | 16%      14% |               1122 MiB /    15232 MiB |
+-----------------------------------------+--------------+---------------------------------------+

+------------------------------------------------------------------------------------------------+
| Processes:                                                                                     |
| Card      PID  Process Name                                                   NPU Memory Usage |
|================================================================================================|
|    0    63471  /home/baiwen/ax-pipeline/six/bin/six_app                              37996 KiB |
+------------------------------------------------------------------------------------------------+

+------------------------------------------------------------------------------------------------+
| AXCL-SMI  V3.16.0_20260729180218                                Driver  V3.16.0_20260729180218 |
+-----------------------------------------+--------------+---------------------------------------+
| Card  Name                     Firmware | Bus-Id       |                          Memory-Usage |
| Fan   Temp                Pwr:Usage/Cap | CPU      NPU |                             CMM-Usage |
|=========================================+==============+=======================================|
|    0  AX8850                    V3.16.0 | 0000:01:00.0 |                222 MiB /      945 MiB |
|   --   58C                      -- / -- | 16%      15% |               1122 MiB /    15232 MiB |
+-----------------------------------------+--------------+---------------------------------------+

+------------------------------------------------------------------------------------------------+
| Processes:                                                                                     |
| Card      PID  Process Name                                                   NPU Memory Usage |
|================================================================================================|
|    0    63471  /home/baiwen/ax-pipeline/six/bin/six_app                              37996 KiB |
+------------------------------------------------------------------------------------------------+

+------------------------------------------------------------------------------------------------+
| AXCL-SMI  V3.16.0_20260729180218                                Driver  V3.16.0_20260729180218 |
+-----------------------------------------+--------------+---------------------------------------+
| Card  Name                     Firmware | Bus-Id       |                          Memory-Usage |
| Fan   Temp                Pwr:Usage/Cap | CPU      NPU |                             CMM-Usage |
|=========================================+==============+=======================================|
|    0  AX8850                    V3.16.0 | 0000:01:00.0 |                222 MiB /      945 MiB |
|   --   59C                      -- / -- | 15%      15% |               1122 MiB /    15232 MiB |
+-----------------------------------------+--------------+---------------------------------------+

+------------------------------------------------------------------------------------------------+
| Processes:                                                                                     |
| Card      PID  Process Name                                                   NPU Memory Usage |
|================================================================================================|
|    0    63471  /home/baiwen/ax-pipeline/six/bin/six_app                              37996 KiB |
+------------------------------------------------------------------------------------------------+

+------------------------------------------------------------------------------------------------+
| AXCL-SMI  V3.16.0_20260729180218                                Driver  V3.16.0_20260729180218 |
+-----------------------------------------+--------------+---------------------------------------+
| Card  Name                     Firmware | Bus-Id       |                          Memory-Usage |
| Fan   Temp                Pwr:Usage/Cap | CPU      NPU |                             CMM-Usage |
|=========================================+==============+=======================================|
|    0  AX8850                    V3.16.0 | 0000:01:00.0 |                217 MiB /      945 MiB |
|   --   58C                      -- / -- | 14%      14% |               1122 MiB /    15232 MiB |
+-----------------------------------------+--------------+---------------------------------------+

+------------------------------------------------------------------------------------------------+
| Processes:                                                                                     |
| Card      PID  Process Name                                                   NPU Memory Usage |
|================================================================================================|
|    0    63471  /home/baiwen/ax-pipeline/six/bin/six_app                              37996 KiB |
+------------------------------------------------------------------------------------------------+

+------------------------------------------------------------------------------------------------+
| AXCL-SMI  V3.16.0_20260729180218                                Driver  V3.16.0_20260729180218 |
+-----------------------------------------+--------------+---------------------------------------+
| Card  Name                     Firmware | Bus-Id       |                          Memory-Usage |
| Fan   Temp                Pwr:Usage/Cap | CPU      NPU |                             CMM-Usage |
|=========================================+==============+=======================================|
|    0  AX8850                    V3.16.0 | 0000:01:00.0 |                218 MiB /      945 MiB |
|   --   59C                      -- / -- | 17%      14% |               1122 MiB /    15232 MiB |
+-----------------------------------------+--------------+---------------------------------------+

+------------------------------------------------------------------------------------------------+
| Processes:                                                                                     |
| Card      PID  Process Name                                                   NPU Memory Usage |
|================================================================================================|
|    0    63471  /home/baiwen/ax-pipeline/six/bin/six_app                              37996 KiB |
+------------------------------------------------------------------------------------------------+

+------------------------------------------------------------------------------------------------+
| AXCL-SMI  V3.16.0_20260729180218                                Driver  V3.16.0_20260729180218 |
+-----------------------------------------+--------------+---------------------------------------+
| Card  Name                     Firmware | Bus-Id       |                          Memory-Usage |
| Fan   Temp                Pwr:Usage/Cap | CPU      NPU |                             CMM-Usage |
|=========================================+==============+=======================================|
|    0  AX8850                    V3.16.0 | 0000:01:00.0 |                218 MiB /      945 MiB |
|   --   59C                      -- / -- | 13%      14% |               1122 MiB /    15232 MiB |
+-----------------------------------------+--------------+---------------------------------------+

+------------------------------------------------------------------------------------------------+
| Processes:                                                                                     |
| Card      PID  Process Name                                                   NPU Memory Usage |
|================================================================================================|
|    0    63471  /home/baiwen/ax-pipeline/six/bin/six_app                              37996 KiB |
+------------------------------------------------------------------------------------------------+

+------------------------------------------------------------------------------------------------+
| AXCL-SMI  V3.16.0_20260729180218                                Driver  V3.16.0_20260729180218 |
+-----------------------------------------+--------------+---------------------------------------+
| Card  Name                     Firmware | Bus-Id       |                          Memory-Usage |
| Fan   Temp                Pwr:Usage/Cap | CPU      NPU |                             CMM-Usage |
|=========================================+==============+=======================================|
|    0  AX8850                    V3.16.0 | 0000:01:00.0 |                219 MiB /      945 MiB |
|   --   59C                      -- / -- | 16%      16% |               1122 MiB /    15232 MiB |
+-----------------------------------------+--------------+---------------------------------------+

+------------------------------------------------------------------------------------------------+
| Processes:                                                                                     |
| Card      PID  Process Name                                                   NPU Memory Usage |
|================================================================================================|
|    0    63471  /home/baiwen/ax-pipeline/six/bin/six_app                              37996 KiB |
+------------------------------------------------------------------------------------------------+

+------------------------------------------------------------------------------------------------+
| AXCL-SMI  V3.16.0_20260729180218                                Driver  V3.16.0_20260729180218 |
+-----------------------------------------+--------------+---------------------------------------+
| Card  Name                     Firmware | Bus-Id       |                          Memory-Usage |
| Fan   Temp                Pwr:Usage/Cap | CPU      NPU |                             CMM-Usage |
|=========================================+==============+=======================================|
|    0  AX8850                    V3.16.0 | 0000:01:00.0 |                218 MiB /      945 MiB |
|   --   58C                      -- / -- | 18%      14% |               1122 MiB /    15232 MiB |
+-----------------------------------------+--------------+---------------------------------------+

+------------------------------------------------------------------------------------------------+
| Processes:                                                                                     |
| Card      PID  Process Name                                                   NPU Memory Usage |
|================================================================================================|
|    0    63471  /home/baiwen/ax-pipeline/six/bin/six_app                              37996 KiB |
+------------------------------------------------------------------------------------------------+

+------------------------------------------------------------------------------------------------+
| AXCL-SMI  V3.16.0_20260729180218                                Driver  V3.16.0_20260729180218 |
+-----------------------------------------+--------------+---------------------------------------+
| Card  Name                     Firmware | Bus-Id       |                          Memory-Usage |
| Fan   Temp                Pwr:Usage/Cap | CPU      NPU |                             CMM-Usage |
|=========================================+==============+=======================================|
|    0  AX8850                    V3.16.0 | 0000:01:00.0 |                219 MiB /      945 MiB |
|   --   58C                      -- / -- | 15%      15% |               1122 MiB /    15232 MiB |
+-----------------------------------------+--------------+---------------------------------------+

+------------------------------------------------------------------------------------------------+
| Processes:                                                                                     |
| Card      PID  Process Name                                                   NPU Memory Usage |
|================================================================================================|
|    0    63471  /home/baiwen/ax-pipeline/six/bin/six_app                              37996 KiB |
+------------------------------------------------------------------------------------------------+

+------------------------------------------------------------------------------------------------+
| AXCL-SMI  V3.16.0_20260729180218                                Driver  V3.16.0_20260729180218 |
+-----------------------------------------+--------------+---------------------------------------+
| Card  Name                     Firmware | Bus-Id       |                          Memory-Usage |
| Fan   Temp                Pwr:Usage/Cap | CPU      NPU |                             CMM-Usage |
|=========================================+==============+=======================================|
|    0  AX8850                    V3.16.0 | 0000:01:00.0 |                219 MiB /      945 MiB |
|   --   58C                      -- / -- | 17%      14% |               1122 MiB /    15232 MiB |
+-----------------------------------------+--------------+---------------------------------------+

+------------------------------------------------------------------------------------------------+
| Processes:                                                                                     |
| Card      PID  Process Name                                                   NPU Memory Usage |
|================================================================================================|
|    0    63471  /home/baiwen/ax-pipeline/six/bin/six_app                              37996 KiB |
+------------------------------------------------------------------------------------------------+

+------------------------------------------------------------------------------------------------+
| AXCL-SMI  V3.16.0_20260729180218                                Driver  V3.16.0_20260729180218 |
+-----------------------------------------+--------------+---------------------------------------+
| Card  Name                     Firmware | Bus-Id       |                          Memory-Usage |
| Fan   Temp                Pwr:Usage/Cap | CPU      NPU |                             CMM-Usage |
|=========================================+==============+=======================================|
|    0  AX8850                    V3.16.0 | 0000:01:00.0 |                219 MiB /      945 MiB |
|   --   58C                      -- / -- | 13%      15% |               1122 MiB /    15232 MiB |
+-----------------------------------------+--------------+---------------------------------------+

+------------------------------------------------------------------------------------------------+
| Processes:                                                                                     |
| Card      PID  Process Name                                                   NPU Memory Usage |
|================================================================================================|
|    0    63471  /home/baiwen/ax-pipeline/six/bin/six_app                              37996 KiB |
+------------------------------------------------------------------------------------------------+
