[ax_runner_axcl] profile runner=0xffff80128990 devid=0 grpid=0 avg_us{in_sync=0 exec=4298 out_sync=44255 total=48555} out_bytes_avg=4838400 n=12
[ax_runner_axcl] profile runner=0xffff80012190 devid=0 grpid=0 avg_us{in_sync=0 exec=2287 out_sync=23509 total=25798} out_bytes_avg=2822400 n=15
[ax_runner_axcl] profile runner=0xffff8010fe20 devid=0 grpid=0 avg_us{in_sync=0 exec=4353 out_sync=45386 total=49741} out_bytes_avg=4838400 n=12
[ax_runner_axcl] profile runner=0xffff800c8990 devid=0 grpid=0 avg_us{in_sync=0 exec=1831 out_sync=18720 total=20553} out_bytes_avg=30800 n=13
[ax_runner_axcl] profile runner=0xffff801203f8 devid=0 grpid=0 avg_us{in_sync=0 exec=6808 out_sync=20594 total=27404} out_bytes_avg=2359296 n=9
[2026-09-16T18:48:41.817] [INFO] [T:281466401058496] RTSP OPTIONS rtsp://127.0.0.1:8554/overview
[2026-09-16T18:48:41.818] [INFO] [T:281466401058496] RTSP DESCRIBE rtsp://127.0.0.1:8554/overview
[2026-09-16T18:48:41.819] [INFO] [T:281466401058496] RTSP SETUP rtsp://127.0.0.1:8554/overview/stream
[2026-09-16T18:48:41.822] [INFO] [T:281466401058496] RTSP PLAY rtsp://127.0.0.1:8554/overview/
[ax_runner_axcl] profile runner=0xffff801131a8 devid=0 grpid=0 avg_us{in_sync=0 exec=2892 out_sync=77202 total=80096} out_bytes_avg=7174400 n=6
[ax_runner_axcl] profile runner=0xffff80128990 devid=0 grpid=0 avg_us{in_sync=0 exec=4335 out_sync=51165 total=55502} out_bytes_avg=4838400 n=11
[ax_runner_axcl] profile runner=0xffff80012190 devid=0 grpid=0 avg_us{in_sync=0 exec=2452 out_sync=23209 total=25664} out_bytes_avg=2822400 n=15
[ax_runner_axcl] profile runner=0xffff800c8990 devid=0 grpid=0 avg_us{in_sync=0 exec=1167 out_sync=20534 total=21703} out_bytes_avg=30800 n=13
[ax_runner_axcl] profile runner=0xffff8010fe20 devid=0 grpid=0 avg_us{in_sync=0 exec=4510 out_sync=49427 total=53938} out_bytes_avg=4838400 n=11
[ax_runner_axcl] profile runner=0xffff801203f8 devid=0 grpid=0 avg_us{in_sync=0 exec=6656 out_sync=24743 total=31400} out_bytes_avg=2359296 n=9
{"channels":[{"decoded":121,"dropped":0,"encoded":120,"infer_fps":11.997207942584122,"inferred":120,"lr":0,"mux_errors":0,"name":"pcd","objects":2,"process_ms":43.47202599819866,"render_ms":7.451171997672645,"render_replaced":0,"rendered":120,"result_age":0.05527526800142368,"rl":0,"submit_errors":0},{"decoded":247,"dropped":0,"encoded":244,"infer_fps":10.597533682615975,"inferred":106,"lr":0,"mux_errors":0,"name":"vehicle","objects":6,"process_ms":80.37063499796204,"render_ms":5.743244997574948,"render_replaced":0,"rendered":247,"result_age":0.07973284000036074,"rl":0,"submit_errors":0},{"decoded":300,"dropped":34,"encoded":255,"infer_fps":5.898627238437194,"inferred":59,"lr":0,"mux_errors":0,"name":"seg","objects":4,"process_ms":170.7500419979624,"render_ms":6.281665002461523,"render_replaced":0,"rendered":300,"result_age":0.07302292200256488,"rl":0,"submit_errors":0},{"decoded":298,"dropped":32,"encoded":253,"infer_fps":13.996742599681477,"inferred":140,"lr":0,"mux_errors":0,"name":"driving","objects":2,"process_ms":47.335966999526136,"render_ms":4.067026002303464,"render_replaced":0,"rendered":296,"result_age":0.06788788999983808,"rl":0,"submit_errors":0},{"decoded":240,"dropped":0,"encoded":238,"infer_fps":8.098115361244282,"inferred":81,"lr":0,"mux_errors":0,"name":"depth","objects":0,"process_ms":150.18507900094846,"render_ms":6.82804299867712,"render_replaced":0,"rendered":240,"result_age":0.08291427600124734,"rl":0,"submit_errors":0},{"decoded":240,"dropped":0,"encoded":239,"infer_fps":10.897463881180578,"inferred":109,"lr":0,"mux_errors":0,"name":"count","objects":7,"process_ms":109.23023500072304,"render_ms":5.274533999909181,"render_replaced":0,"rendered":240,"result_age":0.09310721599831595,"rl":1,"submit_errors":0}],"elapsed":10.002327255999262,"event":"stats","overview_dropped":37,"overview_encoded":246,"overview_mux_errors":0}
[ax_runner_axcl] profile runner=0xffff801131a8 devid=0 grpid=0 avg_us{in_sync=0 exec=2794 out_sync=77271 total=80067} out_bytes_avg=7174400 n=7
[ax_runner_axcl] profile runner=0xffff80128990 devid=0 grpid=0 avg_us{in_sync=0 exec=4470 out_sync=46570 total=51041} out_bytes_avg=4838400 n=11
[ax_runner_axcl] profile runner=0xffff80012190 devid=0 grpid=0 avg_us{in_sync=0 exec=2494 out_sync=26738 total=29234} out_bytes_avg=2822400 n=15
[ax_runner_axcl] profile runner=0xffff8010fe20 devid=0 grpid=0 avg_us{in_sync=0 exec=4691 out_sync=48626 total=53319} out_bytes_avg=4838400 n=11
[ax_runner_axcl] profile runner=0xffff800c8990 devid=0 grpid=0 avg_us{in_sync=0 exec=1149 out_sync=19692 total=20842} out_bytes_avg=30800 n=13
[ax_runner_axcl] profile runner=0xffff801203f8 devid=0 grpid=0 avg_us{in_sync=0 exec=6751 out_sync=21014 total=27767} out_bytes_avg=2359296 n=8
[ax_runner_axcl] profile runner=0xffff801131a8 devid=0 grpid=0 avg_us{in_sync=0 exec=3183 out_sync=83217 total=86402} out_bytes_avg=7174400 n=6
[ax_runner_axcl] profile runner=0xffff80128990 devid=0 grpid=0 avg_us{in_sync=0 exec=4662 out_sync=48789 total=53453} out_bytes_avg=4838400 n=10
[ax_runner_axcl] profile runner=0xffff80012190 devid=0 grpid=0 avg_us{in_sync=0 exec=2718 out_sync=27665 total=30385} out_bytes_avg=2822400 n=13
[ax_runner_axcl] profile runner=0xffff8010fe20 devid=0 grpid=0 avg_us{in_sync=0 exec=4379 out_sync=56003 total=60384} out_bytes_avg=4838400 n=10
[ax_runner_axcl] profile runner=0xffff800c8990 devid=0 grpid=0 avg_us{in_sync=0 exec=1797 out_sync=19364 total=21163} out_bytes_avg=30800 n=13
[ax_runner_axcl] profile runner=0xffff801203f8 devid=0 grpid=0 avg_us{in_sync=0 exec=7197 out_sync=27074 total=34272} out_bytes_avg=2359296 n=7
[ax_runner_axcl] profile runner=0xffff801131a8 devid=0 grpid=0 avg_us{in_sync=0 exec=3660 out_sync=84697 total=88359} out_bytes_avg=7174400 n=7
[ax_runner_axcl] profile runner=0xffff80128990 devid=0 grpid=0 avg_us{in_sync=0 exec=4761 out_sync=52660 total=57423} out_bytes_avg=4838400 n=11
[ax_runner_axcl] profile runner=0xffff8010fe20 devid=0 grpid=0 avg_us{in_sync=0 exec=4795 out_sync=43579 total=48376} out_bytes_avg=4838400 n=11
[ax_runner_axcl] profile runner=0xffff80012190 devid=0 grpid=0 avg_us{in_sync=0 exec=2522 out_sync=25504 total=28028} out_bytes_avg=2822400 n=14
{"event":"count_loop_reset","loop":1}
[ax_runner_axcl] profile runner=0xffff800c8990 devid=0 grpid=0 avg_us{in_sync=0 exec=1368 out_sync=17915 total=19284} out_bytes_avg=30800 n=13
[ax_runner_axcl] profile runner=0xffff801203f8 devid=0 grpid=0 avg_us{in_sync=0 exec=6629 out_sync=22867 total=29498} out_bytes_avg=2359296 n=9
[ax_runner_axcl] profile runner=0xffff801131a8 devid=0 grpid=0 avg_us{in_sync=0 exec=2884 out_sync=77867 total=80753} out_bytes_avg=7174400 n=6
[ax_runner_axcl] profile runner=0xffff80128990 devid=0 grpid=0 avg_us{in_sync=0 exec=4868 out_sync=50468 total=55337} out_bytes_avg=4838400 n=11
[ax_runner_axcl] profile runner=0xffff80012190 devid=0 grpid=0 avg_us{in_sync=0 exec=2211 out_sync=25364 total=27579} out_bytes_avg=2822400 n=14
[ax_runner_axcl] profile runner=0xffff8010fe20 devid=0 grpid=0 avg_us{in_sync=0 exec=4319 out_sync=47642 total=51963} out_bytes_avg=4838400 n=11
[ax_runner_axcl] profile runner=0xffff800c8990 devid=0 grpid=0 avg_us{in_sync=0 exec=1620 out_sync=19889 total=21511} out_bytes_avg=30800 n=12
[ax_runner_axcl] profile runner=0xffff801203f8 devid=0 grpid=0 avg_us{in_sync=0 exec=7062 out_sync=27353 total=34419} out_bytes_avg=2359296 n=9
[ax_runner_axcl] profile runner=0xffff801131a8 devid=0 grpid=0 avg_us{in_sync=0 exec=3239 out_sync=77702 total=80942} out_bytes_avg=7174400 n=6
[ax_runner_axcl] profile runner=0xffff80128990 devid=0 grpid=0 avg_us{in_sync=0 exec=4430 out_sync=50228 total=54660} out_bytes_avg=4838400 n=11
[ax_runner_axcl] profile runner=0xffff80012190 devid=0 grpid=0 avg_us{in_sync=0 exec=2281 out_sync=27843 total=30127} out_bytes_avg=2822400 n=14
[ax_runner_axcl] profile runner=0xffff8010fe20 devid=0 grpid=0 avg_us{in_sync=0 exec=4722 out_sync=53622 total=58346} out_bytes_avg=4838400 n=11
[ax_runner_axcl] profile runner=0xffff800c8990 devid=0 grpid=0 avg_us{in_sync=0 exec=1550 out_sync=22764 total=24316} out_bytes_avg=30800 n=13
[ax_runner_axcl] profile runner=0xffff801203f8 devid=0 grpid=0 avg_us{in_sync=0 exec=6589 out_sync=27661 total=34252} out_bytes_avg=2359296 n=8
[ax_runner_axcl] profile runner=0xffff801131a8 devid=0 grpid=0 avg_us{in_sync=0 exec=2745 out_sync=78727 total=81473} out_bytes_avg=7174400 n=7
{"direction":"right_to_left","event":"crossing","id":68,"lr":0,"rl":2}
[ax_runner_axcl] profile runner=0xffff80128990 devid=0 grpid=0 avg_us{in_sync=0 exec=4287 out_sync=54962 total=59250} out_bytes_avg=4838400 n=10
[ax_runner_axcl] profile runner=0xffff80012190 devid=0 grpid=0 avg_us{in_sync=0 exec=2248 out_sync=27434 total=29685} out_bytes_avg=2822400 n=14
[ax_runner_axcl] profile runner=0xffff8010fe20 devid=0 grpid=0 avg_us{in_sync=0 exec=4713 out_sync=48150 total=52867} out_bytes_avg=4838400 n=10
[ax_runner_axcl] profile runner=0xffff800c8990 devid=0 grpid=0 avg_us{in_sync=0 exec=1031 out_sync=20676 total=21709} out_bytes_avg=30800 n=13
[ax_runner_axcl] profile runner=0xffff801203f8 devid=0 grpid=0 avg_us{in_sync=0 exec=6633 out_sync=26004 total=32638} out_bytes_avg=2359296 n=8
[ax_runner_axcl] profile runner=0xffff801131a8 devid=0 grpid=0 avg_us{in_sync=0 exec=2913 out_sync=85721 total=88636} out_bytes_avg=7174400 n=6
[ax_runner_axcl] profile runner=0xffff80128990 devid=0 grpid=0 avg_us{in_sync=0 exec=4217 out_sync=50810 total=55030} out_bytes_avg=4838400 n=11
[ax_runner_axcl] profile runner=0xffff80012190 devid=0 grpid=0 avg_us{in_sync=0 exec=2365 out_sync=25318 total=27685} out_bytes_avg=2822400 n=14
[ax_runner_axcl] profile runner=0xffff8010fe20 devid=0 grpid=0 avg_us{in_sync=0 exec=4231 out_sync=55111 total=59344} out_bytes_avg=4838400 n=11
[ax_runner_axcl] profile runner=0xffff800c8990 devid=0 grpid=0 avg_us{in_sync=0 exec=1120 out_sync=20100 total=21222} out_bytes_avg=30800 n=12
[ax_runner_axcl] profile runner=0xffff801203f8 devid=0 grpid=0 avg_us{in_sync=0 exec=6891 out_sync=25030 total=31922} out_bytes_avg=2359296 n=9
[ax_runner_axcl] profile runner=0xffff801131a8 devid=0 grpid=0 avg_us{in_sync=0 exec=3597 out_sync=84877 total=88476} out_bytes_avg=7174400 n=6
[ax_runner_axcl] profile runner=0xffff80128990 devid=0 grpid=0 avg_us{in_sync=0 exec=4293 out_sync=49959 total=54254} out_bytes_avg=4838400 n=11
[ax_runner_axcl] profile runner=0xffff80012190 devid=0 grpid=0 avg_us{in_sync=0 exec=2753 out_sync=28189 total=30944} out_bytes_avg=2822400 n=13
[ax_runner_axcl] profile runner=0xffff8010fe20 devid=0 grpid=0 avg_us{in_sync=0 exec=5166 out_sync=49979 total=55147} out_bytes_avg=4838400 n=11
[ax_runner_axcl] profile runner=0xffff800c8990 devid=0 grpid=0 avg_us{in_sync=0 exec=1301 out_sync=21925 total=23228} out_bytes_avg=30800 n=12
[ax_runner_axcl] profile runner=0xffff801203f8 devid=0 grpid=0 avg_us{in_sync=0 exec=6775 out_sync=25743 total=32520} out_bytes_avg=2359296 n=8
[ax_runner_axcl] profile runner=0xffff801131a8 devid=0 grpid=0 avg_us{in_sync=0 exec=3543 out_sync=89173 total=92717} out_bytes_avg=7174400 n=6
[ax_runner_axcl] profile runner=0xffff80128990 devid=0 grpid=0 avg_us{in_sync=0 exec=4920 out_sync=48934 total=53856} out_bytes_avg=4838400 n=10
[ax_runner_axcl] profile runner=0xffff80012190 devid=0 grpid=0 avg_us{in_sync=0 exec=2761 out_sync=27567 total=30331} out_bytes_avg=2822400 n=13
[ax_runner_axcl] profile runner=0xffff8010fe20 devid=0 grpid=0 avg_us{in_sync=0 exec=4259 out_sync=55075 total=59337} out_bytes_avg=4838400 n=10
[ax_runner_axcl] profile runner=0xffff800c8990 devid=0 grpid=0 avg_us{in_sync=0 exec=1855 out_sync=22834 total=24691} out_bytes_avg=30800 n=13
[ax_runner_axcl] profile runner=0xffff801203f8 devid=0 grpid=0 avg_us{in_sync=0 exec=6527 out_sync=26160 total=32689} out_bytes_avg=2359296 n=8
[ax_runner_axcl] profile runner=0xffff801131a8 devid=0 grpid=0 avg_us{in_sync=0 exec=4693 out_sync=93517 total=98211} out_bytes_avg=7174400 n=6
[ax_runner_axcl] profile runner=0xffff80128990 devid=0 grpid=0 avg_us{in_sync=0 exec=4338 out_sync=60996 total=65335} out_bytes_avg=4838400 n=9
[ax_runner_axcl] profile runner=0xffff80012190 devid=0 grpid=0 avg_us{in_sync=0 exec=2780 out_sync=28717 total=31499} out_bytes_avg=2822400 n=13
{"channels":[{"decoded":241,"dropped":0,"encoded":240,"infer_fps":11.996019456829089,"inferred":240,"lr":0,"mux_errors":0,"name":"pcd","objects":1,"process_ms":47.67759499736712,"render_ms":6.171705997985555,"render_replaced":0,"rendered":241,"result_age":0.030270317001850344,"rl":0,"submit_errors":0},{"decoded":499,"dropped":17,"encoded":470,"infer_fps":10.096649709497816,"inferred":207,"lr":0,"mux_errors":0,"name":"vehicle","objects":3,"process_ms":99.77484200135223,"render_ms":4.99928199860733,"render_replaced":0,"rendered":498,"result_age":0.04715200799910235,"rl":0,"submit_errors":0},{"decoded":600,"dropped":100,"encoded":489,"infer_fps":5.6981092419938175,"inferred":116,"lr":0,"mux_errors":0,"name":"seg","objects":5,"process_ms":208.8439919971279,"render_ms":17.907862998981727,"render_replaced":0,"rendered":600,"result_age":0.03690161000122316,"rl":0,"submit_errors":0},{"decoded":596,"dropped":101,"encoded":485,"infer_fps":12.895720916091271,"inferred":269,"lr":0,"mux_errors":0,"name":"driving","objects":1,"process_ms":81.76685199941858,"render_ms":9.720352998556336,"render_replaced":0,"rendered":593,"result_age":0.04374102799920365,"rl":0,"submit_errors":0},{"decoded":480,"dropped":4,"encoded":464,"infer_fps":7.59747898932509,"inferred":157,"lr":0,"mux_errors":0,"name":"depth","objects":0,"process_ms":119.46684199938318,"render_ms":6.923251999978675,"render_replaced":0,"rendered":480,"result_age":0.10262998499820242,"rl":0,"submit_errors":0},{"decoded":481,"dropped":3,"encoded":467,"infer_fps":9.896716051883999,"inferred":208,"lr":0,"mux_errors":0,"name":"count","objects":7,"process_ms":139.354759001435,"render_ms":10.2302730010706,"render_replaced":0,"rendered":481,"result_age":0.05584352200094145,"rl":2,"submit_errors":0}],"elapsed":20.00564547600152,"event":"stats","overview_dropped":114,"overview_encoded":471,"overview_mux_errors":0}
[ax_runner_axcl] profile runner=0xffff8010fe20 devid=0 grpid=0 avg_us{in_sync=0 exec=4398 out_sync=53645 total=58045} out_bytes_avg=4838400 n=10
[ax_runner_axcl] profile runner=0xffff800c8990 devid=0 grpid=0 avg_us{in_sync=0 exec=1373 out_sync=23717 total=25092} out_bytes_avg=30800 n=12
[ax_runner_axcl] profile runner=0xffff801203f8 devid=0 grpid=0 avg_us{in_sync=0 exec=6657 out_sync=27672 total=34331} out_bytes_avg=2359296 n=8
[ax_runner_axcl] profile runner=0xffff80128990 devid=0 grpid=0 avg_us{in_sync=0 exec=4434 out_sync=58770 total=63205} out_bytes_avg=4838400 n=10
[ax_runner_axcl] profile runner=0xffff801131a8 devid=0 grpid=0 avg_us{in_sync=0 exec=2749 out_sync=85312 total=88061} out_bytes_avg=7174400 n=6
[ax_runner_axcl] profile runner=0xffff80012190 devid=0 grpid=0 avg_us{in_sync=0 exec=2367 out_sync=26419 total=28788} out_bytes_avg=2822400 n=13
[ax_runner_axcl] profile runner=0xffff8010fe20 devid=0 grpid=0 avg_us{in_sync=0 exec=4232 out_sync=56146 total=60380} out_bytes_avg=4838400 n=11
[ax_runner_axcl] profile runner=0xffff800c8990 devid=0 grpid=0 avg_us{in_sync=0 exec=1063 out_sync=26232 total=27297} out_bytes_avg=30800 n=12
[ax_runner_axcl] profile runner=0xffff801203f8 devid=0 grpid=0 avg_us{in_sync=0 exec=6863 out_sync=31862 total=38726} out_bytes_avg=2359296 n=7
[ax_runner_axcl] profile runner=0xffff801131a8 devid=0 grpid=0 avg_us{in_sync=0 exec=3861 out_sync=92209 total=96072} out_bytes_avg=7174400 n=6
[ax_runner_axcl] profile runner=0xffff80012190 devid=0 grpid=0 avg_us{in_sync=0 exec=3337 out_sync=26822 total=30162} out_bytes_avg=2822400 n=13
[ax_runner_axcl] profile runner=0xffff80128990 devid=0 grpid=0 avg_us{in_sync=0 exec=4803 out_sync=56719 total=61524} out_bytes_avg=4838400 n=10
[ax_runner_axcl] profile runner=0xffff8010fe20 devid=0 grpid=0 avg_us{in_sync=0 exec=4851 out_sync=52199 total=57052} out_bytes_avg=4838400 n=10
[ax_runner_axcl] profile runner=0xffff800c8990 devid=0 grpid=0 avg_us{in_sync=0 exec=2832 out_sync=22409 total=25243} out_bytes_avg=30800 n=13
[ax_runner_axcl] profile runner=0xffff801203f8 devid=0 grpid=0 avg_us{in_sync=0 exec=7746 out_sync=27223 total=34972} out_bytes_avg=2359296 n=8
[ax_runner_axcl] profile runner=0xffff801131a8 devid=0 grpid=0 avg_us{in_sync=0 exec=3202 out_sync=94122 total=97326} out_bytes_avg=7174400 n=5
[ax_runner_axcl] profile runner=0xffff80128990 devid=0 grpid=0 avg_us{in_sync=0 exec=4216 out_sync=63895 total=68113} out_bytes_avg=4838400 n=9
[ax_runner_axcl] profile runner=0xffff80012190 devid=0 grpid=0 avg_us{in_sync=0 exec=2310 out_sync=24486 total=26798} out_bytes_avg=2822400 n=14
[ax_runner_axcl] profile runner=0xffff8010fe20 devid=0 grpid=0 avg_us{in_sync=0 exec=5217 out_sync=54632 total=59852} out_bytes_avg=4838400 n=11
[ax_runner_axcl] profile runner=0xffff800c8990 devid=0 grpid=0 avg_us{in_sync=0 exec=1695 out_sync=22914 total=24611} out_bytes_avg=30800 n=13
[ax_runner_axcl] profile runner=0xffff801203f8 devid=0 grpid=0 avg_us{in_sync=0 exec=6655 out_sync=24247 total=30904} out_bytes_avg=2359296 n=8
[ax_runner_axcl] profile runner=0xffff80128990 devid=0 grpid=0 avg_us{in_sync=0 exec=4179 out_sync=56356 total=60537} out_bytes_avg=4838400 n=10
[ax_runner_axcl] profile runner=0xffff80012190 devid=0 grpid=0 avg_us{in_sync=0 exec=3359 out_sync=28426 total=31787} out_bytes_avg=2822400 n=13
[ax_runner_axcl] profile runner=0xffff801131a8 devid=0 grpid=0 avg_us{in_sync=0 exec=4249 out_sync=83418 total=87669} out_bytes_avg=7174400 n=7
[ax_runner_axcl] profile runner=0xffff8010fe20 devid=0 grpid=0 avg_us{in_sync=0 exec=4827 out_sync=51640 total=56468} out_bytes_avg=4838400 n=10
[ax_runner_axcl] profile runner=0xffff800c8990 devid=0 grpid=0 avg_us{in_sync=0 exec=1247 out_sync=19773 total=21022} out_bytes_avg=30800 n=13
[ax_runner_axcl] profile runner=0xffff801203f8 devid=0 grpid=0 avg_us{in_sync=0 exec=6669 out_sync=29627 total=36298} out_bytes_avg=2359296 n=8
[ax_runner_axcl] profile runner=0xffff80128990 devid=0 grpid=0 avg_us{in_sync=0 exec=4357 out_sync=54508 total=58866} out_bytes_avg=4838400 n=10
[ax_runner_axcl] profile runner=0xffff80012190 devid=0 grpid=0 avg_us{in_sync=0 exec=2204 out_sync=29123 total=31330} out_bytes_avg=2822400 n=13
[ax_runner_axcl] profile runner=0xffff8010fe20 devid=0 grpid=0 avg_us{in_sync=0 exec=4263 out_sync=56430 total=60695} out_bytes_avg=4838400 n=10
[ax_runner_axcl] profile runner=0xffff801131a8 devid=0 grpid=0 avg_us{in_sync=0 exec=2870 out_sync=94743 total=97615} out_bytes_avg=7174400 n=6
{"event":"count_loop_reset","loop":2}
[ax_runner_axcl] profile runner=0xffff800c8990 devid=0 grpid=0 avg_us{in_sync=0 exec=2572 out_sync=21844 total=24417} out_bytes_avg=30800 n=13
[ax_runner_axcl] profile runner=0xffff801203f8 devid=0 grpid=0 avg_us{in_sync=0 exec=6755 out_sync=34873 total=41629} out_bytes_avg=2359296 n=8
[ax_runner_axcl] profile runner=0xffff80012190 devid=0 grpid=0 avg_us{in_sync=0 exec=2311 out_sync=30377 total=32690} out_bytes_avg=2822400 n=14
[ax_runner_axcl] profile runner=0xffff80128990 devid=0 grpid=0 avg_us{in_sync=0 exec=5905 out_sync=58230 total=64136} out_bytes_avg=4838400 n=10
[ax_runner_axcl] profile runner=0xffff8010fe20 devid=0 grpid=0 avg_us{in_sync=0 exec=4626 out_sync=51912 total=56540} out_bytes_avg=4838400 n=10
[ax_runner_axcl] profile runner=0xffff801131a8 devid=0 grpid=0 avg_us{in_sync=0 exec=2800 out_sync=91661 total=94463} out_bytes_avg=7174400 n=6
[ax_runner_axcl] profile runner=0xffff800c8990 devid=0 grpid=0 avg_us{in_sync=0 exec=1287 out_sync=23801 total=25089} out_bytes_avg=30800 n=13
[ax_runner_axcl] profile runner=0xffff801203f8 devid=0 grpid=0 avg_us{in_sync=0 exec=6628 out_sync=29668 total=36297} out_bytes_avg=2359296 n=8
[ax_runner_axcl] profile runner=0xffff80128990 devid=0 grpid=0 avg_us{in_sync=0 exec=4227 out_sync=52223 total=56452} out_bytes_avg=4838400 n=10
[ax_runner_axcl] profile runner=0xffff80012190 devid=0 grpid=0 avg_us{in_sync=0 exec=2242 out_sync=29280 total=31524} out_bytes_avg=2822400 n=13
[ax_runner_axcl] profile runner=0xffff8010fe20 devid=0 grpid=0 avg_us{in_sync=0 exec=4440 out_sync=57431 total=61873} out_bytes_avg=4838400 n=11
[ax_runner_axcl] profile runner=0xffff801131a8 devid=0 grpid=0 avg_us{in_sync=0 exec=4637 out_sync=91404 total=96042} out_bytes_avg=7174400 n=6
[ax_runner_axcl] profile runner=0xffff800c8990 devid=0 grpid=0 avg_us{in_sync=0 exec=1333 out_sync=22336 total=23671} out_bytes_avg=30800 n=13
{"direction":"right_to_left","event":"crossing","id":87,"lr":0,"rl":3}
[ax_runner_axcl] profile runner=0xffff801203f8 devid=0 grpid=0 avg_us{in_sync=0 exec=6881 out_sync=24688 total=31573} out_bytes_avg=2359296 n=8
[ax_runner_axcl] profile runner=0xffff80128990 devid=0 grpid=0 avg_us{in_sync=0 exec=4726 out_sync=54004 total=58732} out_bytes_avg=4838400 n=10
[ax_runner_axcl] profile runner=0xffff80012190 devid=0 grpid=0 avg_us{in_sync=0 exec=2755 out_sync=25824 total=28581} out_bytes_avg=2822400 n=14
[ax_runner_axcl] profile runner=0xffff8010fe20 devid=0 grpid=0 avg_us{in_sync=0 exec=4365 out_sync=58836 total=63203} out_bytes_avg=4838400 n=10
[ax_runner_axcl] profile runner=0xffff801131a8 devid=0 grpid=0 avg_us{in_sync=0 exec=3199 out_sync=97286 total=100487} out_bytes_avg=7174400 n=6
[ax_runner_axcl] profile runner=0xffff800c8990 devid=0 grpid=0 avg_us{in_sync=0 exec=2124 out_sync=21325 total=23451} out_bytes_avg=30800 n=13
[ax_runner_axcl] profile runner=0xffff801203f8 devid=0 grpid=0 avg_us{in_sync=0 exec=6851 out_sync=26145 total=32997} out_bytes_avg=2359296 n=8
[ax_runner_axcl] profile runner=0xffff80128990 devid=0 grpid=0 avg_us{in_sync=0 exec=4992 out_sync=57336 total=62330} out_bytes_avg=4838400 n=10
[ax_runner_axcl] profile runner=0xffff80012190 devid=0 grpid=0 avg_us{in_sync=0 exec=2302 out_sync=27543 total=29848} out_bytes_avg=2822400 n=13
[ax_runner_axcl] profile runner=0xffff8010fe20 devid=0 grpid=0 avg_us{in_sync=0 exec=6252 out_sync=61604 total=67858} out_bytes_avg=4838400 n=10
[ax_runner_axcl] profile runner=0xffff800c8990 devid=0 grpid=0 avg_us{in_sync=0 exec=2134 out_sync=21089 total=23226} out_bytes_avg=30800 n=12
[ax_runner_axcl] profile runner=0xffff801131a8 devid=0 grpid=0 avg_us{in_sync=0 exec=2959 out_sync=91235 total=94196} out_bytes_avg=7174400 n=6
{"channels":[{"decoded":361,"dropped":0,"encoded":360,"infer_fps":12.064350984128167,"inferred":361,"lr":0,"mux_errors":0,"name":"pcd","objects":2,"process_ms":51.36028500055545,"render_ms":5.498909999005264,"render_replaced":0,"rendered":361,"result_age":0.05449359599879244,"rl":0,"submit_errors":0},{"decoded":750,"dropped":64,"encoded":673,"infer_fps":9.771127243343473,"inferred":305,"lr":0,"mux_errors":0,"name":"vehicle","objects":2,"process_ms":100.0199270019948,"render_ms":5.119364999700338,"render_replaced":0,"rendered":748,"result_age":0.07069578200025717,"rl":0,"submit_errors":0},{"decoded":901,"dropped":192,"encoded":697,"infer_fps":5.483795901876439,"inferred":171,"lr":0,"mux_errors":0,"name":"seg","objects":1,"process_ms":148.97544600171386,"render_ms":6.228664999071043,"render_replaced":0,"rendered":901,"result_age":0.06818576599835069,"rl":0,"submit_errors":0},{"decoded":895,"dropped":194,"encoded":689,"infer_fps":12.762288644366986,"inferred":397,"lr":0,"mux_errors":0,"name":"driving","objects":1,"process_ms":86.17367199985893,"render_ms":4.08365099792718,"render_replaced":0,"rendered":891,"result_age":0.0810010980021616,"rl":0,"submit_errors":0},{"decoded":720,"dropped":35,"encoded":674,"infer_fps":7.278492742490547,"inferred":230,"lr":0,"mux_errors":0,"name":"depth","objects":0,"process_ms":133.00609500220162,"render_ms":8.9872650023608,"render_replaced":0,"rendered":720,"result_age":0.08840268599669798,"rl":0,"submit_errors":0},{"decoded":722,"dropped":37,"encoded":675,"infer_fps":9.372305723207006,"inferred":302,"lr":0,"mux_errors":0,"name":"count","objects":6,"process_ms":107.20743099955143,"render_ms":8.088467999186832,"render_replaced":0,"rendered":722,"result_age":0.07762407599875587,"rl":3,"submit_errors":0}],"elapsed":30.035194530002627,"event":"stats","overview_dropped":209,"overview_encoded":675,"overview_mux_errors":0}
[ax_runner_axcl] profile runner=0xffff801203f8 devid=0 grpid=0 avg_us{in_sync=0 exec=6610 out_sync=28494 total=35105} out_bytes_avg=2359296 n=8
[ax_runner_axcl] profile runner=0xffff80128990 devid=0 grpid=0 avg_us{in_sync=0 exec=4235 out_sync=59521 total=63758} out_bytes_avg=4838400 n=9
[ax_runner_axcl] profile runner=0xffff80012190 devid=0 grpid=0 avg_us{in_sync=0 exec=2361 out_sync=27406 total=29770} out_bytes_avg=2822400 n=13
[ax_runner_axcl] profile runner=0xffff8010fe20 devid=0 grpid=0 avg_us{in_sync=0 exec=5240 out_sync=60286 total=65527} out_bytes_avg=4838400 n=10
[ax_runner_axcl] profile runner=0xffff800c8990 devid=0 grpid=0 avg_us{in_sync=0 exec=2591 out_sync=18946 total=21539} out_bytes_avg=30800 n=12
[ax_runner_axcl] profile runner=0xffff801131a8 devid=0 grpid=0 avg_us{in_sync=0 exec=3370 out_sync=94929 total=98316} out_bytes_avg=7174400 n=6
[ax_runner_axcl] profile runner=0xffff801203f8 devid=0 grpid=0 avg_us{in_sync=0 exec=6773 out_sync=26150 total=32924} out_bytes_avg=2359296 n=8
[ax_runner_axcl] profile runner=0xffff80128990 devid=0 grpid=0 avg_us{in_sync=0 exec=4290 out_sync=60616 total=64907} out_bytes_avg=4838400 n=9
[ax_runner_axcl] profile runner=0xffff80012190 devid=0 grpid=0 avg_us{in_sync=0 exec=2580 out_sync=28565 total=31147} out_bytes_avg=2822400 n=12
[ax_runner_axcl] profile runner=0xffff8010fe20 devid=0 grpid=0 avg_us{in_sync=0 exec=4553 out_sync=57416 total=61971} out_bytes_avg=4838400 n=10
[ax_runner_axcl] profile runner=0xffff800c8990 devid=0 grpid=0 avg_us{in_sync=0 exec=1048 out_sync=20115 total=21165} out_bytes_avg=30800 n=13
[ax_runner_axcl] profile runner=0xffff801131a8 devid=0 grpid=0 avg_us{in_sync=0 exec=3536 out_sync=83942 total=87480} out_bytes_avg=7174400 n=6
[ax_runner_axcl] profile runner=0xffff801203f8 devid=0 grpid=0 avg_us{in_sync=0 exec=6707 out_sync=27609 total=34317} out_bytes_avg=2359296 n=7
[ax_runner_axcl] profile runner=0xffff80128990 devid=0 grpid=0 avg_us{in_sync=0 exec=4537 out_sync=56491 total=61030} out_bytes_avg=4838400 n=10
[ax_runner_axcl] profile runner=0xffff80012190 devid=0 grpid=0 avg_us{in_sync=0 exec=2649 out_sync=27571 total=30222} out_bytes_avg=2822400 n=14
[ax_runner_axcl] profile runner=0xffff8010fe20 devid=0 grpid=0 avg_us{in_sync=0 exec=4846 out_sync=57863 total=62710} out_bytes_avg=4838400 n=10
[ax_runner_axcl] profile runner=0xffff800c8990 devid=0 grpid=0 avg_us{in_sync=0 exec=1403 out_sync=23588 total=24993} out_bytes_avg=30800 n=13
[ax_runner_axcl] profile runner=0xffff801131a8 devid=0 grpid=0 avg_us{in_sync=0 exec=3229 out_sync=89077 total=92309} out_bytes_avg=7174400 n=6
[ax_runner_axcl] profile runner=0xffff801203f8 devid=0 grpid=0 avg_us{in_sync=0 exec=6574 out_sync=32517 total=39093} out_bytes_avg=2359296 n=7
[ax_runner_axcl] profile runner=0xffff80128990 devid=0 grpid=0 avg_us{in_sync=0 exec=4249 out_sync=59764 total=64015} out_bytes_avg=4838400 n=10
[ax_runner_axcl] profile runner=0xffff80012190 devid=0 grpid=0 avg_us{in_sync=0 exec=3065 out_sync=30072 total=33140} out_bytes_avg=2822400 n=14
[ax_runner_axcl] profile runner=0xffff8010fe20 devid=0 grpid=0 avg_us{in_sync=0 exec=4887 out_sync=61781 total=66671} out_bytes_avg=4838400 n=9
[ax_runner_axcl] profile runner=0xffff800c8990 devid=0 grpid=0 avg_us{in_sync=0 exec=1630 out_sync=23806 total=25437} out_bytes_avg=30800 n=13
[ax_runner_axcl] profile runner=0xffff801131a8 devid=0 grpid=0 avg_us{in_sync=0 exec=3037 out_sync=90567 total=93605} out_bytes_avg=7174400 n=7
[ax_runner_axcl] profile runner=0xffff801203f8 devid=0 grpid=0 avg_us{in_sync=0 exec=6618 out_sync=26286 total=32906} out_bytes_avg=2359296 n=8
[ax_runner_axcl] profile runner=0xffff80128990 devid=0 grpid=0 avg_us{in_sync=0 exec=4797 out_sync=58365 total=63164} out_bytes_avg=4838400 n=10
[ax_runner_axcl] profile runner=0xffff80012190 devid=0 grpid=0 avg_us{in_sync=0 exec=2099 out_sync=28159 total=30260} out_bytes_avg=2822400 n=13
[ax_runner_axcl] profile runner=0xffff8010fe20 devid=0 grpid=0 avg_us{in_sync=0 exec=4882 out_sync=54594 total=59478} out_bytes_avg=4838400 n=10
[ax_runner_axcl] profile runner=0xffff800c8990 devid=0 grpid=0 avg_us{in_sync=0 exec=1640 out_sync=20893 total=22534} out_bytes_avg=30800 n=12
[ax_runner_axcl] profile runner=0xffff801131a8 devid=0 grpid=0 avg_us{in_sync=0 exec=3253 out_sync=96960 total=100216} out_bytes_avg=7174400 n=5
[ax_runner_axcl] profile runner=0xffff801203f8 devid=0 grpid=0 avg_us{in_sync=0 exec=7072 out_sync=25337 total=32411} out_bytes_avg=2359296 n=8
[ax_runner_axcl] profile runner=0xffff80128990 devid=0 grpid=0 avg_us{in_sync=0 exec=5452 out_sync=58792 total=64246} out_bytes_avg=4838400 n=10
[ax_runner_axcl] profile runner=0xffff80012190 devid=0 grpid=0 avg_us{in_sync=0 exec=2283 out_sync=28382 total=30667} out_bytes_avg=2822400 n=12
[ax_runner_axcl] profile runner=0xffff8010fe20 devid=0 grpid=0 avg_us{in_sync=0 exec=4746 out_sync=58022 total=62769} out_bytes_avg=4838400 n=10
[ax_runner_axcl] profile runner=0xffff800c8990 devid=0 grpid=0 avg_us{in_sync=0 exec=2296 out_sync=21711 total=24009} out_bytes_avg=30800 n=13
[ax_runner_axcl] profile runner=0xffff801131a8 devid=0 grpid=0 avg_us{in_sync=0 exec=3201 out_sync=89167 total=92370} out_bytes_avg=7174400 n=6
[ax_runner_axcl] profile runner=0xffff801203f8 devid=0 grpid=0 avg_us{in_sync=0 exec=6852 out_sync=28713 total=35566} out_bytes_avg=2359296 n=8
[ax_runner_axcl] profile runner=0xffff80128990 devid=0 grpid=0 avg_us{in_sync=0 exec=5121 out_sync=59502 total=64625} out_bytes_avg=4838400 n=9
[ax_runner_axcl] profile runner=0xffff80012190 devid=0 grpid=0 avg_us{in_sync=0 exec=2429 out_sync=25746 total=28176} out_bytes_avg=2822400 n=14
[ax_runner_axcl] profile runner=0xffff8010fe20 devid=0 grpid=0 avg_us{in_sync=0 exec=5319 out_sync=53340 total=58661} out_bytes_avg=4838400 n=10
[ax_runner_axcl] profile runner=0xffff800c8990 devid=0 grpid=0 avg_us{in_sync=0 exec=1073 out_sync=20580 total=21655} out_bytes_avg=30800 n=12
[ax_runner_axcl] profile runner=0xffff801131a8 devid=0 grpid=0 avg_us{in_sync=0 exec=3499 out_sync=93868 total=97368} out_bytes_avg=7174400 n=6
[ax_runner_axcl] profile runner=0xffff80128990 devid=0 grpid=0 avg_us{in_sync=0 exec=4724 out_sync=52914 total=57641} out_bytes_avg=4838400 n=10
[ax_runner_axcl] profile runner=0xffff801203f8 devid=0 grpid=0 avg_us{in_sync=0 exec=6697 out_sync=28172 total=34871} out_bytes_avg=2359296 n=8
[ax_runner_axcl] profile runner=0xffff80012190 devid=0 grpid=0 avg_us{in_sync=0 exec=2675 out_sync=29437 total=32113} out_bytes_avg=2822400 n=13
[ax_runner_axcl] profile runner=0xffff8010fe20 devid=0 grpid=0 avg_us{in_sync=0 exec=4312 out_sync=58876 total=63190} out_bytes_avg=4838400 n=10
[ax_runner_axcl] profile runner=0xffff800c8990 devid=0 grpid=0 avg_us{in_sync=0 exec=1296 out_sync=23417 total=24716} out_bytes_avg=30800 n=12
{"event":"count_loop_reset","loop":3}
[ax_runner_axcl] profile runner=0xffff801131a8 devid=0 grpid=0 avg_us{in_sync=0 exec=4435 out_sync=85488 total=89925} out_bytes_avg=7174400 n=6
[2026-09-16T18:49:11.823] [INFO] [T:281466401058496] RTSP OPTIONS rtsp://127.0.0.1:8554/overview/
[ax_runner_axcl] profile runner=0xffff80128990 devid=0 grpid=0 avg_us{in_sync=0 exec=4207 out_sync=55593 total=59801} out_bytes_avg=4838400 n=10
[ax_runner_axcl] profile runner=0xffff801203f8 devid=0 grpid=0 avg_us{in_sync=0 exec=6597 out_sync=26162 total=32761} out_bytes_avg=2359296 n=7
[ax_runner_axcl] profile runner=0xffff80012190 devid=0 grpid=0 avg_us{in_sync=0 exec=2812 out_sync=29772 total=32586} out_bytes_avg=2822400 n=13
[ax_runner_axcl] profile runner=0xffff8010fe20 devid=0 grpid=0 avg_us{in_sync=0 exec=5436 out_sync=59785 total=65223} out_bytes_avg=4838400 n=10
[ax_runner_axcl] profile runner=0xffff800c8990 devid=0 grpid=0 avg_us{in_sync=0 exec=1827 out_sync=20641 total=22470} out_bytes_avg=30800 n=13
[ax_runner_axcl] profile runner=0xffff801131a8 devid=0 grpid=0 avg_us{in_sync=0 exec=3534 out_sync=84764 total=88300} out_bytes_avg=7174400 n=6
[ax_runner_axcl] profile runner=0xffff80128990 devid=0 grpid=0 avg_us{in_sync=0 exec=4216 out_sync=55882 total=60099} out_bytes_avg=4838400 n=10
[ax_runner_axcl] profile runner=0xffff80012190 devid=0 grpid=0 avg_us{in_sync=0 exec=2494 out_sync=29001 total=31497} out_bytes_avg=2822400 n=13
[ax_runner_axcl] profile runner=0xffff8010fe20 devid=0 grpid=0 avg_us{in_sync=0 exec=4627 out_sync=60297 total=64926} out_bytes_avg=4838400 n=10
[ax_runner_axcl] profile runner=0xffff801203f8 devid=0 grpid=0 avg_us{in_sync=0 exec=6698 out_sync=31104 total=37803} out_bytes_avg=2359296 n=8
{"channels":[{"decoded":481,"dropped":0,"encoded":480,"infer_fps":11.991949613556358,"inferred":481,"lr":0,"mux_errors":0,"name":"pcd","objects":5,"process_ms":55.26193500190857,"render_ms":4.892656001175055,"render_replaced":0,"rendered":481,"result_age":0.08071401200140826,"rl":0,"submit_errors":0},{"decoded":999,"dropped":105,"encoded":882,"infer_fps":9.593559690845085,"inferred":401,"lr":0,"mux_errors":0,"name":"vehicle","objects":6,"process_ms":96.2643200000457,"render_ms":7.599215001391713,"render_replaced":0,"rendered":996,"result_age":0.001032590000249911,"rl":0,"submit_errors":0},{"decoded":1202,"dropped":281,"encoded":908,"infer_fps":5.496310239546664,"inferred":226,"lr":0,"mux_errors":0,"name":"seg","objects":1,"process_ms":187.15660499947262,"render_ms":6.563917002495145,"render_replaced":0,"rendered":1201,"result_age":0.06017538200103445,"rl":0,"submit_errors":0},{"decoded":1198,"dropped":273,"encoded":907,"infer_fps":12.591547094234175,"inferred":523,"lr":0,"mux_errors":0,"name":"driving","objects":2,"process_ms":67.8475550012081,"render_ms":4.200610001134919,"render_replaced":0,"rendered":1192,"result_age":0.008419095000135712,"rl":0,"submit_errors":0},{"decoded":961,"dropped":63,"encoded":886,"infer_fps":7.195169768133814,"inferred":302,"lr":0,"mux_errors":0,"name":"depth","objects":0,"process_ms":133.92543399822898,"render_ms":7.692674000281841,"render_replaced":0,"rendered":961,"result_age":0.024351988002308644,"rl":0,"submit_errors":0},{"decoded":964,"dropped":68,"encoded":885,"infer_fps":9.39369386395248,"inferred":396,"lr":0,"mux_errors":0,"name":"count","objects":6,"process_ms":99.84921800059965,"render_ms":7.931926000310341,"render_replaced":0,"rendered":963,"result_age":0.06354990299951169,"rl":3,"submit_errors":0}],"elapsed":40.041907688999345,"event":"stats","overview_dropped":301,"overview_encoded":883,"overview_mux_errors":0}
[ax_runner_axcl] profile runner=0xffff800c8990 devid=0 grpid=0 avg_us{in_sync=0 exec=1045 out_sync=27378 total=28425} out_bytes_avg=30800 n=12
[ax_runner_axcl] profile runner=0xffff801131a8 devid=0 grpid=0 avg_us{in_sync=0 exec=2903 out_sync=91050 total=93955} out_bytes_avg=7174400 n=6
[ax_runner_axcl] profile runner=0xffff80128990 devid=0 grpid=0 avg_us{in_sync=0 exec=4329 out_sync=48850 total=53180} out_bytes_avg=4838400 n=10
{"direction":"right_to_left","event":"crossing","id":125,"lr":0,"rl":4}
[ax_runner_axcl] profile runner=0xffff80012190 devid=0 grpid=0 avg_us{in_sync=0 exec=2161 out_sync=26330 total=28493} out_bytes_avg=2822400 n=13
[ax_runner_axcl] profile runner=0xffff8010fe20 devid=0 grpid=0 avg_us{in_sync=0 exec=4727 out_sync=56340 total=61069} out_bytes_avg=4838400 n=10
[ax_runner_axcl] profile runner=0xffff801203f8 devid=0 grpid=0 avg_us{in_sync=0 exec=6417 out_sync=29845 total=36264} out_bytes_avg=2359296 n=8
[ax_runner_axcl] profile runner=0xffff800c8990 devid=0 grpid=0 avg_us{in_sync=0 exec=1801 out_sync=21979 total=23782} out_bytes_avg=30800 n=13
[ax_runner_axcl] profile runner=0xffff801131a8 devid=0 grpid=0 avg_us{in_sync=0 exec=3970 out_sync=87856 total=91827} out_bytes_avg=7174400 n=6
[ax_runner_axcl] profile runner=0xffff80128990 devid=0 grpid=0 avg_us{in_sync=0 exec=5833 out_sync=54013 total=59849} out_bytes_avg=4838400 n=10
[ax_runner_axcl] profile runner=0xffff80012190 devid=0 grpid=0 avg_us{in_sync=0 exec=2098 out_sync=29262 total=31363} out_bytes_avg=2822400 n=13
[ax_runner_axcl] profile runner=0xffff801203f8 devid=0 grpid=0 avg_us{in_sync=0 exec=7212 out_sync=25028 total=32241} out_bytes_avg=2359296 n=8
[ax_runner_axcl] profile runner=0xffff8010fe20 devid=0 grpid=0 avg_us{in_sync=0 exec=5154 out_sync=50711 total=55868} out_bytes_avg=4838400 n=11
[ax_runner_axcl] profile runner=0xffff800c8990 devid=0 grpid=0 avg_us{in_sync=0 exec=2267 out_sync=21150 total=23419} out_bytes_avg=30800 n=12
[ax_runner_axcl] profile runner=0xffff801131a8 devid=0 grpid=0 avg_us{in_sync=0 exec=2765 out_sync=90587 total=93354} out_bytes_avg=7174400 n=5
[ax_runner_axcl] profile runner=0xffff80128990 devid=0 grpid=0 avg_us{in_sync=0 exec=4346 out_sync=61639 total=65987} out_bytes_avg=4838400 n=10
[ax_runner_axcl] profile runner=0xffff80012190 devid=0 grpid=0 avg_us{in_sync=0 exec=2334 out_sync=28516 total=30852} out_bytes_avg=2822400 n=13
[ax_runner_axcl] profile runner=0xffff8010fe20 devid=0 grpid=0 avg_us{in_sync=0 exec=4297 out_sync=55783 total=60082} out_bytes_avg=4838400 n=10
[ax_runner_axcl] profile runner=0xffff801203f8 devid=0 grpid=0 avg_us{in_sync=0 exec=6578 out_sync=26182 total=32762} out_bytes_avg=2359296 n=8
[ax_runner_axcl] profile runner=0xffff800c8990 devid=0 grpid=0 avg_us{in_sync=0 exec=2030 out_sync=24031 total=26063} out_bytes_avg=30800 n=13
[ax_runner_axcl] profile runner=0xffff80128990 devid=0 grpid=0 avg_us{in_sync=0 exec=4213 out_sync=56689 total=60904} out_bytes_avg=4838400 n=10
[ax_runner_axcl] profile runner=0xffff801131a8 devid=0 grpid=0 avg_us{in_sync=0 exec=3048 out_sync=88084 total=91134} out_bytes_avg=7174400 n=6
[ax_runner_axcl] profile runner=0xffff80012190 devid=0 grpid=0 avg_us{in_sync=0 exec=2082 out_sync=27433 total=29517} out_bytes_avg=2822400 n=14
[ax_runner_axcl] profile runner=0xffff8010fe20 devid=0 grpid=0 avg_us{in_sync=0 exec=4404 out_sync=58061 total=62467} out_bytes_avg=4838400 n=10
[ax_runner_axcl] profile runner=0xffff801203f8 devid=0 grpid=0 avg_us{in_sync=0 exec=6825 out_sync=29330 total=36156} out_bytes_avg=2359296 n=8
[ax_runner_axcl] profile runner=0xffff800c8990 devid=0 grpid=0 avg_us{in_sync=0 exec=1682 out_sync=23701 total=25386} out_bytes_avg=30800 n=13
[ax_runner_axcl] profile runner=0xffff801131a8 devid=0 grpid=0 avg_us{in_sync=0 exec=2740 out_sync=88775 total=91516} out_bytes_avg=7174400 n=5
[ax_runner_axcl] profile runner=0xffff80128990 devid=0 grpid=0 avg_us{in_sync=0 exec=4234 out_sync=52662 total=56897} out_bytes_avg=4838400 n=10
[ax_runner_axcl] profile runner=0xffff80012190 devid=0 grpid=0 avg_us{in_sync=0 exec=2359 out_sync=23981 total=26342} out_bytes_avg=2822400 n=14
[ax_runner_axcl] profile runner=0xffff8010fe20 devid=0 grpid=0 avg_us{in_sync=0 exec=4602 out_sync=56385 total=60990} out_bytes_avg=4838400 n=11
[ax_runner_axcl] profile runner=0xffff801203f8 devid=0 grpid=0 avg_us{in_sync=0 exec=6738 out_sync=25194 total=31933} out_bytes_avg=2359296 n=8
[ax_runner_axcl] profile runner=0xffff800c8990 devid=0 grpid=0 avg_us{in_sync=0 exec=2153 out_sync=25692 total=27847} out_bytes_avg=30800 n=13
[ax_runner_axcl] profile runner=0xffff801131a8 devid=0 grpid=0 avg_us{in_sync=0 exec=2809 out_sync=84767 total=87577} out_bytes_avg=7174400 n=6
[ax_runner_axcl] profile runner=0xffff80012190 devid=0 grpid=0 avg_us{in_sync=0 exec=2825 out_sync=28274 total=31101} out_bytes_avg=2822400 n=13
[ax_runner_axcl] profile runner=0xffff80128990 devid=0 grpid=0 avg_us{in_sync=0 exec=4314 out_sync=56348 total=60664} out_bytes_avg=4838400 n=10
[ax_runner_axcl] profile runner=0xffff8010fe20 devid=0 grpid=0 avg_us{in_sync=0 exec=4203 out_sync=52349 total=56554} out_bytes_avg=4838400 n=11
[ax_runner_axcl] profile runner=0xffff801203f8 devid=0 grpid=0 avg_us{in_sync=0 exec=6946 out_sync=29898 total=36846} out_bytes_avg=2359296 n=8
[ax_runner_axcl] profile runner=0xffff800c8990 devid=0 grpid=0 avg_us{in_sync=0 exec=1928 out_sync=22612 total=24542} out_bytes_avg=30800 n=12
[ax_runner_axcl] profile runner=0xffff80012190 devid=0 grpid=0 avg_us{in_sync=0 exec=2767 out_sync=27962 total=30732} out_bytes_avg=2822400 n=13
[ax_runner_axcl] profile runner=0xffff80128990 devid=0 grpid=0 avg_us{in_sync=0 exec=4285 out_sync=53999 total=58286} out_bytes_avg=4838400 n=10
[ax_runner_axcl] profile runner=0xffff801131a8 devid=0 grpid=0 avg_us{in_sync=0 exec=4491 out_sync=87507 total=92000} out_bytes_avg=7174400 n=6
[ax_runner_axcl] profile runner=0xffff8010fe20 devid=0 grpid=0 avg_us{in_sync=0 exec=4564 out_sync=55256 total=59821} out_bytes_avg=4838400 n=10
[ax_runner_axcl] profile runner=0xffff801203f8 devid=0 grpid=0 avg_us{in_sync=0 exec=6733 out_sync=27336 total=34070} out_bytes_avg=2359296 n=7
[ax_runner_axcl] profile runner=0xffff800c8990 devid=0 grpid=0 avg_us{in_sync=0 exec=1393 out_sync=22199 total=23593} out_bytes_avg=30800 n=13
[ax_runner_axcl] profile runner=0xffff80128990 devid=0 grpid=0 avg_us{in_sync=0 exec=4787 out_sync=55545 total=60333} out_bytes_avg=4838400 n=10
[ax_runner_axcl] profile runner=0xffff80012190 devid=0 grpid=0 avg_us{in_sync=0 exec=2610 out_sync=30779 total=33391} out_bytes_avg=2822400 n=13
[ax_runner_axcl] profile runner=0xffff801131a8 devid=0 grpid=0 avg_us{in_sync=0 exec=3916 out_sync=88763 total=92679} out_bytes_avg=7174400 n=6
[ax_runner_axcl] profile runner=0xffff801203f8 devid=0 grpid=0 avg_us{in_sync=0 exec=6994 out_sync=24103 total=31098} out_bytes_avg=2359296 n=8
[ax_runner_axcl] profile runner=0xffff8010fe20 devid=0 grpid=0 avg_us{in_sync=0 exec=4799 out_sync=50400 total=55200} out_bytes_avg=4838400 n=11
[ax_runner_axcl] profile runner=0xffff800c8990 devid=0 grpid=0 avg_us{in_sync=0 exec=1140 out_sync=22012 total=23155} out_bytes_avg=30800 n=13
[ax_runner_axcl] profile runner=0xffff80012190 devid=0 grpid=0 avg_us{in_sync=0 exec=2833 out_sync=29396 total=32232} out_bytes_avg=2822400 n=12
[ax_runner_axcl] profile runner=0xffff80128990 devid=0 grpid=0 avg_us{in_sync=0 exec=4300 out_sync=51131 total=55433} out_bytes_avg=4838400 n=11
[ax_runner_axcl] profile runner=0xffff801131a8 devid=0 grpid=0 avg_us{in_sync=0 exec=3523 out_sync=94006 total=97530} out_bytes_avg=7174400 n=6
[ax_runner_axcl] profile runner=0xffff8010fe20 devid=0 grpid=0 avg_us{in_sync=0 exec=4289 out_sync=52782 total=57073} out_bytes_avg=4838400 n=11
[ax_runner_axcl] profile runner=0xffff801203f8 devid=0 grpid=0 avg_us{in_sync=0 exec=6708 out_sync=30579 total=37289} out_bytes_avg=2359296 n=8
[ax_runner_axcl] profile runner=0xffff800c8990 devid=0 grpid=0 avg_us{in_sync=0 exec=1165 out_sync=25832 total=26999} out_bytes_avg=30800 n=12
{"channels":[{"decoded":601,"dropped":0,"encoded":601,"infer_fps":11.968416058549677,"inferred":601,"lr":0,"mux_errors":0,"name":"pcd","objects":7,"process_ms":61.597682997671654,"render_ms":6.512374999147141,"render_replaced":0,"rendered":601,"result_age":0.010868153000046732,"rl":0,"submit_errors":0},{"decoded":1249,"dropped":140,"encoded":1096,"infer_fps":9.873943248303483,"inferred":500,"lr":0,"mux_errors":0,"name":"vehicle","objects":5,"process_ms":105.63379599989275,"render_ms":8.170219000021461,"render_replaced":0,"rendered":1246,"result_age":0.023949776998051675,"rl":0,"submit_errors":0},{"decoded":1504,"dropped":369,"encoded":1123,"infer_fps":5.2860504258594405,"inferred":279,"lr":0,"mux_errors":0,"name":"seg","objects":4,"process_ms":167.76889899847447,"render_ms":9.807436999835772,"render_replaced":0,"rendered":1503,"result_age":0.18914432599922293,"rl":0,"submit_errors":0},{"decoded":1500,"dropped":360,"encoded":1121,"infer_fps":12.467100060989248,"inferred":648,"lr":0,"mux_errors":0,"name":"driving","objects":1,"process_ms":72.39058499908424,"render_ms":7.924342000478646,"render_replaced":0,"rendered":1493,"result_age":0.03310379300091881,"rl":0,"submit_errors":0},{"decoded":1202,"dropped":87,"encoded":1105,"infer_fps":7.380523236105634,"inferred":376,"lr":0,"mux_errors":0,"name":"depth","objects":0,"process_ms":141.02997899681213,"render_ms":8.570387999498053,"render_replaced":0,"rendered":1202,"result_age":0.0629168990017206,"rl":0,"submit_errors":0},{"decoded":1205,"dropped":97,"encoded":1096,"infer_fps":9.574732846839742,"inferred":492,"lr":0,"mux_errors":0,"name":"count","objects":8,"process_ms":122.55261099926429,"render_ms":5.124616000102833,"render_replaced":0,"rendered":1205,"result_age":0.08060871999987285,"rl":4,"submit_errors":0}],"elapsed":50.06829709700105,"event":"stats","overview_dropped":383,"overview_encoded":1102,"overview_mux_errors":0}
[ax_runner_axcl] profile runner=0xffff80012190 devid=0 grpid=0 avg_us{in_sync=0 exec=2211 out_sync=29055 total=31268} out_bytes_avg=2822400 n=12
[ax_runner_axcl] profile runner=0xffff80128990 devid=0 grpid=0 avg_us{in_sync=0 exec=4740 out_sync=58402 total=63144} out_bytes_avg=4838400 n=10
[ax_runner_axcl] profile runner=0xffff8010fe20 devid=0 grpid=0 avg_us{in_sync=0 exec=4464 out_sync=56095 total=60561} out_bytes_avg=4838400 n=10
[ax_runner_axcl] profile runner=0xffff801131a8 devid=0 grpid=0 avg_us{in_sync=0 exec=3068 out_sync=87478 total=90547} out_bytes_avg=7174400 n=6
[ax_runner_axcl] profile runner=0xffff801203f8 devid=0 grpid=0 avg_us{in_sync=0 exec=6612 out_sync=23963 total=30577} out_bytes_avg=2359296 n=8
[ax_runner_axcl] profile runner=0xffff800c8990 devid=0 grpid=0 avg_us{in_sync=0 exec=1830 out_sync=25957 total=27790} out_bytes_avg=30800 n=12
{"event":"count_loop_reset","loop":4}
[ax_runner_axcl] profile runner=0xffff80012190 devid=0 grpid=0 avg_us{in_sync=0 exec=2544 out_sync=30568 total=33115} out_bytes_avg=2822400 n=13
[ax_runner_axcl] profile runner=0xffff80128990 devid=0 grpid=0 avg_us{in_sync=0 exec=4536 out_sync=51988 total=56525} out_bytes_avg=4838400 n=10
[ax_runner_axcl] profile runner=0xffff8010fe20 devid=0 grpid=0 avg_us{in_sync=0 exec=4926 out_sync=54819 total=59746} out_bytes_avg=4838400 n=10
[ax_runner_axcl] profile runner=0xffff801203f8 devid=0 grpid=0 avg_us{in_sync=0 exec=6641 out_sync=26475 total=33117} out_bytes_avg=2359296 n=8
[ax_runner_axcl] profile runner=0xffff800c8990 devid=0 grpid=0 avg_us{in_sync=0 exec=2416 out_sync=23831 total=26249} out_bytes_avg=30800 n=13
[ax_runner_axcl] profile runner=0xffff801131a8 devid=0 grpid=0 avg_us{in_sync=0 exec=3177 out_sync=92638 total=95817} out_bytes_avg=7174400 n=6
[ax_runner_axcl] profile runner=0xffff80012190 devid=0 grpid=0 avg_us{in_sync=0 exec=2755 out_sync=27790 total=30548} out_bytes_avg=2822400 n=13
[ax_runner_axcl] profile runner=0xffff80128990 devid=0 grpid=0 avg_us{in_sync=0 exec=4577 out_sync=57175 total=61754} out_bytes_avg=4838400 n=10
[ax_runner_axcl] profile runner=0xffff8010fe20 devid=0 grpid=0 avg_us{in_sync=0 exec=4414 out_sync=56466 total=60882} out_bytes_avg=4838400 n=10
[ax_runner_axcl] profile runner=0xffff801203f8 devid=0 grpid=0 avg_us{in_sync=0 exec=6747 out_sync=28020 total=34769} out_bytes_avg=2359296 n=7
[ax_runner_axcl] profile runner=0xffff800c8990 devid=0 grpid=0 avg_us{in_sync=0 exec=2006 out_sync=24153 total=26161} out_bytes_avg=30800 n=13
[ax_runner_axcl] profile runner=0xffff801131a8 devid=0 grpid=0 avg_us{in_sync=0 exec=3118 out_sync=91592 total=94711} out_bytes_avg=7174400 n=6
[ax_runner_axcl] profile runner=0xffff80012190 devid=0 grpid=0 avg_us{in_sync=0 exec=2891 out_sync=27567 total=30460} out_bytes_avg=2822400 n=13
{"direction":"right_to_left","event":"crossing","id":179,"lr":0,"rl":5}
[ax_runner_axcl] profile runner=0xffff80128990 devid=0 grpid=0 avg_us{in_sync=0 exec=4737 out_sync=55173 total=59912} out_bytes_avg=4838400 n=10
[ax_runner_axcl] profile runner=0xffff8010fe20 devid=0 grpid=0 avg_us{in_sync=0 exec=5091 out_sync=56818 total=61912} out_bytes_avg=4838400 n=10
[ax_runner_axcl] profile runner=0xffff801203f8 devid=0 grpid=0 avg_us{in_sync=0 exec=7515 out_sync=30756 total=38273} out_bytes_avg=2359296 n=7
[ax_runner_axcl] profile runner=0xffff800c8990 devid=0 grpid=0 avg_us{in_sync=0 exec=1226 out_sync=21414 total=22642} out_bytes_avg=30800 n=13
[ax_runner_axcl] profile runner=0xffff801131a8 devid=0 grpid=0 avg_us{in_sync=0 exec=3046 out_sync=91099 total=94147} out_bytes_avg=7174400 n=6
[ax_runner_axcl] profile runner=0xffff80012190 devid=0 grpid=0 avg_us{in_sync=0 exec=2142 out_sync=28432 total=30577} out_bytes_avg=2822400 n=13
[ax_runner_axcl] profile runner=0xffff80128990 devid=0 grpid=0 avg_us{in_sync=0 exec=4301 out_sync=55076 total=59379} out_bytes_avg=4838400 n=10
[ax_runner_axcl] profile runner=0xffff8010fe20 devid=0 grpid=0 avg_us{in_sync=0 exec=5167 out_sync=55486 total=60655} out_bytes_avg=4838400 n=10
[ax_runner_axcl] profile runner=0xffff801203f8 devid=0 grpid=0 avg_us{in_sync=0 exec=6544 out_sync=24921 total=31466} out_bytes_avg=2359296 n=8
[ax_runner_axcl] profile runner=0xffff800c8990 devid=0 grpid=0 avg_us{in_sync=0 exec=1267 out_sync=24059 total=25329} out_bytes_avg=30800 n=12
[ax_runner_axcl] profile runner=0xffff801131a8 devid=0 grpid=0 avg_us{in_sync=0 exec=3060 out_sync=87699 total=90760} out_bytes_avg=7174400 n=6
[ax_runner_axcl] profile runner=0xffff80012190 devid=0 grpid=0 avg_us{in_sync=0 exec=2167 out_sync=26456 total=28626} out_bytes_avg=2822400 n=13
[ax_runner_axcl] profile runner=0xffff80128990 devid=0 grpid=0 avg_us{in_sync=0 exec=4187 out_sync=56766 total=60955} out_bytes_avg=4838400 n=10
[ax_runner_axcl] profile runner=0xffff801203f8 devid=0 grpid=0 avg_us{in_sync=0 exec=6502 out_sync=26871 total=33376} out_bytes_avg=2359296 n=7
[ax_runner_axcl] profile runner=0xffff8010fe20 devid=0 grpid=0 avg_us{in_sync=0 exec=5067 out_sync=58752 total=63821} out_bytes_avg=4838400 n=10
[ax_runner_axcl] profile runner=0xffff800c8990 devid=0 grpid=0 avg_us{in_sync=0 exec=1996 out_sync=20375 total=22373} out_bytes_avg=30800 n=13
[ax_runner_axcl] profile runner=0xffff801131a8 devid=0 grpid=0 avg_us{in_sync=0 exec=2895 out_sync=92725 total=95622} out_bytes_avg=7174400 n=6
[ax_runner_axcl] profile runner=0xffff80012190 devid=0 grpid=0 avg_us{in_sync=0 exec=2326 out_sync=28533 total=30862} out_bytes_avg=2822400 n=13
[ax_runner_axcl] profile runner=0xffff80128990 devid=0 grpid=0 avg_us{in_sync=0 exec=4582 out_sync=54173 total=58758} out_bytes_avg=4838400 n=10
[ax_runner_axcl] profile runner=0xffff801203f8 devid=0 grpid=0 avg_us{in_sync=0 exec=7160 out_sync=29205 total=36367} out_bytes_avg=2359296 n=7
[ax_runner_axcl] profile runner=0xffff8010fe20 devid=0 grpid=0 avg_us{in_sync=0 exec=4620 out_sync=60581 total=65202} out_bytes_avg=4838400 n=9
[ax_runner_axcl] profile runner=0xffff800c8990 devid=0 grpid=0 avg_us{in_sync=0 exec=1004 out_sync=25229 total=26234} out_bytes_avg=30800 n=12
[ax_runner_axcl] profile runner=0xffff801131a8 devid=0 grpid=0 avg_us{in_sync=0 exec=2770 out_sync=90151 total=92921} out_bytes_avg=7174400 n=5
[ax_runner_axcl] profile runner=0xffff80012190 devid=0 grpid=0 avg_us{in_sync=0 exec=2639 out_sync=25030 total=27672} out_bytes_avg=2822400 n=14
[ax_runner_axcl] profile runner=0xffff80128990 devid=0 grpid=0 avg_us{in_sync=0 exec=4333 out_sync=49309 total=53644} out_bytes_avg=4838400 n=11
[ax_runner_axcl] profile runner=0xffff801203f8 devid=0 grpid=0 avg_us{in_sync=0 exec=6824 out_sync=29083 total=35908} out_bytes_avg=2359296 n=8
[ax_runner_axcl] profile runner=0xffff8010fe20 devid=0 grpid=0 avg_us{in_sync=0 exec=4965 out_sync=65096 total=70063} out_bytes_avg=4838400 n=10
[ax_runner_axcl] profile runner=0xffff800c8990 devid=0 grpid=0 avg_us{in_sync=0 exec=1066 out_sync=17714 total=18782} out_bytes_avg=30800 n=12
[ax_runner_axcl] profile runner=0xffff801131a8 devid=0 grpid=0 avg_us{in_sync=0 exec=3178 out_sync=78119 total=81299} out_bytes_avg=7174400 n=6
[ax_runner_axcl] profile runner=0xffff80012190 devid=0 grpid=0 avg_us{in_sync=0 exec=2069 out_sync=24831 total=26903} out_bytes_avg=2822400 n=14
[ax_runner_axcl] profile runner=0xffff80128990 devid=0 grpid=0 avg_us{in_sync=0 exec=4430 out_sync=54911 total=59342} out_bytes_avg=4838400 n=11
[ax_runner_axcl] profile runner=0xffff800c8990 devid=0 grpid=0 avg_us{in_sync=0 exec=1017 out_sync=22813 total=23833} out_bytes_avg=30800 n=12
[ax_runner_axcl] profile runner=0xffff8010fe20 devid=0 grpid=0 avg_us{in_sync=0 exec=4415 out_sync=55187 total=59604} out_bytes_avg=4838400 n=11
[ax_runner_axcl] profile runner=0xffff801203f8 devid=0 grpid=0 avg_us{in_sync=0 exec=6823 out_sync=26144 total=32968} out_bytes_avg=2359296 n=9
[ax_runner_axcl] profile runner=0xffff801131a8 devid=0 grpid=0 avg_us{in_sync=0 exec=3342 out_sync=86019 total=89363} out_bytes_avg=7174400 n=6
[ax_runner_axcl] profile runner=0xffff80012190 devid=0 grpid=0 avg_us{in_sync=0 exec=2488 out_sync=26363 total=28853} out_bytes_avg=2822400 n=14
[ax_runner_axcl] profile runner=0xffff80128990 devid=0 grpid=0 avg_us{in_sync=0 exec=4331 out_sync=51343 total=55676} out_bytes_avg=4838400 n=11
[ax_runner_axcl] profile runner=0xffff800c8990 devid=0 grpid=0 avg_us{in_sync=0 exec=1139 out_sync=25247 total=26389} out_bytes_avg=30800 n=12
[ax_runner_axcl] profile runner=0xffff801203f8 devid=0 grpid=0 avg_us{in_sync=0 exec=6697 out_sync=25525 total=32224} out_bytes_avg=2359296 n=8
{"channels":[{"decoded":722,"dropped":0,"encoded":721,"infer_fps":11.960242963543026,"inferred":721,"lr":0,"mux_errors":0,"name":"pcd","objects":8,"process_ms":58.08190999960061,"render_ms":4.963614999724086,"render_replaced":0,"rendered":722,"result_age":0.028552889001730364,"rl":0,"submit_errors":0},{"decoded":1500,"dropped":178,"encoded":1309,"infer_fps":9.468525679471561,"inferred":595,"lr":0,"mux_errors":0,"name":"vehicle","objects":1,"process_ms":95.56460699968738,"render_ms":6.391999002516968,"render_replaced":0,"rendered":1496,"result_age":0.05036386199935805,"rl":0,"submit_errors":0},{"decoded":1804,"dropped":451,"encoded":1341,"infer_fps":5.282440642231503,"inferred":332,"lr":0,"mux_errors":0,"name":"seg","objects":5,"process_ms":176.6237470001215,"render_ms":7.314170998142799,"render_replaced":0,"rendered":1804,"result_age":0.1107948699973349,"rl":0,"submit_errors":0},{"decoded":1800,"dropped":441,"encoded":1340,"infer_fps":12.857261185808753,"inferred":777,"lr":0,"mux_errors":0,"name":"driving","objects":1,"process_ms":78.76429200041457,"render_ms":5.262866998236859,"render_replaced":0,"rendered":1792,"result_age":0.055442601998947794,"rl":0,"submit_errors":0},{"decoded":1442,"dropped":115,"encoded":1318,"infer_fps":7.275814469488674,"inferred":449,"lr":0,"mux_errors":0,"name":"depth","objects":0,"process_ms":131.81629500104464,"render_ms":6.632542001170805,"render_replaced":0,"rendered":1442,"result_age":0.060387926001567394,"rl":0,"submit_errors":0},{"decoded":1447,"dropped":126,"encoded":1311,"infer_fps":9.667863062197279,"inferred":589,"lr":0,"mux_errors":0,"name":"count","objects":7,"process_ms":97.7028280030936,"render_ms":6.384039999829838,"render_replaced":0,"rendered":1446,"result_age":0.06962731699968572,"rl":5,"submit_errors":0}],"elapsed":60.101538090999384,"event":"stats","overview_dropped":467,"overview_encoded":1319,"overview_mux_errors":0}
[ax_runner_axcl] profile runner=0xffff8010fe20 devid=0 grpid=0 avg_us{in_sync=0 exec=4244 out_sync=49142 total=53388} out_bytes_avg=4838400 n=11
[ax_runner_axcl] profile runner=0xffff801131a8 devid=0 grpid=0 avg_us{in_sync=0 exec=2874 out_sync=89721 total=92597} out_bytes_avg=7174400 n=5
[ax_runner_axcl] profile runner=0xffff80012190 devid=0 grpid=0 avg_us{in_sync=0 exec=2310 out_sync=30211 total=32523} out_bytes_avg=2822400 n=13
[ax_runner_axcl] profile runner=0xffff80128990 devid=0 grpid=0 avg_us{in_sync=0 exec=4508 out_sync=52509 total=57019} out_bytes_avg=4838400 n=11
[ax_runner_axcl] profile runner=0xffff800c8990 devid=0 grpid=0 avg_us{in_sync=0 exec=1666 out_sync=24227 total=25895} out_bytes_avg=30800 n=13
[ax_runner_axcl] profile runner=0xffff801203f8 devid=0 grpid=0 avg_us{in_sync=0 exec=6655 out_sync=27449 total=34106} out_bytes_avg=2359296 n=8
[ax_runner_axcl] profile runner=0xffff8010fe20 devid=0 grpid=0 avg_us{in_sync=0 exec=4294 out_sync=52313 total=56608} out_bytes_avg=4838400 n=11
[ax_runner_axcl] profile runner=0xffff801131a8 devid=0 grpid=0 avg_us{in_sync=0 exec=3204 out_sync=86805 total=90011} out_bytes_avg=7174400 n=6
[ax_runner_axcl] profile runner=0xffff80012190 devid=0 grpid=0 avg_us{in_sync=0 exec=2097 out_sync=27612 total=29712} out_bytes_avg=2822400 n=13
[ax_runner_axcl] profile runner=0xffff80128990 devid=0 grpid=0 avg_us{in_sync=0 exec=4233 out_sync=55910 total=60145} out_bytes_avg=4838400 n=10
[ax_runner_axcl] profile runner=0xffff800c8990 devid=0 grpid=0 avg_us{in_sync=0 exec=2248 out_sync=24025 total=26275} out_bytes_avg=30800 n=13
[ax_runner_axcl] profile runner=0xffff801203f8 devid=0 grpid=0 avg_us{in_sync=0 exec=6936 out_sync=25830 total=32768} out_bytes_avg=2359296 n=8
[ax_runner_axcl] profile runner=0xffff8010fe20 devid=0 grpid=0 avg_us{in_sync=0 exec=4176 out_sync=53972 total=58150} out_bytes_avg=4838400 n=10
[ax_runner_axcl] profile runner=0xffff801131a8 devid=0 grpid=0 avg_us{in_sync=0 exec=2867 out_sync=88698 total=91566} out_bytes_avg=7174400 n=6
[ax_runner_axcl] profile runner=0xffff80012190 devid=0 grpid=0 avg_us{in_sync=0 exec=2290 out_sync=28237 total=30529} out_bytes_avg=2822400 n=13
[ax_runner_axcl] profile runner=0xffff80128990 devid=0 grpid=0 avg_us{in_sync=0 exec=4468 out_sync=55878 total=60347} out_bytes_avg=4838400 n=11
[ax_runner_axcl] profile runner=0xffff800c8990 devid=0 grpid=0 avg_us{in_sync=0 exec=999 out_sync=20866 total=21867} out_bytes_avg=30800 n=12
[ax_runner_axcl] profile runner=0xffff801203f8 devid=0 grpid=0 avg_us{in_sync=0 exec=6941 out_sync=21393 total=28336} out_bytes_avg=2359296 n=8
{"event":"count_loop_reset","loop":5}
[ax_runner_axcl] profile runner=0xffff8010fe20 devid=0 grpid=0 avg_us{in_sync=0 exec=4612 out_sync=49161 total=53775} out_bytes_avg=4838400 n=10
[ax_runner_axcl] profile runner=0xffff801131a8 devid=0 grpid=0 avg_us{in_sync=0 exec=2839 out_sync=87625 total=90465} out_bytes_avg=7174400 n=6
[ax_runner_axcl] profile runner=0xffff80012190 devid=0 grpid=0 avg_us{in_sync=0 exec=2315 out_sync=26805 total=29122} out_bytes_avg=2822400 n=13
[ax_runner_axcl] profile runner=0xffff800c8990 devid=0 grpid=0 avg_us{in_sync=0 exec=1192 out_sync=20044 total=21238} out_bytes_avg=30800 n=12
[ax_runner_axcl] profile runner=0xffff80128990 devid=0 grpid=0 avg_us{in_sync=0 exec=4727 out_sync=54487 total=59217} out_bytes_avg=4838400 n=10
[ax_runner_axcl] profile runner=0xffff801203f8 devid=0 grpid=0 avg_us{in_sync=0 exec=6587 out_sync=25783 total=32371} out_bytes_avg=2359296 n=8
[ax_runner_axcl] profile runner=0xffff8010fe20 devid=0 grpid=0 avg_us{in_sync=0 exec=4567 out_sync=51200 total=55769} out_bytes_avg=4838400 n=11
[ax_runner_axcl] profile runner=0xffff801131a8 devid=0 grpid=0 avg_us{in_sync=0 exec=3352 out_sync=89072 total=92425} out_bytes_avg=7174400 n=6
[ax_runner_axcl] profile runner=0xffff80012190 devid=0 grpid=0 avg_us{in_sync=0 exec=2294 out_sync=24454 total=26752} out_bytes_avg=2822400 n=14
[ax_runner_axcl] profile runner=0xffff80128990 devid=0 grpid=0 avg_us{in_sync=0 exec=4593 out_sync=50532 total=55126} out_bytes_avg=4838400 n=10
[ax_runner_axcl] profile runner=0xffff800c8990 devid=0 grpid=0 avg_us{in_sync=0 exec=1133 out_sync=22000 total=23134} out_bytes_avg=30800 n=13
[ax_runner_axcl] profile runner=0xffff8010fe20 devid=0 grpid=0 avg_us{in_sync=0 exec=4798 out_sync=57095 total=61895} out_bytes_avg=4838400 n=10
[ax_runner_axcl] profile runner=0xffff801203f8 devid=0 grpid=0 avg_us{in_sync=0 exec=6630 out_sync=20005 total=26637} out_bytes_avg=2359296 n=9
[ax_runner_axcl] profile runner=0xffff801131a8 devid=0 grpid=0 avg_us{in_sync=0 exec=2845 out_sync=85099 total=87945} out_bytes_avg=7174400 n=6
[ax_runner_axcl] profile runner=0xffff80012190 devid=0 grpid=0 avg_us{in_sync=0 exec=3064 out_sync=24998 total=28065} out_bytes_avg=2822400 n=13
{"direction":"right_to_left","event":"crossing","id":212,"lr":0,"rl":6}
[ax_runner_axcl] profile runner=0xffff80128990 devid=0 grpid=0 avg_us{in_sync=0 exec=4598 out_sync=49490 total=54090} out_bytes_avg=4838400 n=10
[ax_runner_axcl] profile runner=0xffff800c8990 devid=0 grpid=0 avg_us{in_sync=0 exec=1153 out_sync=23032 total=24187} out_bytes_avg=30800 n=13
[ax_runner_axcl] profile runner=0xffff801203f8 devid=0 grpid=0 avg_us{in_sync=0 exec=6564 out_sync=27226 total=33791} out_bytes_avg=2359296 n=8
[ax_runner_axcl] profile runner=0xffff8010fe20 devid=0 grpid=0 avg_us{in_sync=0 exec=4804 out_sync=59498 total=64304} out_bytes_avg=4838400 n=10
[ax_runner_axcl] profile runner=0xffff801131a8 devid=0 grpid=0 avg_us{in_sync=0 exec=3322 out_sync=86335 total=89658} out_bytes_avg=7174400 n=6
[ax_runner_axcl] profile runner=0xffff80012190 devid=0 grpid=0 avg_us{in_sync=0 exec=3128 out_sync=27108 total=30238} out_bytes_avg=2822400 n=13
[ax_runner_axcl] profile runner=0xffff80128990 devid=0 grpid=0 avg_us{in_sync=0 exec=4885 out_sync=55272 total=60159} out_bytes_avg=4838400 n=10
[ax_runner_axcl] profile runner=0xffff800c8990 devid=0 grpid=0 avg_us{in_sync=0 exec=1647 out_sync=22201 total=23851} out_bytes_avg=30800 n=13
[ax_runner_axcl] profile runner=0xffff801203f8 devid=0 grpid=0 avg_us{in_sync=0 exec=6676 out_sync=23307 total=29984} out_bytes_avg=2359296 n=8
[ax_runner_axcl] profile runner=0xffff8010fe20 devid=0 grpid=0 avg_us{in_sync=0 exec=5276 out_sync=49314 total=54592} out_bytes_avg=4838400 n=11
[ax_runner_axcl] profile runner=0xffff801131a8 devid=0 grpid=0 avg_us{in_sync=0 exec=3160 out_sync=86825 total=89986} out_bytes_avg=7174400 n=6
[ax_runner_axcl] profile runner=0xffff80012190 devid=0 grpid=0 avg_us{in_sync=0 exec=2381 out_sync=29032 total=31416} out_bytes_avg=2822400 n=12
[ax_runner_axcl] profile runner=0xffff80128990 devid=0 grpid=0 avg_us{in_sync=0 exec=4199 out_sync=54416 total=58617} out_bytes_avg=4838400 n=11
[ax_runner_axcl] profile runner=0xffff800c8990 devid=0 grpid=0 avg_us{in_sync=0 exec=1146 out_sync=20445 total=21593} out_bytes_avg=30800 n=13
[ax_runner_axcl] profile runner=0xffff8010fe20 devid=0 grpid=0 avg_us{in_sync=0 exec=4744 out_sync=53729 total=58475} out_bytes_avg=4838400 n=10
[ax_runner_axcl] profile runner=0xffff801203f8 devid=0 grpid=0 avg_us{in_sync=0 exec=7612 out_sync=24204 total=31817} out_bytes_avg=2359296 n=8
[ax_runner_axcl] profile runner=0xffff801131a8 devid=0 grpid=0 avg_us{in_sync=0 exec=4052 out_sync=81919 total=85972} out_bytes_avg=7174400 n=6
[2026-09-16T18:49:41.829] [INFO] [T:281466401058496] RTSP OPTIONS rtsp://127.0.0.1:8554/overview/
[ax_runner_axcl] profile runner=0xffff80012190 devid=0 grpid=0 avg_us{in_sync=0 exec=2272 out_sync=27383 total=29657} out_bytes_avg=2822400 n=14
[ax_runner_axcl] profile runner=0xffff80128990 devid=0 grpid=0 avg_us{in_sync=0 exec=4754 out_sync=54035 total=58791} out_bytes_avg=4838400 n=10
[ax_runner_axcl] profile runner=0xffff800c8990 devid=0 grpid=0 avg_us{in_sync=0 exec=1698 out_sync=19209 total=20909} out_bytes_avg=30800 n=12
[ax_runner_axcl] profile runner=0xffff801203f8 devid=0 grpid=0 avg_us{in_sync=0 exec=6533 out_sync=26205 total=32739} out_bytes_avg=2359296 n=8
[ax_runner_axcl] profile runner=0xffff8010fe20 devid=0 grpid=0 avg_us{in_sync=0 exec=4879 out_sync=48182 total=53063} out_bytes_avg=4838400 n=11
[ax_runner_axcl] profile runner=0xffff801131a8 devid=0 grpid=0 avg_us{in_sync=0 exec=2833 out_sync=86313 total=89148} out_bytes_avg=7174400 n=7
[ax_runner_axcl] profile runner=0xffff80012190 devid=0 grpid=0 avg_us{in_sync=0 exec=2114 out_sync=25430 total=27547} out_bytes_avg=2822400 n=14
{"channels":[{"decoded":842,"dropped":0,"encoded":841,"infer_fps":11.99955547406486,"inferred":841,"lr":0,"mux_errors":0,"name":"pcd","objects":10,"process_ms":60.338924999086885,"render_ms":7.800383002177114,"render_replaced":0,"rendered":842,"result_age":0.03299783400143497,"rl":0,"submit_errors":0},{"decoded":1752,"dropped":199,"encoded":1537,"infer_fps":9.899633266103509,"inferred":694,"lr":0,"mux_errors":0,"name":"vehicle","objects":6,"process_ms":98.94358699966688,"render_ms":5.457326002215268,"render_replaced":0,"rendered":1746,"result_age":0.011276197001279797,"rl":0,"submit_errors":0},{"decoded":2105,"dropped":525,"encoded":1568,"infer_fps":5.799785145798015,"inferred":390,"lr":0,"mux_errors":0,"name":"seg","objects":3,"process_ms":166.00642900084495,"render_ms":9.2719339991163,"render_replaced":0,"rendered":2104,"result_age":0.012729205001960509,"rl":0,"submit_errors":0},{"decoded":2101,"dropped":512,"encoded":1565,"infer_fps":12.69952954338531,"inferred":904,"lr":0,"mux_errors":0,"name":"driving","objects":2,"process_ms":81.46301699889591,"render_ms":5.520326998521341,"render_replaced":0,"rendered":2088,"result_age":0.05340858899944578,"rl":0,"submit_errors":0},{"decoded":1682,"dropped":129,"encoded":1544,"infer_fps":7.699714762524952,"inferred":526,"lr":0,"mux_errors":0,"name":"depth","objects":0,"process_ms":139.51467799779493,"render_ms":10.239898998406716,"render_replaced":0,"rendered":1682,"result_age":0.09676940600184025,"rl":0,"submit_errors":0},{"decoded":1688,"dropped":138,"encoded":1542,"infer_fps":9.799636970486302,"inferred":687,"lr":0,"mux_errors":0,"name":"count","objects":8,"process_ms":107.71922500134679,"render_ms":7.011626999883447,"render_replaced":0,"rendered":1688,"result_age":0.015523181999014923,"rl":6,"submit_errors":0}],"elapsed":70.10190854300163,"event":"stats","overview_dropped":544,"overview_encoded":1543,"overview_mux_errors":0}
[ax_runner_axcl] profile runner=0xffff80128990 devid=0 grpid=0 avg_us{in_sync=0 exec=4437 out_sync=59045 total=63484} out_bytes_avg=4838400 n=10
[ax_runner_axcl] profile runner=0xffff800c8990 devid=0 grpid=0 avg_us{in_sync=0 exec=1655 out_sync=20584 total=22241} out_bytes_avg=30800 n=13
[ax_runner_axcl] profile runner=0xffff801203f8 devid=0 grpid=0 avg_us{in_sync=0 exec=6602 out_sync=24051 total=30654} out_bytes_avg=2359296 n=8
[ax_runner_axcl] profile runner=0xffff8010fe20 devid=0 grpid=0 avg_us{in_sync=0 exec=4591 out_sync=57607 total=62200} out_bytes_avg=4838400 n=10
[ax_runner_axcl] profile runner=0xffff801131a8 devid=0 grpid=0 avg_us{in_sync=0 exec=3545 out_sync=85933 total=89480} out_bytes_avg=7174400 n=7
[ax_runner_axcl] profile runner=0xffff80012190 devid=0 grpid=0 avg_us{in_sync=0 exec=2183 out_sync=25787 total=27972} out_bytes_avg=2822400 n=14
[ax_runner_axcl] profile runner=0xffff800c8990 devid=0 grpid=0 avg_us{in_sync=0 exec=1668 out_sync=22742 total=24412} out_bytes_avg=30800 n=12
[ax_runner_axcl] profile runner=0xffff80128990 devid=0 grpid=0 avg_us{in_sync=0 exec=4447 out_sync=55393 total=59842} out_bytes_avg=4838400 n=10
[ax_runner_axcl] profile runner=0xffff801203f8 devid=0 grpid=0 avg_us{in_sync=0 exec=6620 out_sync=25739 total=32361} out_bytes_avg=2359296 n=8
[ax_runner_axcl] profile runner=0xffff8010fe20 devid=0 grpid=0 avg_us{in_sync=0 exec=5097 out_sync=52285 total=57383} out_bytes_avg=4838400 n=11
[ax_runner_axcl] profile runner=0xffff801131a8 devid=0 grpid=0 avg_us{in_sync=0 exec=3461 out_sync=86033 total=89496} out_bytes_avg=7174400 n=6
[ax_runner_axcl] profile runner=0xffff80012190 devid=0 grpid=0 avg_us{in_sync=0 exec=2384 out_sync=26739 total=29126} out_bytes_avg=2822400 n=14
[ax_runner_axcl] profile runner=0xffff80128990 devid=0 grpid=0 avg_us{in_sync=0 exec=4700 out_sync=60475 total=65177} out_bytes_avg=4838400 n=9
[ax_runner_axcl] profile runner=0xffff800c8990 devid=0 grpid=0 avg_us{in_sync=0 exec=1789 out_sync=21359 total=23150} out_bytes_avg=30800 n=13
[ax_runner_axcl] profile runner=0xffff8010fe20 devid=0 grpid=0 avg_us{in_sync=0 exec=4615 out_sync=48444 total=53061} out_bytes_avg=4838400 n=10
[ax_runner_axcl] profile runner=0xffff801203f8 devid=0 grpid=0 avg_us{in_sync=0 exec=6796 out_sync=24931 total=31729} out_bytes_avg=2359296 n=8
[ax_runner_axcl] profile runner=0xffff801131a8 devid=0 grpid=0 avg_us{in_sync=0 exec=3388 out_sync=76743 total=80133} out_bytes_avg=7174400 n=6
[ax_runner_axcl] profile runner=0xffff80012190 devid=0 grpid=0 avg_us{in_sync=0 exec=2490 out_sync=25525 total=28018} out_bytes_avg=2822400 n=14
[ax_runner_axcl] profile runner=0xffff800c8990 devid=0 grpid=0 avg_us{in_sync=0 exec=2370 out_sync=18860 total=21232} out_bytes_avg=30800 n=12
[ax_runner_axcl] profile runner=0xffff80128990 devid=0 grpid=0 avg_us{in_sync=0 exec=4269 out_sync=52191 total=56462} out_bytes_avg=4838400 n=11
[ax_runner_axcl] profile runner=0xffff8010fe20 devid=0 grpid=0 avg_us{in_sync=0 exec=4434 out_sync=47815 total=52250} out_bytes_avg=4838400 n=11
[ax_runner_axcl] profile runner=0xffff801203f8 devid=0 grpid=0 avg_us{in_sync=0 exec=6648 out_sync=22123 total=28772} out_bytes_avg=2359296 n=8
[ax_runner_axcl] profile runner=0xffff801131a8 devid=0 grpid=0 avg_us{in_sync=0 exec=3081 out_sync=80717 total=83801} out_bytes_avg=7174400 n=8
[ax_runner_axcl] profile runner=0xffff80012190 devid=0 grpid=0 avg_us{in_sync=0 exec=2556 out_sync=23947 total=26506} out_bytes_avg=2822400 n=14
[ax_runner_axcl] profile runner=0xffff80128990 devid=0 grpid=0 avg_us{in_sync=0 exec=4945 out_sync=57469 total=62416} out_bytes_avg=4838400 n=10
[ax_runner_axcl] profile runner=0xffff800c8990 devid=0 grpid=0 avg_us{in_sync=0 exec=2209 out_sync=19904 total=22115} out_bytes_avg=30800 n=13
[ax_runner_axcl] profile runner=0xffff8010fe20 devid=0 grpid=0 avg_us{in_sync=0 exec=5044 out_sync=47173 total=52219} out_bytes_avg=4838400 n=11
[ax_runner_axcl] profile runner=0xffff801203f8 devid=0 grpid=0 avg_us{in_sync=0 exec=6588 out_sync=20009 total=26598} out_bytes_avg=2359296 n=9
[ax_runner_axcl] profile runner=0xffff80012190 devid=0 grpid=0 avg_us{in_sync=0 exec=2298 out_sync=26138 total=28438} out_bytes_avg=2822400 n=14
[ax_runner_axcl] profile runner=0xffff801131a8 devid=0 grpid=0 avg_us{in_sync=0 exec=3050 out_sync=80155 total=83207} out_bytes_avg=7174400 n=6
[ax_runner_axcl] profile runner=0xffff80128990 devid=0 grpid=0 avg_us{in_sync=0 exec=5038 out_sync=49424 total=54463} out_bytes_avg=4838400 n=11
[ax_runner_axcl] profile runner=0xffff800c8990 devid=0 grpid=0 avg_us{in_sync=0 exec=1654 out_sync=21040 total=22696} out_bytes_avg=30800 n=13
{"event":"count_loop_reset","loop":6}
[ax_runner_axcl] profile runner=0xffff8010fe20 devid=0 grpid=0 avg_us{in_sync=0 exec=4836 out_sync=49161 total=54000} out_bytes_avg=4838400 n=10
[ax_runner_axcl] profile runner=0xffff801203f8 devid=0 grpid=0 avg_us{in_sync=0 exec=6593 out_sync=23244 total=29842} out_bytes_avg=2359296 n=9
[ax_runner_axcl] profile runner=0xffff80012190 devid=0 grpid=0 avg_us{in_sync=0 exec=2332 out_sync=24254 total=26589} out_bytes_avg=2822400 n=14
[ax_runner_axcl] profile runner=0xffff801131a8 devid=0 grpid=0 avg_us{in_sync=0 exec=3990 out_sync=81255 total=85246} out_bytes_avg=7174400 n=7
[ax_runner_axcl] profile runner=0xffff80128990 devid=0 grpid=0 avg_us{in_sync=0 exec=4507 out_sync=47299 total=51808} out_bytes_avg=4838400 n=11
[ax_runner_axcl] profile runner=0xffff800c8990 devid=0 grpid=0 avg_us{in_sync=0 exec=1157 out_sync=15815 total=16975} out_bytes_avg=30800 n=13
[ax_runner_axcl] profile runner=0xffff8010fe20 devid=0 grpid=0 avg_us{in_sync=0 exec=4792 out_sync=48408 total=53201} out_bytes_avg=4838400 n=11
[ax_runner_axcl] profile runner=0xffff801203f8 devid=0 grpid=0 avg_us{in_sync=0 exec=6639 out_sync=27801 total=34441} out_bytes_avg=2359296 n=8
[ax_runner_axcl] profile runner=0xffff80012190 devid=0 grpid=0 avg_us{in_sync=0 exec=2924 out_sync=25878 total=28804} out_bytes_avg=2822400 n=13
[ax_runner_axcl] profile runner=0xffff801131a8 devid=0 grpid=0 avg_us{in_sync=0 exec=2825 out_sync=79494 total=82321} out_bytes_avg=7174400 n=6
[ax_runner_axcl] profile runner=0xffff80128990 devid=0 grpid=0 avg_us{in_sync=0 exec=4258 out_sync=55787 total=60047} out_bytes_avg=4838400 n=10
[ax_runner_axcl] profile runner=0xffff800c8990 devid=0 grpid=0 avg_us{in_sync=0 exec=1738 out_sync=25027 total=26767} out_bytes_avg=30800 n=12
[ax_runner_axcl] profile runner=0xffff8010fe20 devid=0 grpid=0 avg_us{in_sync=0 exec=4618 out_sync=50548 total=55168} out_bytes_avg=4838400 n=10
[ax_runner_axcl] profile runner=0xffff801203f8 devid=0 grpid=0 avg_us{in_sync=0 exec=7311 out_sync=16692 total=24005} out_bytes_avg=2359296 n=9
[ax_runner_axcl] profile runner=0xffff80012190 devid=0 grpid=0 avg_us{in_sync=0 exec=2625 out_sync=23366 total=25993} out_bytes_avg=2822400 n=15
[ax_runner_axcl] profile runner=0xffff801131a8 devid=0 grpid=0 avg_us{in_sync=0 exec=2778 out_sync=83307 total=86088} out_bytes_avg=7174400 n=6
{"direction":"right_to_left","event":"crossing","id":273,"lr":0,"rl":7}
[ax_runner_axcl] profile runner=0xffff80128990 devid=0 grpid=0 avg_us{in_sync=0 exec=5530 out_sync=55445 total=60978} out_bytes_avg=4838400 n=11
[ax_runner_axcl] profile runner=0xffff800c8990 devid=0 grpid=0 avg_us{in_sync=0 exec=1449 out_sync=20196 total=21646} out_bytes_avg=30800 n=13
[ax_runner_axcl] profile runner=0xffff8010fe20 devid=0 grpid=0 avg_us{in_sync=0 exec=4569 out_sync=47258 total=51829} out_bytes_avg=4838400 n=11
[ax_runner_axcl] profile runner=0xffff801203f8 devid=0 grpid=0 avg_us{in_sync=0 exec=6678 out_sync=21518 total=28198} out_bytes_avg=2359296 n=9
[ax_runner_axcl] profile runner=0xffff80012190 devid=0 grpid=0 avg_us{in_sync=0 exec=2398 out_sync=21754 total=24154} out_bytes_avg=2822400 n=14
[ax_runner_axcl] profile runner=0xffff801131a8 devid=0 grpid=0 avg_us{in_sync=0 exec=3011 out_sync=74626 total=77640} out_bytes_avg=7174400 n=6
[ax_runner_axcl] profile runner=0xffff80128990 devid=0 grpid=0 avg_us{in_sync=0 exec=4805 out_sync=50024 total=54830} out_bytes_avg=4838400 n=11
[ax_runner_axcl] profile runner=0xffff800c8990 devid=0 grpid=0 avg_us{in_sync=0 exec=1539 out_sync=19071 total=20612} out_bytes_avg=30800 n=13
{"channels":[{"decoded":962,"dropped":0,"encoded":961,"infer_fps":11.997489119886588,"inferred":961,"lr":0,"mux_errors":0,"name":"pcd","objects":9,"process_ms":60.14904900075635,"render_ms":5.66799400257878,"render_replaced":0,"rendered":962,"result_age":0.05095790699851932,"rl":0,"submit_errors":0},{"decoded":2003,"dropped":207,"encoded":1780,"infer_fps":10.1978657519036,"inferred":796,"lr":0,"mux_errors":0,"name":"vehicle","objects":4,"process_ms":83.1284450032399,"render_ms":4.6643630012113135,"render_replaced":0,"rendered":1993,"result_age":0.04405215500082704,"rl":0,"submit_errors":0},{"decoded":2406,"dropped":580,"encoded":1813,"infer_fps":5.998744559943294,"inferred":450,"lr":0,"mux_errors":0,"name":"seg","objects":1,"process_ms":156.84366200002842,"render_ms":14.786719002586324,"render_replaced":0,"rendered":2405,"result_age":0.032231037999736145,"rl":0,"submit_errors":0},{"decoded":2400,"dropped":567,"encoded":1811,"infer_fps":13.397196183873357,"inferred":1038,"lr":0,"mux_errors":0,"name":"driving","objects":0,"process_ms":68.54706100057228,"render_ms":6.328914998448454,"render_replaced":0,"rendered":2389,"result_age":0.03547039199838764,"rl":0,"submit_errors":0},{"decoded":1923,"dropped":134,"encoded":1788,"infer_fps":7.698388851927227,"inferred":603,"lr":0,"mux_errors":0,"name":"depth","objects":0,"process_ms":125.29137900128262,"render_ms":11.419406000641175,"render_replaced":0,"rendered":1923,"result_age":0.11225533700053347,"rl":0,"submit_errors":0},{"decoded":1929,"dropped":143,"encoded":1781,"infer_fps":9.897928523906435,"inferred":786,"lr":0,"mux_errors":0,"name":"count","objects":6,"process_ms":81.29239100162522,"render_ms":5.371658997319173,"render_replaced":0,"rendered":1929,"result_age":0.009525601999484934,"rl":7,"submit_errors":0}],"elapsed":80.10400138100158,"event":"stats","overview_dropped":598,"overview_encoded":1791,"overview_mux_errors":0}
[ax_runner_axcl] profile runner=0xffff8010fe20 devid=0 grpid=0 avg_us{in_sync=0 exec=4955 out_sync=47084 total=52041} out_bytes_avg=4838400 n=12
[ax_runner_axcl] profile runner=0xffff801203f8 devid=0 grpid=0 avg_us{in_sync=0 exec=6606 out_sync=23348 total=29955} out_bytes_avg=2359296 n=8
[ax_runner_axcl] profile runner=0xffff80012190 devid=0 grpid=0 avg_us{in_sync=0 exec=2792 out_sync=24150 total=26945} out_bytes_avg=2822400 n=15
[ax_runner_axcl] profile runner=0xffff801131a8 devid=0 grpid=0 avg_us{in_sync=0 exec=3744 out_sync=85155 total=88901} out_bytes_avg=7174400 n=6
[ax_runner_axcl] profile runner=0xffff80128990 devid=0 grpid=0 avg_us{in_sync=0 exec=4706 out_sync=51321 total=56029} out_bytes_avg=4838400 n=10
[ax_runner_axcl] profile runner=0xffff800c8990 devid=0 grpid=0 avg_us{in_sync=0 exec=1671 out_sync=21331 total=23005} out_bytes_avg=30800 n=13
[ax_runner_axcl] profile runner=0xffff8010fe20 devid=0 grpid=0 avg_us{in_sync=0 exec=4575 out_sync=46862 total=51438} out_bytes_avg=4838400 n=11
[ax_runner_axcl] profile runner=0xffff801203f8 devid=0 grpid=0 avg_us{in_sync=0 exec=7245 out_sync=21908 total=29155} out_bytes_avg=2359296 n=8
[ax_runner_axcl] profile runner=0xffff80012190 devid=0 grpid=0 avg_us{in_sync=0 exec=2693 out_sync=24983 total=27679} out_bytes_avg=2822400 n=14
[ax_runner_axcl] profile runner=0xffff801131a8 devid=0 grpid=0 avg_us{in_sync=0 exec=2978 out_sync=76830 total=79809} out_bytes_avg=7174400 n=6
[ax_runner_axcl] profile runner=0xffff80128990 devid=0 grpid=0 avg_us{in_sync=0 exec=5446 out_sync=52656 total=58105} out_bytes_avg=4838400 n=10
[ax_runner_axcl] profile runner=0xffff8010fe20 devid=0 grpid=0 avg_us{in_sync=0 exec=4417 out_sync=50586 total=55005} out_bytes_avg=4838400 n=11
[ax_runner_axcl] profile runner=0xffff800c8990 devid=0 grpid=0 avg_us{in_sync=0 exec=2304 out_sync=17821 total=20127} out_bytes_avg=30800 n=13
[ax_runner_axcl] profile runner=0xffff801203f8 devid=0 grpid=0 avg_us{in_sync=0 exec=6655 out_sync=24253 total=30909} out_bytes_avg=2359296 n=8
[ax_runner_axcl] profile runner=0xffff80012190 devid=0 grpid=0 avg_us{in_sync=0 exec=3469 out_sync=25110 total=28582} out_bytes_avg=2822400 n=14
[ax_runner_axcl] profile runner=0xffff801131a8 devid=0 grpid=0 avg_us{in_sync=0 exec=3703 out_sync=76514 total=80218} out_bytes_avg=7174400 n=6
[ax_runner_axcl] profile runner=0xffff80128990 devid=0 grpid=0 avg_us{in_sync=0 exec=4228 out_sync=55738 total=59968} out_bytes_avg=4838400 n=10
[ax_runner_axcl] profile runner=0xffff8010fe20 devid=0 grpid=0 avg_us{in_sync=0 exec=4254 out_sync=49906 total=54162} out_bytes_avg=4838400 n=11
[ax_runner_axcl] profile runner=0xffff800c8990 devid=0 grpid=0 avg_us{in_sync=0 exec=2837 out_sync=20468 total=23307} out_bytes_avg=30800 n=12
[ax_runner_axcl] profile runner=0xffff801203f8 devid=0 grpid=0 avg_us{in_sync=0 exec=6712 out_sync=26251 total=32965} out_bytes_avg=2359296 n=8
[ax_runner_axcl] profile runner=0xffff80012190 devid=0 grpid=0 avg_us{in_sync=0 exec=3149 out_sync=27657 total=30808} out_bytes_avg=2822400 n=14
[ax_runner_axcl] profile runner=0xffff801131a8 devid=0 grpid=0 avg_us{in_sync=0 exec=3573 out_sync=81915 total=85490} out_bytes_avg=7174400 n=6
[ax_runner_axcl] profile runner=0xffff80128990 devid=0 grpid=0 avg_us{in_sync=0 exec=4678 out_sync=49809 total=54489} out_bytes_avg=4838400 n=11
[ax_runner_axcl] profile runner=0xffff800c8990 devid=0 grpid=0 avg_us{in_sync=0 exec=1908 out_sync=19039 total=20950} out_bytes_avg=30800 n=13
[ax_runner_axcl] profile runner=0xffff8010fe20 devid=0 grpid=0 avg_us{in_sync=0 exec=4699 out_sync=47540 total=52240} out_bytes_avg=4838400 n=12
[ax_runner_axcl] profile runner=0xffff80012190 devid=0 grpid=0 avg_us{in_sync=0 exec=2704 out_sync=25010 total=27716} out_bytes_avg=2822400 n=14
[ax_runner_axcl] profile runner=0xffff801203f8 devid=0 grpid=0 avg_us{in_sync=0 exec=6879 out_sync=16391 total=23272} out_bytes_avg=2359296 n=9
[ax_runner_axcl] profile runner=0xffff801131a8 devid=0 grpid=0 avg_us{in_sync=0 exec=3545 out_sync=83809 total=87355} out_bytes_avg=7174400 n=5
[ax_runner_axcl] profile runner=0xffff80128990 devid=0 grpid=0 avg_us{in_sync=0 exec=4930 out_sync=44124 total=49056} out_bytes_avg=4838400 n=11
[ax_runner_axcl] profile runner=0xffff800c8990 devid=0 grpid=0 avg_us{in_sync=0 exec=1201 out_sync=21844 total=23046} out_bytes_avg=30800 n=12
[ax_runner_axcl] profile runner=0xffff8010fe20 devid=0 grpid=0 avg_us{in_sync=0 exec=5041 out_sync=48982 total=54025} out_bytes_avg=4838400 n=11
[ax_runner_axcl] profile runner=0xffff80012190 devid=0 grpid=0 avg_us{in_sync=0 exec=2250 out_sync=25171 total=27424} out_bytes_avg=2822400 n=14
[ax_runner_axcl] profile runner=0xffff801203f8 devid=0 grpid=0 avg_us{in_sync=0 exec=6870 out_sync=25869 total=32741} out_bytes_avg=2359296 n=9
[ax_runner_axcl] profile runner=0xffff801131a8 devid=0 grpid=0 avg_us{in_sync=0 exec=3839 out_sync=83815 total=87655} out_bytes_avg=7174400 n=6
[ax_runner_axcl] profile runner=0xffff80128990 devid=0 grpid=0 avg_us{in_sync=0 exec=4514 out_sync=49584 total=54100} out_bytes_avg=4838400 n=11
[ax_runner_axcl] profile runner=0xffff800c8990 devid=0 grpid=0 avg_us{in_sync=0 exec=2519 out_sync=22427 total=24948} out_bytes_avg=30800 n=13
[ax_runner_axcl] profile runner=0xffff8010fe20 devid=0 grpid=0 avg_us{in_sync=0 exec=4436 out_sync=53060 total=57499} out_bytes_avg=4838400 n=11
[ax_runner_axcl] profile runner=0xffff80012190 devid=0 grpid=0 avg_us{in_sync=0 exec=2379 out_sync=24823 total=27204} out_bytes_avg=2822400 n=14
[ax_runner_axcl] profile runner=0xffff801203f8 devid=0 grpid=0 avg_us{in_sync=0 exec=6925 out_sync=22675 total=29602} out_bytes_avg=2359296 n=8
[ax_runner_axcl] profile runner=0xffff801131a8 devid=0 grpid=0 avg_us{in_sync=0 exec=3033 out_sync=78071 total=81105} out_bytes_avg=7174400 n=6
[ax_runner_axcl] profile runner=0xffff80128990 devid=0 grpid=0 avg_us{in_sync=0 exec=5431 out_sync=51112 total=56545} out_bytes_avg=4838400 n=11
