18:58:57.578 INF operator():132 | AXCL engine VNPU kind=0
MATCH seed=0 tensor=0 bytes=17600 hash=60b9d095f74ab8d6
MATCH seed=0 tensor=1 bytes=13200 hash=c56e01351ca5c52a
PASS model=/home/baiwen/ax-pipeline/pcd.axmodel seed=0 outputs=2 bytes=30800
MATCH seed=1 tensor=0 bytes=17600 hash=992a10b061393c97
MATCH seed=1 tensor=1 bytes=13200 hash=632db072d7ac56ee
PASS model=/home/baiwen/ax-pipeline/pcd.axmodel seed=1 outputs=2 bytes=30800
MATCH seed=42 tensor=0 bytes=17600 hash=f00e31c01323dd64
MATCH seed=42 tensor=1 bytes=13200 hash=c51c6890543e8a56
PASS model=/home/baiwen/ax-pipeline/pcd.axmodel seed=42 outputs=2 bytes=30800
MATCH seed=0 tensor=0 bytes=1638400 hash=6ccf4327136fc7
MATCH seed=0 tensor=1 bytes=2048000 hash=f408ea441e793961
MATCH seed=0 tensor=2 bytes=409600 hash=d95cc60369e43207
MATCH seed=0 tensor=3 bytes=512000 hash=e9e2ad6023046c3f
MATCH seed=0 tensor=4 bytes=102400 hash=e1ceeaf62177fbaf
MATCH seed=0 tensor=5 bytes=128000 hash=840dc9c6e48ce39c
PASS model=models/vehicle.axmodel seed=0 outputs=6 bytes=4838400
MATCH seed=1 tensor=0 bytes=1638400 hash=55f7087a0b617673
MATCH seed=1 tensor=1 bytes=2048000 hash=32feae75a44e5df7
MATCH seed=1 tensor=2 bytes=409600 hash=8e45f1da9cf8d988
MATCH seed=1 tensor=3 bytes=512000 hash=6b1e3821a8538905
MATCH seed=1 tensor=4 bytes=102400 hash=5e083f80a50813c8
MATCH seed=1 tensor=5 bytes=128000 hash=8e28597e0a15a590
PASS model=models/vehicle.axmodel seed=1 outputs=6 bytes=4838400
MATCH seed=42 tensor=0 bytes=1638400 hash=4b6dede12c836260
MATCH seed=42 tensor=1 bytes=2048000 hash=893589d3d3985f35
MATCH seed=42 tensor=2 bytes=409600 hash=d0a332e651dd04dc
MATCH seed=42 tensor=3 bytes=512000 hash=47efc617c64540af
MATCH seed=42 tensor=4 bytes=102400 hash=e6673e597e35ded7
MATCH seed=42 tensor=5 bytes=128000 hash=6b60fef252e01ce6
PASS model=models/vehicle.axmodel seed=42 outputs=6 bytes=4838400
MATCH seed=0 tensor=0 bytes=102400 hash=1248536785cef174
MATCH seed=0 tensor=1 bytes=2048000 hash=93b9a1031eea573
MATCH seed=0 tensor=2 bytes=819200 hash=65102afe8a598cd4
MATCH seed=0 tensor=3 bytes=25600 hash=ee8dbd49df5971dd
MATCH seed=0 tensor=4 bytes=512000 hash=b6cde4aca3d84ee
MATCH seed=0 tensor=5 bytes=204800 hash=47315a274fdee072
MATCH seed=0 tensor=6 bytes=6400 hash=45c3cde29258bea9
MATCH seed=0 tensor=7 bytes=128000 hash=171e57dbbba3871a
MATCH seed=0 tensor=8 bytes=51200 hash=e30f09899a7d980f
MATCH seed=0 tensor=9 bytes=3276800 hash=152bb355f32a50ef
PASS model=models/seg.axmodel seed=0 outputs=10 bytes=7174400
MATCH seed=1 tensor=0 bytes=102400 hash=b95a4e84d6dd7c5a
MATCH seed=1 tensor=1 bytes=2048000 hash=988c07177f2d5f76
MATCH seed=1 tensor=2 bytes=819200 hash=3add86bc78bfa54c
MATCH seed=1 tensor=3 bytes=25600 hash=b59adbe87d4c3174
MATCH seed=1 tensor=4 bytes=512000 hash=9a0a540e15301e7f
MATCH seed=1 tensor=5 bytes=204800 hash=17068e5acce4aea0
MATCH seed=1 tensor=6 bytes=6400 hash=5627d4002d167b1
MATCH seed=1 tensor=7 bytes=128000 hash=774d1e124ec401d0
MATCH seed=1 tensor=8 bytes=51200 hash=dbf2737c35647b2c
MATCH seed=1 tensor=9 bytes=3276800 hash=d1bd818de3b00cf4
PASS model=models/seg.axmodel seed=1 outputs=10 bytes=7174400
MATCH seed=42 tensor=0 bytes=102400 hash=afc8bd08ea9d5113
MATCH seed=42 tensor=1 bytes=2048000 hash=7f5fc1afd67c8f55
MATCH seed=42 tensor=2 bytes=819200 hash=edfaea77f4dd8741
MATCH seed=42 tensor=3 bytes=25600 hash=13ea28ff5b78eb14
MATCH seed=42 tensor=4 bytes=512000 hash=ce8416af675a349b
MATCH seed=42 tensor=5 bytes=204800 hash=ecd4e5871d8d34cf
MATCH seed=42 tensor=6 bytes=6400 hash=ba6451537913f075
MATCH seed=42 tensor=7 bytes=128000 hash=f47150b518bc9a45
MATCH seed=42 tensor=8 bytes=51200 hash=889a25386c5a480f
MATCH seed=42 tensor=9 bytes=3276800 hash=e12a7e69333ed68c
PASS model=models/seg.axmodel seed=42 outputs=10 bytes=7174400
MATCH seed=0 tensor=0 bytes=102400 hash=39d4b83fc5b6afab
MATCH seed=0 tensor=1 bytes=2048000 hash=ab76148cce7d9b0b
MATCH seed=0 tensor=2 bytes=25600 hash=13adea8f648c6c5e
MATCH seed=0 tensor=3 bytes=512000 hash=c8e14ae1fb50cc4e
MATCH seed=0 tensor=4 bytes=6400 hash=c21bbeb7ad5e69d6
MATCH seed=0 tensor=5 bytes=128000 hash=f43ae3b4eb09302a
PASS model=models/yolo26n.axmodel seed=0 outputs=6 bytes=2822400
MATCH seed=1 tensor=0 bytes=102400 hash=6d7a1761280945cc
MATCH seed=1 tensor=1 bytes=2048000 hash=968b93ba8f0f5071
MATCH seed=1 tensor=2 bytes=25600 hash=50c2b10920fde42f
MATCH seed=1 tensor=3 bytes=512000 hash=8c98ffe53b1963ee
MATCH seed=1 tensor=4 bytes=6400 hash=870d9b298025b7c1
MATCH seed=1 tensor=5 bytes=128000 hash=b7d41804f8fc9dbc
PASS model=models/yolo26n.axmodel seed=1 outputs=6 bytes=2822400
MATCH seed=42 tensor=0 bytes=102400 hash=91c3c5e98e22dcb9
MATCH seed=42 tensor=1 bytes=2048000 hash=dad1513fe1b8c9b1
MATCH seed=42 tensor=2 bytes=25600 hash=884aeb459d8aa1d
MATCH seed=42 tensor=3 bytes=512000 hash=c6ebecf539ea27c3
MATCH seed=42 tensor=4 bytes=6400 hash=37aeac3afa08f628
MATCH seed=42 tensor=5 bytes=128000 hash=a303466d4570f17e
PASS model=models/yolo26n.axmodel seed=42 outputs=6 bytes=2822400
DEPTH_CROP_MATCH bytes=1327104 full_bytes=2359296
MATCH seed=0 tensor=0 bytes=2359296 hash=7ff773fbaeaa2325
PASS model=models/depth.axmodel seed=0 outputs=1 bytes=2359296
DEPTH_CROP_MATCH bytes=1327104 full_bytes=2359296
MATCH seed=1 tensor=0 bytes=2359296 hash=f9ce931ca90dbb30
PASS model=models/depth.axmodel seed=1 outputs=1 bytes=2359296
DEPTH_CROP_MATCH bytes=1327104 full_bytes=2359296
MATCH seed=42 tensor=0 bytes=2359296 hash=52dd9ccbcc140a95
PASS model=models/depth.axmodel seed=42 outputs=1 bytes=2359296
