{"direction":"right_to_left","event":"crossing","id":14,"lr":0,"rl":2}
[ax_runner_axcl] profile runner=0xffff9c0c8990 devid=0 grpid=0 avg_us{in_sync=0 exec=1064 out_sync=3640 total=4706} out_bytes_avg=30800 n=10
[ax_runner_axcl] profile runner=0xffff9c1e0838 devid=0 grpid=0 avg_us{in_sync=0 exec=6730 out_sync=10179 total=16911} out_bytes_avg=2359296 n=7
[2026-09-16T18:53:03.133] [INFO] [T:281466887728832] RTSP OPTIONS rtsp://127.0.0.1:8554/overview
[2026-09-16T18:53:03.134] [INFO] [T:281466887728832] RTSP DESCRIBE rtsp://127.0.0.1:8554/overview
[2026-09-16T18:53:03.135] [INFO] [T:281466887728832] RTSP SETUP rtsp://127.0.0.1:8554/overview/stream
[2026-09-16T18:53:03.137] [INFO] [T:281466887728832] RTSP PLAY rtsp://127.0.0.1:8554/overview/
[ax_runner_axcl] profile runner=0xffff9c10e5e0 devid=0 grpid=0 avg_us{in_sync=0 exec=4255 out_sync=32501 total=36758} out_bytes_avg=4838400 n=9
[ax_runner_axcl] profile runner=0xffff9c1e96f0 devid=0 grpid=0 avg_us{in_sync=0 exec=4564 out_sync=28645 total=33211} out_bytes_avg=4838400 n=9
[ax_runner_axcl] profile runner=0xffff9c19d540 devid=0 grpid=0 avg_us{in_sync=0 exec=2407 out_sync=23776 total=26185} out_bytes_avg=2822400 n=9
[ax_runner_axcl] profile runner=0xffff9c1494e8 devid=0 grpid=0 avg_us{in_sync=0 exec=2799 out_sync=44394 total=47195} out_bytes_avg=7174400 n=7
[ax_runner_axcl] profile runner=0xffff9c0c8990 devid=0 grpid=0 avg_us{in_sync=0 exec=1115 out_sync=4822 total=5938} out_bytes_avg=30800 n=11
[ax_runner_axcl] profile runner=0xffff9c1e0838 devid=0 grpid=0 avg_us{in_sync=0 exec=6661 out_sync=8379 total=15041} out_bytes_avg=2359296 n=7
[ax_runner_axcl] profile runner=0xffff9c10e5e0 devid=0 grpid=0 avg_us{in_sync=0 exec=4930 out_sync=27030 total=31962} out_bytes_avg=4838400 n=9
{"channels":[{"decoded":121,"dropped":0,"encoded":120,"infer_fps":9.196504944625028,"inferred":92,"lr":0,"mux_errors":0,"name":"pcd","objects":3,"process_ms":106.24399199878098,"render_ms":4.578330997901503,"render_replaced":0,"rendered":121,"result_age":0.05589985299957334,"rl":0,"submit_errors":0},{"decoded":249,"dropped":0,"encoded":247,"infer_fps":7.697074790610078,"inferred":77,"lr":0,"mux_errors":0,"name":"vehicle","objects":6,"process_ms":135.64103499811608,"render_ms":4.685915002482943,"render_replaced":0,"rendered":249,"result_age":0.0059407590015325695,"rl":0,"submit_errors":0},{"decoded":301,"dropped":0,"encoded":300,"infer_fps":6.097682626327464,"inferred":61,"lr":0,"mux_errors":0,"name":"seg","objects":4,"process_ms":122.22687800021959,"render_ms":7.5895230002061,"render_replaced":0,"rendered":301,"result_age":0.09431822300030035,"rl":0,"submit_errors":0},{"decoded":300,"dropped":0,"encoded":298,"infer_fps":7.797036800877741,"inferred":78,"lr":0,"mux_errors":0,"name":"driving","objects":2,"process_ms":121.89054199916427,"render_ms":4.664664997108048,"render_replaced":0,"rendered":298,"result_age":0.06321991600270849,"rl":0,"submit_errors":0},{"decoded":241,"dropped":0,"encoded":240,"infer_fps":6.697454687933444,"inferred":67,"lr":0,"mux_errors":0,"name":"depth","objects":0,"process_ms":129.25960600114195,"render_ms":6.84289200216881,"render_replaced":0,"rendered":240,"result_age":0.07440101099928143,"rl":0,"submit_errors":0},{"decoded":241,"dropped":0,"encoded":240,"infer_fps":7.797036800877741,"inferred":78,"lr":0,"mux_errors":0,"name":"count","objects":8,"process_ms":134.81911099734134,"render_ms":5.09746099851327,"render_replaced":0,"rendered":241,"result_age":0.03221227500034729,"rl":2,"submit_errors":0}],"elapsed":10.003800417001912,"event":"stats","overview_dropped":0,"overview_encoded":294,"overview_mux_errors":0}
[ax_runner_axcl] profile runner=0xffff9c1e96f0 devid=0 grpid=0 avg_us{in_sync=0 exec=4269 out_sync=29236 total=33507} out_bytes_avg=4838400 n=7
[ax_runner_axcl] profile runner=0xffff9c19d540 devid=0 grpid=0 avg_us{in_sync=0 exec=2200 out_sync=23188 total=25390} out_bytes_avg=2822400 n=8
[ax_runner_axcl] profile runner=0xffff9c1494e8 devid=0 grpid=0 avg_us{in_sync=0 exec=3159 out_sync=40060 total=43220} out_bytes_avg=7174400 n=7
[ax_runner_axcl] profile runner=0xffff9c0c8990 devid=0 grpid=0 avg_us{in_sync=0 exec=1257 out_sync=5588 total=6847} out_bytes_avg=30800 n=10
[ax_runner_axcl] profile runner=0xffff9c1e0838 devid=0 grpid=0 avg_us{in_sync=0 exec=6535 out_sync=10267 total=16803} out_bytes_avg=2359296 n=8
[ax_runner_axcl] profile runner=0xffff9c10e5e0 devid=0 grpid=0 avg_us{in_sync=0 exec=4419 out_sync=28166 total=32586} out_bytes_avg=4838400 n=9
[ax_runner_axcl] profile runner=0xffff9c1e96f0 devid=0 grpid=0 avg_us{in_sync=0 exec=4373 out_sync=32085 total=36459} out_bytes_avg=4838400 n=8
[ax_runner_axcl] profile runner=0xffff9c1494e8 devid=0 grpid=0 avg_us{in_sync=0 exec=3273 out_sync=46438 total=49713} out_bytes_avg=7174400 n=6
[ax_runner_axcl] profile runner=0xffff9c19d540 devid=0 grpid=0 avg_us{in_sync=0 exec=2687 out_sync=23838 total=26528} out_bytes_avg=2822400 n=9
[ax_runner_axcl] profile runner=0xffff9c1e0838 devid=0 grpid=0 avg_us{in_sync=0 exec=6665 out_sync=8557 total=15223} out_bytes_avg=2359296 n=6
[ax_runner_axcl] profile runner=0xffff9c0c8990 devid=0 grpid=0 avg_us{in_sync=0 exec=1187 out_sync=6075 total=7263} out_bytes_avg=30800 n=10
[ax_runner_axcl] profile runner=0xffff9c10e5e0 devid=0 grpid=0 avg_us{in_sync=0 exec=5079 out_sync=31444 total=36525} out_bytes_avg=4838400 n=8
[ax_runner_axcl] profile runner=0xffff9c1e96f0 devid=0 grpid=0 avg_us{in_sync=0 exec=4388 out_sync=37984 total=42375} out_bytes_avg=4838400 n=6
[ax_runner_axcl] profile runner=0xffff9c19d540 devid=0 grpid=0 avg_us{in_sync=0 exec=2270 out_sync=28094 total=30368} out_bytes_avg=2822400 n=7
{"event":"count_loop_reset","loop":1}
[ax_runner_axcl] profile runner=0xffff9c1494e8 devid=0 grpid=0 avg_us{in_sync=0 exec=2913 out_sync=55916 total=58831} out_bytes_avg=7174400 n=6
[ax_runner_axcl] profile runner=0xffff9c0c8990 devid=0 grpid=0 avg_us{in_sync=0 exec=1288 out_sync=8007 total=9297} out_bytes_avg=30800 n=8
[ax_runner_axcl] profile runner=0xffff9c1e0838 devid=0 grpid=0 avg_us{in_sync=0 exec=6760 out_sync=10695 total=17456} out_bytes_avg=2359296 n=7
[ax_runner_axcl] profile runner=0xffff9c10e5e0 devid=0 grpid=0 avg_us{in_sync=0 exec=4427 out_sync=27024 total=31452} out_bytes_avg=4838400 n=8
[ax_runner_axcl] profile runner=0xffff9c1e96f0 devid=0 grpid=0 avg_us{in_sync=0 exec=4460 out_sync=29952 total=34414} out_bytes_avg=4838400 n=9
[ax_runner_axcl] profile runner=0xffff9c19d540 devid=0 grpid=0 avg_us{in_sync=0 exec=2756 out_sync=21997 total=24756} out_bytes_avg=2822400 n=8
[ax_runner_axcl] profile runner=0xffff9c1494e8 devid=0 grpid=0 avg_us{in_sync=0 exec=3268 out_sync=43381 total=46651} out_bytes_avg=7174400 n=6
[ax_runner_axcl] profile runner=0xffff9c0c8990 devid=0 grpid=0 avg_us{in_sync=0 exec=987 out_sync=3998 total=4986} out_bytes_avg=30800 n=10
[ax_runner_axcl] profile runner=0xffff9c1e0838 devid=0 grpid=0 avg_us{in_sync=0 exec=6749 out_sync=9926 total=16677} out_bytes_avg=2359296 n=6
[ax_runner_axcl] profile runner=0xffff9c10e5e0 devid=0 grpid=0 avg_us{in_sync=0 exec=4343 out_sync=30106 total=34451} out_bytes_avg=4838400 n=9
[ax_runner_axcl] profile runner=0xffff9c1e96f0 devid=0 grpid=0 avg_us{in_sync=0 exec=4262 out_sync=30068 total=34333} out_bytes_avg=4838400 n=8
[ax_runner_axcl] profile runner=0xffff9c19d540 devid=0 grpid=0 avg_us{in_sync=0 exec=2427 out_sync=24579 total=27008} out_bytes_avg=2822400 n=8
[ax_runner_axcl] profile runner=0xffff9c1494e8 devid=0 grpid=0 avg_us{in_sync=0 exec=3134 out_sync=46034 total=49169} out_bytes_avg=7174400 n=7
[ax_runner_axcl] profile runner=0xffff9c0c8990 devid=0 grpid=0 avg_us{in_sync=0 exec=1078 out_sync=6909 total=7989} out_bytes_avg=30800 n=10
[ax_runner_axcl] profile runner=0xffff9c1e0838 devid=0 grpid=0 avg_us{in_sync=0 exec=6585 out_sync=10149 total=16735} out_bytes_avg=2359296 n=7
[ax_runner_axcl] profile runner=0xffff9c10e5e0 devid=0 grpid=0 avg_us{in_sync=0 exec=4306 out_sync=30238 total=34547} out_bytes_avg=4838400 n=9
{"direction":"right_to_left","event":"crossing","id":62,"lr":0,"rl":3}
[ax_runner_axcl] profile runner=0xffff9c1e96f0 devid=0 grpid=0 avg_us{in_sync=0 exec=4733 out_sync=30340 total=35074} out_bytes_avg=4838400 n=9
[ax_runner_axcl] profile runner=0xffff9c19d540 devid=0 grpid=0 avg_us{in_sync=0 exec=2735 out_sync=22575 total=25312} out_bytes_avg=2822400 n=9
[ax_runner_axcl] profile runner=0xffff9c1494e8 devid=0 grpid=0 avg_us{in_sync=0 exec=2826 out_sync=40575 total=43404} out_bytes_avg=7174400 n=7
[ax_runner_axcl] profile runner=0xffff9c0c8990 devid=0 grpid=0 avg_us{in_sync=0 exec=999 out_sync=8336 total=9336} out_bytes_avg=30800 n=11
[ax_runner_axcl] profile runner=0xffff9c1e0838 devid=0 grpid=0 avg_us{in_sync=0 exec=6555 out_sync=9299 total=15855} out_bytes_avg=2359296 n=7
[ax_runner_axcl] profile runner=0xffff9c10e5e0 devid=0 grpid=0 avg_us{in_sync=0 exec=4515 out_sync=29342 total=33859} out_bytes_avg=4838400 n=9
[ax_runner_axcl] profile runner=0xffff9c1e96f0 devid=0 grpid=0 avg_us{in_sync=0 exec=4534 out_sync=28944 total=33480} out_bytes_avg=4838400 n=8
[ax_runner_axcl] profile runner=0xffff9c19d540 devid=0 grpid=0 avg_us{in_sync=0 exec=2411 out_sync=24204 total=26618} out_bytes_avg=2822400 n=8
[ax_runner_axcl] profile runner=0xffff9c0c8990 devid=0 grpid=0 avg_us{in_sync=0 exec=1135 out_sync=4424 total=5560} out_bytes_avg=30800 n=9
[ax_runner_axcl] profile runner=0xffff9c1494e8 devid=0 grpid=0 avg_us{in_sync=0 exec=3317 out_sync=40964 total=44283} out_bytes_avg=7174400 n=6
[ax_runner_axcl] profile runner=0xffff9c1e0838 devid=0 grpid=0 avg_us{in_sync=0 exec=6623 out_sync=9247 total=15871} out_bytes_avg=2359296 n=7
[ax_runner_axcl] profile runner=0xffff9c10e5e0 devid=0 grpid=0 avg_us{in_sync=0 exec=4338 out_sync=28421 total=32762} out_bytes_avg=4838400 n=8
[ax_runner_axcl] profile runner=0xffff9c1e96f0 devid=0 grpid=0 avg_us{in_sync=0 exec=4292 out_sync=30324 total=34619} out_bytes_avg=4838400 n=8
[ax_runner_axcl] profile runner=0xffff9c19d540 devid=0 grpid=0 avg_us{in_sync=0 exec=2249 out_sync=22037 total=24288} out_bytes_avg=2822400 n=8
[ax_runner_axcl] profile runner=0xffff9c0c8990 devid=0 grpid=0 avg_us{in_sync=0 exec=1239 out_sync=10538 total=11778} out_bytes_avg=30800 n=10
[ax_runner_axcl] profile runner=0xffff9c1494e8 devid=0 grpid=0 avg_us{in_sync=0 exec=2863 out_sync=43253 total=46118} out_bytes_avg=7174400 n=7
[ax_runner_axcl] profile runner=0xffff9c1e0838 devid=0 grpid=0 avg_us{in_sync=0 exec=6580 out_sync=8290 total=14871} out_bytes_avg=2359296 n=7
[ax_runner_axcl] profile runner=0xffff9c10e5e0 devid=0 grpid=0 avg_us{in_sync=0 exec=4254 out_sync=31971 total=36226} out_bytes_avg=4838400 n=8
[ax_runner_axcl] profile runner=0xffff9c1e96f0 devid=0 grpid=0 avg_us{in_sync=0 exec=4638 out_sync=28863 total=33503} out_bytes_avg=4838400 n=9
[ax_runner_axcl] profile runner=0xffff9c19d540 devid=0 grpid=0 avg_us{in_sync=0 exec=2241 out_sync=22005 total=24248} out_bytes_avg=2822400 n=9
[ax_runner_axcl] profile runner=0xffff9c0c8990 devid=0 grpid=0 avg_us{in_sync=0 exec=1245 out_sync=4419 total=5666} out_bytes_avg=30800 n=11
[ax_runner_axcl] profile runner=0xffff9c1e0838 devid=0 grpid=0 avg_us{in_sync=0 exec=6682 out_sync=9088 total=15772} out_bytes_avg=2359296 n=7
[ax_runner_axcl] profile runner=0xffff9c1494e8 devid=0 grpid=0 avg_us{in_sync=0 exec=2762 out_sync=42676 total=45441} out_bytes_avg=7174400 n=7
[ax_runner_axcl] profile runner=0xffff9c10e5e0 devid=0 grpid=0 avg_us{in_sync=0 exec=4558 out_sync=27127 total=31688} out_bytes_avg=4838400 n=9
[ax_runner_axcl] profile runner=0xffff9c1e96f0 devid=0 grpid=0 avg_us{in_sync=0 exec=4495 out_sync=30717 total=35215} out_bytes_avg=4838400 n=8
{"channels":[{"decoded":241,"dropped":0,"encoded":241,"infer_fps":9.370182566724873,"inferred":186,"lr":0,"mux_errors":0,"name":"pcd","objects":1,"process_ms":111.80145600155811,"render_ms":4.43457999790553,"render_replaced":0,"rendered":241,"result_age":0.07941801199922338,"rl":0,"submit_errors":0},{"decoded":499,"dropped":0,"encoded":497,"infer_fps":7.874940667779415,"inferred":156,"lr":0,"mux_errors":0,"name":"vehicle","objects":3,"process_ms":103.61692800142919,"render_ms":5.081168001197511,"render_replaced":0,"rendered":497,"result_age":0.10234495899931062,"rl":0,"submit_errors":0},{"decoded":602,"dropped":0,"encoded":601,"infer_fps":5.980967595781834,"inferred":121,"lr":0,"mux_errors":0,"name":"seg","objects":5,"process_ms":149.75778000007267,"render_ms":6.683889998384984,"render_replaced":0,"rendered":602,"result_age":0.09044164800070575,"rl":0,"submit_errors":0},{"decoded":600,"dropped":0,"encoded":596,"infer_fps":7.6755750812533545,"inferred":155,"lr":0,"mux_errors":0,"name":"driving","objects":1,"process_ms":124.78189999819733,"render_ms":6.198553001013352,"render_replaced":0,"rendered":600,"result_age":0.058658417998231016,"rl":0,"submit_errors":0},{"decoded":481,"dropped":0,"encoded":480,"infer_fps":6.479381562096988,"inferred":132,"lr":0,"mux_errors":0,"name":"depth","objects":0,"process_ms":176.85447099938756,"render_ms":6.810224000219023,"render_replaced":0,"rendered":481,"result_age":0.017616483997699106,"rl":0,"submit_errors":0},{"decoded":482,"dropped":0,"encoded":482,"infer_fps":7.6755750812533545,"inferred":155,"lr":0,"mux_errors":0,"name":"count","objects":7,"process_ms":132.37254799969378,"render_ms":5.339879000530345,"render_replaced":0,"rendered":482,"result_age":0.002318478000233881,"rl":3,"submit_errors":0}],"elapsed":20.035622031002276,"event":"stats","overview_dropped":0,"overview_encoded":595,"overview_mux_errors":0}
[ax_runner_axcl] profile runner=0xffff9c0c8990 devid=0 grpid=0 avg_us{in_sync=0 exec=1506 out_sync=10763 total=12271} out_bytes_avg=30800 n=9
[ax_runner_axcl] profile runner=0xffff9c19d540 devid=0 grpid=0 avg_us{in_sync=0 exec=2156 out_sync=19258 total=21416} out_bytes_avg=2822400 n=8
[ax_runner_axcl] profile runner=0xffff9c1e0838 devid=0 grpid=0 avg_us{in_sync=0 exec=6679 out_sync=7717 total=14398} out_bytes_avg=2359296 n=7
[ax_runner_axcl] profile runner=0xffff9c1494e8 devid=0 grpid=0 avg_us{in_sync=0 exec=3603 out_sync=44687 total=48292} out_bytes_avg=7174400 n=6
[ax_runner_axcl] profile runner=0xffff9c10e5e0 devid=0 grpid=0 avg_us{in_sync=0 exec=4395 out_sync=34272 total=38668} out_bytes_avg=4838400 n=8
[ax_runner_axcl] profile runner=0xffff9c1e96f0 devid=0 grpid=0 avg_us{in_sync=0 exec=4346 out_sync=29808 total=34156} out_bytes_avg=4838400 n=8
{"direction":"right_to_left","event":"crossing","id":55,"lr":0,"rl":4}
[ax_runner_axcl] profile runner=0xffff9c0c8990 devid=0 grpid=0 avg_us{in_sync=0 exec=991 out_sync=5102 total=6096} out_bytes_avg=30800 n=10
[ax_runner_axcl] profile runner=0xffff9c19d540 devid=0 grpid=0 avg_us{in_sync=0 exec=2423 out_sync=23316 total=25743} out_bytes_avg=2822400 n=8
[ax_runner_axcl] profile runner=0xffff9c1e0838 devid=0 grpid=0 avg_us{in_sync=0 exec=6629 out_sync=7920 total=14551} out_bytes_avg=2359296 n=7
[ax_runner_axcl] profile runner=0xffff9c1494e8 devid=0 grpid=0 avg_us{in_sync=0 exec=3253 out_sync=37419 total=40675} out_bytes_avg=7174400 n=7
[ax_runner_axcl] profile runner=0xffff9c10e5e0 devid=0 grpid=0 avg_us{in_sync=0 exec=4423 out_sync=31855 total=36281} out_bytes_avg=4838400 n=9
[ax_runner_axcl] profile runner=0xffff9c1e96f0 devid=0 grpid=0 avg_us{in_sync=0 exec=4252 out_sync=29821 total=34075} out_bytes_avg=4838400 n=9
[ax_runner_axcl] profile runner=0xffff9c0c8990 devid=0 grpid=0 avg_us{in_sync=0 exec=1286 out_sync=7174 total=8462} out_bytes_avg=30800 n=10
[ax_runner_axcl] profile runner=0xffff9c19d540 devid=0 grpid=0 avg_us{in_sync=0 exec=2472 out_sync=24301 total=26775} out_bytes_avg=2822400 n=8
[ax_runner_axcl] profile runner=0xffff9c1e0838 devid=0 grpid=0 avg_us{in_sync=0 exec=6572 out_sync=9148 total=15724} out_bytes_avg=2359296 n=7
[ax_runner_axcl] profile runner=0xffff9c1494e8 devid=0 grpid=0 avg_us{in_sync=0 exec=2923 out_sync=43285 total=46210} out_bytes_avg=7174400 n=7
[ax_runner_axcl] profile runner=0xffff9c10e5e0 devid=0 grpid=0 avg_us{in_sync=0 exec=4317 out_sync=27644 total=31963} out_bytes_avg=4838400 n=8
[ax_runner_axcl] profile runner=0xffff9c1e96f0 devid=0 grpid=0 avg_us{in_sync=0 exec=5467 out_sync=34520 total=39989} out_bytes_avg=4838400 n=8
[ax_runner_axcl] profile runner=0xffff9c0c8990 devid=0 grpid=0 avg_us{in_sync=0 exec=989 out_sync=4465 total=5455} out_bytes_avg=30800 n=10
[ax_runner_axcl] profile runner=0xffff9c19d540 devid=0 grpid=0 avg_us{in_sync=0 exec=2165 out_sync=22359 total=24527} out_bytes_avg=2822400 n=9
[ax_runner_axcl] profile runner=0xffff9c1e0838 devid=0 grpid=0 avg_us{in_sync=0 exec=6662 out_sync=9539 total=16203} out_bytes_avg=2359296 n=7
[ax_runner_axcl] profile runner=0xffff9c1494e8 devid=0 grpid=0 avg_us{in_sync=0 exec=2784 out_sync=45268 total=48053} out_bytes_avg=7174400 n=6
[ax_runner_axcl] profile runner=0xffff9c10e5e0 devid=0 grpid=0 avg_us{in_sync=0 exec=4292 out_sync=30385 total=34679} out_bytes_avg=4838400 n=9
[ax_runner_axcl] profile runner=0xffff9c1e96f0 devid=0 grpid=0 avg_us{in_sync=0 exec=4347 out_sync=29684 total=34033} out_bytes_avg=4838400 n=8
[ax_runner_axcl] profile runner=0xffff9c0c8990 devid=0 grpid=0 avg_us{in_sync=0 exec=1247 out_sync=5075 total=6325} out_bytes_avg=30800 n=11
[ax_runner_axcl] profile runner=0xffff9c19d540 devid=0 grpid=0 avg_us{in_sync=0 exec=2100 out_sync=25664 total=27766} out_bytes_avg=2822400 n=8
[ax_runner_axcl] profile runner=0xffff9c1e0838 devid=0 grpid=0 avg_us{in_sync=0 exec=6541 out_sync=8175 total=14718} out_bytes_avg=2359296 n=7
[ax_runner_axcl] profile runner=0xffff9c1494e8 devid=0 grpid=0 avg_us{in_sync=0 exec=3126 out_sync=44665 total=47794} out_bytes_avg=7174400 n=7
[ax_runner_axcl] profile runner=0xffff9c10e5e0 devid=0 grpid=0 avg_us{in_sync=0 exec=4940 out_sync=32921 total=37863} out_bytes_avg=4838400 n=8
[ax_runner_axcl] profile runner=0xffff9c1e96f0 devid=0 grpid=0 avg_us{in_sync=0 exec=4759 out_sync=27883 total=32644} out_bytes_avg=4838400 n=9
{"event":"count_loop_reset","loop":2}
[ax_runner_axcl] profile runner=0xffff9c0c8990 devid=0 grpid=0 avg_us{in_sync=0 exec=1417 out_sync=6032 total=7450} out_bytes_avg=30800 n=10
[ax_runner_axcl] profile runner=0xffff9c19d540 devid=0 grpid=0 avg_us{in_sync=0 exec=2389 out_sync=27445 total=29836} out_bytes_avg=2822400 n=9
[ax_runner_axcl] profile runner=0xffff9c1e0838 devid=0 grpid=0 avg_us{in_sync=0 exec=6579 out_sync=9234 total=15814} out_bytes_avg=2359296 n=7
[ax_runner_axcl] profile runner=0xffff9c1494e8 devid=0 grpid=0 avg_us{in_sync=0 exec=2833 out_sync=47960 total=50795} out_bytes_avg=7174400 n=6
[ax_runner_axcl] profile runner=0xffff9c10e5e0 devid=0 grpid=0 avg_us{in_sync=0 exec=4789 out_sync=28910 total=33700} out_bytes_avg=4838400 n=9
[ax_runner_axcl] profile runner=0xffff9c0c8990 devid=0 grpid=0 avg_us{in_sync=0 exec=1154 out_sync=5118 total=6274} out_bytes_avg=30800 n=10
[ax_runner_axcl] profile runner=0xffff9c1e96f0 devid=0 grpid=0 avg_us{in_sync=0 exec=4710 out_sync=31687 total=36398} out_bytes_avg=4838400 n=9
[ax_runner_axcl] profile runner=0xffff9c19d540 devid=0 grpid=0 avg_us{in_sync=0 exec=2174 out_sync=23307 total=25484} out_bytes_avg=2822400 n=8
[ax_runner_axcl] profile runner=0xffff9c1e0838 devid=0 grpid=0 avg_us{in_sync=0 exec=6593 out_sync=9202 total=15797} out_bytes_avg=2359296 n=7
[ax_runner_axcl] profile runner=0xffff9c1494e8 devid=0 grpid=0 avg_us{in_sync=0 exec=3221 out_sync=43775 total=46998} out_bytes_avg=7174400 n=7
[ax_runner_axcl] profile runner=0xffff9c10e5e0 devid=0 grpid=0 avg_us{in_sync=0 exec=4888 out_sync=27438 total=32328} out_bytes_avg=4838400 n=9
[ax_runner_axcl] profile runner=0xffff9c0c8990 devid=0 grpid=0 avg_us{in_sync=0 exec=1084 out_sync=4772 total=5859} out_bytes_avg=30800 n=10
[ax_runner_axcl] profile runner=0xffff9c1e96f0 devid=0 grpid=0 avg_us{in_sync=0 exec=4326 out_sync=30730 total=35057} out_bytes_avg=4838400 n=8
[ax_runner_axcl] profile runner=0xffff9c19d540 devid=0 grpid=0 avg_us{in_sync=0 exec=3106 out_sync=22538 total=25646} out_bytes_avg=2822400 n=9
[ax_runner_axcl] profile runner=0xffff9c1e0838 devid=0 grpid=0 avg_us{in_sync=0 exec=6660 out_sync=8159 total=14821} out_bytes_avg=2359296 n=7
[ax_runner_axcl] profile runner=0xffff9c1494e8 devid=0 grpid=0 avg_us{in_sync=0 exec=2767 out_sync=45292 total=48061} out_bytes_avg=7174400 n=7
[ax_runner_axcl] profile runner=0xffff9c10e5e0 devid=0 grpid=0 avg_us{in_sync=0 exec=4261 out_sync=27701 total=31964} out_bytes_avg=4838400 n=9
{"direction":"right_to_left","event":"crossing","id":80,"lr":0,"rl":5}
[ax_runner_axcl] profile runner=0xffff9c1e96f0 devid=0 grpid=0 avg_us{in_sync=0 exec=5023 out_sync=31215 total=36240} out_bytes_avg=4838400 n=8
[ax_runner_axcl] profile runner=0xffff9c0c8990 devid=0 grpid=0 avg_us{in_sync=0 exec=1559 out_sync=7584 total=9145} out_bytes_avg=30800 n=10
[ax_runner_axcl] profile runner=0xffff9c19d540 devid=0 grpid=0 avg_us{in_sync=0 exec=2452 out_sync=25661 total=28116} out_bytes_avg=2822400 n=8
[ax_runner_axcl] profile runner=0xffff9c1e0838 devid=0 grpid=0 avg_us{in_sync=0 exec=6623 out_sync=8632 total=15256} out_bytes_avg=2359296 n=7
[ax_runner_axcl] profile runner=0xffff9c1494e8 devid=0 grpid=0 avg_us{in_sync=0 exec=3009 out_sync=44017 total=47028} out_bytes_avg=7174400 n=6
[ax_runner_axcl] profile runner=0xffff9c10e5e0 devid=0 grpid=0 avg_us{in_sync=0 exec=4739 out_sync=29227 total=33968} out_bytes_avg=4838400 n=9
[ax_runner_axcl] profile runner=0xffff9c1e96f0 devid=0 grpid=0 avg_us{in_sync=0 exec=4564 out_sync=27468 total=32034} out_bytes_avg=4838400 n=8
[ax_runner_axcl] profile runner=0xffff9c0c8990 devid=0 grpid=0 avg_us{in_sync=0 exec=1004 out_sync=4295 total=5301} out_bytes_avg=30800 n=11
[ax_runner_axcl] profile runner=0xffff9c19d540 devid=0 grpid=0 avg_us{in_sync=0 exec=2236 out_sync=23069 total=25307} out_bytes_avg=2822400 n=9
[ax_runner_axcl] profile runner=0xffff9c1e0838 devid=0 grpid=0 avg_us{in_sync=0 exec=6552 out_sync=9496 total=16049} out_bytes_avg=2359296 n=7
{"channels":[{"decoded":362,"dropped":0,"encoded":361,"infer_fps":9.668079827038996,"inferred":283,"lr":0,"mux_errors":0,"name":"pcd","objects":2,"process_ms":133.02767899949686,"render_ms":5.223793999903137,"render_replaced":0,"rendered":362,"result_age":0.03629564400034724,"rl":0,"submit_errors":0},{"decoded":750,"dropped":0,"encoded":748,"infer_fps":8.17301593625977,"inferred":238,"lr":0,"mux_errors":0,"name":"vehicle","objects":1,"process_ms":130.0590699975146,"render_ms":5.0686269969446585,"render_replaced":0,"rendered":748,"result_age":0.04120647799936705,"rl":0,"submit_errors":0},{"decoded":903,"dropped":0,"encoded":902,"infer_fps":6.179597415220801,"inferred":183,"lr":0,"mux_errors":0,"name":"seg","objects":3,"process_ms":173.55714999939664,"render_ms":7.906025002739625,"render_replaced":0,"rendered":903,"result_age":0.03295253200121806,"rl":0,"submit_errors":0},{"decoded":899,"dropped":0,"encoded":898,"infer_fps":7.973674084155872,"inferred":235,"lr":0,"mux_errors":0,"name":"driving","objects":1,"process_ms":96.17261400126154,"render_ms":9.212704000674421,"render_replaced":0,"rendered":898,"result_age":0.07878396500018425,"rl":0,"submit_errors":0},{"decoded":722,"dropped":0,"encoded":721,"infer_fps":6.578281119428595,"inferred":198,"lr":0,"mux_errors":0,"name":"depth","objects":0,"process_ms":152.2583020014281,"render_ms":8.744532999116927,"render_replaced":0,"rendered":722,"result_age":0.10390013899814221,"rl":0,"submit_errors":0},{"decoded":724,"dropped":0,"encoded":724,"infer_fps":7.874003158103924,"inferred":234,"lr":0,"mux_errors":0,"name":"count","objects":6,"process_ms":88.51079899977776,"render_ms":4.572455000015907,"render_replaced":0,"rendered":724,"result_age":0.1299229030009883,"rl":5,"submit_errors":0}],"elapsed":30.06863807300033,"event":"stats","overview_dropped":0,"overview_encoded":896,"overview_mux_errors":0}
[ax_runner_axcl] profile runner=0xffff9c1494e8 devid=0 grpid=0 avg_us{in_sync=0 exec=3164 out_sync=46737 total=49903} out_bytes_avg=7174400 n=7
[ax_runner_axcl] profile runner=0xffff9c10e5e0 devid=0 grpid=0 avg_us{in_sync=0 exec=4272 out_sync=30908 total=35182} out_bytes_avg=4838400 n=9
[ax_runner_axcl] profile runner=0xffff9c1e96f0 devid=0 grpid=0 avg_us{in_sync=0 exec=4407 out_sync=33021 total=37431} out_bytes_avg=4838400 n=9
[ax_runner_axcl] profile runner=0xffff9c0c8990 devid=0 grpid=0 avg_us{in_sync=0 exec=1107 out_sync=4854 total=5963} out_bytes_avg=30800 n=10
[ax_runner_axcl] profile runner=0xffff9c19d540 devid=0 grpid=0 avg_us{in_sync=0 exec=2263 out_sync=26611 total=28877} out_bytes_avg=2822400 n=9
[ax_runner_axcl] profile runner=0xffff9c1e0838 devid=0 grpid=0 avg_us{in_sync=0 exec=6536 out_sync=9677 total=16215} out_bytes_avg=2359296 n=8
[ax_runner_axcl] profile runner=0xffff9c1494e8 devid=0 grpid=0 avg_us{in_sync=0 exec=3235 out_sync=42566 total=45803} out_bytes_avg=7174400 n=7
[ax_runner_axcl] profile runner=0xffff9c10e5e0 devid=0 grpid=0 avg_us{in_sync=0 exec=4496 out_sync=29817 total=34315} out_bytes_avg=4838400 n=9
[ax_runner_axcl] profile runner=0xffff9c1e96f0 devid=0 grpid=0 avg_us{in_sync=0 exec=4262 out_sync=36667 total=40931} out_bytes_avg=4838400 n=7
[ax_runner_axcl] profile runner=0xffff9c0c8990 devid=0 grpid=0 avg_us{in_sync=0 exec=1028 out_sync=2499 total=3530} out_bytes_avg=30800 n=9
[ax_runner_axcl] profile runner=0xffff9c19d540 devid=0 grpid=0 avg_us{in_sync=0 exec=2713 out_sync=25141 total=27857} out_bytes_avg=2822400 n=9
[ax_runner_axcl] profile runner=0xffff9c1e0838 devid=0 grpid=0 avg_us{in_sync=0 exec=6512 out_sync=10020 total=16534} out_bytes_avg=2359296 n=7
[ax_runner_axcl] profile runner=0xffff9c1494e8 devid=0 grpid=0 avg_us{in_sync=0 exec=3380 out_sync=40264 total=43647} out_bytes_avg=7174400 n=7
[ax_runner_axcl] profile runner=0xffff9c10e5e0 devid=0 grpid=0 avg_us{in_sync=0 exec=4321 out_sync=29507 total=33831} out_bytes_avg=4838400 n=8
[ax_runner_axcl] profile runner=0xffff9c1e96f0 devid=0 grpid=0 avg_us{in_sync=0 exec=4488 out_sync=26815 total=31305} out_bytes_avg=4838400 n=9
[ax_runner_axcl] profile runner=0xffff9c0c8990 devid=0 grpid=0 avg_us{in_sync=0 exec=1042 out_sync=5372 total=6416} out_bytes_avg=30800 n=10
[ax_runner_axcl] profile runner=0xffff9c19d540 devid=0 grpid=0 avg_us{in_sync=0 exec=2600 out_sync=24677 total=27280} out_bytes_avg=2822400 n=8
[ax_runner_axcl] profile runner=0xffff9c1e0838 devid=0 grpid=0 avg_us{in_sync=0 exec=6694 out_sync=10485 total=17180} out_bytes_avg=2359296 n=7
[ax_runner_axcl] profile runner=0xffff9c1494e8 devid=0 grpid=0 avg_us{in_sync=0 exec=2733 out_sync=46039 total=48774} out_bytes_avg=7174400 n=6
[ax_runner_axcl] profile runner=0xffff9c10e5e0 devid=0 grpid=0 avg_us{in_sync=0 exec=4238 out_sync=27353 total=31594} out_bytes_avg=4838400 n=9
{"direction":"right_to_left","event":"crossing","id":73,"lr":0,"rl":6}
[ax_runner_axcl] profile runner=0xffff9c1e96f0 devid=0 grpid=0 avg_us{in_sync=0 exec=4419 out_sync=33480 total=37901} out_bytes_avg=4838400 n=8
[ax_runner_axcl] profile runner=0xffff9c0c8990 devid=0 grpid=0 avg_us{in_sync=0 exec=1441 out_sync=7241 total=8685} out_bytes_avg=30800 n=11
[ax_runner_axcl] profile runner=0xffff9c19d540 devid=0 grpid=0 avg_us{in_sync=0 exec=2117 out_sync=25346 total=27466} out_bytes_avg=2822400 n=9
[ax_runner_axcl] profile runner=0xffff9c1e0838 devid=0 grpid=0 avg_us{in_sync=0 exec=6768 out_sync=11789 total=18558} out_bytes_avg=2359296 n=7
[ax_runner_axcl] profile runner=0xffff9c1494e8 devid=0 grpid=0 avg_us{in_sync=0 exec=3053 out_sync=36647 total=39701} out_bytes_avg=7174400 n=8
[ax_runner_axcl] profile runner=0xffff9c10e5e0 devid=0 grpid=0 avg_us{in_sync=0 exec=4916 out_sync=31026 total=35944} out_bytes_avg=4838400 n=9
[ax_runner_axcl] profile runner=0xffff9c0c8990 devid=0 grpid=0 avg_us{in_sync=0 exec=1087 out_sync=6509 total=7597} out_bytes_avg=30800 n=9
[ax_runner_axcl] profile runner=0xffff9c1e96f0 devid=0 grpid=0 avg_us{in_sync=0 exec=4259 out_sync=29460 total=33721} out_bytes_avg=4838400 n=9
[ax_runner_axcl] profile runner=0xffff9c19d540 devid=0 grpid=0 avg_us{in_sync=0 exec=3023 out_sync=23490 total=26517} out_bytes_avg=2822400 n=8
[ax_runner_axcl] profile runner=0xffff9c1e0838 devid=0 grpid=0 avg_us{in_sync=0 exec=6655 out_sync=8904 total=15561} out_bytes_avg=2359296 n=7
[ax_runner_axcl] profile runner=0xffff9c1494e8 devid=0 grpid=0 avg_us{in_sync=0 exec=3213 out_sync=40106 total=43321} out_bytes_avg=7174400 n=6
[ax_runner_axcl] profile runner=0xffff9c10e5e0 devid=0 grpid=0 avg_us{in_sync=0 exec=4901 out_sync=30722 total=35625} out_bytes_avg=4838400 n=8
[ax_runner_axcl] profile runner=0xffff9c0c8990 devid=0 grpid=0 avg_us{in_sync=0 exec=1073 out_sync=2889 total=3963} out_bytes_avg=30800 n=10
[ax_runner_axcl] profile runner=0xffff9c1e96f0 devid=0 grpid=0 avg_us{in_sync=0 exec=4266 out_sync=32063 total=36331} out_bytes_avg=4838400 n=8
[ax_runner_axcl] profile runner=0xffff9c19d540 devid=0 grpid=0 avg_us{in_sync=0 exec=2964 out_sync=23659 total=26626} out_bytes_avg=2822400 n=9
[ax_runner_axcl] profile runner=0xffff9c1e0838 devid=0 grpid=0 avg_us{in_sync=0 exec=6708 out_sync=9863 total=16572} out_bytes_avg=2359296 n=7
[ax_runner_axcl] profile runner=0xffff9c1494e8 devid=0 grpid=0 avg_us{in_sync=0 exec=3486 out_sync=36978 total=40465} out_bytes_avg=7174400 n=7
[ax_runner_axcl] profile runner=0xffff9c10e5e0 devid=0 grpid=0 avg_us{in_sync=0 exec=4900 out_sync=34244 total=39146} out_bytes_avg=4838400 n=9
[ax_runner_axcl] profile runner=0xffff9c0c8990 devid=0 grpid=0 avg_us{in_sync=0 exec=1552 out_sync=5219 total=6772} out_bytes_avg=30800 n=9
[ax_runner_axcl] profile runner=0xffff9c1e96f0 devid=0 grpid=0 avg_us{in_sync=0 exec=4572 out_sync=31807 total=36381} out_bytes_avg=4838400 n=7
[ax_runner_axcl] profile runner=0xffff9c19d540 devid=0 grpid=0 avg_us{in_sync=0 exec=2380 out_sync=23331 total=25714} out_bytes_avg=2822400 n=8
[ax_runner_axcl] profile runner=0xffff9c1e0838 devid=0 grpid=0 avg_us{in_sync=0 exec=6611 out_sync=8446 total=15059} out_bytes_avg=2359296 n=7
[ax_runner_axcl] profile runner=0xffff9c1494e8 devid=0 grpid=0 avg_us{in_sync=0 exec=3523 out_sync=38517 total=42042} out_bytes_avg=7174400 n=8
[ax_runner_axcl] profile runner=0xffff9c10e5e0 devid=0 grpid=0 avg_us{in_sync=0 exec=4588 out_sync=31337 total=35928} out_bytes_avg=4838400 n=9
[ax_runner_axcl] profile runner=0xffff9c0c8990 devid=0 grpid=0 avg_us{in_sync=0 exec=1187 out_sync=7121 total=8310} out_bytes_avg=30800 n=9
[ax_runner_axcl] profile runner=0xffff9c1e96f0 devid=0 grpid=0 avg_us{in_sync=0 exec=4321 out_sync=32751 total=37074} out_bytes_avg=4838400 n=8
{"event":"count_loop_reset","loop":3}
[ax_runner_axcl] profile runner=0xffff9c19d540 devid=0 grpid=0 avg_us{in_sync=0 exec=2106 out_sync=21143 total=23252} out_bytes_avg=2822400 n=8
[ax_runner_axcl] profile runner=0xffff9c1e0838 devid=0 grpid=0 avg_us{in_sync=0 exec=6557 out_sync=8942 total=15501} out_bytes_avg=2359296 n=6
[ax_runner_axcl] profile runner=0xffff9c1494e8 devid=0 grpid=0 avg_us{in_sync=0 exec=2877 out_sync=45250 total=48129} out_bytes_avg=7174400 n=7
[2026-09-16T18:53:33.145] [INFO] [T:281466887728832] RTSP OPTIONS rtsp://127.0.0.1:8554/overview/
[ax_runner_axcl] profile runner=0xffff9c10e5e0 devid=0 grpid=0 avg_us{in_sync=0 exec=4538 out_sync=33515 total=38055} out_bytes_avg=4838400 n=8
[ax_runner_axcl] profile runner=0xffff9c0c8990 devid=0 grpid=0 avg_us{in_sync=0 exec=1378 out_sync=5437 total=6817} out_bytes_avg=30800 n=9
[ax_runner_axcl] profile runner=0xffff9c1e96f0 devid=0 grpid=0 avg_us{in_sync=0 exec=4310 out_sync=31195 total=35508} out_bytes_avg=4838400 n=8
[ax_runner_axcl] profile runner=0xffff9c19d540 devid=0 grpid=0 avg_us{in_sync=0 exec=2368 out_sync=26977 total=29349} out_bytes_avg=2822400 n=8
[ax_runner_axcl] profile runner=0xffff9c1e0838 devid=0 grpid=0 avg_us{in_sync=0 exec=6647 out_sync=10026 total=16675} out_bytes_avg=2359296 n=7
[ax_runner_axcl] profile runner=0xffff9c1494e8 devid=0 grpid=0 avg_us{in_sync=0 exec=3205 out_sync=46239 total=49446} out_bytes_avg=7174400 n=6
[ax_runner_axcl] profile runner=0xffff9c10e5e0 devid=0 grpid=0 avg_us{in_sync=0 exec=4663 out_sync=29352 total=34018} out_bytes_avg=4838400 n=9
{"channels":[{"decoded":482,"dropped":0,"encoded":481,"infer_fps":9.199399534033976,"inferred":375,"lr":0,"mux_errors":0,"name":"pcd","objects":5,"process_ms":93.8728440014529,"render_ms":6.176969000080135,"render_replaced":0,"rendered":482,"result_age":0.08642569700168679,"rl":0,"submit_errors":0},{"decoded":1002,"dropped":0,"encoded":997,"infer_fps":8.09947132887774,"inferred":319,"lr":0,"mux_errors":0,"name":"vehicle","objects":6,"process_ms":113.73084799924982,"render_ms":4.800040998816257,"render_replaced":0,"rendered":998,"result_age":0.029183000002376502,"rl":0,"submit_errors":0},{"decoded":1204,"dropped":0,"encoded":1203,"infer_fps":6.3995822845453745,"inferred":247,"lr":0,"mux_errors":0,"name":"seg","objects":1,"process_ms":160.60733099948266,"render_ms":6.865266997920116,"render_replaced":0,"rendered":1204,"result_age":0.16844889800267993,"rl":0,"submit_errors":0},{"decoded":1198,"dropped":0,"encoded":1197,"infer_fps":7.999477855681718,"inferred":315,"lr":0,"mux_errors":0,"name":"driving","objects":1,"process_ms":126.15278700104682,"render_ms":4.324869998526992,"render_replaced":0,"rendered":1197,"result_age":0.003156735998345539,"rl":0,"submit_errors":0},{"decoded":962,"dropped":0,"encoded":962,"infer_fps":6.599569230937417,"inferred":264,"lr":0,"mux_errors":0,"name":"depth","objects":0,"process_ms":163.59489900059998,"render_ms":7.788982999045402,"render_replaced":0,"rendered":962,"result_age":0.0638224629983597,"rl":0,"submit_errors":0},{"decoded":965,"dropped":0,"encoded":965,"infer_fps":7.599503962897632,"inferred":310,"lr":0,"mux_errors":0,"name":"count","objects":6,"process_ms":95.8468200005882,"render_ms":4.617705999407917,"render_replaced":0,"rendered":965,"result_age":0.09136861399747431,"rl":6,"submit_errors":0}],"elapsed":40.06929079600013,"event":"stats","overview_dropped":0,"overview_encoded":1196,"overview_mux_errors":0}
[ax_runner_axcl] profile runner=0xffff9c0c8990 devid=0 grpid=0 avg_us{in_sync=0 exec=1216 out_sync=5425 total=6643} out_bytes_avg=30800 n=10
[ax_runner_axcl] profile runner=0xffff9c1e96f0 devid=0 grpid=0 avg_us{in_sync=0 exec=4244 out_sync=29606 total=33852} out_bytes_avg=4838400 n=9
[ax_runner_axcl] profile runner=0xffff9c19d540 devid=0 grpid=0 avg_us{in_sync=0 exec=2176 out_sync=25855 total=28034} out_bytes_avg=2822400 n=8
[ax_runner_axcl] profile runner=0xffff9c1e0838 devid=0 grpid=0 avg_us{in_sync=0 exec=7069 out_sync=8056 total=15127} out_bytes_avg=2359296 n=7
{"direction":"right_to_left","event":"crossing","id":119,"lr":0,"rl":7}
[ax_runner_axcl] profile runner=0xffff9c1494e8 devid=0 grpid=0 avg_us{in_sync=0 exec=2901 out_sync=43016 total=45923} out_bytes_avg=7174400 n=7
[ax_runner_axcl] profile runner=0xffff9c10e5e0 devid=0 grpid=0 avg_us{in_sync=0 exec=5088 out_sync=28684 total=33774} out_bytes_avg=4838400 n=9
[ax_runner_axcl] profile runner=0xffff9c0c8990 devid=0 grpid=0 avg_us{in_sync=0 exec=999 out_sync=3542 total=4543} out_bytes_avg=30800 n=10
[ax_runner_axcl] profile runner=0xffff9c19d540 devid=0 grpid=0 avg_us{in_sync=0 exec=2151 out_sync=20178 total=22333} out_bytes_avg=2822400 n=8
[ax_runner_axcl] profile runner=0xffff9c1e96f0 devid=0 grpid=0 avg_us{in_sync=0 exec=4465 out_sync=30429 total=34895} out_bytes_avg=4838400 n=8
[ax_runner_axcl] profile runner=0xffff9c1e0838 devid=0 grpid=0 avg_us{in_sync=0 exec=6714 out_sync=8706 total=15422} out_bytes_avg=2359296 n=7
[ax_runner_axcl] profile runner=0xffff9c1494e8 devid=0 grpid=0 avg_us{in_sync=0 exec=2865 out_sync=40206 total=43073} out_bytes_avg=7174400 n=6
[ax_runner_axcl] profile runner=0xffff9c10e5e0 devid=0 grpid=0 avg_us{in_sync=0 exec=4474 out_sync=33781 total=38257} out_bytes_avg=4838400 n=8
[ax_runner_axcl] profile runner=0xffff9c0c8990 devid=0 grpid=0 avg_us{in_sync=0 exec=1224 out_sync=2405 total=3631} out_bytes_avg=30800 n=9
[ax_runner_axcl] profile runner=0xffff9c19d540 devid=0 grpid=0 avg_us{in_sync=0 exec=2497 out_sync=21766 total=24265} out_bytes_avg=2822400 n=8
[ax_runner_axcl] profile runner=0xffff9c1e96f0 devid=0 grpid=0 avg_us{in_sync=0 exec=4362 out_sync=26948 total=31312} out_bytes_avg=4838400 n=8
[ax_runner_axcl] profile runner=0xffff9c1e0838 devid=0 grpid=0 avg_us{in_sync=0 exec=6723 out_sync=8953 total=15677} out_bytes_avg=2359296 n=7
[ax_runner_axcl] profile runner=0xffff9c1494e8 devid=0 grpid=0 avg_us{in_sync=0 exec=2835 out_sync=45269 total=48106} out_bytes_avg=7174400 n=6
[ax_runner_axcl] profile runner=0xffff9c10e5e0 devid=0 grpid=0 avg_us{in_sync=0 exec=4347 out_sync=30102 total=34451} out_bytes_avg=4838400 n=9
[ax_runner_axcl] profile runner=0xffff9c0c8990 devid=0 grpid=0 avg_us{in_sync=0 exec=1149 out_sync=6955 total=8106} out_bytes_avg=30800 n=9
[ax_runner_axcl] profile runner=0xffff9c19d540 devid=0 grpid=0 avg_us{in_sync=0 exec=2288 out_sync=23762 total=26053} out_bytes_avg=2822400 n=9
[ax_runner_axcl] profile runner=0xffff9c1e96f0 devid=0 grpid=0 avg_us{in_sync=0 exec=4557 out_sync=31866 total=36424} out_bytes_avg=4838400 n=8
[ax_runner_axcl] profile runner=0xffff9c1e0838 devid=0 grpid=0 avg_us{in_sync=0 exec=6604 out_sync=9327 total=15932} out_bytes_avg=2359296 n=7
[ax_runner_axcl] profile runner=0xffff9c1494e8 devid=0 grpid=0 avg_us{in_sync=0 exec=2770 out_sync=44378 total=47149} out_bytes_avg=7174400 n=6
[ax_runner_axcl] profile runner=0xffff9c10e5e0 devid=0 grpid=0 avg_us{in_sync=0 exec=4342 out_sync=31501 total=35844} out_bytes_avg=4838400 n=8
[ax_runner_axcl] profile runner=0xffff9c0c8990 devid=0 grpid=0 avg_us{in_sync=0 exec=1095 out_sync=3620 total=4717} out_bytes_avg=30800 n=9
[ax_runner_axcl] profile runner=0xffff9c19d540 devid=0 grpid=0 avg_us{in_sync=0 exec=2387 out_sync=27598 total=29988} out_bytes_avg=2822400 n=8
[ax_runner_axcl] profile runner=0xffff9c1e96f0 devid=0 grpid=0 avg_us{in_sync=0 exec=4416 out_sync=30039 total=34456} out_bytes_avg=4838400 n=7
[ax_runner_axcl] profile runner=0xffff9c1e0838 devid=0 grpid=0 avg_us{in_sync=0 exec=6951 out_sync=10315 total=17268} out_bytes_avg=2359296 n=7
[ax_runner_axcl] profile runner=0xffff9c1494e8 devid=0 grpid=0 avg_us{in_sync=0 exec=3448 out_sync=43413 total=46862} out_bytes_avg=7174400 n=6
[ax_runner_axcl] profile runner=0xffff9c10e5e0 devid=0 grpid=0 avg_us{in_sync=0 exec=4198 out_sync=28827 total=33027} out_bytes_avg=4838400 n=8
[ax_runner_axcl] profile runner=0xffff9c0c8990 devid=0 grpid=0 avg_us{in_sync=0 exec=1134 out_sync=7777 total=8913} out_bytes_avg=30800 n=9
[ax_runner_axcl] profile runner=0xffff9c19d540 devid=0 grpid=0 avg_us{in_sync=0 exec=2098 out_sync=27222 total=29328} out_bytes_avg=2822400 n=8
[ax_runner_axcl] profile runner=0xffff9c1e96f0 devid=0 grpid=0 avg_us{in_sync=0 exec=4310 out_sync=28503 total=32814} out_bytes_avg=4838400 n=8
[ax_runner_axcl] profile runner=0xffff9c1e0838 devid=0 grpid=0 avg_us{in_sync=0 exec=6573 out_sync=10345 total=16919} out_bytes_avg=2359296 n=8
[ax_runner_axcl] profile runner=0xffff9c1494e8 devid=0 grpid=0 avg_us{in_sync=0 exec=2842 out_sync=36428 total=39272} out_bytes_avg=7174400 n=7
[ax_runner_axcl] profile runner=0xffff9c0c8990 devid=0 grpid=0 avg_us{in_sync=0 exec=1370 out_sync=7269 total=8640} out_bytes_avg=30800 n=10
[ax_runner_axcl] profile runner=0xffff9c10e5e0 devid=0 grpid=0 avg_us{in_sync=0 exec=4347 out_sync=30017 total=34367} out_bytes_avg=4838400 n=9
{"direction":"right_to_left","event":"crossing","id":108,"lr":0,"rl":8}
[ax_runner_axcl] profile runner=0xffff9c19d540 devid=0 grpid=0 avg_us{in_sync=0 exec=2219 out_sync=21884 total=24105} out_bytes_avg=2822400 n=9
[ax_runner_axcl] profile runner=0xffff9c1e96f0 devid=0 grpid=0 avg_us{in_sync=0 exec=4360 out_sync=31999 total=36361} out_bytes_avg=4838400 n=7
[ax_runner_axcl] profile runner=0xffff9c1e0838 devid=0 grpid=0 avg_us{in_sync=0 exec=6605 out_sync=9515 total=16121} out_bytes_avg=2359296 n=8
[ax_runner_axcl] profile runner=0xffff9c0c8990 devid=0 grpid=0 avg_us{in_sync=0 exec=1110 out_sync=4381 total=5493} out_bytes_avg=30800 n=9
[ax_runner_axcl] profile runner=0xffff9c1494e8 devid=0 grpid=0 avg_us{in_sync=0 exec=3544 out_sync=39310 total=42856} out_bytes_avg=7174400 n=7
[ax_runner_axcl] profile runner=0xffff9c10e5e0 devid=0 grpid=0 avg_us{in_sync=0 exec=4314 out_sync=31488 total=35804} out_bytes_avg=4838400 n=8
[ax_runner_axcl] profile runner=0xffff9c19d540 devid=0 grpid=0 avg_us{in_sync=0 exec=2382 out_sync=24418 total=26802} out_bytes_avg=2822400 n=8
[ax_runner_axcl] profile runner=0xffff9c1e96f0 devid=0 grpid=0 avg_us{in_sync=0 exec=4300 out_sync=30489 total=34790} out_bytes_avg=4838400 n=8
[ax_runner_axcl] profile runner=0xffff9c1e0838 devid=0 grpid=0 avg_us{in_sync=0 exec=6757 out_sync=10510 total=17268} out_bytes_avg=2359296 n=7
[ax_runner_axcl] profile runner=0xffff9c0c8990 devid=0 grpid=0 avg_us{in_sync=0 exec=1022 out_sync=5731 total=6755} out_bytes_avg=30800 n=10
[ax_runner_axcl] profile runner=0xffff9c1494e8 devid=0 grpid=0 avg_us{in_sync=0 exec=2881 out_sync=43926 total=46809} out_bytes_avg=7174400 n=7
[ax_runner_axcl] profile runner=0xffff9c10e5e0 devid=0 grpid=0 avg_us{in_sync=0 exec=4223 out_sync=30930 total=35155} out_bytes_avg=4838400 n=9
[ax_runner_axcl] profile runner=0xffff9c19d540 devid=0 grpid=0 avg_us{in_sync=0 exec=2698 out_sync=25855 total=28556} out_bytes_avg=2822400 n=9
[ax_runner_axcl] profile runner=0xffff9c1e96f0 devid=0 grpid=0 avg_us{in_sync=0 exec=4719 out_sync=29963 total=34683} out_bytes_avg=4838400 n=9
[ax_runner_axcl] profile runner=0xffff9c1e0838 devid=0 grpid=0 avg_us{in_sync=0 exec=6786 out_sync=9378 total=16165} out_bytes_avg=2359296 n=7
[ax_runner_axcl] profile runner=0xffff9c0c8990 devid=0 grpid=0 avg_us{in_sync=0 exec=1006 out_sync=4552 total=5559} out_bytes_avg=30800 n=9
[ax_runner_axcl] profile runner=0xffff9c1494e8 devid=0 grpid=0 avg_us{in_sync=0 exec=3389 out_sync=37518 total=40910} out_bytes_avg=7174400 n=7
[ax_runner_axcl] profile runner=0xffff9c10e5e0 devid=0 grpid=0 avg_us{in_sync=0 exec=4279 out_sync=29935 total=34216} out_bytes_avg=4838400 n=9
[ax_runner_axcl] profile runner=0xffff9c19d540 devid=0 grpid=0 avg_us{in_sync=0 exec=2390 out_sync=22328 total=24719} out_bytes_avg=2822400 n=9
[ax_runner_axcl] profile runner=0xffff9c1e96f0 devid=0 grpid=0 avg_us{in_sync=0 exec=4457 out_sync=29778 total=34236} out_bytes_avg=4838400 n=8
{"channels":[{"decoded":602,"dropped":0,"encoded":602,"infer_fps":9.070692936714474,"inferred":466,"lr":0,"mux_errors":0,"name":"pcd","objects":7,"process_ms":123.73772499995539,"render_ms":6.804349999583792,"render_replaced":0,"rendered":602,"result_age":0.09850655099944561,"rl":0,"submit_errors":0},{"decoded":1253,"dropped":0,"encoded":1248,"infer_fps":7.8745576044004775,"inferred":398,"lr":0,"mux_errors":0,"name":"vehicle","objects":5,"process_ms":134.65898399954312,"render_ms":5.4947550015640445,"render_replaced":0,"rendered":1248,"result_age":0.03900200099815265,"rl":0,"submit_errors":0},{"decoded":1505,"dropped":0,"encoded":1505,"infer_fps":5.980676661569983,"inferred":307,"lr":0,"mux_errors":0,"name":"seg","objects":4,"process_ms":195.8902999976999,"render_ms":9.103286000026856,"render_replaced":0,"rendered":1505,"result_age":0.10686637199978577,"rl":0,"submit_errors":0},{"decoded":1500,"dropped":0,"encoded":1499,"infer_fps":7.8745576044004775,"inferred":394,"lr":0,"mux_errors":0,"name":"driving","objects":1,"process_ms":153.9846910018241,"render_ms":7.122019000235014,"render_replaced":0,"rendered":1499,"result_age":0.07677894800144713,"rl":0,"submit_errors":0},{"decoded":1203,"dropped":0,"encoded":1203,"infer_fps":6.87777816080548,"inferred":333,"lr":0,"mux_errors":0,"name":"depth","objects":0,"process_ms":144.43690199914272,"render_ms":9.300745998189086,"render_replaced":0,"rendered":1203,"result_age":0.11241829500067979,"rl":0,"submit_errors":0},{"decoded":1206,"dropped":0,"encoded":1206,"infer_fps":7.376167882602979,"inferred":384,"lr":0,"mux_errors":0,"name":"count","objects":8,"process_ms":140.800703997229,"render_ms":4.446537997864652,"render_replaced":0,"rendered":1206,"result_age":0.06972842899995157,"rl":8,"submit_errors":0}],"elapsed":50.101600415000576,"event":"stats","overview_dropped":0,"overview_encoded":1497,"overview_mux_errors":0}
[ax_runner_axcl] profile runner=0xffff9c1e0838 devid=0 grpid=0 avg_us{in_sync=0 exec=6952 out_sync=8901 total=15854} out_bytes_avg=2359296 n=8
[ax_runner_axcl] profile runner=0xffff9c0c8990 devid=0 grpid=0 avg_us{in_sync=0 exec=1446 out_sync=4800 total=6248} out_bytes_avg=30800 n=10
[ax_runner_axcl] profile runner=0xffff9c1494e8 devid=0 grpid=0 avg_us{in_sync=0 exec=3015 out_sync=44510 total=47526} out_bytes_avg=7174400 n=6
{"event":"count_loop_reset","loop":4}
[ax_runner_axcl] profile runner=0xffff9c10e5e0 devid=0 grpid=0 avg_us{in_sync=0 exec=4446 out_sync=32390 total=36837} out_bytes_avg=4838400 n=9
[ax_runner_axcl] profile runner=0xffff9c1e96f0 devid=0 grpid=0 avg_us{in_sync=0 exec=4353 out_sync=31832 total=36187} out_bytes_avg=4838400 n=8
[ax_runner_axcl] profile runner=0xffff9c19d540 devid=0 grpid=0 avg_us{in_sync=0 exec=2669 out_sync=22210 total=24883} out_bytes_avg=2822400 n=9
[ax_runner_axcl] profile runner=0xffff9c1e0838 devid=0 grpid=0 avg_us{in_sync=0 exec=6523 out_sync=9447 total=15971} out_bytes_avg=2359296 n=7
[ax_runner_axcl] profile runner=0xffff9c0c8990 devid=0 grpid=0 avg_us{in_sync=0 exec=1359 out_sync=5231 total=6593} out_bytes_avg=30800 n=10
[ax_runner_axcl] profile runner=0xffff9c1494e8 devid=0 grpid=0 avg_us{in_sync=0 exec=2789 out_sync=38076 total=40866} out_bytes_avg=7174400 n=8
[ax_runner_axcl] profile runner=0xffff9c10e5e0 devid=0 grpid=0 avg_us{in_sync=0 exec=4243 out_sync=29765 total=34010} out_bytes_avg=4838400 n=9
[ax_runner_axcl] profile runner=0xffff9c1e96f0 devid=0 grpid=0 avg_us{in_sync=0 exec=4547 out_sync=35273 total=39822} out_bytes_avg=4838400 n=8
[ax_runner_axcl] profile runner=0xffff9c19d540 devid=0 grpid=0 avg_us{in_sync=0 exec=2109 out_sync=27412 total=29524} out_bytes_avg=2822400 n=8
[ax_runner_axcl] profile runner=0xffff9c1e0838 devid=0 grpid=0 avg_us{in_sync=0 exec=6654 out_sync=10023 total=16678} out_bytes_avg=2359296 n=8
[ax_runner_axcl] profile runner=0xffff9c0c8990 devid=0 grpid=0 avg_us{in_sync=0 exec=1010 out_sync=5257 total=6269} out_bytes_avg=30800 n=9
[ax_runner_axcl] profile runner=0xffff9c1494e8 devid=0 grpid=0 avg_us{in_sync=0 exec=2740 out_sync=36326 total=39069} out_bytes_avg=7174400 n=7
[ax_runner_axcl] profile runner=0xffff9c10e5e0 devid=0 grpid=0 avg_us{in_sync=0 exec=5215 out_sync=27603 total=32819} out_bytes_avg=4838400 n=8
[ax_runner_axcl] profile runner=0xffff9c19d540 devid=0 grpid=0 avg_us{in_sync=0 exec=2751 out_sync=24790 total=27544} out_bytes_avg=2822400 n=8
[ax_runner_axcl] profile runner=0xffff9c1e96f0 devid=0 grpid=0 avg_us{in_sync=0 exec=4323 out_sync=27102 total=31426} out_bytes_avg=4838400 n=8
{"direction":"right_to_left","event":"crossing","id":166,"lr":0,"rl":9}
[ax_runner_axcl] profile runner=0xffff9c1e0838 devid=0 grpid=0 avg_us{in_sync=0 exec=6681 out_sync=8890 total=15572} out_bytes_avg=2359296 n=7
[ax_runner_axcl] profile runner=0xffff9c0c8990 devid=0 grpid=0 avg_us{in_sync=0 exec=1633 out_sync=5661 total=7295} out_bytes_avg=30800 n=10
[ax_runner_axcl] profile runner=0xffff9c1494e8 devid=0 grpid=0 avg_us{in_sync=0 exec=2797 out_sync=43313 total=46111} out_bytes_avg=7174400 n=7
[ax_runner_axcl] profile runner=0xffff9c10e5e0 devid=0 grpid=0 avg_us{in_sync=0 exec=4333 out_sync=27716 total=32051} out_bytes_avg=4838400 n=9
[ax_runner_axcl] profile runner=0xffff9c19d540 devid=0 grpid=0 avg_us{in_sync=0 exec=2184 out_sync=23626 total=25814} out_bytes_avg=2822400 n=9
[ax_runner_axcl] profile runner=0xffff9c1e96f0 devid=0 grpid=0 avg_us{in_sync=0 exec=4370 out_sync=27951 total=32322} out_bytes_avg=4838400 n=9
[ax_runner_axcl] profile runner=0xffff9c1e0838 devid=0 grpid=0 avg_us{in_sync=0 exec=6708 out_sync=7850 total=14561} out_bytes_avg=2359296 n=6
[ax_runner_axcl] profile runner=0xffff9c0c8990 devid=0 grpid=0 avg_us{in_sync=0 exec=1879 out_sync=7395 total=9277} out_bytes_avg=30800 n=9
[ax_runner_axcl] profile runner=0xffff9c10e5e0 devid=0 grpid=0 avg_us{in_sync=0 exec=4693 out_sync=32322 total=37017} out_bytes_avg=4838400 n=9
[ax_runner_axcl] profile runner=0xffff9c1494e8 devid=0 grpid=0 avg_us{in_sync=0 exec=3324 out_sync=43876 total=47202} out_bytes_avg=7174400 n=7
[ax_runner_axcl] profile runner=0xffff9c19d540 devid=0 grpid=0 avg_us{in_sync=0 exec=2263 out_sync=21445 total=23711} out_bytes_avg=2822400 n=9
[ax_runner_axcl] profile runner=0xffff9c1e96f0 devid=0 grpid=0 avg_us{in_sync=0 exec=5034 out_sync=26090 total=31126} out_bytes_avg=4838400 n=9
[ax_runner_axcl] profile runner=0xffff9c1e0838 devid=0 grpid=0 avg_us{in_sync=0 exec=6707 out_sync=9034 total=15743} out_bytes_avg=2359296 n=7
[ax_runner_axcl] profile runner=0xffff9c0c8990 devid=0 grpid=0 avg_us{in_sync=0 exec=1520 out_sync=5609 total=7131} out_bytes_avg=30800 n=10
[ax_runner_axcl] profile runner=0xffff9c10e5e0 devid=0 grpid=0 avg_us{in_sync=0 exec=4271 out_sync=30488 total=34762} out_bytes_avg=4838400 n=9
[ax_runner_axcl] profile runner=0xffff9c1494e8 devid=0 grpid=0 avg_us{in_sync=0 exec=3192 out_sync=41337 total=44531} out_bytes_avg=7174400 n=7
[ax_runner_axcl] profile runner=0xffff9c1e96f0 devid=0 grpid=0 avg_us{in_sync=0 exec=4375 out_sync=28156 total=32533} out_bytes_avg=4838400 n=9
[ax_runner_axcl] profile runner=0xffff9c19d540 devid=0 grpid=0 avg_us{in_sync=0 exec=2439 out_sync=25561 total=28003} out_bytes_avg=2822400 n=9
[ax_runner_axcl] profile runner=0xffff9c1e0838 devid=0 grpid=0 avg_us{in_sync=0 exec=6570 out_sync=9275 total=15846} out_bytes_avg=2359296 n=7
[ax_runner_axcl] profile runner=0xffff9c0c8990 devid=0 grpid=0 avg_us{in_sync=0 exec=2118 out_sync=9736 total=11856} out_bytes_avg=30800 n=9
[ax_runner_axcl] profile runner=0xffff9c10e5e0 devid=0 grpid=0 avg_us{in_sync=0 exec=4410 out_sync=31665 total=36077} out_bytes_avg=4838400 n=8
[ax_runner_axcl] profile runner=0xffff9c1494e8 devid=0 grpid=0 avg_us{in_sync=0 exec=2983 out_sync=37147 total=40132} out_bytes_avg=7174400 n=6
[ax_runner_axcl] profile runner=0xffff9c1e96f0 devid=0 grpid=0 avg_us{in_sync=0 exec=4436 out_sync=28715 total=33153} out_bytes_avg=4838400 n=8
[ax_runner_axcl] profile runner=0xffff9c19d540 devid=0 grpid=0 avg_us{in_sync=0 exec=2151 out_sync=24654 total=26808} out_bytes_avg=2822400 n=8
[ax_runner_axcl] profile runner=0xffff9c1e0838 devid=0 grpid=0 avg_us{in_sync=0 exec=6545 out_sync=11408 total=17953} out_bytes_avg=2359296 n=7
[ax_runner_axcl] profile runner=0xffff9c0c8990 devid=0 grpid=0 avg_us{in_sync=0 exec=1379 out_sync=6791 total=8171} out_bytes_avg=30800 n=10
[ax_runner_axcl] profile runner=0xffff9c10e5e0 devid=0 grpid=0 avg_us{in_sync=0 exec=4571 out_sync=31426 total=35999} out_bytes_avg=4838400 n=9
[ax_runner_axcl] profile runner=0xffff9c1494e8 devid=0 grpid=0 avg_us{in_sync=0 exec=2813 out_sync=44658 total=47473} out_bytes_avg=7174400 n=7
[ax_runner_axcl] profile runner=0xffff9c1e96f0 devid=0 grpid=0 avg_us{in_sync=0 exec=4323 out_sync=33310 total=37635} out_bytes_avg=4838400 n=8
[ax_runner_axcl] profile runner=0xffff9c19d540 devid=0 grpid=0 avg_us{in_sync=0 exec=2648 out_sync=23930 total=26580} out_bytes_avg=2822400 n=9
[ax_runner_axcl] profile runner=0xffff9c1e0838 devid=0 grpid=0 avg_us{in_sync=0 exec=6628 out_sync=9013 total=15643} out_bytes_avg=2359296 n=7
{"direction":"right_to_left","event":"crossing","id":157,"lr":0,"rl":10}
[ax_runner_axcl] profile runner=0xffff9c0c8990 devid=0 grpid=0 avg_us{in_sync=0 exec=1064 out_sync=5795 total=6861} out_bytes_avg=30800 n=10
[ax_runner_axcl] profile runner=0xffff9c10e5e0 devid=0 grpid=0 avg_us{in_sync=0 exec=4335 out_sync=31327 total=35664} out_bytes_avg=4838400 n=9
[ax_runner_axcl] profile runner=0xffff9c1494e8 devid=0 grpid=0 avg_us{in_sync=0 exec=2878 out_sync=46771 total=49650} out_bytes_avg=7174400 n=6
[ax_runner_axcl] profile runner=0xffff9c1e96f0 devid=0 grpid=0 avg_us{in_sync=0 exec=4846 out_sync=31035 total=35884} out_bytes_avg=4838400 n=7
[ax_runner_axcl] profile runner=0xffff9c19d540 devid=0 grpid=0 avg_us{in_sync=0 exec=2538 out_sync=23069 total=25610} out_bytes_avg=2822400 n=8
[ax_runner_axcl] profile runner=0xffff9c1e0838 devid=0 grpid=0 avg_us{in_sync=0 exec=6611 out_sync=9513 total=16126} out_bytes_avg=2359296 n=7
{"channels":[{"decoded":722,"dropped":0,"encoded":722,"infer_fps":8.869178519942615,"inferred":555,"lr":0,"mux_errors":0,"name":"pcd","objects":7,"process_ms":113.40155299694743,"render_ms":4.321661999711068,"render_replaced":0,"rendered":722,"result_age":0.12948423200214165,"rl":0,"submit_errors":0},{"decoded":1501,"dropped":0,"encoded":1497,"infer_fps":8.171602681295443,"inferred":480,"lr":0,"mux_errors":0,"name":"vehicle","objects":1,"process_ms":137.19529900117777,"render_ms":4.5888719978393055,"render_replaced":0,"rendered":1497,"result_age":0.07212399100171751,"rl":0,"submit_errors":0},{"decoded":1806,"dropped":0,"encoded":1806,"infer_fps":6.178528856589238,"inferred":369,"lr":0,"mux_errors":0,"name":"seg","objects":5,"process_ms":140.03382200098713,"render_ms":6.229512000572868,"render_replaced":0,"rendered":1806,"result_age":0.15053137100039748,"rl":0,"submit_errors":0},{"decoded":1800,"dropped":0,"encoded":1798,"infer_fps":7.872641607589513,"inferred":473,"lr":0,"mux_errors":0,"name":"driving","objects":1,"process_ms":93.59900900017237,"render_ms":5.3658380020351615,"render_replaced":0,"rendered":1798,"result_age":0.038913041000341764,"rl":0,"submit_errors":0},{"decoded":1444,"dropped":0,"encoded":1443,"infer_fps":6.477489930295168,"inferred":398,"lr":0,"mux_errors":0,"name":"depth","objects":0,"process_ms":142.1717989978788,"render_ms":6.492263000836829,"render_replaced":0,"rendered":1443,"result_age":0.13133599900174886,"rl":0,"submit_errors":0},{"decoded":1448,"dropped":0,"encoded":1448,"infer_fps":7.573680533883581,"inferred":460,"lr":0,"mux_errors":0,"name":"count","objects":7,"process_ms":160.72808299941244,"render_ms":5.1879190032195766,"render_replaced":0,"rendered":1448,"result_age":0.07496305799941183,"rl":10,"submit_errors":0}],"elapsed":60.13635163800063,"event":"stats","overview_dropped":0,"overview_encoded":1798,"overview_mux_errors":0}
[ax_runner_axcl] profile runner=0xffff9c0c8990 devid=0 grpid=0 avg_us{in_sync=0 exec=1050 out_sync=4383 total=5436} out_bytes_avg=30800 n=9
[ax_runner_axcl] profile runner=0xffff9c10e5e0 devid=0 grpid=0 avg_us{in_sync=0 exec=4249 out_sync=31143 total=35394} out_bytes_avg=4838400 n=8
[ax_runner_axcl] profile runner=0xffff9c1494e8 devid=0 grpid=0 avg_us{in_sync=0 exec=2931 out_sync=45900 total=48832} out_bytes_avg=7174400 n=6
[ax_runner_axcl] profile runner=0xffff9c1e96f0 devid=0 grpid=0 avg_us{in_sync=0 exec=4329 out_sync=34327 total=38658} out_bytes_avg=4838400 n=7
[ax_runner_axcl] profile runner=0xffff9c19d540 devid=0 grpid=0 avg_us{in_sync=0 exec=2115 out_sync=25939 total=28057} out_bytes_avg=2822400 n=8
[ax_runner_axcl] profile runner=0xffff9c1e0838 devid=0 grpid=0 avg_us{in_sync=0 exec=6951 out_sync=11042 total=17994} out_bytes_avg=2359296 n=7
[ax_runner_axcl] profile runner=0xffff9c0c8990 devid=0 grpid=0 avg_us{in_sync=0 exec=971 out_sync=6028 total=7001} out_bytes_avg=30800 n=9
[ax_runner_axcl] profile runner=0xffff9c10e5e0 devid=0 grpid=0 avg_us{in_sync=0 exec=4256 out_sync=31539 total=35797} out_bytes_avg=4838400 n=8
[ax_runner_axcl] profile runner=0xffff9c1494e8 devid=0 grpid=0 avg_us{in_sync=0 exec=2882 out_sync=44686 total=47570} out_bytes_avg=7174400 n=7
[ax_runner_axcl] profile runner=0xffff9c1e96f0 devid=0 grpid=0 avg_us{in_sync=0 exec=4155 out_sync=27353 total=31510} out_bytes_avg=4838400 n=9
[ax_runner_axcl] profile runner=0xffff9c19d540 devid=0 grpid=0 avg_us{in_sync=0 exec=2130 out_sync=26189 total=28321} out_bytes_avg=2822400 n=9
[ax_runner_axcl] profile runner=0xffff9c1e0838 devid=0 grpid=0 avg_us{in_sync=0 exec=6513 out_sync=8735 total=15249} out_bytes_avg=2359296 n=8
[ax_runner_axcl] profile runner=0xffff9c0c8990 devid=0 grpid=0 avg_us{in_sync=0 exec=1009 out_sync=6761 total=7772} out_bytes_avg=30800 n=10
[ax_runner_axcl] profile runner=0xffff9c1494e8 devid=0 grpid=0 avg_us{in_sync=0 exec=2794 out_sync=37655 total=40451} out_bytes_avg=7174400 n=7
[ax_runner_axcl] profile runner=0xffff9c10e5e0 devid=0 grpid=0 avg_us{in_sync=0 exec=4305 out_sync=31688 total=35995} out_bytes_avg=4838400 n=9
[ax_runner_axcl] profile runner=0xffff9c1e96f0 devid=0 grpid=0 avg_us{in_sync=0 exec=4186 out_sync=27222 total=31410} out_bytes_avg=4838400 n=8
[ax_runner_axcl] profile runner=0xffff9c19d540 devid=0 grpid=0 avg_us{in_sync=0 exec=2158 out_sync=20473 total=22634} out_bytes_avg=2822400 n=8
[ax_runner_axcl] profile runner=0xffff9c1e0838 devid=0 grpid=0 avg_us{in_sync=0 exec=6869 out_sync=10075 total=16946} out_bytes_avg=2359296 n=7
[ax_runner_axcl] profile runner=0xffff9c0c8990 devid=0 grpid=0 avg_us{in_sync=0 exec=1146 out_sync=8837 total=9984} out_bytes_avg=30800 n=9
{"event":"count_loop_reset","loop":5}
[ax_runner_axcl] profile runner=0xffff9c1494e8 devid=0 grpid=0 avg_us{in_sync=0 exec=2795 out_sync=44107 total=46908} out_bytes_avg=7174400 n=6
[ax_runner_axcl] profile runner=0xffff9c10e5e0 devid=0 grpid=0 avg_us{in_sync=0 exec=4252 out_sync=29378 total=33632} out_bytes_avg=4838400 n=8
[ax_runner_axcl] profile runner=0xffff9c1e96f0 devid=0 grpid=0 avg_us{in_sync=0 exec=4236 out_sync=30762 total=35001} out_bytes_avg=4838400 n=8
[ax_runner_axcl] profile runner=0xffff9c19d540 devid=0 grpid=0 avg_us{in_sync=0 exec=2218 out_sync=28624 total=30845} out_bytes_avg=2822400 n=8
[ax_runner_axcl] profile runner=0xffff9c1e0838 devid=0 grpid=0 avg_us{in_sync=0 exec=6797 out_sync=10919 total=17717} out_bytes_avg=2359296 n=8
[ax_runner_axcl] profile runner=0xffff9c0c8990 devid=0 grpid=0 avg_us{in_sync=0 exec=1167 out_sync=6145 total=7314} out_bytes_avg=30800 n=10
[ax_runner_axcl] profile runner=0xffff9c1494e8 devid=0 grpid=0 avg_us{in_sync=0 exec=3055 out_sync=44940 total=47996} out_bytes_avg=7174400 n=7
[ax_runner_axcl] profile runner=0xffff9c10e5e0 devid=0 grpid=0 avg_us{in_sync=0 exec=4332 out_sync=33471 total=37804} out_bytes_avg=4838400 n=9
[ax_runner_axcl] profile runner=0xffff9c1e96f0 devid=0 grpid=0 avg_us{in_sync=0 exec=4208 out_sync=31161 total=35371} out_bytes_avg=4838400 n=9
[ax_runner_axcl] profile runner=0xffff9c19d540 devid=0 grpid=0 avg_us{in_sync=0 exec=2410 out_sync=21770 total=24184} out_bytes_avg=2822400 n=9
[ax_runner_axcl] profile runner=0xffff9c1e0838 devid=0 grpid=0 avg_us{in_sync=0 exec=6470 out_sync=8492 total=14964} out_bytes_avg=2359296 n=7
[ax_runner_axcl] profile runner=0xffff9c0c8990 devid=0 grpid=0 avg_us{in_sync=0 exec=1404 out_sync=5772 total=7177} out_bytes_avg=30800 n=9
[ax_runner_axcl] profile runner=0xffff9c1494e8 devid=0 grpid=0 avg_us{in_sync=0 exec=2757 out_sync=42498 total=45257} out_bytes_avg=7174400 n=6
[ax_runner_axcl] profile runner=0xffff9c10e5e0 devid=0 grpid=0 avg_us{in_sync=0 exec=4223 out_sync=31794 total=36019} out_bytes_avg=4838400 n=9
[ax_runner_axcl] profile runner=0xffff9c1e96f0 devid=0 grpid=0 avg_us{in_sync=0 exec=4365 out_sync=32888 total=37255} out_bytes_avg=4838400 n=7
[ax_runner_axcl] profile runner=0xffff9c19d540 devid=0 grpid=0 avg_us{in_sync=0 exec=2147 out_sync=24361 total=26510} out_bytes_avg=2822400 n=8
{"direction":"right_to_left","event":"crossing","id":201,"lr":0,"rl":11}
[ax_runner_axcl] profile runner=0xffff9c1e0838 devid=0 grpid=0 avg_us{in_sync=0 exec=6603 out_sync=8395 total=15000} out_bytes_avg=2359296 n=7
[ax_runner_axcl] profile runner=0xffff9c0c8990 devid=0 grpid=0 avg_us{in_sync=0 exec=1416 out_sync=4692 total=6111} out_bytes_avg=30800 n=9
[ax_runner_axcl] profile runner=0xffff9c1494e8 devid=0 grpid=0 avg_us{in_sync=0 exec=3679 out_sync=47030 total=50711} out_bytes_avg=7174400 n=6
[ax_runner_axcl] profile runner=0xffff9c10e5e0 devid=0 grpid=0 avg_us{in_sync=0 exec=4214 out_sync=31117 total=35332} out_bytes_avg=4838400 n=8
[ax_runner_axcl] profile runner=0xffff9c1e96f0 devid=0 grpid=0 avg_us{in_sync=0 exec=4334 out_sync=31957 total=36293} out_bytes_avg=4838400 n=9
[ax_runner_axcl] profile runner=0xffff9c19d540 devid=0 grpid=0 avg_us{in_sync=0 exec=2178 out_sync=23824 total=26005} out_bytes_avg=2822400 n=9
[ax_runner_axcl] profile runner=0xffff9c1e0838 devid=0 grpid=0 avg_us{in_sync=0 exec=6832 out_sync=8310 total=15144} out_bytes_avg=2359296 n=7
[ax_runner_axcl] profile runner=0xffff9c0c8990 devid=0 grpid=0 avg_us{in_sync=0 exec=1071 out_sync=6057 total=7130} out_bytes_avg=30800 n=9
[ax_runner_axcl] profile runner=0xffff9c1494e8 devid=0 grpid=0 avg_us{in_sync=0 exec=2970 out_sync=44222 total=47193} out_bytes_avg=7174400 n=7
[ax_runner_axcl] profile runner=0xffff9c10e5e0 devid=0 grpid=0 avg_us{in_sync=0 exec=4747 out_sync=34526 total=39275} out_bytes_avg=4838400 n=9
[ax_runner_axcl] profile runner=0xffff9c1e96f0 devid=0 grpid=0 avg_us{in_sync=0 exec=4223 out_sync=29962 total=34188} out_bytes_avg=4838400 n=9
[ax_runner_axcl] profile runner=0xffff9c19d540 devid=0 grpid=0 avg_us{in_sync=0 exec=2077 out_sync=22660 total=24740} out_bytes_avg=2822400 n=9
[ax_runner_axcl] profile runner=0xffff9c1e0838 devid=0 grpid=0 avg_us{in_sync=0 exec=6590 out_sync=8329 total=14920} out_bytes_avg=2359296 n=7
[ax_runner_axcl] profile runner=0xffff9c0c8990 devid=0 grpid=0 avg_us{in_sync=0 exec=1189 out_sync=7585 total=8776} out_bytes_avg=30800 n=10
[2026-09-16T18:54:03.173] [INFO] [T:281466887728832] RTSP OPTIONS rtsp://127.0.0.1:8554/overview/
[ax_runner_axcl] profile runner=0xffff9c1494e8 devid=0 grpid=0 avg_us{in_sync=0 exec=2952 out_sync=44766 total=47719} out_bytes_avg=7174400 n=7
[ax_runner_axcl] profile runner=0xffff9c10e5e0 devid=0 grpid=0 avg_us{in_sync=0 exec=4231 out_sync=30710 total=34942} out_bytes_avg=4838400 n=9
[ax_runner_axcl] profile runner=0xffff9c1e96f0 devid=0 grpid=0 avg_us{in_sync=0 exec=4199 out_sync=27041 total=31241} out_bytes_avg=4838400 n=8
[ax_runner_axcl] profile runner=0xffff9c19d540 devid=0 grpid=0 avg_us{in_sync=0 exec=2134 out_sync=21343 total=23480} out_bytes_avg=2822400 n=9
[ax_runner_axcl] profile runner=0xffff9c1e0838 devid=0 grpid=0 avg_us{in_sync=0 exec=6687 out_sync=9405 total=16094} out_bytes_avg=2359296 n=7
[ax_runner_axcl] profile runner=0xffff9c0c8990 devid=0 grpid=0 avg_us{in_sync=0 exec=1037 out_sync=5852 total=6891} out_bytes_avg=30800 n=10
[ax_runner_axcl] profile runner=0xffff9c1494e8 devid=0 grpid=0 avg_us{in_sync=0 exec=2803 out_sync=47263 total=50068} out_bytes_avg=7174400 n=7
[ax_runner_axcl] profile runner=0xffff9c10e5e0 devid=0 grpid=0 avg_us{in_sync=0 exec=4180 out_sync=27788 total=31970} out_bytes_avg=4838400 n=9
[ax_runner_axcl] profile runner=0xffff9c1e96f0 devid=0 grpid=0 avg_us{in_sync=0 exec=4467 out_sync=34619 total=39088} out_bytes_avg=4838400 n=9
{"channels":[{"decoded":843,"dropped":0,"encoded":843,"infer_fps":8.970453792976512,"inferred":645,"lr":0,"mux_errors":0,"name":"pcd","objects":10,"process_ms":94.81143499942846,"render_ms":8.109026999591151,"render_replaced":0,"rendered":843,"result_age":0.11158007899939548,"rl":0,"submit_errors":0},{"decoded":1754,"dropped":0,"encoded":1750,"infer_fps":8.07340841367886,"inferred":561,"lr":0,"mux_errors":0,"name":"vehicle","objects":6,"process_ms":155.23303599911742,"render_ms":7.406354998238385,"render_replaced":0,"rendered":1750,"result_age":0.012508232000982389,"rl":0,"submit_errors":0},{"decoded":2107,"dropped":0,"encoded":2107,"infer_fps":6.378989363894409,"inferred":433,"lr":0,"mux_errors":0,"name":"seg","objects":1,"process_ms":137.29217400032212,"render_ms":11.880851001478732,"render_replaced":0,"rendered":2107,"result_age":0.048104369998327456,"rl":0,"submit_errors":0},{"decoded":2101,"dropped":0,"encoded":2099,"infer_fps":8.07340841367886,"inferred":554,"lr":0,"mux_errors":0,"name":"driving","objects":2,"process_ms":102.76437800348504,"render_ms":6.432471996959066,"render_replaced":0,"rendered":2099,"result_age":0.0700831409994862,"rl":0,"submit_errors":0},{"decoded":1684,"dropped":0,"encoded":1684,"infer_fps":6.678004490326959,"inferred":465,"lr":0,"mux_errors":0,"name":"depth","objects":0,"process_ms":148.82039700023597,"render_ms":11.397514001146192,"render_replaced":0,"rendered":1684,"result_age":0.11442731199713307,"rl":0,"submit_errors":0},{"decoded":1690,"dropped":0,"encoded":1689,"infer_fps":7.973736704868011,"inferred":540,"lr":0,"mux_errors":0,"name":"count","objects":8,"process_ms":116.1855350001133,"render_ms":4.810791000636527,"render_replaced":0,"rendered":1690,"result_age":0.004390203997900244,"rl":11,"submit_errors":0}],"elapsed":70.16928888700204,"event":"stats","overview_dropped":0,"overview_encoded":2099,"overview_mux_errors":0}
[ax_runner_axcl] profile runner=0xffff9c19d540 devid=0 grpid=0 avg_us{in_sync=0 exec=2571 out_sync=23140 total=25713} out_bytes_avg=2822400 n=9
[ax_runner_axcl] profile runner=0xffff9c1e0838 devid=0 grpid=0 avg_us{in_sync=0 exec=6513 out_sync=9606 total=16120} out_bytes_avg=2359296 n=7
[ax_runner_axcl] profile runner=0xffff9c0c8990 devid=0 grpid=0 avg_us{in_sync=0 exec=1266 out_sync=6778 total=8047} out_bytes_avg=30800 n=10
[ax_runner_axcl] profile runner=0xffff9c10e5e0 devid=0 grpid=0 avg_us{in_sync=0 exec=4196 out_sync=30781 total=34979} out_bytes_avg=4838400 n=9
[ax_runner_axcl] profile runner=0xffff9c1494e8 devid=0 grpid=0 avg_us{in_sync=0 exec=3179 out_sync=51078 total=54259} out_bytes_avg=7174400 n=7
[ax_runner_axcl] profile runner=0xffff9c1e96f0 devid=0 grpid=0 avg_us{in_sync=0 exec=4232 out_sync=30529 total=34764} out_bytes_avg=4838400 n=9
[ax_runner_axcl] profile runner=0xffff9c19d540 devid=0 grpid=0 avg_us{in_sync=0 exec=2127 out_sync=26412 total=28541} out_bytes_avg=2822400 n=8
{"direction":"right_to_left","event":"crossing","id":189,"lr":0,"rl":12}
[ax_runner_axcl] profile runner=0xffff9c0c8990 devid=0 grpid=0 avg_us{in_sync=0 exec=1040 out_sync=5564 total=6606} out_bytes_avg=30800 n=9
[ax_runner_axcl] profile runner=0xffff9c1e0838 devid=0 grpid=0 avg_us{in_sync=0 exec=7051 out_sync=8015 total=15067} out_bytes_avg=2359296 n=7
[ax_runner_axcl] profile runner=0xffff9c1494e8 devid=0 grpid=0 avg_us{in_sync=0 exec=2868 out_sync=47062 total=49933} out_bytes_avg=7174400 n=6
[ax_runner_axcl] profile runner=0xffff9c10e5e0 devid=0 grpid=0 avg_us{in_sync=0 exec=4456 out_sync=30164 total=34622} out_bytes_avg=4838400 n=9
[ax_runner_axcl] profile runner=0xffff9c1e96f0 devid=0 grpid=0 avg_us{in_sync=0 exec=4800 out_sync=30050 total=34852} out_bytes_avg=4838400 n=9
[ax_runner_axcl] profile runner=0xffff9c19d540 devid=0 grpid=0 avg_us{in_sync=0 exec=2459 out_sync=22402 total=24863} out_bytes_avg=2822400 n=9
[ax_runner_axcl] profile runner=0xffff9c1e0838 devid=0 grpid=0 avg_us{in_sync=0 exec=7521 out_sync=9641 total=17164} out_bytes_avg=2359296 n=6
[ax_runner_axcl] profile runner=0xffff9c0c8990 devid=0 grpid=0 avg_us{in_sync=0 exec=1346 out_sync=6322 total=7670} out_bytes_avg=30800 n=10
[ax_runner_axcl] profile runner=0xffff9c1494e8 devid=0 grpid=0 avg_us{in_sync=0 exec=2859 out_sync=44938 total=47799} out_bytes_avg=7174400 n=6
[ax_runner_axcl] profile runner=0xffff9c10e5e0 devid=0 grpid=0 avg_us{in_sync=0 exec=4432 out_sync=32253 total=36687} out_bytes_avg=4838400 n=9
[ax_runner_axcl] profile runner=0xffff9c1e96f0 devid=0 grpid=0 avg_us{in_sync=0 exec=4265 out_sync=30065 total=34332} out_bytes_avg=4838400 n=8
[ax_runner_axcl] profile runner=0xffff9c19d540 devid=0 grpid=0 avg_us{in_sync=0 exec=2220 out_sync=24579 total=26802} out_bytes_avg=2822400 n=9
[ax_runner_axcl] profile runner=0xffff9c1e0838 devid=0 grpid=0 avg_us{in_sync=0 exec=6627 out_sync=10161 total=16790} out_bytes_avg=2359296 n=7
[ax_runner_axcl] profile runner=0xffff9c0c8990 devid=0 grpid=0 avg_us{in_sync=0 exec=1603 out_sync=6903 total=8508} out_bytes_avg=30800 n=10
[ax_runner_axcl] profile runner=0xffff9c1494e8 devid=0 grpid=0 avg_us{in_sync=0 exec=2977 out_sync=47032 total=50011} out_bytes_avg=7174400 n=7
[ax_runner_axcl] profile runner=0xffff9c10e5e0 devid=0 grpid=0 avg_us{in_sync=0 exec=4798 out_sync=33369 total=38170} out_bytes_avg=4838400 n=9
[ax_runner_axcl] profile runner=0xffff9c1e96f0 devid=0 grpid=0 avg_us{in_sync=0 exec=4258 out_sync=32877 total=37137} out_bytes_avg=4838400 n=8
[ax_runner_axcl] profile runner=0xffff9c19d540 devid=0 grpid=0 avg_us{in_sync=0 exec=2142 out_sync=24111 total=26255} out_bytes_avg=2822400 n=9
[ax_runner_axcl] profile runner=0xffff9c1e0838 devid=0 grpid=0 avg_us{in_sync=0 exec=6558 out_sync=9721 total=16281} out_bytes_avg=2359296 n=7
[ax_runner_axcl] profile runner=0xffff9c0c8990 devid=0 grpid=0 avg_us{in_sync=0 exec=1204 out_sync=4843 total=6049} out_bytes_avg=30800 n=9
[ax_runner_axcl] profile runner=0xffff9c1494e8 devid=0 grpid=0 avg_us{in_sync=0 exec=2969 out_sync=40972 total=43942} out_bytes_avg=7174400 n=7
[ax_runner_axcl] profile runner=0xffff9c10e5e0 devid=0 grpid=0 avg_us{in_sync=0 exec=4630 out_sync=32054 total=36686} out_bytes_avg=4838400 n=8
[ax_runner_axcl] profile runner=0xffff9c1e96f0 devid=0 grpid=0 avg_us{in_sync=0 exec=4182 out_sync=28316 total=32500} out_bytes_avg=4838400 n=8
[ax_runner_axcl] profile runner=0xffff9c19d540 devid=0 grpid=0 avg_us{in_sync=0 exec=2283 out_sync=24648 total=26934} out_bytes_avg=2822400 n=8
{"event":"count_loop_reset","loop":6}
[ax_runner_axcl] profile runner=0xffff9c1e0838 devid=0 grpid=0 avg_us{in_sync=0 exec=6710 out_sync=8010 total=14724} out_bytes_avg=2359296 n=7
[ax_runner_axcl] profile runner=0xffff9c0c8990 devid=0 grpid=0 avg_us{in_sync=0 exec=1272 out_sync=7362 total=8636} out_bytes_avg=30800 n=9
[ax_runner_axcl] profile runner=0xffff9c1494e8 devid=0 grpid=0 avg_us{in_sync=0 exec=2839 out_sync=43988 total=46829} out_bytes_avg=7174400 n=6
[ax_runner_axcl] profile runner=0xffff9c10e5e0 devid=0 grpid=0 avg_us{in_sync=0 exec=4561 out_sync=32851 total=37413} out_bytes_avg=4838400 n=9
[ax_runner_axcl] profile runner=0xffff9c1e96f0 devid=0 grpid=0 avg_us{in_sync=0 exec=4344 out_sync=31027 total=35373} out_bytes_avg=4838400 n=8
[ax_runner_axcl] profile runner=0xffff9c19d540 devid=0 grpid=0 avg_us{in_sync=0 exec=2282 out_sync=24966 total=27251} out_bytes_avg=2822400 n=8
[ax_runner_axcl] profile runner=0xffff9c0c8990 devid=0 grpid=0 avg_us{in_sync=0 exec=1312 out_sync=6867 total=8181} out_bytes_avg=30800 n=9
[ax_runner_axcl] profile runner=0xffff9c1e0838 devid=0 grpid=0 avg_us{in_sync=0 exec=6874 out_sync=8673 total=15548} out_bytes_avg=2359296 n=8
[ax_runner_axcl] profile runner=0xffff9c1494e8 devid=0 grpid=0 avg_us{in_sync=0 exec=2946 out_sync=34755 total=37703} out_bytes_avg=7174400 n=7
[ax_runner_axcl] profile runner=0xffff9c1e96f0 devid=0 grpid=0 avg_us{in_sync=0 exec=4152 out_sync=27496 total=31649} out_bytes_avg=4838400 n=8
[ax_runner_axcl] profile runner=0xffff9c10e5e0 devid=0 grpid=0 avg_us{in_sync=0 exec=4186 out_sync=29175 total=33362} out_bytes_avg=4838400 n=9
[ax_runner_axcl] profile runner=0xffff9c19d540 devid=0 grpid=0 avg_us{in_sync=0 exec=2117 out_sync=23833 total=25953} out_bytes_avg=2822400 n=8
[ax_runner_axcl] profile runner=0xffff9c0c8990 devid=0 grpid=0 avg_us{in_sync=0 exec=1648 out_sync=8150 total=9800} out_bytes_avg=30800 n=10
[ax_runner_axcl] profile runner=0xffff9c1e0838 devid=0 grpid=0 avg_us{in_sync=0 exec=6578 out_sync=8188 total=14769} out_bytes_avg=2359296 n=7
[ax_runner_axcl] profile runner=0xffff9c1494e8 devid=0 grpid=0 avg_us{in_sync=0 exec=2848 out_sync=45809 total=48658} out_bytes_avg=7174400 n=6
[ax_runner_axcl] profile runner=0xffff9c1e96f0 devid=0 grpid=0 avg_us{in_sync=0 exec=4252 out_sync=31375 total=35629} out_bytes_avg=4838400 n=9
[ax_runner_axcl] profile runner=0xffff9c10e5e0 devid=0 grpid=0 avg_us{in_sync=0 exec=4700 out_sync=27498 total=32199} out_bytes_avg=4838400 n=9
{"direction":"right_to_left","event":"crossing","id":254,"lr":0,"rl":13}
[ax_runner_axcl] profile runner=0xffff9c19d540 devid=0 grpid=0 avg_us{in_sync=0 exec=2300 out_sync=21992 total=24295} out_bytes_avg=2822400 n=9
[ax_runner_axcl] profile runner=0xffff9c0c8990 devid=0 grpid=0 avg_us{in_sync=0 exec=1136 out_sync=5906 total=7044} out_bytes_avg=30800 n=9
[ax_runner_axcl] profile runner=0xffff9c1e0838 devid=0 grpid=0 avg_us{in_sync=0 exec=6536 out_sync=9409 total=15947} out_bytes_avg=2359296 n=7
[ax_runner_axcl] profile runner=0xffff9c1494e8 devid=0 grpid=0 avg_us{in_sync=0 exec=2857 out_sync=43152 total=46011} out_bytes_avg=7174400 n=7
[ax_runner_axcl] profile runner=0xffff9c10e5e0 devid=0 grpid=0 avg_us{in_sync=0 exec=4548 out_sync=29780 total=34330} out_bytes_avg=4838400 n=8
[ax_runner_axcl] profile runner=0xffff9c1e96f0 devid=0 grpid=0 avg_us{in_sync=0 exec=4201 out_sync=28430 total=32633} out_bytes_avg=4838400 n=9
[ax_runner_axcl] profile runner=0xffff9c19d540 devid=0 grpid=0 avg_us{in_sync=0 exec=2072 out_sync=26400 total=28475} out_bytes_avg=2822400 n=8
{"channels":[{"decoded":963,"dropped":0,"encoded":963,"infer_fps":8.870836166277854,"inferred":734,"lr":0,"mux_errors":0,"name":"pcd","objects":9,"process_ms":120.04202699972666,"render_ms":4.236202999891248,"render_replaced":0,"rendered":963,"result_age":0.11029994300042745,"rl":0,"submit_errors":0},{"decoded":2005,"dropped":0,"encoded":2001,"infer_fps":8.17312995095263,"inferred":643,"lr":0,"mux_errors":0,"name":"vehicle","objects":3,"process_ms":102.35133400055929,"render_ms":5.51604700012831,"render_replaced":0,"rendered":2001,"result_age":0.025095548000535928,"rl":0,"submit_errors":0},{"decoded":2409,"dropped":0,"encoded":2409,"infer_fps":6.1796836214519875,"inferred":495,"lr":0,"mux_errors":0,"name":"seg","objects":1,"process_ms":142.35088399800588,"render_ms":6.558181998116197,"render_replaced":0,"rendered":2409,"result_age":0.1503531189991918,"rl":0,"submit_errors":0},{"decoded":2404,"dropped":0,"encoded":2400,"infer_fps":8.073457634477597,"inferred":635,"lr":0,"mux_errors":0,"name":"driving","objects":0,"process_ms":140.94645500154002,"render_ms":6.256554002902703,"render_replaced":0,"rendered":2401,"result_age":0.1264744990003237,"rl":0,"submit_errors":0},{"decoded":1926,"dropped":0,"encoded":1925,"infer_fps":6.478700570877084,"inferred":530,"lr":0,"mux_errors":0,"name":"depth","objects":0,"process_ms":165.13899599885917,"render_ms":7.843566996598383,"render_replaced":0,"rendered":1926,"result_age":0.06707865600037621,"rl":0,"submit_errors":0},{"decoded":1932,"dropped":0,"encoded":1931,"infer_fps":7.874113001527533,"inferred":619,"lr":0,"mux_errors":0,"name":"count","objects":6,"process_ms":99.79172900057165,"render_ms":5.934300999797415,"render_replaced":0,"rendered":1931,"result_age":0.0697375129966531,"rl":13,"submit_errors":0}],"elapsed":80.2021649690032,"event":"stats","overview_dropped":0,"overview_encoded":2400,"overview_mux_errors":0}
[ax_runner_axcl] profile runner=0xffff9c0c8990 devid=0 grpid=0 avg_us{in_sync=0 exec=1344 out_sync=4447 total=5793} out_bytes_avg=30800 n=9
[ax_runner_axcl] profile runner=0xffff9c1e0838 devid=0 grpid=0 avg_us{in_sync=0 exec=6876 out_sync=9597 total=16474} out_bytes_avg=2359296 n=7
[ax_runner_axcl] profile runner=0xffff9c1494e8 devid=0 grpid=0 avg_us{in_sync=0 exec=2899 out_sync=47660 total=50561} out_bytes_avg=7174400 n=7
[ax_runner_axcl] profile runner=0xffff9c10e5e0 devid=0 grpid=0 avg_us{in_sync=0 exec=4168 out_sync=29730 total=33899} out_bytes_avg=4838400 n=9
[ax_runner_axcl] profile runner=0xffff9c1e96f0 devid=0 grpid=0 avg_us{in_sync=0 exec=4341 out_sync=31076 total=35418} out_bytes_avg=4838400 n=8
[ax_runner_axcl] profile runner=0xffff9c19d540 devid=0 grpid=0 avg_us{in_sync=0 exec=2131 out_sync=23827 total=25961} out_bytes_avg=2822400 n=8
[ax_runner_axcl] profile runner=0xffff9c0c8990 devid=0 grpid=0 avg_us{in_sync=0 exec=1290 out_sync=2820 total=4112} out_bytes_avg=30800 n=9
[ax_runner_axcl] profile runner=0xffff9c1e0838 devid=0 grpid=0 avg_us{in_sync=0 exec=6823 out_sync=10693 total=17518} out_bytes_avg=2359296 n=7
[ax_runner_axcl] profile runner=0xffff9c1494e8 devid=0 grpid=0 avg_us{in_sync=0 exec=2826 out_sync=43144 total=45971} out_bytes_avg=7174400 n=6
[ax_runner_axcl] profile runner=0xffff9c1e96f0 devid=0 grpid=0 avg_us{in_sync=0 exec=4296 out_sync=28564 total=32862} out_bytes_avg=4838400 n=7
[ax_runner_axcl] profile runner=0xffff9c10e5e0 devid=0 grpid=0 avg_us{in_sync=0 exec=4856 out_sync=29373 total=34231} out_bytes_avg=4838400 n=8
[ax_runner_axcl] profile runner=0xffff9c19d540 devid=0 grpid=0 avg_us{in_sync=0 exec=2318 out_sync=21630 total=23950} out_bytes_avg=2822400 n=8
[ax_runner_axcl] profile runner=0xffff9c0c8990 devid=0 grpid=0 avg_us{in_sync=0 exec=1041 out_sync=6150 total=7193} out_bytes_avg=30800 n=9
[ax_runner_axcl] profile runner=0xffff9c1e0838 devid=0 grpid=0 avg_us{in_sync=0 exec=6503 out_sync=9054 total=15558} out_bytes_avg=2359296 n=7
[ax_runner_axcl] profile runner=0xffff9c1494e8 devid=0 grpid=0 avg_us{in_sync=0 exec=3050 out_sync=41518 total=44570} out_bytes_avg=7174400 n=6
[ax_runner_axcl] profile runner=0xffff9c1e96f0 devid=0 grpid=0 avg_us{in_sync=0 exec=4517 out_sync=29376 total=33895} out_bytes_avg=4838400 n=8
[ax_runner_axcl] profile runner=0xffff9c10e5e0 devid=0 grpid=0 avg_us{in_sync=0 exec=4602 out_sync=33524 total=38128} out_bytes_avg=4838400 n=8
[ax_runner_axcl] profile runner=0xffff9c19d540 devid=0 grpid=0 avg_us{in_sync=0 exec=2144 out_sync=19099 total=21246} out_bytes_avg=2822400 n=8
[ax_runner_axcl] profile runner=0xffff9c0c8990 devid=0 grpid=0 avg_us{in_sync=0 exec=993 out_sync=4182 total=5177} out_bytes_avg=30800 n=9
[ax_runner_axcl] profile runner=0xffff9c1e0838 devid=0 grpid=0 avg_us{in_sync=0 exec=6598 out_sync=10489 total=17089} out_bytes_avg=2359296 n=7
[ax_runner_axcl] profile runner=0xffff9c1494e8 devid=0 grpid=0 avg_us{in_sync=0 exec=2792 out_sync=46465 total=49258} out_bytes_avg=7174400 n=7
[ax_runner_axcl] profile runner=0xffff9c1e96f0 devid=0 grpid=0 avg_us{in_sync=0 exec=4233 out_sync=33661 total=37896} out_bytes_avg=4838400 n=8
[ax_runner_axcl] profile runner=0xffff9c19d540 devid=0 grpid=0 avg_us{in_sync=0 exec=2199 out_sync=28373 total=30575} out_bytes_avg=2822400 n=7
[ax_runner_axcl] profile runner=0xffff9c10e5e0 devid=0 grpid=0 avg_us{in_sync=0 exec=4185 out_sync=30234 total=34421} out_bytes_avg=4838400 n=9
{"direction":"right_to_left","event":"crossing","id":245,"lr":0,"rl":14}
[ax_runner_axcl] profile runner=0xffff9c0c8990 devid=0 grpid=0 avg_us{in_sync=0 exec=1130 out_sync=7647 total=8779} out_bytes_avg=30800 n=8
[ax_runner_axcl] profile runner=0xffff9c1e0838 devid=0 grpid=0 avg_us{in_sync=0 exec=6968 out_sync=10162 total=17132} out_bytes_avg=2359296 n=6
[ax_runner_axcl] profile runner=0xffff9c1494e8 devid=0 grpid=0 avg_us{in_sync=0 exec=2847 out_sync=40121 total=42970} out_bytes_avg=7174400 n=6
[ax_runner_axcl] profile runner=0xffff9c19d540 devid=0 grpid=0 avg_us{in_sync=0 exec=2361 out_sync=22105 total=24469} out_bytes_avg=2822400 n=8
[ax_runner_axcl] profile runner=0xffff9c10e5e0 devid=0 grpid=0 avg_us{in_sync=0 exec=4453 out_sync=31878 total=36332} out_bytes_avg=4838400 n=8
[ax_runner_axcl] profile runner=0xffff9c1e96f0 devid=0 grpid=0 avg_us{in_sync=0 exec=4397 out_sync=34466 total=38865} out_bytes_avg=4838400 n=7
[ax_runner_axcl] profile runner=0xffff9c0c8990 devid=0 grpid=0 avg_us{in_sync=0 exec=1059 out_sync=3186 total=4247} out_bytes_avg=30800 n=9
[ax_runner_axcl] profile runner=0xffff9c1e0838 devid=0 grpid=0 avg_us{in_sync=0 exec=6694 out_sync=9789 total=16484} out_bytes_avg=2359296 n=7
[ax_runner_axcl] profile runner=0xffff9c1494e8 devid=0 grpid=0 avg_us{in_sync=0 exec=2748 out_sync=44037 total=46786} out_bytes_avg=7174400 n=7
[ax_runner_axcl] profile runner=0xffff9c19d540 devid=0 grpid=0 avg_us{in_sync=0 exec=2888 out_sync=22912 total=25802} out_bytes_avg=2822400 n=9
[ax_runner_axcl] profile runner=0xffff9c10e5e0 devid=0 grpid=0 avg_us{in_sync=0 exec=4326 out_sync=26676 total=31004} out_bytes_avg=4838400 n=9
[ax_runner_axcl] profile runner=0xffff9c1e96f0 devid=0 grpid=0 avg_us{in_sync=0 exec=4209 out_sync=31162 total=35373} out_bytes_avg=4838400 n=9
[ax_runner_axcl] profile runner=0xffff9c0c8990 devid=0 grpid=0 avg_us{in_sync=0 exec=1212 out_sync=4572 total=5786} out_bytes_avg=30800 n=10
[ax_runner_axcl] profile runner=0xffff9c1e0838 devid=0 grpid=0 avg_us{in_sync=0 exec=6674 out_sync=9445 total=16121} out_bytes_avg=2359296 n=7
[ax_runner_axcl] profile runner=0xffff9c10e5e0 devid=0 grpid=0 avg_us{in_sync=0 exec=4246 out_sync=33060 total=37308} out_bytes_avg=4838400 n=8
[ax_runner_axcl] profile runner=0xffff9c19d540 devid=0 grpid=0 avg_us{in_sync=0 exec=2147 out_sync=20608 total=22757} out_bytes_avg=2822400 n=8
[ax_runner_axcl] profile runner=0xffff9c1e96f0 devid=0 grpid=0 avg_us{in_sync=0 exec=4276 out_sync=32719 total=36997} out_bytes_avg=4838400 n=8
