[ax_runner_axcl] profile runner=0xffff8811fda8 devid=0 grpid=0 avg_us{in_sync=0 exec=6531 out_sync=32646 total=39179} out_bytes_avg=2359296 n=6
[ax_runner_axcl] profile runner=0xffff880c8990 devid=0 grpid=0 avg_us{in_sync=0 exec=1124 out_sync=25643 total=26769} out_bytes_avg=30800 n=13
[ax_runner_axcl] profile runner=0xffff88128ba0 devid=0 grpid=0 avg_us{in_sync=0 exec=4223 out_sync=33824 total=38049} out_bytes_avg=4838400 n=11
[ax_runner_axcl] profile runner=0xffff88014ed0 devid=0 grpid=0 avg_us{in_sync=0 exec=2471 out_sync=37720 total=40194} out_bytes_avg=2822400 n=10
[ax_runner_axcl] profile runner=0xffff8810fca0 devid=0 grpid=0 avg_us{in_sync=0 exec=5340 out_sync=40825 total=46167} out_bytes_avg=4838400 n=11
[ax_runner_axcl] profile runner=0xffff8800eef8 devid=0 grpid=0 avg_us{in_sync=0 exec=2783 out_sync=45532 total=48317} out_bytes_avg=7174400 n=7
[2026-09-16T18:40:50.080] [INFO] [T:281466552184512] RTSP OPTIONS rtsp://127.0.0.1:8554/overview
[2026-09-16T18:40:50.081] [INFO] [T:281466552184512] RTSP DESCRIBE rtsp://127.0.0.1:8554/overview
[2026-09-16T18:40:50.082] [INFO] [T:281466552184512] RTSP SETUP rtsp://127.0.0.1:8554/overview/stream
[2026-09-16T18:40:50.085] [INFO] [T:281466552184512] RTSP PLAY rtsp://127.0.0.1:8554/overview/
[ax_runner_axcl] profile runner=0xffff8811fda8 devid=0 grpid=0 avg_us{in_sync=0 exec=6916 out_sync=36656 total=43573} out_bytes_avg=2359296 n=7
[ax_runner_axcl] profile runner=0xffff880c8990 devid=0 grpid=0 avg_us{in_sync=0 exec=3189 out_sync=33115 total=36306} out_bytes_avg=30800 n=12
[ax_runner_axcl] profile runner=0xffff88128ba0 devid=0 grpid=0 avg_us{in_sync=0 exec=5072 out_sync=34672 total=39746} out_bytes_avg=4838400 n=12
[ax_runner_axcl] profile runner=0xffff8810fca0 devid=0 grpid=0 avg_us{in_sync=0 exec=4922 out_sync=36274 total=41198} out_bytes_avg=4838400 n=10
[ax_runner_axcl] profile runner=0xffff88014ed0 devid=0 grpid=0 avg_us{in_sync=0 exec=2548 out_sync=39992 total=42541} out_bytes_avg=2822400 n=12
[ax_runner_axcl] profile runner=0xffff8800eef8 devid=0 grpid=0 avg_us{in_sync=0 exec=3740 out_sync=41902 total=45644} out_bytes_avg=7174400 n=8
[ax_runner_axcl] profile runner=0xffff8811fda8 devid=0 grpid=0 avg_us{in_sync=0 exec=6755 out_sync=22713 total=29469} out_bytes_avg=2359296 n=7
{"channels":[{"decoded":121,"dropped":0,"encoded":120,"infer_fps":11.896202916424073,"inferred":119,"lr":0,"mux_errors":0,"name":"pcd","objects":2,"process_ms":114.15089100046316,"render_ms":12.95708199904766,"render_replaced":0,"rendered":121,"result_age":0.02489357499871403,"rl":0,"submit_errors":0},{"decoded":249,"dropped":64,"encoded":173,"infer_fps":10.6965858156082,"inferred":107,"lr":0,"mux_errors":0,"name":"vehicle","objects":6,"process_ms":119.4163829968602,"render_ms":4.526111999439308,"render_replaced":0,"rendered":249,"result_age":0.05369496600178536,"rl":0,"submit_errors":0},{"decoded":301,"dropped":110,"encoded":179,"infer_fps":6.198021687548676,"inferred":62,"lr":0,"mux_errors":0,"name":"seg","objects":4,"process_ms":121.40064599952893,"render_ms":21.043592001660727,"render_replaced":0,"rendered":301,"result_age":0.15518306900048628,"rl":0,"submit_errors":0},{"decoded":298,"dropped":114,"encoded":172,"infer_fps":10.796553907342856,"inferred":108,"lr":0,"mux_errors":0,"name":"driving","objects":2,"process_ms":73.49696600067546,"render_ms":8.283678002044326,"render_replaced":0,"rendered":298,"result_age":0.03830103399741347,"rl":0,"submit_errors":0},{"decoded":240,"dropped":51,"encoded":177,"infer_fps":6.397957871017989,"inferred":64,"lr":0,"mux_errors":0,"name":"depth","objects":0,"process_ms":129.762740998558,"render_ms":14.963469999202061,"render_replaced":0,"rendered":240,"result_age":0.033187211000040406,"rl":0,"submit_errors":0},{"decoded":240,"dropped":52,"encoded":176,"infer_fps":11.096458182546824,"inferred":111,"lr":0,"mux_errors":0,"name":"count","objects":7,"process_ms":101.76168800171581,"render_ms":13.31987699813908,"render_replaced":0,"rendered":240,"result_age":0.05635531599909882,"rl":1,"submit_errors":0}],"elapsed":10.003191844996763,"event":"stats","overview_dropped":113,"overview_encoded":170,"overview_mux_errors":0}
[ax_runner_axcl] profile runner=0xffff880c8990 devid=0 grpid=0 avg_us{in_sync=0 exec=1659 out_sync=29629 total=31289} out_bytes_avg=30800 n=13
[ax_runner_axcl] profile runner=0xffff88128ba0 devid=0 grpid=0 avg_us{in_sync=0 exec=5366 out_sync=33195 total=38563} out_bytes_avg=4838400 n=11
[ax_runner_axcl] profile runner=0xffff8810fca0 devid=0 grpid=0 avg_us{in_sync=0 exec=5155 out_sync=41098 total=46254} out_bytes_avg=4838400 n=11
[ax_runner_axcl] profile runner=0xffff88014ed0 devid=0 grpid=0 avg_us{in_sync=0 exec=2981 out_sync=38157 total=41141} out_bytes_avg=2822400 n=12
[ax_runner_axcl] profile runner=0xffff8800eef8 devid=0 grpid=0 avg_us{in_sync=0 exec=2878 out_sync=45495 total=48375} out_bytes_avg=7174400 n=7
[ax_runner_axcl] profile runner=0xffff8811fda8 devid=0 grpid=0 avg_us{in_sync=0 exec=6846 out_sync=32959 total=39807} out_bytes_avg=2359296 n=6
[ax_runner_axcl] profile runner=0xffff880c8990 devid=0 grpid=0 avg_us{in_sync=0 exec=2069 out_sync=31451 total=33522} out_bytes_avg=30800 n=13
[ax_runner_axcl] profile runner=0xffff88128ba0 devid=0 grpid=0 avg_us{in_sync=0 exec=4562 out_sync=38343 total=42906} out_bytes_avg=4838400 n=12
[ax_runner_axcl] profile runner=0xffff88014ed0 devid=0 grpid=0 avg_us{in_sync=0 exec=2338 out_sync=31003 total=33343} out_bytes_avg=2822400 n=11
[ax_runner_axcl] profile runner=0xffff8810fca0 devid=0 grpid=0 avg_us{in_sync=0 exec=4672 out_sync=41106 total=45781} out_bytes_avg=4838400 n=11
[ax_runner_axcl] profile runner=0xffff8800eef8 devid=0 grpid=0 avg_us{in_sync=0 exec=2850 out_sync=46474 total=49325} out_bytes_avg=7174400 n=7
[ax_runner_axcl] profile runner=0xffff8811fda8 devid=0 grpid=0 avg_us{in_sync=0 exec=6812 out_sync=36778 total=43593} out_bytes_avg=2359296 n=6
[ax_runner_axcl] profile runner=0xffff88128ba0 devid=0 grpid=0 avg_us{in_sync=0 exec=4657 out_sync=43774 total=48433} out_bytes_avg=4838400 n=10
[ax_runner_axcl] profile runner=0xffff880c8990 devid=0 grpid=0 avg_us{in_sync=0 exec=1476 out_sync=34016 total=35494} out_bytes_avg=30800 n=12
[ax_runner_axcl] profile runner=0xffff88014ed0 devid=0 grpid=0 avg_us{in_sync=0 exec=3104 out_sync=35952 total=39059} out_bytes_avg=2822400 n=10
[ax_runner_axcl] profile runner=0xffff8810fca0 devid=0 grpid=0 avg_us{in_sync=0 exec=6344 out_sync=43663 total=50009} out_bytes_avg=4838400 n=9
{"event":"count_loop_reset","loop":1}
[ax_runner_axcl] profile runner=0xffff8811fda8 devid=0 grpid=0 avg_us{in_sync=0 exec=6911 out_sync=34707 total=41620} out_bytes_avg=2359296 n=6
[ax_runner_axcl] profile runner=0xffff8800eef8 devid=0 grpid=0 avg_us{in_sync=0 exec=2919 out_sync=44538 total=47459} out_bytes_avg=7174400 n=7
[ax_runner_axcl] profile runner=0xffff88128ba0 devid=0 grpid=0 avg_us{in_sync=0 exec=4680 out_sync=34481 total=39163} out_bytes_avg=4838400 n=11
[ax_runner_axcl] profile runner=0xffff8810fca0 devid=0 grpid=0 avg_us{in_sync=0 exec=4715 out_sync=42097 total=46813} out_bytes_avg=4838400 n=11
[ax_runner_axcl] profile runner=0xffff880c8990 devid=0 grpid=0 avg_us{in_sync=0 exec=1734 out_sync=30305 total=32041} out_bytes_avg=30800 n=13
[ax_runner_axcl] profile runner=0xffff88014ed0 devid=0 grpid=0 avg_us{in_sync=0 exec=2214 out_sync=38952 total=41236} out_bytes_avg=2822400 n=11
[ax_runner_axcl] profile runner=0xffff8811fda8 devid=0 grpid=0 avg_us{in_sync=0 exec=7037 out_sync=27859 total=34897} out_bytes_avg=2359296 n=7
[ax_runner_axcl] profile runner=0xffff8800eef8 devid=0 grpid=0 avg_us{in_sync=0 exec=2922 out_sync=45273 total=48196} out_bytes_avg=7174400 n=7
[ax_runner_axcl] profile runner=0xffff8810fca0 devid=0 grpid=0 avg_us{in_sync=0 exec=4469 out_sync=40538 total=45008} out_bytes_avg=4838400 n=10
[ax_runner_axcl] profile runner=0xffff88128ba0 devid=0 grpid=0 avg_us{in_sync=0 exec=4973 out_sync=39768 total=44746} out_bytes_avg=4838400 n=11
[ax_runner_axcl] profile runner=0xffff88014ed0 devid=0 grpid=0 avg_us{in_sync=0 exec=2457 out_sync=36929 total=39389} out_bytes_avg=2822400 n=11
[ax_runner_axcl] profile runner=0xffff880c8990 devid=0 grpid=0 avg_us{in_sync=0 exec=1125 out_sync=32427 total=33554} out_bytes_avg=30800 n=13
[ax_runner_axcl] profile runner=0xffff8811fda8 devid=0 grpid=0 avg_us{in_sync=0 exec=7099 out_sync=39919 total=47020} out_bytes_avg=2359296 n=7
[ax_runner_axcl] profile runner=0xffff8800eef8 devid=0 grpid=0 avg_us{in_sync=0 exec=3294 out_sync=43588 total=46884} out_bytes_avg=7174400 n=7
{"direction":"right_to_left","event":"crossing","id":66,"lr":0,"rl":2}
[ax_runner_axcl] profile runner=0xffff8810fca0 devid=0 grpid=0 avg_us{in_sync=0 exec=5068 out_sync=41756 total=46826} out_bytes_avg=4838400 n=10
[ax_runner_axcl] profile runner=0xffff88128ba0 devid=0 grpid=0 avg_us{in_sync=0 exec=4398 out_sync=31091 total=35491} out_bytes_avg=4838400 n=11
[ax_runner_axcl] profile runner=0xffff88014ed0 devid=0 grpid=0 avg_us{in_sync=0 exec=3539 out_sync=40855 total=44396} out_bytes_avg=2822400 n=11
[ax_runner_axcl] profile runner=0xffff880c8990 devid=0 grpid=0 avg_us{in_sync=0 exec=1980 out_sync=32331 total=34314} out_bytes_avg=30800 n=13
[ax_runner_axcl] profile runner=0xffff8811fda8 devid=0 grpid=0 avg_us{in_sync=0 exec=6790 out_sync=38525 total=45316} out_bytes_avg=2359296 n=6
[ax_runner_axcl] profile runner=0xffff8800eef8 devid=0 grpid=0 avg_us{in_sync=0 exec=3566 out_sync=45963 total=49531} out_bytes_avg=7174400 n=7
[ax_runner_axcl] profile runner=0xffff8810fca0 devid=0 grpid=0 avg_us{in_sync=0 exec=4582 out_sync=33727 total=38311} out_bytes_avg=4838400 n=11
[ax_runner_axcl] profile runner=0xffff88128ba0 devid=0 grpid=0 avg_us{in_sync=0 exec=4770 out_sync=39269 total=44041} out_bytes_avg=4838400 n=11
[ax_runner_axcl] profile runner=0xffff88014ed0 devid=0 grpid=0 avg_us{in_sync=0 exec=3026 out_sync=35310 total=38339} out_bytes_avg=2822400 n=12
[ax_runner_axcl] profile runner=0xffff880c8990 devid=0 grpid=0 avg_us{in_sync=0 exec=1620 out_sync=31837 total=33459} out_bytes_avg=30800 n=13
[ax_runner_axcl] profile runner=0xffff8811fda8 devid=0 grpid=0 avg_us{in_sync=0 exec=6724 out_sync=29126 total=35851} out_bytes_avg=2359296 n=7
[ax_runner_axcl] profile runner=0xffff8800eef8 devid=0 grpid=0 avg_us{in_sync=0 exec=3883 out_sync=47224 total=51109} out_bytes_avg=7174400 n=7
[ax_runner_axcl] profile runner=0xffff8810fca0 devid=0 grpid=0 avg_us{in_sync=0 exec=4277 out_sync=37108 total=41386} out_bytes_avg=4838400 n=11
[ax_runner_axcl] profile runner=0xffff88128ba0 devid=0 grpid=0 avg_us{in_sync=0 exec=4537 out_sync=45514 total=50052} out_bytes_avg=4838400 n=10
[ax_runner_axcl] profile runner=0xffff88014ed0 devid=0 grpid=0 avg_us{in_sync=0 exec=2336 out_sync=35601 total=37939} out_bytes_avg=2822400 n=11
[ax_runner_axcl] profile runner=0xffff880c8990 devid=0 grpid=0 avg_us{in_sync=0 exec=3132 out_sync=30852 total=33986} out_bytes_avg=30800 n=13
[ax_runner_axcl] profile runner=0xffff8800eef8 devid=0 grpid=0 avg_us{in_sync=0 exec=3583 out_sync=47763 total=51348} out_bytes_avg=7174400 n=7
[ax_runner_axcl] profile runner=0xffff8811fda8 devid=0 grpid=0 avg_us{in_sync=0 exec=6479 out_sync=27075 total=33555} out_bytes_avg=2359296 n=7
[ax_runner_axcl] profile runner=0xffff8810fca0 devid=0 grpid=0 avg_us{in_sync=0 exec=4937 out_sync=39520 total=44459} out_bytes_avg=4838400 n=11
[ax_runner_axcl] profile runner=0xffff88128ba0 devid=0 grpid=0 avg_us{in_sync=0 exec=4631 out_sync=32095 total=36728} out_bytes_avg=4838400 n=11
[ax_runner_axcl] profile runner=0xffff88014ed0 devid=0 grpid=0 avg_us{in_sync=0 exec=2235 out_sync=40626 total=42866} out_bytes_avg=2822400 n=12
[ax_runner_axcl] profile runner=0xffff880c8990 devid=0 grpid=0 avg_us{in_sync=0 exec=2134 out_sync=40748 total=42883} out_bytes_avg=30800 n=12
[ax_runner_axcl] profile runner=0xffff8800eef8 devid=0 grpid=0 avg_us{in_sync=0 exec=3005 out_sync=44721 total=47727} out_bytes_avg=7174400 n=7
[ax_runner_axcl] profile runner=0xffff8811fda8 devid=0 grpid=0 avg_us{in_sync=0 exec=6700 out_sync=35926 total=42627} out_bytes_avg=2359296 n=7
[ax_runner_axcl] profile runner=0xffff8810fca0 devid=0 grpid=0 avg_us{in_sync=0 exec=4502 out_sync=38581 total=43085} out_bytes_avg=4838400 n=11
{"channels":[{"decoded":241,"dropped":0,"encoded":240,"infer_fps":11.861829439465962,"inferred":238,"lr":0,"mux_errors":0,"name":"pcd","objects":1,"process_ms":67.59005400090246,"render_ms":4.5885289982834365,"render_replaced":0,"rendered":241,"result_age":0.057565199000237044,"rl":0,"submit_errors":0},{"decoded":499,"dropped":142,"encoded":343,"infer_fps":10.16728237668511,"inferred":209,"lr":0,"mux_errors":0,"name":"vehicle","objects":5,"process_ms":87.51018100156216,"render_ms":14.177673001540825,"render_replaced":0,"rendered":497,"result_age":0.07140686999991885,"rl":0,"submit_errors":0},{"decoded":602,"dropped":244,"encoded":349,"infer_fps":6.47915053416208,"inferred":127,"lr":0,"mux_errors":0,"name":"seg","objects":5,"process_ms":169.43753400119022,"render_ms":6.761418000678532,"render_replaced":0,"rendered":602,"result_age":0.06174539199855644,"rl":0,"submit_errors":0},{"decoded":600,"dropped":242,"encoded":344,"infer_fps":10.665678571620655,"inferred":215,"lr":0,"mux_errors":0,"name":"driving","objects":1,"process_ms":97.0308659998409,"render_ms":5.069490998721449,"render_replaced":0,"rendered":598,"result_age":0.05280366800070624,"rl":0,"submit_errors":0},{"decoded":481,"dropped":121,"encoded":348,"infer_fps":5.980754339226535,"inferred":124,"lr":0,"mux_errors":0,"name":"depth","objects":0,"process_ms":181.20694199751597,"render_ms":9.078765997401206,"render_replaced":0,"rendered":481,"result_age":0.12265977900096914,"rl":0,"submit_errors":0},{"decoded":482,"dropped":123,"encoded":347,"infer_fps":10.26696161567222,"inferred":214,"lr":0,"mux_errors":0,"name":"count","objects":8,"process_ms":81.77397699910216,"render_ms":4.424028000357794,"render_replaced":0,"rendered":482,"result_age":0.08452349500294076,"rl":2,"submit_errors":0}],"elapsed":20.03537116499865,"event":"stats","overview_dropped":246,"overview_encoded":338,"overview_mux_errors":0}
[ax_runner_axcl] profile runner=0xffff88128ba0 devid=0 grpid=0 avg_us{in_sync=0 exec=4476 out_sync=30743 total=35221} out_bytes_avg=4838400 n=11
[ax_runner_axcl] profile runner=0xffff88014ed0 devid=0 grpid=0 avg_us{in_sync=0 exec=2790 out_sync=43802 total=46595} out_bytes_avg=2822400 n=11
[ax_runner_axcl] profile runner=0xffff880c8990 devid=0 grpid=0 avg_us{in_sync=0 exec=1883 out_sync=35097 total=36983} out_bytes_avg=30800 n=13
[ax_runner_axcl] profile runner=0xffff8811fda8 devid=0 grpid=0 avg_us{in_sync=0 exec=7021 out_sync=32528 total=39550} out_bytes_avg=2359296 n=6
[ax_runner_axcl] profile runner=0xffff8800eef8 devid=0 grpid=0 avg_us{in_sync=0 exec=4566 out_sync=47550 total=52118} out_bytes_avg=7174400 n=7
[ax_runner_axcl] profile runner=0xffff8810fca0 devid=0 grpid=0 avg_us{in_sync=0 exec=4394 out_sync=42225 total=46621} out_bytes_avg=4838400 n=11
[ax_runner_axcl] profile runner=0xffff88128ba0 devid=0 grpid=0 avg_us{in_sync=0 exec=5301 out_sync=38728 total=44031} out_bytes_avg=4838400 n=10
[ax_runner_axcl] profile runner=0xffff88014ed0 devid=0 grpid=0 avg_us{in_sync=0 exec=3078 out_sync=34406 total=37486} out_bytes_avg=2822400 n=11
[ax_runner_axcl] profile runner=0xffff880c8990 devid=0 grpid=0 avg_us{in_sync=0 exec=1891 out_sync=26887 total=28779} out_bytes_avg=30800 n=13
[ax_runner_axcl] profile runner=0xffff8811fda8 devid=0 grpid=0 avg_us{in_sync=0 exec=7369 out_sync=34498 total=41869} out_bytes_avg=2359296 n=7
[ax_runner_axcl] profile runner=0xffff8800eef8 devid=0 grpid=0 avg_us{in_sync=0 exec=4622 out_sync=44997 total=49620} out_bytes_avg=7174400 n=8
[ax_runner_axcl] profile runner=0xffff8810fca0 devid=0 grpid=0 avg_us{in_sync=0 exec=4477 out_sync=42150 total=46629} out_bytes_avg=4838400 n=10
[ax_runner_axcl] profile runner=0xffff88128ba0 devid=0 grpid=0 avg_us{in_sync=0 exec=4979 out_sync=33470 total=38451} out_bytes_avg=4838400 n=11
[ax_runner_axcl] profile runner=0xffff88014ed0 devid=0 grpid=0 avg_us{in_sync=0 exec=4571 out_sync=37870 total=42443} out_bytes_avg=2822400 n=11
[ax_runner_axcl] profile runner=0xffff880c8990 devid=0 grpid=0 avg_us{in_sync=0 exec=1145 out_sync=30534 total=31681} out_bytes_avg=30800 n=13
[ax_runner_axcl] profile runner=0xffff8811fda8 devid=0 grpid=0 avg_us{in_sync=0 exec=7405 out_sync=32632 total=40038} out_bytes_avg=2359296 n=7
[ax_runner_axcl] profile runner=0xffff8800eef8 devid=0 grpid=0 avg_us{in_sync=0 exec=3526 out_sync=47819 total=51347} out_bytes_avg=7174400 n=7
[ax_runner_axcl] profile runner=0xffff8810fca0 devid=0 grpid=0 avg_us{in_sync=0 exec=4387 out_sync=37242 total=41631} out_bytes_avg=4838400 n=11
[ax_runner_axcl] profile runner=0xffff88128ba0 devid=0 grpid=0 avg_us{in_sync=0 exec=5038 out_sync=33508 total=38548} out_bytes_avg=4838400 n=11
[ax_runner_axcl] profile runner=0xffff88014ed0 devid=0 grpid=0 avg_us{in_sync=0 exec=2116 out_sync=36262 total=38381} out_bytes_avg=2822400 n=11
[ax_runner_axcl] profile runner=0xffff880c8990 devid=0 grpid=0 avg_us{in_sync=0 exec=1149 out_sync=28919 total=30070} out_bytes_avg=30800 n=12
[ax_runner_axcl] profile runner=0xffff8811fda8 devid=0 grpid=0 avg_us{in_sync=0 exec=6588 out_sync=30552 total=37142} out_bytes_avg=2359296 n=6
[ax_runner_axcl] profile runner=0xffff8800eef8 devid=0 grpid=0 avg_us{in_sync=0 exec=4106 out_sync=47386 total=51493} out_bytes_avg=7174400 n=7
[ax_runner_axcl] profile runner=0xffff8810fca0 devid=0 grpid=0 avg_us{in_sync=0 exec=4503 out_sync=39050 total=43555} out_bytes_avg=4838400 n=11
[ax_runner_axcl] profile runner=0xffff88128ba0 devid=0 grpid=0 avg_us{in_sync=0 exec=4879 out_sync=36807 total=41688} out_bytes_avg=4838400 n=11
[ax_runner_axcl] profile runner=0xffff88014ed0 devid=0 grpid=0 avg_us{in_sync=0 exec=2237 out_sync=36976 total=39215} out_bytes_avg=2822400 n=11
[ax_runner_axcl] profile runner=0xffff880c8990 devid=0 grpid=0 avg_us{in_sync=0 exec=1436 out_sync=37192 total=38630} out_bytes_avg=30800 n=13
[ax_runner_axcl] profile runner=0xffff8811fda8 devid=0 grpid=0 avg_us{in_sync=0 exec=7666 out_sync=27339 total=35005} out_bytes_avg=2359296 n=7
[ax_runner_axcl] profile runner=0xffff8800eef8 devid=0 grpid=0 avg_us{in_sync=0 exec=4724 out_sync=49085 total=53810} out_bytes_avg=7174400 n=7
[ax_runner_axcl] profile runner=0xffff8810fca0 devid=0 grpid=0 avg_us{in_sync=0 exec=4380 out_sync=40712 total=45094} out_bytes_avg=4838400 n=11
[ax_runner_axcl] profile runner=0xffff88128ba0 devid=0 grpid=0 avg_us{in_sync=0 exec=4678 out_sync=31585 total=36265} out_bytes_avg=4838400 n=12
[ax_runner_axcl] profile runner=0xffff88014ed0 devid=0 grpid=0 avg_us{in_sync=0 exec=2867 out_sync=50237 total=53107} out_bytes_avg=2822400 n=11
{"event":"count_loop_reset","loop":2}
[ax_runner_axcl] profile runner=0xffff880c8990 devid=0 grpid=0 avg_us{in_sync=0 exec=1386 out_sync=33119 total=34508} out_bytes_avg=30800 n=12
[ax_runner_axcl] profile runner=0xffff8811fda8 devid=0 grpid=0 avg_us{in_sync=0 exec=6674 out_sync=30194 total=36877} out_bytes_avg=2359296 n=6
[ax_runner_axcl] profile runner=0xffff8800eef8 devid=0 grpid=0 avg_us{in_sync=0 exec=3698 out_sync=47548 total=51247} out_bytes_avg=7174400 n=6
[ax_runner_axcl] profile runner=0xffff8810fca0 devid=0 grpid=0 avg_us{in_sync=0 exec=5057 out_sync=41899 total=46958} out_bytes_avg=4838400 n=10
[ax_runner_axcl] profile runner=0xffff88128ba0 devid=0 grpid=0 avg_us{in_sync=0 exec=6254 out_sync=33050 total=39306} out_bytes_avg=4838400 n=10
[ax_runner_axcl] profile runner=0xffff88014ed0 devid=0 grpid=0 avg_us{in_sync=0 exec=2613 out_sync=43271 total=45885} out_bytes_avg=2822400 n=11
[ax_runner_axcl] profile runner=0xffff880c8990 devid=0 grpid=0 avg_us{in_sync=0 exec=2248 out_sync=25644 total=27895} out_bytes_avg=30800 n=13
[ax_runner_axcl] profile runner=0xffff8811fda8 devid=0 grpid=0 avg_us{in_sync=0 exec=6856 out_sync=32817 total=39674} out_bytes_avg=2359296 n=6
[ax_runner_axcl] profile runner=0xffff8800eef8 devid=0 grpid=0 avg_us{in_sync=0 exec=2718 out_sync=46371 total=49090} out_bytes_avg=7174400 n=7
[ax_runner_axcl] profile runner=0xffff8810fca0 devid=0 grpid=0 avg_us{in_sync=0 exec=4249 out_sync=40347 total=44599} out_bytes_avg=4838400 n=10
[ax_runner_axcl] profile runner=0xffff88128ba0 devid=0 grpid=0 avg_us{in_sync=0 exec=4777 out_sync=47491 total=52270} out_bytes_avg=4838400 n=10
[ax_runner_axcl] profile runner=0xffff88014ed0 devid=0 grpid=0 avg_us{in_sync=0 exec=3232 out_sync=34678 total=37913} out_bytes_avg=2822400 n=11
[ax_runner_axcl] profile runner=0xffff880c8990 devid=0 grpid=0 avg_us{in_sync=0 exec=1259 out_sync=28957 total=30218} out_bytes_avg=30800 n=13
[ax_runner_axcl] profile runner=0xffff8811fda8 devid=0 grpid=0 avg_us{in_sync=0 exec=6937 out_sync=34220 total=41158} out_bytes_avg=2359296 n=7
{"direction":"right_to_left","event":"crossing","id":84,"lr":0,"rl":3}
[ax_runner_axcl] profile runner=0xffff8800eef8 devid=0 grpid=0 avg_us{in_sync=0 exec=3178 out_sync=46641 total=49822} out_bytes_avg=7174400 n=7
[ax_runner_axcl] profile runner=0xffff8810fca0 devid=0 grpid=0 avg_us{in_sync=0 exec=4487 out_sync=36352 total=40841} out_bytes_avg=4838400 n=10
[ax_runner_axcl] profile runner=0xffff88128ba0 devid=0 grpid=0 avg_us{in_sync=0 exec=4838 out_sync=39240 total=44080} out_bytes_avg=4838400 n=11
[ax_runner_axcl] profile runner=0xffff88014ed0 devid=0 grpid=0 avg_us{in_sync=0 exec=3027 out_sync=34373 total=37403} out_bytes_avg=2822400 n=11
[ax_runner_axcl] profile runner=0xffff880c8990 devid=0 grpid=0 avg_us{in_sync=0 exec=1344 out_sync=36807 total=38153} out_bytes_avg=30800 n=12
[ax_runner_axcl] profile runner=0xffff8811fda8 devid=0 grpid=0 avg_us{in_sync=0 exec=6554 out_sync=24574 total=31129} out_bytes_avg=2359296 n=7
[ax_runner_axcl] profile runner=0xffff8800eef8 devid=0 grpid=0 avg_us{in_sync=0 exec=2872 out_sync=49962 total=52835} out_bytes_avg=7174400 n=7
[ax_runner_axcl] profile runner=0xffff8810fca0 devid=0 grpid=0 avg_us{in_sync=0 exec=4331 out_sync=37811 total=42144} out_bytes_avg=4838400 n=11
[ax_runner_axcl] profile runner=0xffff88128ba0 devid=0 grpid=0 avg_us{in_sync=0 exec=5460 out_sync=38558 total=44020} out_bytes_avg=4838400 n=11
[ax_runner_axcl] profile runner=0xffff88014ed0 devid=0 grpid=0 avg_us{in_sync=0 exec=4008 out_sync=35444 total=39454} out_bytes_avg=2822400 n=11
[ax_runner_axcl] profile runner=0xffff880c8990 devid=0 grpid=0 avg_us{in_sync=0 exec=1271 out_sync=33446 total=34718} out_bytes_avg=30800 n=12
{"channels":[{"decoded":362,"dropped":0,"encoded":361,"infer_fps":12.060036413721976,"inferred":359,"lr":0,"mux_errors":0,"name":"pcd","objects":2,"process_ms":70.80169900291367,"render_ms":8.447594998870045,"render_replaced":0,"rendered":362,"result_age":0.011914659000467509,"rl":0,"submit_errors":0},{"decoded":750,"dropped":225,"encoded":512,"infer_fps":10.166311687600343,"inferred":311,"lr":0,"mux_errors":0,"name":"vehicle","objects":1,"process_ms":100.71401400273317,"render_ms":4.6226539998315275,"render_replaced":0,"rendered":748,"result_age":0.024001402998692356,"rl":0,"submit_errors":0},{"decoded":903,"dropped":376,"encoded":514,"infer_fps":6.578201680211986,"inferred":193,"lr":0,"mux_errors":0,"name":"seg","objects":1,"process_ms":124.03320399971562,"render_ms":8.339136002177838,"render_replaced":0,"rendered":902,"result_age":0.10330257300302037,"rl":0,"submit_errors":0},{"decoded":898,"dropped":373,"encoded":511,"infer_fps":10.465320854882705,"inferred":320,"lr":0,"mux_errors":0,"name":"driving","objects":1,"process_ms":99.01975300090271,"render_ms":11.273238000285346,"render_replaced":0,"rendered":895,"result_age":0.015520557000854751,"rl":0,"submit_errors":0},{"decoded":722,"dropped":193,"encoded":516,"infer_fps":6.279192512929623,"inferred":187,"lr":0,"mux_errors":0,"name":"depth","objects":0,"process_ms":141.10685500054387,"render_ms":12.031325997668318,"render_replaced":0,"rendered":721,"result_age":0.002003221001359634,"rl":0,"submit_errors":0},{"decoded":724,"dropped":201,"encoded":515,"infer_fps":10.265981410027797,"inferred":317,"lr":0,"mux_errors":0,"name":"count","objects":7,"process_ms":109.04994199881912,"render_ms":9.78052099890192,"render_replaced":0,"rendered":724,"result_age":0.02789780300008715,"rl":3,"submit_errors":0}],"elapsed":30.068508366999595,"event":"stats","overview_dropped":380,"overview_encoded":506,"overview_mux_errors":0}
[ax_runner_axcl] profile runner=0xffff8811fda8 devid=0 grpid=0 avg_us{in_sync=0 exec=6659 out_sync=31047 total=37707} out_bytes_avg=2359296 n=7
[ax_runner_axcl] profile runner=0xffff8800eef8 devid=0 grpid=0 avg_us{in_sync=0 exec=2928 out_sync=44758 total=47688} out_bytes_avg=7174400 n=8
[ax_runner_axcl] profile runner=0xffff8810fca0 devid=0 grpid=0 avg_us{in_sync=0 exec=4720 out_sync=40253 total=44974} out_bytes_avg=4838400 n=11
[ax_runner_axcl] profile runner=0xffff88128ba0 devid=0 grpid=0 avg_us{in_sync=0 exec=4441 out_sync=36739 total=41182} out_bytes_avg=4838400 n=11
[ax_runner_axcl] profile runner=0xffff88014ed0 devid=0 grpid=0 avg_us{in_sync=0 exec=3294 out_sync=44460 total=47756} out_bytes_avg=2822400 n=11
[ax_runner_axcl] profile runner=0xffff880c8990 devid=0 grpid=0 avg_us{in_sync=0 exec=2417 out_sync=32712 total=35130} out_bytes_avg=30800 n=13
[ax_runner_axcl] profile runner=0xffff8800eef8 devid=0 grpid=0 avg_us{in_sync=0 exec=3297 out_sync=46637 total=49936} out_bytes_avg=7174400 n=7
[ax_runner_axcl] profile runner=0xffff8811fda8 devid=0 grpid=0 avg_us{in_sync=0 exec=7275 out_sync=40631 total=47908} out_bytes_avg=2359296 n=7
[ax_runner_axcl] profile runner=0xffff8810fca0 devid=0 grpid=0 avg_us{in_sync=0 exec=4418 out_sync=35831 total=40251} out_bytes_avg=4838400 n=11
[ax_runner_axcl] profile runner=0xffff88128ba0 devid=0 grpid=0 avg_us{in_sync=0 exec=5022 out_sync=45131 total=50155} out_bytes_avg=4838400 n=10
[ax_runner_axcl] profile runner=0xffff88014ed0 devid=0 grpid=0 avg_us{in_sync=0 exec=2749 out_sync=29836 total=32588} out_bytes_avg=2822400 n=10
[ax_runner_axcl] profile runner=0xffff880c8990 devid=0 grpid=0 avg_us{in_sync=0 exec=1349 out_sync=30065 total=31416} out_bytes_avg=30800 n=12
[ax_runner_axcl] profile runner=0xffff8800eef8 devid=0 grpid=0 avg_us{in_sync=0 exec=3323 out_sync=48090 total=51413} out_bytes_avg=7174400 n=7
[ax_runner_axcl] profile runner=0xffff8810fca0 devid=0 grpid=0 avg_us{in_sync=0 exec=4625 out_sync=42176 total=46802} out_bytes_avg=4838400 n=11
[ax_runner_axcl] profile runner=0xffff8811fda8 devid=0 grpid=0 avg_us{in_sync=0 exec=6780 out_sync=36105 total=42886} out_bytes_avg=2359296 n=7
[ax_runner_axcl] profile runner=0xffff88128ba0 devid=0 grpid=0 avg_us{in_sync=0 exec=4430 out_sync=35415 total=39847} out_bytes_avg=4838400 n=11
[ax_runner_axcl] profile runner=0xffff88014ed0 devid=0 grpid=0 avg_us{in_sync=0 exec=2123 out_sync=32036 total=34162} out_bytes_avg=2822400 n=11
[ax_runner_axcl] profile runner=0xffff880c8990 devid=0 grpid=0 avg_us{in_sync=0 exec=1614 out_sync=32377 total=33994} out_bytes_avg=30800 n=12
[ax_runner_axcl] profile runner=0xffff8800eef8 devid=0 grpid=0 avg_us{in_sync=0 exec=3301 out_sync=45107 total=48409} out_bytes_avg=7174400 n=7
[ax_runner_axcl] profile runner=0xffff8810fca0 devid=0 grpid=0 avg_us{in_sync=0 exec=4988 out_sync=36284 total=41274} out_bytes_avg=4838400 n=10
[ax_runner_axcl] profile runner=0xffff8811fda8 devid=0 grpid=0 avg_us{in_sync=0 exec=6912 out_sync=34936 total=41850} out_bytes_avg=2359296 n=6
[ax_runner_axcl] profile runner=0xffff88128ba0 devid=0 grpid=0 avg_us{in_sync=0 exec=4604 out_sync=38874 total=43483} out_bytes_avg=4838400 n=11
[ax_runner_axcl] profile runner=0xffff88014ed0 devid=0 grpid=0 avg_us{in_sync=0 exec=2436 out_sync=35438 total=37876} out_bytes_avg=2822400 n=11
[ax_runner_axcl] profile runner=0xffff880c8990 devid=0 grpid=0 avg_us{in_sync=0 exec=3602 out_sync=35286 total=38890} out_bytes_avg=30800 n=12
[ax_runner_axcl] profile runner=0xffff8800eef8 devid=0 grpid=0 avg_us{in_sync=0 exec=2873 out_sync=43850 total=46725} out_bytes_avg=7174400 n=7
[ax_runner_axcl] profile runner=0xffff8811fda8 devid=0 grpid=0 avg_us{in_sync=0 exec=6826 out_sync=32942 total=39769} out_bytes_avg=2359296 n=6
[ax_runner_axcl] profile runner=0xffff8810fca0 devid=0 grpid=0 avg_us{in_sync=0 exec=4923 out_sync=35964 total=40889} out_bytes_avg=4838400 n=11
[ax_runner_axcl] profile runner=0xffff88014ed0 devid=0 grpid=0 avg_us{in_sync=0 exec=2174 out_sync=39979 total=42155} out_bytes_avg=2822400 n=11
[ax_runner_axcl] profile runner=0xffff88128ba0 devid=0 grpid=0 avg_us{in_sync=0 exec=4670 out_sync=44166 total=48838} out_bytes_avg=4838400 n=11
[ax_runner_axcl] profile runner=0xffff880c8990 devid=0 grpid=0 avg_us{in_sync=0 exec=1882 out_sync=30859 total=32743} out_bytes_avg=30800 n=13
[ax_runner_axcl] profile runner=0xffff8800eef8 devid=0 grpid=0 avg_us{in_sync=0 exec=3198 out_sync=46181 total=49380} out_bytes_avg=7174400 n=7
[ax_runner_axcl] profile runner=0xffff8810fca0 devid=0 grpid=0 avg_us{in_sync=0 exec=4791 out_sync=38874 total=43667} out_bytes_avg=4838400 n=11
[ax_runner_axcl] profile runner=0xffff8811fda8 devid=0 grpid=0 avg_us{in_sync=0 exec=6856 out_sync=30187 total=37044} out_bytes_avg=2359296 n=7
[ax_runner_axcl] profile runner=0xffff88014ed0 devid=0 grpid=0 avg_us{in_sync=0 exec=2437 out_sync=36170 total=38610} out_bytes_avg=2822400 n=11
[ax_runner_axcl] profile runner=0xffff880c8990 devid=0 grpid=0 avg_us{in_sync=0 exec=1179 out_sync=33736 total=34918} out_bytes_avg=30800 n=12
[ax_runner_axcl] profile runner=0xffff88128ba0 devid=0 grpid=0 avg_us{in_sync=0 exec=4334 out_sync=35996 total=40333} out_bytes_avg=4838400 n=11
[ax_runner_axcl] profile runner=0xffff8810fca0 devid=0 grpid=0 avg_us{in_sync=0 exec=5560 out_sync=35987 total=41550} out_bytes_avg=4838400 n=10
[ax_runner_axcl] profile runner=0xffff8811fda8 devid=0 grpid=0 avg_us{in_sync=0 exec=6553 out_sync=34043 total=40597} out_bytes_avg=2359296 n=6
[ax_runner_axcl] profile runner=0xffff8800eef8 devid=0 grpid=0 avg_us{in_sync=0 exec=3601 out_sync=45191 total=48794} out_bytes_avg=7174400 n=8
[ax_runner_axcl] profile runner=0xffff88014ed0 devid=0 grpid=0 avg_us{in_sync=0 exec=2944 out_sync=37952 total=40899} out_bytes_avg=2822400 n=11
[ax_runner_axcl] profile runner=0xffff88128ba0 devid=0 grpid=0 avg_us{in_sync=0 exec=4378 out_sync=39715 total=44095} out_bytes_avg=4838400 n=10
[ax_runner_axcl] profile runner=0xffff880c8990 devid=0 grpid=0 avg_us{in_sync=0 exec=1883 out_sync=29173 total=31058} out_bytes_avg=30800 n=13
[ax_runner_axcl] profile runner=0xffff8810fca0 devid=0 grpid=0 avg_us{in_sync=0 exec=4612 out_sync=42771 total=47385} out_bytes_avg=4838400 n=11
[ax_runner_axcl] profile runner=0xffff88014ed0 devid=0 grpid=0 avg_us{in_sync=0 exec=2077 out_sync=41691 total=43771} out_bytes_avg=2822400 n=11
[ax_runner_axcl] profile runner=0xffff8811fda8 devid=0 grpid=0 avg_us{in_sync=0 exec=7404 out_sync=31042 total=38448} out_bytes_avg=2359296 n=7
[ax_runner_axcl] profile runner=0xffff8800eef8 devid=0 grpid=0 avg_us{in_sync=0 exec=2818 out_sync=43709 total=46529} out_bytes_avg=7174400 n=7
[ax_runner_axcl] profile runner=0xffff88128ba0 devid=0 grpid=0 avg_us{in_sync=0 exec=4537 out_sync=32957 total=37496} out_bytes_avg=4838400 n=11
[ax_runner_axcl] profile runner=0xffff880c8990 devid=0 grpid=0 avg_us{in_sync=0 exec=2541 out_sync=38848 total=41390} out_bytes_avg=30800 n=11
{"event":"count_loop_reset","loop":3}
[ax_runner_axcl] profile runner=0xffff8810fca0 devid=0 grpid=0 avg_us{in_sync=0 exec=4726 out_sync=38823 total=43551} out_bytes_avg=4838400 n=11
[2026-09-16T18:41:20.118] [INFO] [T:281466552184512] RTSP OPTIONS rtsp://127.0.0.1:8554/overview/
[ax_runner_axcl] profile runner=0xffff88014ed0 devid=0 grpid=0 avg_us{in_sync=0 exec=3740 out_sync=39428 total=43170} out_bytes_avg=2822400 n=10
[ax_runner_axcl] profile runner=0xffff8800eef8 devid=0 grpid=0 avg_us{in_sync=0 exec=2866 out_sync=43081 total=45949} out_bytes_avg=7174400 n=7
[ax_runner_axcl] profile runner=0xffff88128ba0 devid=0 grpid=0 avg_us{in_sync=0 exec=4443 out_sync=37760 total=42205} out_bytes_avg=4838400 n=11
[ax_runner_axcl] profile runner=0xffff880c8990 devid=0 grpid=0 avg_us{in_sync=0 exec=1332 out_sync=35538 total=36873} out_bytes_avg=30800 n=12
[ax_runner_axcl] profile runner=0xffff8811fda8 devid=0 grpid=0 avg_us{in_sync=0 exec=7544 out_sync=29566 total=37112} out_bytes_avg=2359296 n=7
[ax_runner_axcl] profile runner=0xffff8810fca0 devid=0 grpid=0 avg_us{in_sync=0 exec=5334 out_sync=39119 total=44456} out_bytes_avg=4838400 n=11
[ax_runner_axcl] profile runner=0xffff88014ed0 devid=0 grpid=0 avg_us{in_sync=0 exec=2575 out_sync=38023 total=40600} out_bytes_avg=2822400 n=11
[ax_runner_axcl] profile runner=0xffff8800eef8 devid=0 grpid=0 avg_us{in_sync=0 exec=3987 out_sync=53417 total=57405} out_bytes_avg=7174400 n=7
[ax_runner_axcl] profile runner=0xffff88128ba0 devid=0 grpid=0 avg_us{in_sync=0 exec=4388 out_sync=37844 total=42235} out_bytes_avg=4838400 n=11
[ax_runner_axcl] profile runner=0xffff880c8990 devid=0 grpid=0 avg_us{in_sync=0 exec=961 out_sync=35853 total=36817} out_bytes_avg=30800 n=12
{"channels":[{"decoded":482,"dropped":0,"encoded":481,"infer_fps":11.798595133018253,"inferred":477,"lr":0,"mux_errors":0,"name":"pcd","objects":5,"process_ms":85.1467490028881,"render_ms":7.453296999301529,"render_replaced":0,"rendered":481,"result_age":0.04792609599826392,"rl":0,"submit_errors":0},{"decoded":1000,"dropped":310,"encoded":677,"infer_fps":10.198785623456455,"inferred":413,"lr":0,"mux_errors":0,"name":"vehicle","objects":6,"process_ms":105.10829199847649,"render_ms":6.26503999956185,"render_replaced":0,"rendered":997,"result_age":0.018072613998810994,"rl":0,"submit_errors":0},{"decoded":1202,"dropped":511,"encoded":679,"infer_fps":6.6992023212900245,"inferred":260,"lr":0,"mux_errors":0,"name":"seg","objects":1,"process_ms":157.40645800178754,"render_ms":8.26676100041368,"render_replaced":0,"rendered":1202,"result_age":0.07653031899826601,"rl":0,"submit_errors":0},{"decoded":1198,"dropped":504,"encoded":678,"infer_fps":10.39876181215168,"inferred":424,"lr":0,"mux_errors":0,"name":"driving","objects":1,"process_ms":84.99862300232053,"render_ms":6.029079999279929,"render_replaced":0,"rendered":1194,"result_age":0.058167995000985684,"rl":0,"submit_errors":0},{"decoded":962,"dropped":270,"encoded":681,"infer_fps":6.099273755204351,"inferred":248,"lr":0,"mux_errors":0,"name":"depth","objects":0,"process_ms":192.46538899824372,"render_ms":10.141273000044748,"render_replaced":0,"rendered":962,"result_age":0.14042668300317018,"rl":0,"submit_errors":0},{"decoded":965,"dropped":277,"encoded":676,"infer_fps":10.298773717804067,"inferred":420,"lr":0,"mux_errors":0,"name":"count","objects":6,"process_ms":107.08080499898642,"render_ms":5.868371001270134,"render_replaced":0,"rendered":964,"result_age":0.024421988000540296,"rl":3,"submit_errors":0}],"elapsed":40.0696990739998,"event":"stats","overview_dropped":507,"overview_encoded":678,"overview_mux_errors":0}
[ax_runner_axcl] profile runner=0xffff8811fda8 devid=0 grpid=0 avg_us{in_sync=0 exec=6611 out_sync=31022 total=37634} out_bytes_avg=2359296 n=7
{"direction":"right_to_left","event":"crossing","id":122,"lr":0,"rl":4}
[ax_runner_axcl] profile runner=0xffff8810fca0 devid=0 grpid=0 avg_us{in_sync=0 exec=4670 out_sync=40657 total=45329} out_bytes_avg=4838400 n=10
[ax_runner_axcl] profile runner=0xffff88014ed0 devid=0 grpid=0 avg_us{in_sync=0 exec=2539 out_sync=39923 total=42464} out_bytes_avg=2822400 n=11
[ax_runner_axcl] profile runner=0xffff88128ba0 devid=0 grpid=0 avg_us{in_sync=0 exec=5064 out_sync=34641 total=39707} out_bytes_avg=4838400 n=11
[ax_runner_axcl] profile runner=0xffff880c8990 devid=0 grpid=0 avg_us{in_sync=0 exec=1517 out_sync=38288 total=39807} out_bytes_avg=30800 n=12
[ax_runner_axcl] profile runner=0xffff8800eef8 devid=0 grpid=0 avg_us{in_sync=0 exec=3100 out_sync=48978 total=52079} out_bytes_avg=7174400 n=7
[ax_runner_axcl] profile runner=0xffff8811fda8 devid=0 grpid=0 avg_us{in_sync=0 exec=6579 out_sync=37533 total=44114} out_bytes_avg=2359296 n=7
[ax_runner_axcl] profile runner=0xffff8810fca0 devid=0 grpid=0 avg_us{in_sync=0 exec=4518 out_sync=32651 total=37171} out_bytes_avg=4838400 n=11
[ax_runner_axcl] profile runner=0xffff88014ed0 devid=0 grpid=0 avg_us{in_sync=0 exec=2317 out_sync=39655 total=41975} out_bytes_avg=2822400 n=11
[ax_runner_axcl] profile runner=0xffff88128ba0 devid=0 grpid=0 avg_us{in_sync=0 exec=5373 out_sync=42456 total=47831} out_bytes_avg=4838400 n=10
[ax_runner_axcl] profile runner=0xffff880c8990 devid=0 grpid=0 avg_us{in_sync=0 exec=2468 out_sync=37107 total=39576} out_bytes_avg=30800 n=12
[ax_runner_axcl] profile runner=0xffff8800eef8 devid=0 grpid=0 avg_us{in_sync=0 exec=3120 out_sync=46314 total=49435} out_bytes_avg=7174400 n=7
[ax_runner_axcl] profile runner=0xffff8811fda8 devid=0 grpid=0 avg_us{in_sync=0 exec=6638 out_sync=47281 total=53920} out_bytes_avg=2359296 n=7
[ax_runner_axcl] profile runner=0xffff88014ed0 devid=0 grpid=0 avg_us{in_sync=0 exec=2362 out_sync=36546 total=38910} out_bytes_avg=2822400 n=12
[ax_runner_axcl] profile runner=0xffff8810fca0 devid=0 grpid=0 avg_us{in_sync=0 exec=5023 out_sync=35407 total=40432} out_bytes_avg=4838400 n=11
[ax_runner_axcl] profile runner=0xffff88128ba0 devid=0 grpid=0 avg_us{in_sync=0 exec=4514 out_sync=36006 total=40523} out_bytes_avg=4838400 n=11
[ax_runner_axcl] profile runner=0xffff880c8990 devid=0 grpid=0 avg_us{in_sync=0 exec=1731 out_sync=31475 total=33208} out_bytes_avg=30800 n=13
[ax_runner_axcl] profile runner=0xffff8800eef8 devid=0 grpid=0 avg_us{in_sync=0 exec=3324 out_sync=43049 total=46375} out_bytes_avg=7174400 n=8
[ax_runner_axcl] profile runner=0xffff8811fda8 devid=0 grpid=0 avg_us{in_sync=0 exec=7070 out_sync=27839 total=34911} out_bytes_avg=2359296 n=7
[ax_runner_axcl] profile runner=0xffff8810fca0 devid=0 grpid=0 avg_us{in_sync=0 exec=4408 out_sync=30876 total=35286} out_bytes_avg=4838400 n=11
[ax_runner_axcl] profile runner=0xffff88014ed0 devid=0 grpid=0 avg_us{in_sync=0 exec=2579 out_sync=32659 total=35241} out_bytes_avg=2822400 n=12
[ax_runner_axcl] profile runner=0xffff88128ba0 devid=0 grpid=0 avg_us{in_sync=0 exec=4677 out_sync=37122 total=41801} out_bytes_avg=4838400 n=11
[ax_runner_axcl] profile runner=0xffff880c8990 devid=0 grpid=0 avg_us{in_sync=0 exec=1322 out_sync=29440 total=30763} out_bytes_avg=30800 n=13
[ax_runner_axcl] profile runner=0xffff8800eef8 devid=0 grpid=0 avg_us{in_sync=0 exec=3193 out_sync=47007 total=50201} out_bytes_avg=7174400 n=7
[ax_runner_axcl] profile runner=0xffff8811fda8 devid=0 grpid=0 avg_us{in_sync=0 exec=6714 out_sync=31442 total=38158} out_bytes_avg=2359296 n=7
[ax_runner_axcl] profile runner=0xffff8810fca0 devid=0 grpid=0 avg_us{in_sync=0 exec=5134 out_sync=32992 total=38128} out_bytes_avg=4838400 n=11
[ax_runner_axcl] profile runner=0xffff88128ba0 devid=0 grpid=0 avg_us{in_sync=0 exec=4762 out_sync=35517 total=40282} out_bytes_avg=4838400 n=11
[ax_runner_axcl] profile runner=0xffff88014ed0 devid=0 grpid=0 avg_us{in_sync=0 exec=2683 out_sync=38797 total=41482} out_bytes_avg=2822400 n=12
[ax_runner_axcl] profile runner=0xffff880c8990 devid=0 grpid=0 avg_us{in_sync=0 exec=1851 out_sync=34780 total=36633} out_bytes_avg=30800 n=12
[ax_runner_axcl] profile runner=0xffff8800eef8 devid=0 grpid=0 avg_us{in_sync=0 exec=2918 out_sync=43131 total=46051} out_bytes_avg=7174400 n=7
[ax_runner_axcl] profile runner=0xffff8811fda8 devid=0 grpid=0 avg_us{in_sync=0 exec=6673 out_sync=23688 total=30362} out_bytes_avg=2359296 n=7
[ax_runner_axcl] profile runner=0xffff8810fca0 devid=0 grpid=0 avg_us{in_sync=0 exec=5072 out_sync=33896 total=38970} out_bytes_avg=4838400 n=11
[ax_runner_axcl] profile runner=0xffff88014ed0 devid=0 grpid=0 avg_us{in_sync=0 exec=3142 out_sync=34252 total=37397} out_bytes_avg=2822400 n=11
[ax_runner_axcl] profile runner=0xffff88128ba0 devid=0 grpid=0 avg_us{in_sync=0 exec=4907 out_sync=38868 total=43777} out_bytes_avg=4838400 n=12
[ax_runner_axcl] profile runner=0xffff880c8990 devid=0 grpid=0 avg_us{in_sync=0 exec=1873 out_sync=28317 total=30192} out_bytes_avg=30800 n=13
[ax_runner_axcl] profile runner=0xffff8800eef8 devid=0 grpid=0 avg_us{in_sync=0 exec=4906 out_sync=46341 total=51249} out_bytes_avg=7174400 n=7
[ax_runner_axcl] profile runner=0xffff8811fda8 devid=0 grpid=0 avg_us{in_sync=0 exec=7188 out_sync=26475 total=33664} out_bytes_avg=2359296 n=7
[ax_runner_axcl] profile runner=0xffff8810fca0 devid=0 grpid=0 avg_us{in_sync=0 exec=7232 out_sync=33004 total=40238} out_bytes_avg=4838400 n=11
[ax_runner_axcl] profile runner=0xffff88014ed0 devid=0 grpid=0 avg_us{in_sync=0 exec=2410 out_sync=34676 total=37089} out_bytes_avg=2822400 n=11
[ax_runner_axcl] profile runner=0xffff88128ba0 devid=0 grpid=0 avg_us{in_sync=0 exec=5375 out_sync=33976 total=39353} out_bytes_avg=4838400 n=11
[ax_runner_axcl] profile runner=0xffff880c8990 devid=0 grpid=0 avg_us{in_sync=0 exec=2077 out_sync=27435 total=29514} out_bytes_avg=30800 n=13
[ax_runner_axcl] profile runner=0xffff8800eef8 devid=0 grpid=0 avg_us{in_sync=0 exec=3424 out_sync=47351 total=50776} out_bytes_avg=7174400 n=7
[ax_runner_axcl] profile runner=0xffff8811fda8 devid=0 grpid=0 avg_us{in_sync=0 exec=7171 out_sync=31020 total=38193} out_bytes_avg=2359296 n=7
[ax_runner_axcl] profile runner=0xffff8810fca0 devid=0 grpid=0 avg_us{in_sync=0 exec=4663 out_sync=38494 total=43158} out_bytes_avg=4838400 n=11
[ax_runner_axcl] profile runner=0xffff88014ed0 devid=0 grpid=0 avg_us{in_sync=0 exec=2871 out_sync=42778 total=45652} out_bytes_avg=2822400 n=11
[ax_runner_axcl] profile runner=0xffff88128ba0 devid=0 grpid=0 avg_us{in_sync=0 exec=4882 out_sync=34112 total=38995} out_bytes_avg=4838400 n=11
[ax_runner_axcl] profile runner=0xffff880c8990 devid=0 grpid=0 avg_us{in_sync=0 exec=1801 out_sync=31265 total=33068} out_bytes_avg=30800 n=12
[ax_runner_axcl] profile runner=0xffff8800eef8 devid=0 grpid=0 avg_us{in_sync=0 exec=3444 out_sync=42928 total=46374} out_bytes_avg=7174400 n=7
[ax_runner_axcl] profile runner=0xffff8811fda8 devid=0 grpid=0 avg_us{in_sync=0 exec=6655 out_sync=33028 total=39684} out_bytes_avg=2359296 n=7
[ax_runner_axcl] profile runner=0xffff8810fca0 devid=0 grpid=0 avg_us{in_sync=0 exec=4216 out_sync=36250 total=40467} out_bytes_avg=4838400 n=11
[ax_runner_axcl] profile runner=0xffff88128ba0 devid=0 grpid=0 avg_us{in_sync=0 exec=5179 out_sync=34677 total=39858} out_bytes_avg=4838400 n=11
[ax_runner_axcl] profile runner=0xffff88014ed0 devid=0 grpid=0 avg_us{in_sync=0 exec=2346 out_sync=37492 total=39841} out_bytes_avg=2822400 n=12
[ax_runner_axcl] profile runner=0xffff880c8990 devid=0 grpid=0 avg_us{in_sync=0 exec=3098 out_sync=24714 total=27814} out_bytes_avg=30800 n=13
[ax_runner_axcl] profile runner=0xffff8800eef8 devid=0 grpid=0 avg_us{in_sync=0 exec=4363 out_sync=43666 total=48030} out_bytes_avg=7174400 n=7
[ax_runner_axcl] profile runner=0xffff8811fda8 devid=0 grpid=0 avg_us{in_sync=0 exec=7926 out_sync=33339 total=41267} out_bytes_avg=2359296 n=6
{"channels":[{"decoded":602,"dropped":0,"encoded":600,"infer_fps":11.862152633603847,"inferred":596,"lr":0,"mux_errors":0,"name":"pcd","objects":7,"process_ms":77.0130720011366,"render_ms":8.287428001494845,"render_replaced":0,"rendered":602,"result_age":0.10573946300064563,"rl":0,"submit_errors":0},{"decoded":1251,"dropped":374,"encoded":862,"infer_fps":10.46660526494457,"inferred":518,"lr":0,"mux_errors":0,"name":"vehicle","objects":4,"process_ms":77.72761899832403,"render_ms":5.501408999407431,"render_replaced":0,"rendered":1245,"result_age":0.05842737100101658,"rl":0,"submit_errors":0},{"decoded":1505,"dropped":628,"encoded":866,"infer_fps":6.479327068775211,"inferred":325,"lr":0,"mux_errors":0,"name":"seg","objects":6,"process_ms":164.65854499983834,"render_ms":9.755727998708608,"render_replaced":0,"rendered":1505,"result_age":0.035180222999770194,"rl":0,"submit_errors":0},{"decoded":1500,"dropped":616,"encoded":867,"infer_fps":10.865333084561508,"inferred":533,"lr":0,"mux_errors":0,"name":"driving","objects":1,"process_ms":67.87063899901113,"render_ms":11.156611999467714,"render_replaced":0,"rendered":1495,"result_age":0.007375754998065531,"rl":0,"submit_errors":0},{"decoded":1203,"dropped":324,"encoded":866,"infer_fps":6.279963158966742,"inferred":311,"lr":0,"mux_errors":0,"name":"depth","objects":0,"process_ms":152.84134600005927,"render_ms":16.993483000987908,"render_replaced":0,"rendered":1202,"result_age":0.0620209770022484,"rl":0,"submit_errors":0},{"decoded":1206,"dropped":334,"encoded":862,"infer_fps":10.66596917475304,"inferred":527,"lr":0,"mux_errors":0,"name":"count","objects":8,"process_ms":137.96654299949296,"render_ms":12.402871001540916,"render_replaced":0,"rendered":1205,"result_age":0.06705721699836431,"rl":4,"submit_errors":0}],"elapsed":50.10160505899694,"event":"stats","overview_dropped":618,"overview_encoded":868,"overview_mux_errors":0}
[ax_runner_axcl] profile runner=0xffff8810fca0 devid=0 grpid=0 avg_us{in_sync=0 exec=4991 out_sync=34540 total=39533} out_bytes_avg=4838400 n=11
[ax_runner_axcl] profile runner=0xffff88128ba0 devid=0 grpid=0 avg_us{in_sync=0 exec=4771 out_sync=42974 total=47747} out_bytes_avg=4838400 n=11
[ax_runner_axcl] profile runner=0xffff88014ed0 devid=0 grpid=0 avg_us{in_sync=0 exec=2871 out_sync=28145 total=31018} out_bytes_avg=2822400 n=11
[ax_runner_axcl] profile runner=0xffff880c8990 devid=0 grpid=0 avg_us{in_sync=0 exec=1497 out_sync=31205 total=32704} out_bytes_avg=30800 n=12
{"event":"count_loop_reset","loop":4}
[ax_runner_axcl] profile runner=0xffff8800eef8 devid=0 grpid=0 avg_us{in_sync=0 exec=2887 out_sync=38250 total=41138} out_bytes_avg=7174400 n=8
[ax_runner_axcl] profile runner=0xffff8811fda8 devid=0 grpid=0 avg_us{in_sync=0 exec=7799 out_sync=29693 total=37493} out_bytes_avg=2359296 n=7
[ax_runner_axcl] profile runner=0xffff8810fca0 devid=0 grpid=0 avg_us{in_sync=0 exec=4243 out_sync=37419 total=41664} out_bytes_avg=4838400 n=11
[ax_runner_axcl] profile runner=0xffff88128ba0 devid=0 grpid=0 avg_us{in_sync=0 exec=4425 out_sync=41785 total=46212} out_bytes_avg=4838400 n=10
[ax_runner_axcl] profile runner=0xffff88014ed0 devid=0 grpid=0 avg_us{in_sync=0 exec=2859 out_sync=32379 total=35241} out_bytes_avg=2822400 n=12
[ax_runner_axcl] profile runner=0xffff880c8990 devid=0 grpid=0 avg_us{in_sync=0 exec=2070 out_sync=25790 total=27862} out_bytes_avg=30800 n=12
[ax_runner_axcl] profile runner=0xffff8800eef8 devid=0 grpid=0 avg_us{in_sync=0 exec=3041 out_sync=47776 total=50819} out_bytes_avg=7174400 n=8
[ax_runner_axcl] profile runner=0xffff8811fda8 devid=0 grpid=0 avg_us{in_sync=0 exec=6916 out_sync=39964 total=46881} out_bytes_avg=2359296 n=7
[ax_runner_axcl] profile runner=0xffff8810fca0 devid=0 grpid=0 avg_us{in_sync=0 exec=5566 out_sync=45031 total=50599} out_bytes_avg=4838400 n=10
[ax_runner_axcl] profile runner=0xffff88128ba0 devid=0 grpid=0 avg_us{in_sync=0 exec=4312 out_sync=39894 total=44208} out_bytes_avg=4838400 n=11
[ax_runner_axcl] profile runner=0xffff880c8990 devid=0 grpid=0 avg_us{in_sync=0 exec=1815 out_sync=34333 total=36150} out_bytes_avg=30800 n=12
[ax_runner_axcl] profile runner=0xffff88014ed0 devid=0 grpid=0 avg_us{in_sync=0 exec=2330 out_sync=42778 total=45110} out_bytes_avg=2822400 n=11
[ax_runner_axcl] profile runner=0xffff8800eef8 devid=0 grpid=0 avg_us{in_sync=0 exec=2956 out_sync=39472 total=42430} out_bytes_avg=7174400 n=7
[ax_runner_axcl] profile runner=0xffff8811fda8 devid=0 grpid=0 avg_us{in_sync=0 exec=6876 out_sync=36252 total=43130} out_bytes_avg=2359296 n=7
{"direction":"right_to_left","event":"crossing","id":171,"lr":0,"rl":5}
[ax_runner_axcl] profile runner=0xffff88128ba0 devid=0 grpid=0 avg_us{in_sync=0 exec=4586 out_sync=28467 total=33055} out_bytes_avg=4838400 n=12
[ax_runner_axcl] profile runner=0xffff8810fca0 devid=0 grpid=0 avg_us{in_sync=0 exec=5116 out_sync=33182 total=38300} out_bytes_avg=4838400 n=12
[ax_runner_axcl] profile runner=0xffff880c8990 devid=0 grpid=0 avg_us{in_sync=0 exec=2453 out_sync=28644 total=31099} out_bytes_avg=30800 n=13
[ax_runner_axcl] profile runner=0xffff88014ed0 devid=0 grpid=0 avg_us{in_sync=0 exec=2295 out_sync=39083 total=41380} out_bytes_avg=2822400 n=12
[ax_runner_axcl] profile runner=0xffff8800eef8 devid=0 grpid=0 avg_us{in_sync=0 exec=2872 out_sync=47251 total=50124} out_bytes_avg=7174400 n=7
[ax_runner_axcl] profile runner=0xffff8811fda8 devid=0 grpid=0 avg_us{in_sync=0 exec=6741 out_sync=26915 total=33658} out_bytes_avg=2359296 n=7
[ax_runner_axcl] profile runner=0xffff88128ba0 devid=0 grpid=0 avg_us{in_sync=0 exec=4680 out_sync=34774 total=39457} out_bytes_avg=4838400 n=11
[ax_runner_axcl] profile runner=0xffff8810fca0 devid=0 grpid=0 avg_us{in_sync=0 exec=5765 out_sync=31832 total=37599} out_bytes_avg=4838400 n=11
[ax_runner_axcl] profile runner=0xffff880c8990 devid=0 grpid=0 avg_us{in_sync=0 exec=1027 out_sync=31843 total=32872} out_bytes_avg=30800 n=12
[ax_runner_axcl] profile runner=0xffff88014ed0 devid=0 grpid=0 avg_us{in_sync=0 exec=2640 out_sync=41163 total=43807} out_bytes_avg=2822400 n=11
[ax_runner_axcl] profile runner=0xffff8800eef8 devid=0 grpid=0 avg_us{in_sync=0 exec=4129 out_sync=45016 total=49146} out_bytes_avg=7174400 n=8
[ax_runner_axcl] profile runner=0xffff8811fda8 devid=0 grpid=0 avg_us{in_sync=0 exec=6954 out_sync=37184 total=44140} out_bytes_avg=2359296 n=7
[ax_runner_axcl] profile runner=0xffff8810fca0 devid=0 grpid=0 avg_us{in_sync=0 exec=4354 out_sync=37675 total=42031} out_bytes_avg=4838400 n=11
[ax_runner_axcl] profile runner=0xffff88128ba0 devid=0 grpid=0 avg_us{in_sync=0 exec=5195 out_sync=31068 total=36264} out_bytes_avg=4838400 n=12
[ax_runner_axcl] profile runner=0xffff880c8990 devid=0 grpid=0 avg_us{in_sync=0 exec=2050 out_sync=33724 total=35777} out_bytes_avg=30800 n=13
[ax_runner_axcl] profile runner=0xffff88014ed0 devid=0 grpid=0 avg_us{in_sync=0 exec=2282 out_sync=34915 total=37200} out_bytes_avg=2822400 n=11
[ax_runner_axcl] profile runner=0xffff8800eef8 devid=0 grpid=0 avg_us{in_sync=0 exec=3086 out_sync=45985 total=49072} out_bytes_avg=7174400 n=7
[ax_runner_axcl] profile runner=0xffff8811fda8 devid=0 grpid=0 avg_us{in_sync=0 exec=6547 out_sync=22426 total=28975} out_bytes_avg=2359296 n=7
[ax_runner_axcl] profile runner=0xffff8810fca0 devid=0 grpid=0 avg_us{in_sync=0 exec=5048 out_sync=35244 total=40294} out_bytes_avg=4838400 n=11
[ax_runner_axcl] profile runner=0xffff88128ba0 devid=0 grpid=0 avg_us{in_sync=0 exec=4536 out_sync=35577 total=40115} out_bytes_avg=4838400 n=12
[ax_runner_axcl] profile runner=0xffff880c8990 devid=0 grpid=0 avg_us{in_sync=0 exec=1183 out_sync=29383 total=30568} out_bytes_avg=30800 n=12
[ax_runner_axcl] profile runner=0xffff88014ed0 devid=0 grpid=0 avg_us{in_sync=0 exec=3273 out_sync=29729 total=33004} out_bytes_avg=2822400 n=12
[ax_runner_axcl] profile runner=0xffff8800eef8 devid=0 grpid=0 avg_us{in_sync=0 exec=3029 out_sync=47248 total=50279} out_bytes_avg=7174400 n=6
[ax_runner_axcl] profile runner=0xffff8811fda8 devid=0 grpid=0 avg_us{in_sync=0 exec=6491 out_sync=48041 total=54533} out_bytes_avg=2359296 n=6
[ax_runner_axcl] profile runner=0xffff8810fca0 devid=0 grpid=0 avg_us{in_sync=0 exec=4350 out_sync=31990 total=36342} out_bytes_avg=4838400 n=12
[ax_runner_axcl] profile runner=0xffff88128ba0 devid=0 grpid=0 avg_us{in_sync=0 exec=4759 out_sync=34137 total=38898} out_bytes_avg=4838400 n=11
[ax_runner_axcl] profile runner=0xffff880c8990 devid=0 grpid=0 avg_us{in_sync=0 exec=2023 out_sync=33729 total=35753} out_bytes_avg=30800 n=12
[ax_runner_axcl] profile runner=0xffff88014ed0 devid=0 grpid=0 avg_us{in_sync=0 exec=2846 out_sync=29296 total=32144} out_bytes_avg=2822400 n=11
[ax_runner_axcl] profile runner=0xffff8811fda8 devid=0 grpid=0 avg_us{in_sync=0 exec=7591 out_sync=34536 total=42128} out_bytes_avg=2359296 n=6
[ax_runner_axcl] profile runner=0xffff8800eef8 devid=0 grpid=0 avg_us{in_sync=0 exec=2984 out_sync=40660 total=43646} out_bytes_avg=7174400 n=8
[ax_runner_axcl] profile runner=0xffff8810fca0 devid=0 grpid=0 avg_us{in_sync=0 exec=5229 out_sync=34648 total=39879} out_bytes_avg=4838400 n=11
[ax_runner_axcl] profile runner=0xffff88128ba0 devid=0 grpid=0 avg_us{in_sync=0 exec=5127 out_sync=40188 total=45317} out_bytes_avg=4838400 n=11
[ax_runner_axcl] profile runner=0xffff880c8990 devid=0 grpid=0 avg_us{in_sync=0 exec=1250 out_sync=32064 total=33316} out_bytes_avg=30800 n=13
[ax_runner_axcl] profile runner=0xffff88014ed0 devid=0 grpid=0 avg_us{in_sync=0 exec=2333 out_sync=31825 total=34160} out_bytes_avg=2822400 n=11
[ax_runner_axcl] profile runner=0xffff8811fda8 devid=0 grpid=0 avg_us{in_sync=0 exec=6500 out_sync=33037 total=39538} out_bytes_avg=2359296 n=6
[ax_runner_axcl] profile runner=0xffff8800eef8 devid=0 grpid=0 avg_us{in_sync=0 exec=4028 out_sync=42730 total=46759} out_bytes_avg=7174400 n=7
[ax_runner_axcl] profile runner=0xffff8810fca0 devid=0 grpid=0 avg_us{in_sync=0 exec=4467 out_sync=31467 total=35938} out_bytes_avg=4838400 n=11
[ax_runner_axcl] profile runner=0xffff88128ba0 devid=0 grpid=0 avg_us{in_sync=0 exec=4657 out_sync=34846 total=39505} out_bytes_avg=4838400 n=11
[ax_runner_axcl] profile runner=0xffff880c8990 devid=0 grpid=0 avg_us{in_sync=0 exec=1086 out_sync=28444 total=29533} out_bytes_avg=30800 n=12
[ax_runner_axcl] profile runner=0xffff88014ed0 devid=0 grpid=0 avg_us{in_sync=0 exec=2508 out_sync=39623 total=42135} out_bytes_avg=2822400 n=12
{"channels":[{"decoded":722,"dropped":0,"encoded":721,"infer_fps":11.899892564200277,"inferred":715,"lr":0,"mux_errors":0,"name":"pcd","objects":8,"process_ms":89.19044100184692,"render_ms":8.915139998862287,"render_replaced":0,"rendered":722,"result_age":0.029491771001630696,"rl":0,"submit_errors":0},{"decoded":1500,"dropped":445,"encoded":1040,"infer_fps":10.799902495240588,"inferred":626,"lr":0,"mux_errors":0,"name":"vehicle","objects":1,"process_ms":77.6261169994541,"render_ms":12.286828001379035,"render_replaced":0,"rendered":1496,"result_age":0.07471876700219582,"rl":0,"submit_errors":0},{"decoded":1804,"dropped":746,"encoded":1046,"infer_fps":6.69993951093629,"inferred":392,"lr":0,"mux_errors":0,"name":"seg","objects":4,"process_ms":178.6099259988987,"render_ms":11.478281001473079,"render_replaced":0,"rendered":1804,"result_age":0.04899593599839136,"rl":0,"submit_errors":0},{"decoded":1800,"dropped":728,"encoded":1053,"infer_fps":10.899901592418741,"inferred":642,"lr":0,"mux_errors":0,"name":"driving","objects":1,"process_ms":84.78628800003207,"render_ms":4.652987998269964,"render_replaced":0,"rendered":1793,"result_age":0.05636231599783059,"rl":0,"submit_errors":0},{"decoded":1442,"dropped":382,"encoded":1048,"infer_fps":6.1999440250455224,"inferred":373,"lr":0,"mux_errors":0,"name":"depth","objects":0,"process_ms":193.836480997561,"render_ms":9.331934001238551,"render_replaced":0,"rendered":1442,"result_age":0.12321332400097162,"rl":0,"submit_errors":0},{"decoded":1446,"dropped":390,"encoded":1045,"infer_fps":10.899901592418741,"inferred":636,"lr":0,"mux_errors":0,"name":"count","objects":7,"process_ms":82.52931500101113,"render_ms":10.466773997904966,"render_replaced":0,"rendered":1446,"result_age":0.06199560199820553,"rl":5,"submit_errors":0}],"elapsed":60.101695341996674,"event":"stats","overview_dropped":736,"overview_encoded":1050,"overview_mux_errors":0}
[ax_runner_axcl] profile runner=0xffff8811fda8 devid=0 grpid=0 avg_us{in_sync=0 exec=7174 out_sync=33744 total=40920} out_bytes_avg=2359296 n=6
[ax_runner_axcl] profile runner=0xffff8800eef8 devid=0 grpid=0 avg_us{in_sync=0 exec=4041 out_sync=54245 total=58289} out_bytes_avg=7174400 n=6
[ax_runner_axcl] profile runner=0xffff88128ba0 devid=0 grpid=0 avg_us{in_sync=0 exec=5042 out_sync=32960 total=38004} out_bytes_avg=4838400 n=11
[ax_runner_axcl] profile runner=0xffff8810fca0 devid=0 grpid=0 avg_us{in_sync=0 exec=4950 out_sync=33847 total=38800} out_bytes_avg=4838400 n=11
[ax_runner_axcl] profile runner=0xffff880c8990 devid=0 grpid=0 avg_us{in_sync=0 exec=1908 out_sync=29477 total=31387} out_bytes_avg=30800 n=12
[ax_runner_axcl] profile runner=0xffff88014ed0 devid=0 grpid=0 avg_us{in_sync=0 exec=2358 out_sync=37744 total=40108} out_bytes_avg=2822400 n=12
[ax_runner_axcl] profile runner=0xffff8811fda8 devid=0 grpid=0 avg_us{in_sync=0 exec=6713 out_sync=30259 total=36974} out_bytes_avg=2359296 n=7
[ax_runner_axcl] profile runner=0xffff8800eef8 devid=0 grpid=0 avg_us{in_sync=0 exec=3465 out_sync=45387 total=48853} out_bytes_avg=7174400 n=7
[ax_runner_axcl] profile runner=0xffff88128ba0 devid=0 grpid=0 avg_us{in_sync=0 exec=4352 out_sync=37949 total=42303} out_bytes_avg=4838400 n=11
[ax_runner_axcl] profile runner=0xffff8810fca0 devid=0 grpid=0 avg_us{in_sync=0 exec=4198 out_sync=36636 total=40836} out_bytes_avg=4838400 n=11
[ax_runner_axcl] profile runner=0xffff880c8990 devid=0 grpid=0 avg_us{in_sync=0 exec=1730 out_sync=35053 total=36785} out_bytes_avg=30800 n=12
[ax_runner_axcl] profile runner=0xffff88014ed0 devid=0 grpid=0 avg_us{in_sync=0 exec=2593 out_sync=35544 total=38141} out_bytes_avg=2822400 n=11
[ax_runner_axcl] profile runner=0xffff8811fda8 devid=0 grpid=0 avg_us{in_sync=0 exec=6978 out_sync=40131 total=47110} out_bytes_avg=2359296 n=6
[ax_runner_axcl] profile runner=0xffff88128ba0 devid=0 grpid=0 avg_us{in_sync=0 exec=4574 out_sync=42014 total=46591} out_bytes_avg=4838400 n=10
[ax_runner_axcl] profile runner=0xffff8800eef8 devid=0 grpid=0 avg_us{in_sync=0 exec=4334 out_sync=44177 total=48512} out_bytes_avg=7174400 n=7
[ax_runner_axcl] profile runner=0xffff8810fca0 devid=0 grpid=0 avg_us{in_sync=0 exec=4456 out_sync=38117 total=42574} out_bytes_avg=4838400 n=11
[ax_runner_axcl] profile runner=0xffff880c8990 devid=0 grpid=0 avg_us{in_sync=0 exec=1242 out_sync=31852 total=33097} out_bytes_avg=30800 n=11
[ax_runner_axcl] profile runner=0xffff88014ed0 devid=0 grpid=0 avg_us{in_sync=0 exec=2866 out_sync=31975 total=34845} out_bytes_avg=2822400 n=11
{"event":"count_loop_reset","loop":5}
[ax_runner_axcl] profile runner=0xffff8811fda8 devid=0 grpid=0 avg_us{in_sync=0 exec=6604 out_sync=33893 total=40498} out_bytes_avg=2359296 n=6
[ax_runner_axcl] profile runner=0xffff8800eef8 devid=0 grpid=0 avg_us{in_sync=0 exec=2821 out_sync=47853 total=50676} out_bytes_avg=7174400 n=7
[ax_runner_axcl] profile runner=0xffff88128ba0 devid=0 grpid=0 avg_us{in_sync=0 exec=4239 out_sync=37442 total=41684} out_bytes_avg=4838400 n=12
[ax_runner_axcl] profile runner=0xffff8810fca0 devid=0 grpid=0 avg_us{in_sync=0 exec=4401 out_sync=37057 total=41459} out_bytes_avg=4838400 n=11
[ax_runner_axcl] profile runner=0xffff880c8990 devid=0 grpid=0 avg_us{in_sync=0 exec=2343 out_sync=35991 total=38335} out_bytes_avg=30800 n=12
[ax_runner_axcl] profile runner=0xffff88014ed0 devid=0 grpid=0 avg_us{in_sync=0 exec=2055 out_sync=30185 total=32243} out_bytes_avg=2822400 n=11
[ax_runner_axcl] profile runner=0xffff8800eef8 devid=0 grpid=0 avg_us{in_sync=0 exec=3877 out_sync=47131 total=51010} out_bytes_avg=7174400 n=7
[ax_runner_axcl] profile runner=0xffff88128ba0 devid=0 grpid=0 avg_us{in_sync=0 exec=4917 out_sync=41525 total=46444} out_bytes_avg=4838400 n=10
[ax_runner_axcl] profile runner=0xffff8811fda8 devid=0 grpid=0 avg_us{in_sync=0 exec=6690 out_sync=42151 total=48842} out_bytes_avg=2359296 n=6
[ax_runner_axcl] profile runner=0xffff8810fca0 devid=0 grpid=0 avg_us{in_sync=0 exec=5162 out_sync=34066 total=39230} out_bytes_avg=4838400 n=11
[ax_runner_axcl] profile runner=0xffff880c8990 devid=0 grpid=0 avg_us{in_sync=0 exec=1510 out_sync=31745 total=33257} out_bytes_avg=30800 n=12
[ax_runner_axcl] profile runner=0xffff88014ed0 devid=0 grpid=0 avg_us{in_sync=0 exec=2850 out_sync=37666 total=40518} out_bytes_avg=2822400 n=10
[ax_runner_axcl] profile runner=0xffff8800eef8 devid=0 grpid=0 avg_us{in_sync=0 exec=3006 out_sync=42671 total=45678} out_bytes_avg=7174400 n=7
[ax_runner_axcl] profile runner=0xffff88128ba0 devid=0 grpid=0 avg_us{in_sync=0 exec=4346 out_sync=32721 total=37069} out_bytes_avg=4838400 n=11
[ax_runner_axcl] profile runner=0xffff8810fca0 devid=0 grpid=0 avg_us{in_sync=0 exec=4302 out_sync=40791 total=45096} out_bytes_avg=4838400 n=11
[ax_runner_axcl] profile runner=0xffff8811fda8 devid=0 grpid=0 avg_us{in_sync=0 exec=6948 out_sync=38277 total=45227} out_bytes_avg=2359296 n=6
{"direction":"right_to_left","event":"crossing","id":206,"lr":0,"rl":6}
[ax_runner_axcl] profile runner=0xffff880c8990 devid=0 grpid=0 avg_us{in_sync=0 exec=1205 out_sync=35294 total=36501} out_bytes_avg=30800 n=13
[ax_runner_axcl] profile runner=0xffff88014ed0 devid=0 grpid=0 avg_us{in_sync=0 exec=2330 out_sync=34273 total=36605} out_bytes_avg=2822400 n=12
[ax_runner_axcl] profile runner=0xffff8810fca0 devid=0 grpid=0 avg_us{in_sync=0 exec=4331 out_sync=36088 total=40420} out_bytes_avg=4838400 n=11
[ax_runner_axcl] profile runner=0xffff88128ba0 devid=0 grpid=0 avg_us{in_sync=0 exec=4489 out_sync=34680 total=39171} out_bytes_avg=4838400 n=11
[ax_runner_axcl] profile runner=0xffff8800eef8 devid=0 grpid=0 avg_us{in_sync=0 exec=3130 out_sync=49922 total=53053} out_bytes_avg=7174400 n=7
[ax_runner_axcl] profile runner=0xffff8811fda8 devid=0 grpid=0 avg_us{in_sync=0 exec=6640 out_sync=41199 total=47841} out_bytes_avg=2359296 n=6
[ax_runner_axcl] profile runner=0xffff880c8990 devid=0 grpid=0 avg_us{in_sync=0 exec=1181 out_sync=35730 total=36912} out_bytes_avg=30800 n=12
[ax_runner_axcl] profile runner=0xffff88014ed0 devid=0 grpid=0 avg_us{in_sync=0 exec=2252 out_sync=40166 total=42422} out_bytes_avg=2822400 n=10
[ax_runner_axcl] profile runner=0xffff8810fca0 devid=0 grpid=0 avg_us{in_sync=0 exec=4390 out_sync=41577 total=45969} out_bytes_avg=4838400 n=11
[ax_runner_axcl] profile runner=0xffff8800eef8 devid=0 grpid=0 avg_us{in_sync=0 exec=5172 out_sync=42881 total=48055} out_bytes_avg=7174400 n=7
[ax_runner_axcl] profile runner=0xffff88128ba0 devid=0 grpid=0 avg_us{in_sync=0 exec=4547 out_sync=34816 total=39365} out_bytes_avg=4838400 n=11
[ax_runner_axcl] profile runner=0xffff880c8990 devid=0 grpid=0 avg_us{in_sync=0 exec=1013 out_sync=31070 total=32084} out_bytes_avg=30800 n=13
[ax_runner_axcl] profile runner=0xffff88014ed0 devid=0 grpid=0 avg_us{in_sync=0 exec=3642 out_sync=42949 total=46593} out_bytes_avg=2822400 n=11
[ax_runner_axcl] profile runner=0xffff8811fda8 devid=0 grpid=0 avg_us{in_sync=0 exec=6737 out_sync=38512 total=45250} out_bytes_avg=2359296 n=7
[2026-09-16T18:41:50.161] [INFO] [T:281466552184512] RTSP OPTIONS rtsp://127.0.0.1:8554/overview/
[ax_runner_axcl] profile runner=0xffff8810fca0 devid=0 grpid=0 avg_us{in_sync=0 exec=4375 out_sync=35010 total=39386} out_bytes_avg=4838400 n=11
[ax_runner_axcl] profile runner=0xffff8800eef8 devid=0 grpid=0 avg_us{in_sync=0 exec=4215 out_sync=47987 total=52203} out_bytes_avg=7174400 n=7
[ax_runner_axcl] profile runner=0xffff88128ba0 devid=0 grpid=0 avg_us{in_sync=0 exec=5346 out_sync=35476 total=40824} out_bytes_avg=4838400 n=11
[ax_runner_axcl] profile runner=0xffff880c8990 devid=0 grpid=0 avg_us{in_sync=0 exec=2489 out_sync=28870 total=31361} out_bytes_avg=30800 n=13
[ax_runner_axcl] profile runner=0xffff88014ed0 devid=0 grpid=0 avg_us{in_sync=0 exec=2590 out_sync=33454 total=36047} out_bytes_avg=2822400 n=11
[ax_runner_axcl] profile runner=0xffff8811fda8 devid=0 grpid=0 avg_us{in_sync=0 exec=6551 out_sync=37611 total=44164} out_bytes_avg=2359296 n=7
[ax_runner_axcl] profile runner=0xffff8810fca0 devid=0 grpid=0 avg_us{in_sync=0 exec=4459 out_sync=36855 total=41317} out_bytes_avg=4838400 n=11
[ax_runner_axcl] profile runner=0xffff88128ba0 devid=0 grpid=0 avg_us{in_sync=0 exec=4595 out_sync=42467 total=47063} out_bytes_avg=4838400 n=10
{"channels":[{"decoded":842,"dropped":0,"encoded":841,"infer_fps":11.69933246065527,"inferred":832,"lr":0,"mux_errors":0,"name":"pcd","objects":10,"process_ms":69.76156800010358,"render_ms":4.426945000886917,"render_replaced":0,"rendered":842,"result_age":0.00955826899735257,"rl":0,"submit_errors":0},{"decoded":1752,"dropped":528,"encoded":1209,"infer_fps":10.499400926229088,"inferred":731,"lr":0,"mux_errors":0,"name":"vehicle","objects":6,"process_ms":122.28990199946566,"render_ms":4.13585899877944,"render_replaced":0,"rendered":1748,"result_age":0.026519375998759642,"rl":0,"submit_errors":0},{"decoded":2105,"dropped":879,"encoded":1216,"infer_fps":6.6996177338795135,"inferred":459,"lr":0,"mux_errors":0,"name":"seg","objects":3,"process_ms":173.29864199928124,"render_ms":7.271630001923768,"render_replaced":0,"rendered":2104,"result_age":0.0042076099998666905,"rl":0,"submit_errors":0},{"decoded":2099,"dropped":858,"encoded":1223,"infer_fps":10.599395220764604,"inferred":748,"lr":0,"mux_errors":0,"name":"driving","objects":2,"process_ms":103.80190900104935,"render_ms":7.206795999081805,"render_replaced":0,"rendered":2091,"result_age":0.06152509899766301,"rl":0,"submit_errors":0},{"decoded":1683,"dropped":457,"encoded":1217,"infer_fps":5.899663377595393,"inferred":432,"lr":0,"mux_errors":0,"name":"depth","objects":0,"process_ms":206.8921469981433,"render_ms":6.824209998740116,"render_replaced":0,"rendered":1682,"result_age":0.11933617400063667,"rl":0,"submit_errors":0},{"decoded":1688,"dropped":466,"encoded":1210,"infer_fps":10.299412337158058,"inferred":739,"lr":0,"mux_errors":0,"name":"count","objects":8,"process_ms":85.51783399889246,"render_ms":12.673288998485077,"render_replaced":0,"rendered":1688,"result_age":0.012257035999937216,"rl":6,"submit_errors":0}],"elapsed":70.10226592099934,"event":"stats","overview_dropped":871,"overview_encoded":1215,"overview_mux_errors":0}
[ax_runner_axcl] profile runner=0xffff8800eef8 devid=0 grpid=0 avg_us{in_sync=0 exec=2854 out_sync=48401 total=51257} out_bytes_avg=7174400 n=8
[ax_runner_axcl] profile runner=0xffff880c8990 devid=0 grpid=0 avg_us{in_sync=0 exec=1233 out_sync=32713 total=33949} out_bytes_avg=30800 n=12
[ax_runner_axcl] profile runner=0xffff88014ed0 devid=0 grpid=0 avg_us{in_sync=0 exec=2461 out_sync=39543 total=42007} out_bytes_avg=2822400 n=11
[ax_runner_axcl] profile runner=0xffff8811fda8 devid=0 grpid=0 avg_us{in_sync=0 exec=6579 out_sync=34813 total=41393} out_bytes_avg=2359296 n=6
[ax_runner_axcl] profile runner=0xffff8810fca0 devid=0 grpid=0 avg_us{in_sync=0 exec=4432 out_sync=39752 total=44186} out_bytes_avg=4838400 n=11
[ax_runner_axcl] profile runner=0xffff88128ba0 devid=0 grpid=0 avg_us{in_sync=0 exec=4236 out_sync=38439 total=42677} out_bytes_avg=4838400 n=11
[ax_runner_axcl] profile runner=0xffff880c8990 devid=0 grpid=0 avg_us{in_sync=0 exec=1751 out_sync=35123 total=36875} out_bytes_avg=30800 n=12
[ax_runner_axcl] profile runner=0xffff8800eef8 devid=0 grpid=0 avg_us{in_sync=0 exec=4599 out_sync=43588 total=48189} out_bytes_avg=7174400 n=8
[ax_runner_axcl] profile runner=0xffff88014ed0 devid=0 grpid=0 avg_us{in_sync=0 exec=2120 out_sync=37816 total=39939} out_bytes_avg=2822400 n=11
[ax_runner_axcl] profile runner=0xffff8811fda8 devid=0 grpid=0 avg_us{in_sync=0 exec=6640 out_sync=36158 total=42799} out_bytes_avg=2359296 n=6
[ax_runner_axcl] profile runner=0xffff8810fca0 devid=0 grpid=0 avg_us{in_sync=0 exec=4751 out_sync=38004 total=42757} out_bytes_avg=4838400 n=11
[ax_runner_axcl] profile runner=0xffff88128ba0 devid=0 grpid=0 avg_us{in_sync=0 exec=4471 out_sync=40619 total=45092} out_bytes_avg=4838400 n=11
[ax_runner_axcl] profile runner=0xffff8800eef8 devid=0 grpid=0 avg_us{in_sync=0 exec=4152 out_sync=44946 total=49099} out_bytes_avg=7174400 n=7
[ax_runner_axcl] profile runner=0xffff88014ed0 devid=0 grpid=0 avg_us{in_sync=0 exec=3147 out_sync=39375 total=42525} out_bytes_avg=2822400 n=10
[ax_runner_axcl] profile runner=0xffff880c8990 devid=0 grpid=0 avg_us{in_sync=0 exec=1278 out_sync=35894 total=37174} out_bytes_avg=30800 n=12
[ax_runner_axcl] profile runner=0xffff8811fda8 devid=0 grpid=0 avg_us{in_sync=0 exec=7206 out_sync=26519 total=33726} out_bytes_avg=2359296 n=7
[ax_runner_axcl] profile runner=0xffff88128ba0 devid=0 grpid=0 avg_us{in_sync=0 exec=4714 out_sync=32804 total=37521} out_bytes_avg=4838400 n=11
[ax_runner_axcl] profile runner=0xffff8810fca0 devid=0 grpid=0 avg_us{in_sync=0 exec=4781 out_sync=46338 total=51121} out_bytes_avg=4838400 n=11
[ax_runner_axcl] profile runner=0xffff88014ed0 devid=0 grpid=0 avg_us{in_sync=0 exec=2510 out_sync=31544 total=34057} out_bytes_avg=2822400 n=11
[ax_runner_axcl] profile runner=0xffff8800eef8 devid=0 grpid=0 avg_us{in_sync=0 exec=2879 out_sync=51955 total=54836} out_bytes_avg=7174400 n=7
[ax_runner_axcl] profile runner=0xffff880c8990 devid=0 grpid=0 avg_us{in_sync=0 exec=1149 out_sync=34171 total=35322} out_bytes_avg=30800 n=13
[ax_runner_axcl] profile runner=0xffff8811fda8 devid=0 grpid=0 avg_us{in_sync=0 exec=7380 out_sync=33274 total=40656} out_bytes_avg=2359296 n=7
[ax_runner_axcl] profile runner=0xffff88128ba0 devid=0 grpid=0 avg_us{in_sync=0 exec=4297 out_sync=37632 total=41930} out_bytes_avg=4838400 n=11
[ax_runner_axcl] profile runner=0xffff8810fca0 devid=0 grpid=0 avg_us{in_sync=0 exec=5324 out_sync=40624 total=45950} out_bytes_avg=4838400 n=11
[ax_runner_axcl] profile runner=0xffff8800eef8 devid=0 grpid=0 avg_us{in_sync=0 exec=3177 out_sync=43594 total=46772} out_bytes_avg=7174400 n=7
[ax_runner_axcl] profile runner=0xffff88014ed0 devid=0 grpid=0 avg_us{in_sync=0 exec=2412 out_sync=37450 total=39864} out_bytes_avg=2822400 n=11
[ax_runner_axcl] profile runner=0xffff880c8990 devid=0 grpid=0 avg_us{in_sync=0 exec=1117 out_sync=35924 total=37042} out_bytes_avg=30800 n=12
[ax_runner_axcl] profile runner=0xffff8811fda8 devid=0 grpid=0 avg_us{in_sync=0 exec=6788 out_sync=32083 total=38873} out_bytes_avg=2359296 n=7
[ax_runner_axcl] profile runner=0xffff8810fca0 devid=0 grpid=0 avg_us{in_sync=0 exec=4879 out_sync=43319 total=48200} out_bytes_avg=4838400 n=10
[ax_runner_axcl] profile runner=0xffff88128ba0 devid=0 grpid=0 avg_us{in_sync=0 exec=4518 out_sync=35445 total=39965} out_bytes_avg=4838400 n=11
[ax_runner_axcl] profile runner=0xffff88014ed0 devid=0 grpid=0 avg_us{in_sync=0 exec=3162 out_sync=28614 total=31777} out_bytes_avg=2822400 n=11
[ax_runner_axcl] profile runner=0xffff8800eef8 devid=0 grpid=0 avg_us{in_sync=0 exec=4015 out_sync=47483 total=51499} out_bytes_avg=7174400 n=7
[ax_runner_axcl] profile runner=0xffff880c8990 devid=0 grpid=0 avg_us{in_sync=0 exec=1544 out_sync=29709 total=31255} out_bytes_avg=30800 n=12
[ax_runner_axcl] profile runner=0xffff8811fda8 devid=0 grpid=0 avg_us{in_sync=0 exec=7020 out_sync=30227 total=37248} out_bytes_avg=2359296 n=7
{"event":"count_loop_reset","loop":6}
[ax_runner_axcl] profile runner=0xffff88128ba0 devid=0 grpid=0 avg_us{in_sync=0 exec=4572 out_sync=40216 total=44789} out_bytes_avg=4838400 n=10
[ax_runner_axcl] profile runner=0xffff8810fca0 devid=0 grpid=0 avg_us{in_sync=0 exec=4607 out_sync=36739 total=41350} out_bytes_avg=4838400 n=10
[ax_runner_axcl] profile runner=0xffff88014ed0 devid=0 grpid=0 avg_us{in_sync=0 exec=2286 out_sync=38343 total=40631} out_bytes_avg=2822400 n=10
[ax_runner_axcl] profile runner=0xffff8800eef8 devid=0 grpid=0 avg_us{in_sync=0 exec=2933 out_sync=47988 total=50923} out_bytes_avg=7174400 n=7
[ax_runner_axcl] profile runner=0xffff880c8990 devid=0 grpid=0 avg_us{in_sync=0 exec=1057 out_sync=34062 total=35120} out_bytes_avg=30800 n=12
[ax_runner_axcl] profile runner=0xffff8811fda8 devid=0 grpid=0 avg_us{in_sync=0 exec=6872 out_sync=32358 total=39231} out_bytes_avg=2359296 n=6
[ax_runner_axcl] profile runner=0xffff88128ba0 devid=0 grpid=0 avg_us{in_sync=0 exec=4861 out_sync=38135 total=42998} out_bytes_avg=4838400 n=11
[ax_runner_axcl] profile runner=0xffff8810fca0 devid=0 grpid=0 avg_us{in_sync=0 exec=4249 out_sync=38428 total=42679} out_bytes_avg=4838400 n=12
[ax_runner_axcl] profile runner=0xffff88014ed0 devid=0 grpid=0 avg_us{in_sync=0 exec=2262 out_sync=35891 total=38156} out_bytes_avg=2822400 n=11
[ax_runner_axcl] profile runner=0xffff8800eef8 devid=0 grpid=0 avg_us{in_sync=0 exec=3814 out_sync=50112 total=53928} out_bytes_avg=7174400 n=7
[ax_runner_axcl] profile runner=0xffff880c8990 devid=0 grpid=0 avg_us{in_sync=0 exec=1141 out_sync=43734 total=44876} out_bytes_avg=30800 n=13
[ax_runner_axcl] profile runner=0xffff8811fda8 devid=0 grpid=0 avg_us{in_sync=0 exec=6805 out_sync=28907 total=35715} out_bytes_avg=2359296 n=6
[ax_runner_axcl] profile runner=0xffff88128ba0 devid=0 grpid=0 avg_us{in_sync=0 exec=4777 out_sync=37356 total=42137} out_bytes_avg=4838400 n=11
[ax_runner_axcl] profile runner=0xffff8810fca0 devid=0 grpid=0 avg_us{in_sync=0 exec=5836 out_sync=39891 total=45729} out_bytes_avg=4838400 n=11
[ax_runner_axcl] profile runner=0xffff88014ed0 devid=0 grpid=0 avg_us{in_sync=0 exec=2130 out_sync=39692 total=41825} out_bytes_avg=2822400 n=10
{"direction":"right_to_left","event":"crossing","id":265,"lr":0,"rl":7}
[ax_runner_axcl] profile runner=0xffff8800eef8 devid=0 grpid=0 avg_us{in_sync=0 exec=2826 out_sync=44210 total=47038} out_bytes_avg=7174400 n=7
[ax_runner_axcl] profile runner=0xffff880c8990 devid=0 grpid=0 avg_us{in_sync=0 exec=1737 out_sync=37600 total=39338} out_bytes_avg=30800 n=12
[ax_runner_axcl] profile runner=0xffff8811fda8 devid=0 grpid=0 avg_us{in_sync=0 exec=6588 out_sync=32654 total=39244} out_bytes_avg=2359296 n=6
[ax_runner_axcl] profile runner=0xffff88128ba0 devid=0 grpid=0 avg_us{in_sync=0 exec=4823 out_sync=40596 total=45421} out_bytes_avg=4838400 n=11
[ax_runner_axcl] profile runner=0xffff8810fca0 devid=0 grpid=0 avg_us{in_sync=0 exec=4242 out_sync=35170 total=39414} out_bytes_avg=4838400 n=12
[ax_runner_axcl] profile runner=0xffff88014ed0 devid=0 grpid=0 avg_us{in_sync=0 exec=2260 out_sync=27665 total=29928} out_bytes_avg=2822400 n=11
[ax_runner_axcl] profile runner=0xffff8811fda8 devid=0 grpid=0 avg_us{in_sync=0 exec=6890 out_sync=32141 total=39033} out_bytes_avg=2359296 n=6
[ax_runner_axcl] profile runner=0xffff8800eef8 devid=0 grpid=0 avg_us{in_sync=0 exec=2814 out_sync=50672 total=53487} out_bytes_avg=7174400 n=7
[ax_runner_axcl] profile runner=0xffff880c8990 devid=0 grpid=0 avg_us{in_sync=0 exec=1212 out_sync=28815 total=30029} out_bytes_avg=30800 n=13
{"channels":[{"decoded":962,"dropped":0,"encoded":961,"infer_fps":11.562227323713964,"inferred":948,"lr":0,"mux_errors":0,"name":"pcd","objects":9,"process_ms":81.72526899943477,"render_ms":16.40985400081263,"render_replaced":0,"rendered":962,"result_age":0.06241060499814921,"rl":0,"submit_errors":0},{"decoded":2003,"dropped":607,"encoded":1378,"infer_fps":10.465809215430744,"inferred":836,"lr":0,"mux_errors":0,"name":"vehicle","objects":3,"process_ms":91.35470500041265,"render_ms":9.71547900189762,"render_replaced":0,"rendered":1996,"result_age":0.06742380400100956,"rl":0,"submit_errors":0},{"decoded":2406,"dropped":1012,"encoded":1382,"infer_fps":6.578508649699324,"inferred":525,"lr":0,"mux_errors":0,"name":"seg","objects":1,"process_ms":131.21937500181957,"render_ms":6.522291001601843,"render_replaced":0,"rendered":2406,"result_age":0.08637729800102534,"rl":0,"submit_errors":0},{"decoded":2400,"dropped":989,"encoded":1391,"infer_fps":10.266460468470157,"inferred":851,"lr":0,"mux_errors":0,"name":"driving","objects":0,"process_ms":93.32842599906144,"render_ms":4.11919299949659,"render_replaced":0,"rendered":2392,"result_age":0.05747090599834337,"rl":0,"submit_errors":0},{"decoded":1923,"dropped":531,"encoded":1384,"infer_fps":6.08013678229786,"inferred":493,"lr":0,"mux_errors":0,"name":"depth","objects":0,"process_ms":172.11738399782917,"render_ms":19.680584002344403,"render_replaced":0,"rendered":1923,"result_age":0.019246331001340877,"rl":0,"submit_errors":0},{"decoded":1929,"dropped":544,"encoded":1375,"infer_fps":10.36613484195045,"inferred":843,"lr":0,"mux_errors":0,"name":"count","objects":6,"process_ms":98.63033399960841,"render_ms":12.446662000002107,"render_replaced":0,"rendered":1929,"result_age":0.08299015200100257,"rl":7,"submit_errors":0}],"elapsed":80.13493495199873,"event":"stats","overview_dropped":1004,"overview_encoded":1383,"overview_mux_errors":0}
[ax_runner_axcl] profile runner=0xffff88128ba0 devid=0 grpid=0 avg_us{in_sync=0 exec=4282 out_sync=35452 total=39736} out_bytes_avg=4838400 n=11
[ax_runner_axcl] profile runner=0xffff8810fca0 devid=0 grpid=0 avg_us{in_sync=0 exec=4330 out_sync=40338 total=44669} out_bytes_avg=4838400 n=11
[ax_runner_axcl] profile runner=0xffff88014ed0 devid=0 grpid=0 avg_us{in_sync=0 exec=2119 out_sync=43485 total=45607} out_bytes_avg=2822400 n=11
[ax_runner_axcl] profile runner=0xffff8811fda8 devid=0 grpid=0 avg_us{in_sync=0 exec=6759 out_sync=31366 total=38126} out_bytes_avg=2359296 n=6
[ax_runner_axcl] profile runner=0xffff880c8990 devid=0 grpid=0 avg_us{in_sync=0 exec=1112 out_sync=31791 total=32905} out_bytes_avg=30800 n=12
[ax_runner_axcl] profile runner=0xffff8800eef8 devid=0 grpid=0 avg_us{in_sync=0 exec=3093 out_sync=46041 total=49136} out_bytes_avg=7174400 n=7
[ax_runner_axcl] profile runner=0xffff88128ba0 devid=0 grpid=0 avg_us{in_sync=0 exec=4236 out_sync=34347 total=38585} out_bytes_avg=4838400 n=11
[ax_runner_axcl] profile runner=0xffff8810fca0 devid=0 grpid=0 avg_us{in_sync=0 exec=4301 out_sync=39645 total=43948} out_bytes_avg=4838400 n=11
[ax_runner_axcl] profile runner=0xffff88014ed0 devid=0 grpid=0 avg_us{in_sync=0 exec=2703 out_sync=39265 total=41971} out_bytes_avg=2822400 n=12
[ax_runner_axcl] profile runner=0xffff880c8990 devid=0 grpid=0 avg_us{in_sync=0 exec=1420 out_sync=28896 total=30318} out_bytes_avg=30800 n=12
[ax_runner_axcl] profile runner=0xffff8811fda8 devid=0 grpid=0 avg_us{in_sync=0 exec=7278 out_sync=34249 total=41529} out_bytes_avg=2359296 n=7
[ax_runner_axcl] profile runner=0xffff8800eef8 devid=0 grpid=0 avg_us{in_sync=0 exec=4051 out_sync=46711 total=50763} out_bytes_avg=7174400 n=6
[ax_runner_axcl] profile runner=0xffff8810fca0 devid=0 grpid=0 avg_us{in_sync=0 exec=4550 out_sync=41879 total=46431} out_bytes_avg=4838400 n=11
[ax_runner_axcl] profile runner=0xffff88128ba0 devid=0 grpid=0 avg_us{in_sync=0 exec=4475 out_sync=33600 total=38078} out_bytes_avg=4838400 n=11
[ax_runner_axcl] profile runner=0xffff88014ed0 devid=0 grpid=0 avg_us{in_sync=0 exec=2490 out_sync=31124 total=33616} out_bytes_avg=2822400 n=11
[ax_runner_axcl] profile runner=0xffff880c8990 devid=0 grpid=0 avg_us{in_sync=0 exec=1182 out_sync=37457 total=38640} out_bytes_avg=30800 n=11
[ax_runner_axcl] profile runner=0xffff8811fda8 devid=0 grpid=0 avg_us{in_sync=0 exec=7289 out_sync=25769 total=33059} out_bytes_avg=2359296 n=7
[ax_runner_axcl] profile runner=0xffff8800eef8 devid=0 grpid=0 avg_us{in_sync=0 exec=2782 out_sync=52355 total=55138} out_bytes_avg=7174400 n=7
[ax_runner_axcl] profile runner=0xffff8810fca0 devid=0 grpid=0 avg_us{in_sync=0 exec=4233 out_sync=35714 total=39949} out_bytes_avg=4838400 n=11
[ax_runner_axcl] profile runner=0xffff88128ba0 devid=0 grpid=0 avg_us{in_sync=0 exec=4330 out_sync=37593 total=41925} out_bytes_avg=4838400 n=11
[ax_runner_axcl] profile runner=0xffff88014ed0 devid=0 grpid=0 avg_us{in_sync=0 exec=4278 out_sync=38857 total=43137} out_bytes_avg=2822400 n=11
[ax_runner_axcl] profile runner=0xffff880c8990 devid=0 grpid=0 avg_us{in_sync=0 exec=1738 out_sync=28935 total=30674} out_bytes_avg=30800 n=12
[ax_runner_axcl] profile runner=0xffff8811fda8 devid=0 grpid=0 avg_us{in_sync=0 exec=7107 out_sync=39966 total=47075} out_bytes_avg=2359296 n=7
[ax_runner_axcl] profile runner=0xffff8800eef8 devid=0 grpid=0 avg_us{in_sync=0 exec=3349 out_sync=50240 total=53591} out_bytes_avg=7174400 n=7
[ax_runner_axcl] profile runner=0xffff8810fca0 devid=0 grpid=0 avg_us{in_sync=0 exec=4653 out_sync=41820 total=46475} out_bytes_avg=4838400 n=11
[ax_runner_axcl] profile runner=0xffff88128ba0 devid=0 grpid=0 avg_us{in_sync=0 exec=4408 out_sync=35018 total=39428} out_bytes_avg=4838400 n=11
[ax_runner_axcl] profile runner=0xffff88014ed0 devid=0 grpid=0 avg_us{in_sync=0 exec=2780 out_sync=34657 total=37439} out_bytes_avg=2822400 n=11
[ax_runner_axcl] profile runner=0xffff880c8990 devid=0 grpid=0 avg_us{in_sync=0 exec=1025 out_sync=33329 total=34356} out_bytes_avg=30800 n=12
[ax_runner_axcl] profile runner=0xffff8811fda8 devid=0 grpid=0 avg_us{in_sync=0 exec=6762 out_sync=22719 total=29482} out_bytes_avg=2359296 n=7
[ax_runner_axcl] profile runner=0xffff8800eef8 devid=0 grpid=0 avg_us{in_sync=0 exec=3360 out_sync=48614 total=51975} out_bytes_avg=7174400 n=7
[ax_runner_axcl] profile runner=0xffff8810fca0 devid=0 grpid=0 avg_us{in_sync=0 exec=4380 out_sync=41304 total=45686} out_bytes_avg=4838400 n=11
[ax_runner_axcl] profile runner=0xffff88128ba0 devid=0 grpid=0 avg_us{in_sync=0 exec=4604 out_sync=35023 total=39629} out_bytes_avg=4838400 n=11
[ax_runner_axcl] profile runner=0xffff88014ed0 devid=0 grpid=0 avg_us{in_sync=0 exec=3480 out_sync=37983 total=41465} out_bytes_avg=2822400 n=11
[ax_runner_axcl] profile runner=0xffff880c8990 devid=0 grpid=0 avg_us{in_sync=0 exec=1658 out_sync=30387 total=32047} out_bytes_avg=30800 n=12
[ax_runner_axcl] profile runner=0xffff8811fda8 devid=0 grpid=0 avg_us{in_sync=0 exec=6676 out_sync=27517 total=34194} out_bytes_avg=2359296 n=7
[ax_runner_axcl] profile runner=0xffff8800eef8 devid=0 grpid=0 avg_us{in_sync=0 exec=3520 out_sync=48675 total=52196} out_bytes_avg=7174400 n=7
[ax_runner_axcl] profile runner=0xffff8810fca0 devid=0 grpid=0 avg_us{in_sync=0 exec=4250 out_sync=38189 total=42442} out_bytes_avg=4838400 n=11
[ax_runner_axcl] profile runner=0xffff88128ba0 devid=0 grpid=0 avg_us{in_sync=0 exec=5076 out_sync=37223 total=42301} out_bytes_avg=4838400 n=11
[ax_runner_axcl] profile runner=0xffff88014ed0 devid=0 grpid=0 avg_us{in_sync=0 exec=2349 out_sync=36235 total=38586} out_bytes_avg=2822400 n=11
[ax_runner_axcl] profile runner=0xffff880c8990 devid=0 grpid=0 avg_us{in_sync=0 exec=1206 out_sync=40648 total=41855} out_bytes_avg=30800 n=11
[ax_runner_axcl] profile runner=0xffff8811fda8 devid=0 grpid=0 avg_us{in_sync=0 exec=6804 out_sync=24450 total=31254} out_bytes_avg=2359296 n=7
[ax_runner_axcl] profile runner=0xffff8800eef8 devid=0 grpid=0 avg_us{in_sync=0 exec=3170 out_sync=39518 total=42689} out_bytes_avg=7174400 n=7
