[ax_runner_axcl] profile runner=0xffffb401a478 devid=0 grpid=0 avg_us{in_sync=0 exec=6598 out_sync=13534 total=20133} out_bytes_avg=2359296 n=11
[ax_runner_axcl] profile runner=0xffffb41e96c0 devid=0 grpid=0 avg_us{in_sync=0 exec=4174 out_sync=74617 total=78793} out_bytes_avg=4838400 n=10
[ax_runner_axcl] profile runner=0xffffb41498f0 devid=0 grpid=0 avg_us{in_sync=0 exec=2181 out_sync=71092 total=73276} out_bytes_avg=2822400 n=10
[ax_runner_axcl] profile runner=0xffffb410e2f0 devid=0 grpid=0 avg_us{in_sync=0 exec=4246 out_sync=71876 total=76124} out_bytes_avg=4838400 n=10
[2026-09-16T18:42:45.219] [INFO] [T:281467281927872] RTSP OPTIONS rtsp://127.0.0.1:8554/overview
[2026-09-16T18:42:45.221] [INFO] [T:281467281927872] RTSP DESCRIBE rtsp://127.0.0.1:8554/overview
[2026-09-16T18:42:45.222] [INFO] [T:281467281927872] RTSP SETUP rtsp://127.0.0.1:8554/overview/stream
[2026-09-16T18:42:45.224] [INFO] [T:281467281927872] RTSP PLAY rtsp://127.0.0.1:8554/overview/
[ax_runner_axcl] profile runner=0xffffb400d388 devid=0 grpid=0 avg_us{in_sync=0 exec=3199 out_sync=104616 total=107817} out_bytes_avg=7174400 n=6
[ax_runner_axcl] profile runner=0xffffb40c8990 devid=0 grpid=0 avg_us{in_sync=0 exec=1046 out_sync=19583 total=20631} out_bytes_avg=30800 n=13
[ax_runner_axcl] profile runner=0xffffb401a478 devid=0 grpid=0 avg_us{in_sync=0 exec=6662 out_sync=16818 total=23481} out_bytes_avg=2359296 n=11
[ax_runner_axcl] profile runner=0xffffb41e96c0 devid=0 grpid=0 avg_us{in_sync=0 exec=4327 out_sync=65398 total=69727} out_bytes_avg=4838400 n=11
[ax_runner_axcl] profile runner=0xffffb410e2f0 devid=0 grpid=0 avg_us{in_sync=0 exec=4230 out_sync=65890 total=70123} out_bytes_avg=4838400 n=11
[ax_runner_axcl] profile runner=0xffffb41498f0 devid=0 grpid=0 avg_us{in_sync=0 exec=2377 out_sync=66261 total=68641} out_bytes_avg=2822400 n=11
{"channels":[{"decoded":121,"dropped":0,"encoded":120,"infer_fps":12.096151091813493,"inferred":121,"lr":0,"mux_errors":0,"name":"pcd","objects":2,"process_ms":63.9146140019875,"render_ms":4.435694998392137,"render_replaced":0,"rendered":121,"result_age":0.04764597000030335,"rl":0,"submit_errors":0},{"decoded":249,"dropped":0,"encoded":247,"infer_fps":9.297041748253346,"inferred":93,"lr":0,"mux_errors":0,"name":"vehicle","objects":6,"process_ms":111.58041700036847,"render_ms":6.803043001127662,"render_replaced":0,"rendered":249,"result_age":0.005390034002630273,"rl":0,"submit_errors":0},{"decoded":301,"dropped":0,"encoded":300,"infer_fps":5.3982823054374265,"inferred":54,"lr":0,"mux_errors":0,"name":"seg","objects":4,"process_ms":138.15054400038207,"render_ms":8.692721999977948,"render_replaced":0,"rendered":301,"result_age":0.03974070999902324,"rl":0,"submit_errors":0},{"decoded":300,"dropped":0,"encoded":296,"infer_fps":9.496978129936213,"inferred":95,"lr":0,"mux_errors":0,"name":"driving","objects":2,"process_ms":105.07779199906508,"render_ms":5.7447029976174235,"render_replaced":0,"rendered":299,"result_age":0.10793181099870708,"rl":0,"submit_errors":0},{"decoded":241,"dropped":0,"encoded":240,"infer_fps":10.296723656667684,"inferred":103,"lr":0,"mux_errors":0,"name":"depth","objects":0,"process_ms":80.90184699904057,"render_ms":12.010618000203976,"render_replaced":0,"rendered":240,"result_age":0.06449228400015272,"rl":0,"submit_errors":0},{"decoded":241,"dropped":0,"encoded":240,"infer_fps":9.496978129936213,"inferred":95,"lr":0,"mux_errors":0,"name":"count","objects":7,"process_ms":102.95036200113827,"render_ms":4.317734998039668,"render_replaced":0,"rendered":241,"result_age":0.11299780099943746,"rl":1,"submit_errors":0}],"elapsed":10.00318192800114,"event":"stats","overview_dropped":0,"overview_encoded":293,"overview_mux_errors":0}
[ax_runner_axcl] profile runner=0xffffb400d388 devid=0 grpid=0 avg_us{in_sync=0 exec=2792 out_sync=92987 total=95780} out_bytes_avg=7174400 n=7
[ax_runner_axcl] profile runner=0xffffb401a478 devid=0 grpid=0 avg_us{in_sync=0 exec=6649 out_sync=14753 total=21403} out_bytes_avg=2359296 n=11
[ax_runner_axcl] profile runner=0xffffb40c8990 devid=0 grpid=0 avg_us{in_sync=0 exec=1392 out_sync=21884 total=23278} out_bytes_avg=30800 n=13
[ax_runner_axcl] profile runner=0xffffb41e96c0 devid=0 grpid=0 avg_us{in_sync=0 exec=4814 out_sync=70784 total=75600} out_bytes_avg=4838400 n=10
[ax_runner_axcl] profile runner=0xffffb41498f0 devid=0 grpid=0 avg_us{in_sync=0 exec=2428 out_sync=69123 total=71554} out_bytes_avg=2822400 n=10
[ax_runner_axcl] profile runner=0xffffb410e2f0 devid=0 grpid=0 avg_us{in_sync=0 exec=4310 out_sync=71033 total=75345} out_bytes_avg=4838400 n=10
[ax_runner_axcl] profile runner=0xffffb400d388 devid=0 grpid=0 avg_us{in_sync=0 exec=3160 out_sync=89418 total=92580} out_bytes_avg=7174400 n=7
[ax_runner_axcl] profile runner=0xffffb401a478 devid=0 grpid=0 avg_us{in_sync=0 exec=8029 out_sync=14304 total=22334} out_bytes_avg=2359296 n=11
[ax_runner_axcl] profile runner=0xffffb40c8990 devid=0 grpid=0 avg_us{in_sync=0 exec=988 out_sync=15856 total=16847} out_bytes_avg=30800 n=13
[ax_runner_axcl] profile runner=0xffffb41e96c0 devid=0 grpid=0 avg_us{in_sync=0 exec=4741 out_sync=79322 total=84064} out_bytes_avg=4838400 n=9
[ax_runner_axcl] profile runner=0xffffb41498f0 devid=0 grpid=0 avg_us{in_sync=0 exec=2613 out_sync=80065 total=82680} out_bytes_avg=2822400 n=9
[ax_runner_axcl] profile runner=0xffffb410e2f0 devid=0 grpid=0 avg_us{in_sync=0 exec=4531 out_sync=85435 total=89968} out_bytes_avg=4838400 n=9
[ax_runner_axcl] profile runner=0xffffb400d388 devid=0 grpid=0 avg_us{in_sync=0 exec=4614 out_sync=167154 total=171770} out_bytes_avg=7174400 n=4
[ax_runner_axcl] profile runner=0xffffb401a478 devid=0 grpid=0 avg_us{in_sync=0 exec=6960 out_sync=21650 total=28613} out_bytes_avg=2359296 n=7
[ax_runner_axcl] profile runner=0xffffb40c8990 devid=0 grpid=0 avg_us{in_sync=0 exec=1699 out_sync=27513 total=29213} out_bytes_avg=30800 n=12
[ax_runner_axcl] profile runner=0xffffb41e96c0 devid=0 grpid=0 avg_us{in_sync=0 exec=4954 out_sync=102550 total=107506} out_bytes_avg=4838400 n=7
{"event":"count_loop_reset","loop":1}
[ax_runner_axcl] profile runner=0xffffb410e2f0 devid=0 grpid=0 avg_us{in_sync=0 exec=5873 out_sync=87774 total=93656} out_bytes_avg=4838400 n=8
[ax_runner_axcl] profile runner=0xffffb41498f0 devid=0 grpid=0 avg_us{in_sync=0 exec=2489 out_sync=80189 total=82681} out_bytes_avg=2822400 n=9
[ax_runner_axcl] profile runner=0xffffb400d388 devid=0 grpid=0 avg_us{in_sync=0 exec=3721 out_sync=108655 total=112377} out_bytes_avg=7174400 n=5
[ax_runner_axcl] profile runner=0xffffb401a478 devid=0 grpid=0 avg_us{in_sync=0 exec=6777 out_sync=15319 total=22098} out_bytes_avg=2359296 n=11
[ax_runner_axcl] profile runner=0xffffb40c8990 devid=0 grpid=0 avg_us{in_sync=0 exec=1686 out_sync=18811 total=20499} out_bytes_avg=30800 n=13
[ax_runner_axcl] profile runner=0xffffb41e96c0 devid=0 grpid=0 avg_us{in_sync=0 exec=4231 out_sync=67935 total=72168} out_bytes_avg=4838400 n=10
[ax_runner_axcl] profile runner=0xffffb41498f0 devid=0 grpid=0 avg_us{in_sync=0 exec=2303 out_sync=67958 total=70263} out_bytes_avg=2822400 n=10
[ax_runner_axcl] profile runner=0xffffb410e2f0 devid=0 grpid=0 avg_us{in_sync=0 exec=4594 out_sync=66815 total=71411} out_bytes_avg=4838400 n=11
[ax_runner_axcl] profile runner=0xffffb400d388 devid=0 grpid=0 avg_us{in_sync=0 exec=3024 out_sync=115656 total=118682} out_bytes_avg=7174400 n=5
[ax_runner_axcl] profile runner=0xffffb401a478 devid=0 grpid=0 avg_us{in_sync=0 exec=6608 out_sync=14996 total=21606} out_bytes_avg=2359296 n=11
[ax_runner_axcl] profile runner=0xffffb40c8990 devid=0 grpid=0 avg_us{in_sync=0 exec=1534 out_sync=23175 total=24711} out_bytes_avg=30800 n=12
[ax_runner_axcl] profile runner=0xffffb41e96c0 devid=0 grpid=0 avg_us{in_sync=0 exec=4284 out_sync=67825 total=72111} out_bytes_avg=4838400 n=10
[ax_runner_axcl] profile runner=0xffffb41498f0 devid=0 grpid=0 avg_us{in_sync=0 exec=2713 out_sync=75421 total=78137} out_bytes_avg=2822400 n=9
[ax_runner_axcl] profile runner=0xffffb410e2f0 devid=0 grpid=0 avg_us{in_sync=0 exec=4664 out_sync=82457 total=87123} out_bytes_avg=4838400 n=9
{"direction":"right_to_left","event":"crossing","id":66,"lr":0,"rl":2}
[ax_runner_axcl] profile runner=0xffffb400d388 devid=0 grpid=0 avg_us{in_sync=0 exec=2874 out_sync=87864 total=90740} out_bytes_avg=7174400 n=7
[ax_runner_axcl] profile runner=0xffffb401a478 devid=0 grpid=0 avg_us{in_sync=0 exec=6837 out_sync=14216 total=21055} out_bytes_avg=2359296 n=11
[ax_runner_axcl] profile runner=0xffffb40c8990 devid=0 grpid=0 avg_us{in_sync=0 exec=1358 out_sync=16603 total=17964} out_bytes_avg=30800 n=13
[ax_runner_axcl] profile runner=0xffffb41e96c0 devid=0 grpid=0 avg_us{in_sync=0 exec=5159 out_sync=65807 total=70967} out_bytes_avg=4838400 n=10
[ax_runner_axcl] profile runner=0xffffb410e2f0 devid=0 grpid=0 avg_us{in_sync=0 exec=4610 out_sync=72973 total=77586} out_bytes_avg=4838400 n=9
[ax_runner_axcl] profile runner=0xffffb41498f0 devid=0 grpid=0 avg_us{in_sync=0 exec=2533 out_sync=62988 total=65524} out_bytes_avg=2822400 n=10
[ax_runner_axcl] profile runner=0xffffb400d388 devid=0 grpid=0 avg_us{in_sync=0 exec=3103 out_sync=118903 total=122008} out_bytes_avg=7174400 n=5
[ax_runner_axcl] profile runner=0xffffb401a478 devid=0 grpid=0 avg_us{in_sync=0 exec=6580 out_sync=12850 total=19431} out_bytes_avg=2359296 n=11
[ax_runner_axcl] profile runner=0xffffb40c8990 devid=0 grpid=0 avg_us{in_sync=0 exec=1804 out_sync=20198 total=22005} out_bytes_avg=30800 n=12
[ax_runner_axcl] profile runner=0xffffb41e96c0 devid=0 grpid=0 avg_us{in_sync=0 exec=5120 out_sync=72549 total=77671} out_bytes_avg=4838400 n=10
[ax_runner_axcl] profile runner=0xffffb410e2f0 devid=0 grpid=0 avg_us{in_sync=0 exec=4463 out_sync=65975 total=70440} out_bytes_avg=4838400 n=11
[ax_runner_axcl] profile runner=0xffffb41498f0 devid=0 grpid=0 avg_us{in_sync=0 exec=2298 out_sync=58541 total=60842} out_bytes_avg=2822400 n=11
[ax_runner_axcl] profile runner=0xffffb400d388 devid=0 grpid=0 avg_us{in_sync=0 exec=3041 out_sync=90850 total=93892} out_bytes_avg=7174400 n=6
[ax_runner_axcl] profile runner=0xffffb401a478 devid=0 grpid=0 avg_us{in_sync=0 exec=6811 out_sync=15852 total=22664} out_bytes_avg=2359296 n=11
[ax_runner_axcl] profile runner=0xffffb40c8990 devid=0 grpid=0 avg_us{in_sync=0 exec=1823 out_sync=16639 total=18463} out_bytes_avg=30800 n=13
[ax_runner_axcl] profile runner=0xffffb41e96c0 devid=0 grpid=0 avg_us{in_sync=0 exec=4292 out_sync=67249 total=71544} out_bytes_avg=4838400 n=10
[ax_runner_axcl] profile runner=0xffffb41498f0 devid=0 grpid=0 avg_us{in_sync=0 exec=3143 out_sync=69110 total=72256} out_bytes_avg=2822400 n=10
[ax_runner_axcl] profile runner=0xffffb410e2f0 devid=0 grpid=0 avg_us{in_sync=0 exec=5027 out_sync=73778 total=78807} out_bytes_avg=4838400 n=10
[ax_runner_axcl] profile runner=0xffffb401a478 devid=0 grpid=0 avg_us{in_sync=0 exec=6666 out_sync=13535 total=20203} out_bytes_avg=2359296 n=10
[ax_runner_axcl] profile runner=0xffffb40c8990 devid=0 grpid=0 avg_us{in_sync=0 exec=1071 out_sync=20016 total=21089} out_bytes_avg=30800 n=12
[ax_runner_axcl] profile runner=0xffffb400d388 devid=0 grpid=0 avg_us{in_sync=0 exec=2803 out_sync=93747 total=96551} out_bytes_avg=7174400 n=7
[ax_runner_axcl] profile runner=0xffffb41e96c0 devid=0 grpid=0 avg_us{in_sync=0 exec=4557 out_sync=68668 total=73227} out_bytes_avg=4838400 n=10
[ax_runner_axcl] profile runner=0xffffb41498f0 devid=0 grpid=0 avg_us{in_sync=0 exec=2494 out_sync=67988 total=70484} out_bytes_avg=2822400 n=10
[ax_runner_axcl] profile runner=0xffffb410e2f0 devid=0 grpid=0 avg_us{in_sync=0 exec=4556 out_sync=72823 total=77381} out_bytes_avg=4838400 n=10
[ax_runner_axcl] profile runner=0xffffb401a478 devid=0 grpid=0 avg_us{in_sync=0 exec=6798 out_sync=15250 total=22049} out_bytes_avg=2359296 n=11
[ax_runner_axcl] profile runner=0xffffb40c8990 devid=0 grpid=0 avg_us{in_sync=0 exec=1262 out_sync=17419 total=18682} out_bytes_avg=30800 n=13
[ax_runner_axcl] profile runner=0xffffb400d388 devid=0 grpid=0 avg_us{in_sync=0 exec=4021 out_sync=106205 total=110234} out_bytes_avg=7174400 n=5
{"channels":[{"decoded":241,"dropped":0,"encoded":240,"infer_fps":11.899619469211338,"inferred":240,"lr":0,"mux_errors":0,"name":"pcd","objects":1,"process_ms":56.61723500088556,"render_ms":5.894495003303746,"render_replaced":0,"rendered":241,"result_age":0.04616150099900551,"rl":0,"submit_errors":0},{"decoded":499,"dropped":0,"encoded":496,"infer_fps":9.099709005867494,"inferred":184,"lr":0,"mux_errors":0,"name":"vehicle","objects":3,"process_ms":92.44812900215038,"render_ms":5.938080001214985,"render_replaced":0,"rendered":498,"result_age":0.03549489200304379,"rl":0,"submit_errors":0},{"decoded":601,"dropped":0,"encoded":600,"infer_fps":5.299830519900848,"inferred":107,"lr":0,"mux_errors":0,"name":"seg","objects":5,"process_ms":178.31183999805944,"render_ms":11.872949999087723,"render_replaced":0,"rendered":601,"result_age":0.06634917100018356,"rl":0,"submit_errors":0},{"decoded":596,"dropped":0,"encoded":596,"infer_fps":9.299702610392053,"inferred":188,"lr":0,"mux_errors":0,"name":"driving","objects":1,"process_ms":103.91828499996336,"render_ms":5.3979090007487684,"render_replaced":0,"rendered":596,"result_age":0.010271397997712484,"rl":0,"submit_errors":0},{"decoded":480,"dropped":0,"encoded":479,"infer_fps":10.099677028490296,"inferred":204,"lr":0,"mux_errors":0,"name":"depth","objects":0,"process_ms":93.70330399906379,"render_ms":9.479060001467587,"render_replaced":0,"rendered":480,"result_age":0.054623680000077,"rl":0,"submit_errors":0},{"decoded":482,"dropped":0,"encoded":481,"infer_fps":9.099709005867494,"inferred":186,"lr":0,"mux_errors":0,"name":"count","objects":7,"process_ms":97.37178499926813,"render_ms":8.063592998951208,"render_replaced":0,"rendered":481,"result_age":0.02018375299667241,"rl":2,"submit_errors":0}],"elapsed":20.00350171199898,"event":"stats","overview_dropped":0,"overview_encoded":594,"overview_mux_errors":0}
[ax_runner_axcl] profile runner=0xffffb41e96c0 devid=0 grpid=0 avg_us{in_sync=0 exec=4774 out_sync=65902 total=70678} out_bytes_avg=4838400 n=10
[ax_runner_axcl] profile runner=0xffffb41498f0 devid=0 grpid=0 avg_us{in_sync=0 exec=2287 out_sync=62000 total=64290} out_bytes_avg=2822400 n=10
[ax_runner_axcl] profile runner=0xffffb410e2f0 devid=0 grpid=0 avg_us{in_sync=0 exec=4799 out_sync=63362 total=68163} out_bytes_avg=4838400 n=11
[ax_runner_axcl] profile runner=0xffffb401a478 devid=0 grpid=0 avg_us{in_sync=0 exec=6692 out_sync=15259 total=21963} out_bytes_avg=2359296 n=10
[ax_runner_axcl] profile runner=0xffffb40c8990 devid=0 grpid=0 avg_us{in_sync=0 exec=1742 out_sync=16989 total=18733} out_bytes_avg=30800 n=12
[ax_runner_axcl] profile runner=0xffffb400d388 devid=0 grpid=0 avg_us{in_sync=0 exec=2801 out_sync=104782 total=107585} out_bytes_avg=7174400 n=6
[ax_runner_axcl] profile runner=0xffffb41e96c0 devid=0 grpid=0 avg_us{in_sync=0 exec=4307 out_sync=72037 total=76346} out_bytes_avg=4838400 n=9
[ax_runner_axcl] profile runner=0xffffb41498f0 devid=0 grpid=0 avg_us{in_sync=0 exec=2131 out_sync=67023 total=69158} out_bytes_avg=2822400 n=10
[ax_runner_axcl] profile runner=0xffffb410e2f0 devid=0 grpid=0 avg_us{in_sync=0 exec=5159 out_sync=69642 total=74803} out_bytes_avg=4838400 n=10
[ax_runner_axcl] profile runner=0xffffb401a478 devid=0 grpid=0 avg_us{in_sync=0 exec=6640 out_sync=12570 total=19212} out_bytes_avg=2359296 n=11
[ax_runner_axcl] profile runner=0xffffb40c8990 devid=0 grpid=0 avg_us{in_sync=0 exec=1362 out_sync=17069 total=18433} out_bytes_avg=30800 n=13
[ax_runner_axcl] profile runner=0xffffb41e96c0 devid=0 grpid=0 avg_us{in_sync=0 exec=4419 out_sync=69108 total=73528} out_bytes_avg=4838400 n=10
[ax_runner_axcl] profile runner=0xffffb400d388 devid=0 grpid=0 avg_us{in_sync=0 exec=2801 out_sync=97758 total=100562} out_bytes_avg=7174400 n=7
[ax_runner_axcl] profile runner=0xffffb41498f0 devid=0 grpid=0 avg_us{in_sync=0 exec=2165 out_sync=62082 total=64249} out_bytes_avg=2822400 n=11
[ax_runner_axcl] profile runner=0xffffb410e2f0 devid=0 grpid=0 avg_us{in_sync=0 exec=4741 out_sync=70554 total=75297} out_bytes_avg=4838400 n=10
[ax_runner_axcl] profile runner=0xffffb401a478 devid=0 grpid=0 avg_us{in_sync=0 exec=6648 out_sync=14582 total=21231} out_bytes_avg=2359296 n=11
[ax_runner_axcl] profile runner=0xffffb40c8990 devid=0 grpid=0 avg_us{in_sync=0 exec=1133 out_sync=18197 total=19332} out_bytes_avg=30800 n=13
[ax_runner_axcl] profile runner=0xffffb41e96c0 devid=0 grpid=0 avg_us{in_sync=0 exec=4467 out_sync=69364 total=73834} out_bytes_avg=4838400 n=10
[ax_runner_axcl] profile runner=0xffffb400d388 devid=0 grpid=0 avg_us{in_sync=0 exec=3096 out_sync=100104 total=103202} out_bytes_avg=7174400 n=6
[ax_runner_axcl] profile runner=0xffffb41498f0 devid=0 grpid=0 avg_us{in_sync=0 exec=2412 out_sync=64343 total=66758} out_bytes_avg=2822400 n=10
[ax_runner_axcl] profile runner=0xffffb410e2f0 devid=0 grpid=0 avg_us{in_sync=0 exec=4920 out_sync=68787 total=73709} out_bytes_avg=4838400 n=10
[ax_runner_axcl] profile runner=0xffffb401a478 devid=0 grpid=0 avg_us{in_sync=0 exec=6669 out_sync=14119 total=20791} out_bytes_avg=2359296 n=11
[ax_runner_axcl] profile runner=0xffffb40c8990 devid=0 grpid=0 avg_us{in_sync=0 exec=1802 out_sync=18494 total=20298} out_bytes_avg=30800 n=12
[ax_runner_axcl] profile runner=0xffffb41e96c0 devid=0 grpid=0 avg_us{in_sync=0 exec=4736 out_sync=68684 total=73423} out_bytes_avg=4838400 n=10
[ax_runner_axcl] profile runner=0xffffb400d388 devid=0 grpid=0 avg_us{in_sync=0 exec=3185 out_sync=110012 total=113199} out_bytes_avg=7174400 n=6
[ax_runner_axcl] profile runner=0xffffb41498f0 devid=0 grpid=0 avg_us{in_sync=0 exec=2644 out_sync=70141 total=72788} out_bytes_avg=2822400 n=10
[ax_runner_axcl] profile runner=0xffffb410e2f0 devid=0 grpid=0 avg_us{in_sync=0 exec=4761 out_sync=72018 total=76782} out_bytes_avg=4838400 n=11
[ax_runner_axcl] profile runner=0xffffb401a478 devid=0 grpid=0 avg_us{in_sync=0 exec=6812 out_sync=18273 total=25087} out_bytes_avg=2359296 n=10
[ax_runner_axcl] profile runner=0xffffb40c8990 devid=0 grpid=0 avg_us{in_sync=0 exec=1556 out_sync=19575 total=21133} out_bytes_avg=30800 n=13
[ax_runner_axcl] profile runner=0xffffb41e96c0 devid=0 grpid=0 avg_us{in_sync=0 exec=4455 out_sync=67351 total=71808} out_bytes_avg=4838400 n=10
{"event":"count_loop_reset","loop":2}
[ax_runner_axcl] profile runner=0xffffb400d388 devid=0 grpid=0 avg_us{in_sync=0 exec=2759 out_sync=99498 total=102259} out_bytes_avg=7174400 n=6
[ax_runner_axcl] profile runner=0xffffb41498f0 devid=0 grpid=0 avg_us{in_sync=0 exec=2203 out_sync=66233 total=68439} out_bytes_avg=2822400 n=10
[ax_runner_axcl] profile runner=0xffffb410e2f0 devid=0 grpid=0 avg_us{in_sync=0 exec=4582 out_sync=69856 total=74441} out_bytes_avg=4838400 n=10
[ax_runner_axcl] profile runner=0xffffb401a478 devid=0 grpid=0 avg_us{in_sync=0 exec=7037 out_sync=13163 total=20201} out_bytes_avg=2359296 n=12
[ax_runner_axcl] profile runner=0xffffb40c8990 devid=0 grpid=0 avg_us{in_sync=0 exec=1673 out_sync=21031 total=22706} out_bytes_avg=30800 n=12
[ax_runner_axcl] profile runner=0xffffb41e96c0 devid=0 grpid=0 avg_us{in_sync=0 exec=4657 out_sync=72838 total=77497} out_bytes_avg=4838400 n=10
[ax_runner_axcl] profile runner=0xffffb41498f0 devid=0 grpid=0 avg_us{in_sync=0 exec=2545 out_sync=62737 total=65285} out_bytes_avg=2822400 n=10
[ax_runner_axcl] profile runner=0xffffb400d388 devid=0 grpid=0 avg_us{in_sync=0 exec=2830 out_sync=102148 total=104980} out_bytes_avg=7174400 n=6
[ax_runner_axcl] profile runner=0xffffb410e2f0 devid=0 grpid=0 avg_us{in_sync=0 exec=5591 out_sync=70810 total=76402} out_bytes_avg=4838400 n=10
[ax_runner_axcl] profile runner=0xffffb401a478 devid=0 grpid=0 avg_us{in_sync=0 exec=7151 out_sync=15054 total=22207} out_bytes_avg=2359296 n=11
[ax_runner_axcl] profile runner=0xffffb40c8990 devid=0 grpid=0 avg_us{in_sync=0 exec=2197 out_sync=24836 total=27035} out_bytes_avg=30800 n=13
[ax_runner_axcl] profile runner=0xffffb41e96c0 devid=0 grpid=0 avg_us{in_sync=0 exec=4328 out_sync=68956 total=73286} out_bytes_avg=4838400 n=10
[ax_runner_axcl] profile runner=0xffffb41498f0 devid=0 grpid=0 avg_us{in_sync=0 exec=2612 out_sync=70990 total=73605} out_bytes_avg=2822400 n=10
[ax_runner_axcl] profile runner=0xffffb400d388 devid=0 grpid=0 avg_us{in_sync=0 exec=2897 out_sync=100885 total=103784} out_bytes_avg=7174400 n=6
[ax_runner_axcl] profile runner=0xffffb410e2f0 devid=0 grpid=0 avg_us{in_sync=0 exec=5686 out_sync=63393 total=69080} out_bytes_avg=4838400 n=11
[ax_runner_axcl] profile runner=0xffffb401a478 devid=0 grpid=0 avg_us{in_sync=0 exec=6532 out_sync=14576 total=21109} out_bytes_avg=2359296 n=11
{"direction":"right_to_left","event":"crossing","id":86,"lr":0,"rl":3}
[ax_runner_axcl] profile runner=0xffffb40c8990 devid=0 grpid=0 avg_us{in_sync=0 exec=1359 out_sync=19306 total=20668} out_bytes_avg=30800 n=12
[ax_runner_axcl] profile runner=0xffffb41e96c0 devid=0 grpid=0 avg_us{in_sync=0 exec=4332 out_sync=66187 total=70521} out_bytes_avg=4838400 n=10
[ax_runner_axcl] profile runner=0xffffb41498f0 devid=0 grpid=0 avg_us{in_sync=0 exec=2192 out_sync=66931 total=69126} out_bytes_avg=2822400 n=10
[ax_runner_axcl] profile runner=0xffffb400d388 devid=0 grpid=0 avg_us{in_sync=0 exec=3015 out_sync=104439 total=107456} out_bytes_avg=7174400 n=6
[ax_runner_axcl] profile runner=0xffffb410e2f0 devid=0 grpid=0 avg_us{in_sync=0 exec=4329 out_sync=75113 total=79444} out_bytes_avg=4838400 n=10
[ax_runner_axcl] profile runner=0xffffb401a478 devid=0 grpid=0 avg_us{in_sync=0 exec=7338 out_sync=13169 total=20508} out_bytes_avg=2359296 n=10
[ax_runner_axcl] profile runner=0xffffb40c8990 devid=0 grpid=0 avg_us{in_sync=0 exec=1202 out_sync=21035 total=22239} out_bytes_avg=30800 n=13
[ax_runner_axcl] profile runner=0xffffb41e96c0 devid=0 grpid=0 avg_us{in_sync=0 exec=4266 out_sync=64323 total=68592} out_bytes_avg=4838400 n=10
[ax_runner_axcl] profile runner=0xffffb41498f0 devid=0 grpid=0 avg_us{in_sync=0 exec=2157 out_sync=70951 total=73112} out_bytes_avg=2822400 n=10
[ax_runner_axcl] profile runner=0xffffb410e2f0 devid=0 grpid=0 avg_us{in_sync=0 exec=4912 out_sync=71951 total=76865} out_bytes_avg=4838400 n=10
[ax_runner_axcl] profile runner=0xffffb400d388 devid=0 grpid=0 avg_us{in_sync=0 exec=3604 out_sync=99993 total=103598} out_bytes_avg=7174400 n=7
{"channels":[{"decoded":361,"dropped":0,"encoded":360,"infer_fps":11.999011535825025,"inferred":360,"lr":0,"mux_errors":0,"name":"pcd","objects":2,"process_ms":64.31828399945516,"render_ms":18.980163000378525,"render_replaced":0,"rendered":361,"result_age":0.04227501800050959,"rl":0,"submit_errors":0},{"decoded":750,"dropped":0,"encoded":747,"infer_fps":9.69920099145856,"inferred":281,"lr":0,"mux_errors":0,"name":"vehicle","objects":1,"process_ms":108.04668600030709,"render_ms":12.617164000403136,"render_replaced":0,"rendered":749,"result_age":0.018875036999816075,"rl":0,"submit_errors":0},{"decoded":901,"dropped":0,"encoded":900,"infer_fps":5.599538716718345,"inferred":163,"lr":0,"mux_errors":0,"name":"seg","objects":0,"process_ms":159.47267899900908,"render_ms":9.084016000997508,"render_replaced":0,"rendered":900,"result_age":0.10500154200053657,"rl":0,"submit_errors":0},{"decoded":897,"dropped":0,"encoded":896,"infer_fps":9.599209228660019,"inferred":284,"lr":0,"mux_errors":0,"name":"driving","objects":1,"process_ms":101.34926899991115,"render_ms":11.108778999187052,"render_replaced":0,"rendered":897,"result_age":0.01237053699878743,"rl":0,"submit_errors":0},{"decoded":720,"dropped":0,"encoded":720,"infer_fps":10.399143331048355,"inferred":308,"lr":0,"mux_errors":0,"name":"depth","objects":0,"process_ms":100.86889100057306,"render_ms":7.527380999817979,"render_replaced":0,"rendered":720,"result_age":0.046036499999900116,"rl":0,"submit_errors":0},{"decoded":723,"dropped":0,"encoded":722,"infer_fps":9.399225703062935,"inferred":280,"lr":0,"mux_errors":0,"name":"count","objects":6,"process_ms":106.89942899989546,"render_ms":8.871223002643092,"render_replaced":0,"rendered":722,"result_age":0.004109025998332072,"rl":3,"submit_errors":0}],"elapsed":30.00432550000187,"event":"stats","overview_dropped":0,"overview_encoded":894,"overview_mux_errors":0}
[ax_runner_axcl] profile runner=0xffffb401a478 devid=0 grpid=0 avg_us{in_sync=0 exec=6739 out_sync=12532 total=19271} out_bytes_avg=2359296 n=11
[ax_runner_axcl] profile runner=0xffffb40c8990 devid=0 grpid=0 avg_us{in_sync=0 exec=1520 out_sync=21677 total=23199} out_bytes_avg=30800 n=12
[ax_runner_axcl] profile runner=0xffffb41e96c0 devid=0 grpid=0 avg_us{in_sync=0 exec=4537 out_sync=71248 total=75786} out_bytes_avg=4838400 n=10
[ax_runner_axcl] profile runner=0xffffb41498f0 devid=0 grpid=0 avg_us{in_sync=0 exec=3455 out_sync=68600 total=72058} out_bytes_avg=2822400 n=10
[ax_runner_axcl] profile runner=0xffffb410e2f0 devid=0 grpid=0 avg_us{in_sync=0 exec=4898 out_sync=74491 total=79391} out_bytes_avg=4838400 n=10
[ax_runner_axcl] profile runner=0xffffb400d388 devid=0 grpid=0 avg_us{in_sync=0 exec=3560 out_sync=99963 total=103525} out_bytes_avg=7174400 n=7
[ax_runner_axcl] profile runner=0xffffb401a478 devid=0 grpid=0 avg_us{in_sync=0 exec=6633 out_sync=14131 total=20765} out_bytes_avg=2359296 n=11
[ax_runner_axcl] profile runner=0xffffb40c8990 devid=0 grpid=0 avg_us{in_sync=0 exec=1338 out_sync=19086 total=20426} out_bytes_avg=30800 n=13
[ax_runner_axcl] profile runner=0xffffb41e96c0 devid=0 grpid=0 avg_us{in_sync=0 exec=4893 out_sync=70123 total=75018} out_bytes_avg=4838400 n=10
[ax_runner_axcl] profile runner=0xffffb41498f0 devid=0 grpid=0 avg_us{in_sync=0 exec=2342 out_sync=74894 total=77238} out_bytes_avg=2822400 n=10
[ax_runner_axcl] profile runner=0xffffb410e2f0 devid=0 grpid=0 avg_us{in_sync=0 exec=4691 out_sync=72432 total=77125} out_bytes_avg=4838400 n=10
[ax_runner_axcl] profile runner=0xffffb400d388 devid=0 grpid=0 avg_us{in_sync=0 exec=2782 out_sync=109928 total=112712} out_bytes_avg=7174400 n=6
[ax_runner_axcl] profile runner=0xffffb401a478 devid=0 grpid=0 avg_us{in_sync=0 exec=6637 out_sync=15577 total=22216} out_bytes_avg=2359296 n=11
[ax_runner_axcl] profile runner=0xffffb40c8990 devid=0 grpid=0 avg_us{in_sync=0 exec=1671 out_sync=18774 total=20447} out_bytes_avg=30800 n=13
[ax_runner_axcl] profile runner=0xffffb41e96c0 devid=0 grpid=0 avg_us{in_sync=0 exec=4288 out_sync=64340 total=68630} out_bytes_avg=4838400 n=10
[ax_runner_axcl] profile runner=0xffffb41498f0 devid=0 grpid=0 avg_us{in_sync=0 exec=2663 out_sync=68781 total=71446} out_bytes_avg=2822400 n=10
[ax_runner_axcl] profile runner=0xffffb410e2f0 devid=0 grpid=0 avg_us{in_sync=0 exec=4745 out_sync=72583 total=77330} out_bytes_avg=4838400 n=10
[ax_runner_axcl] profile runner=0xffffb400d388 devid=0 grpid=0 avg_us{in_sync=0 exec=3165 out_sync=99283 total=102450} out_bytes_avg=7174400 n=6
[ax_runner_axcl] profile runner=0xffffb401a478 devid=0 grpid=0 avg_us{in_sync=0 exec=7621 out_sync=12229 total=19851} out_bytes_avg=2359296 n=10
[ax_runner_axcl] profile runner=0xffffb40c8990 devid=0 grpid=0 avg_us{in_sync=0 exec=1258 out_sync=22128 total=23389} out_bytes_avg=30800 n=12
[ax_runner_axcl] profile runner=0xffffb41e96c0 devid=0 grpid=0 avg_us{in_sync=0 exec=4284 out_sync=74209 total=78495} out_bytes_avg=4838400 n=10
[ax_runner_axcl] profile runner=0xffffb41498f0 devid=0 grpid=0 avg_us{in_sync=0 exec=2524 out_sync=69936 total=72463} out_bytes_avg=2822400 n=10
[ax_runner_axcl] profile runner=0xffffb400d388 devid=0 grpid=0 avg_us{in_sync=0 exec=3382 out_sync=88587 total=91971} out_bytes_avg=7174400 n=7
[ax_runner_axcl] profile runner=0xffffb410e2f0 devid=0 grpid=0 avg_us{in_sync=0 exec=4675 out_sync=73901 total=78578} out_bytes_avg=4838400 n=10
[ax_runner_axcl] profile runner=0xffffb401a478 devid=0 grpid=0 avg_us{in_sync=0 exec=6955 out_sync=14719 total=21676} out_bytes_avg=2359296 n=11
[ax_runner_axcl] profile runner=0xffffb40c8990 devid=0 grpid=0 avg_us{in_sync=0 exec=1448 out_sync=19718 total=21168} out_bytes_avg=30800 n=13
[ax_runner_axcl] profile runner=0xffffb41e96c0 devid=0 grpid=0 avg_us{in_sync=0 exec=4974 out_sync=65836 total=70812} out_bytes_avg=4838400 n=10
[ax_runner_axcl] profile runner=0xffffb41498f0 devid=0 grpid=0 avg_us{in_sync=0 exec=2430 out_sync=66909 total=69342} out_bytes_avg=2822400 n=10
[ax_runner_axcl] profile runner=0xffffb410e2f0 devid=0 grpid=0 avg_us{in_sync=0 exec=4488 out_sync=69068 total=73558} out_bytes_avg=4838400 n=11
[ax_runner_axcl] profile runner=0xffffb400d388 devid=0 grpid=0 avg_us{in_sync=0 exec=3891 out_sync=110010 total=113902} out_bytes_avg=7174400 n=6
[ax_runner_axcl] profile runner=0xffffb401a478 devid=0 grpid=0 avg_us{in_sync=0 exec=6847 out_sync=12174 total=19022} out_bytes_avg=2359296 n=11
[ax_runner_axcl] profile runner=0xffffb40c8990 devid=0 grpid=0 avg_us{in_sync=0 exec=1262 out_sync=22915 total=24179} out_bytes_avg=30800 n=12
[ax_runner_axcl] profile runner=0xffffb41e96c0 devid=0 grpid=0 avg_us{in_sync=0 exec=5014 out_sync=73172 total=78191} out_bytes_avg=4838400 n=9
[ax_runner_axcl] profile runner=0xffffb41498f0 devid=0 grpid=0 avg_us{in_sync=0 exec=2525 out_sync=59173 total=61701} out_bytes_avg=2822400 n=11
[ax_runner_axcl] profile runner=0xffffb410e2f0 devid=0 grpid=0 avg_us{in_sync=0 exec=4734 out_sync=73455 total=78191} out_bytes_avg=4838400 n=10
[ax_runner_axcl] profile runner=0xffffb400d388 devid=0 grpid=0 avg_us{in_sync=0 exec=3872 out_sync=114237 total=118111} out_bytes_avg=7174400 n=6
[ax_runner_axcl] profile runner=0xffffb401a478 devid=0 grpid=0 avg_us{in_sync=0 exec=6776 out_sync=14187 total=20964} out_bytes_avg=2359296 n=11
[ax_runner_axcl] profile runner=0xffffb40c8990 devid=0 grpid=0 avg_us{in_sync=0 exec=1513 out_sync=19146 total=20662} out_bytes_avg=30800 n=13
[ax_runner_axcl] profile runner=0xffffb41e96c0 devid=0 grpid=0 avg_us{in_sync=0 exec=4372 out_sync=70715 total=75090} out_bytes_avg=4838400 n=10
[ax_runner_axcl] profile runner=0xffffb41498f0 devid=0 grpid=0 avg_us{in_sync=0 exec=2390 out_sync=71935 total=74328} out_bytes_avg=2822400 n=10
[ax_runner_axcl] profile runner=0xffffb410e2f0 devid=0 grpid=0 avg_us{in_sync=0 exec=4280 out_sync=74386 total=78669} out_bytes_avg=4838400 n=10
[ax_runner_axcl] profile runner=0xffffb400d388 devid=0 grpid=0 avg_us{in_sync=0 exec=2895 out_sync=96098 total=98994} out_bytes_avg=7174400 n=6
[ax_runner_axcl] profile runner=0xffffb401a478 devid=0 grpid=0 avg_us{in_sync=0 exec=6880 out_sync=14003 total=20885} out_bytes_avg=2359296 n=11
[ax_runner_axcl] profile runner=0xffffb40c8990 devid=0 grpid=0 avg_us{in_sync=0 exec=2386 out_sync=20749 total=23137} out_bytes_avg=30800 n=13
[ax_runner_axcl] profile runner=0xffffb41e96c0 devid=0 grpid=0 avg_us{in_sync=0 exec=4366 out_sync=66256 total=70625} out_bytes_avg=4838400 n=10
{"event":"count_loop_reset","loop":3}
[ax_runner_axcl] profile runner=0xffffb41498f0 devid=0 grpid=0 avg_us{in_sync=0 exec=2972 out_sync=62063 total=65038} out_bytes_avg=2822400 n=10
[ax_runner_axcl] profile runner=0xffffb410e2f0 devid=0 grpid=0 avg_us{in_sync=0 exec=5388 out_sync=64756 total=70146} out_bytes_avg=4838400 n=11
[ax_runner_axcl] profile runner=0xffffb400d388 devid=0 grpid=0 avg_us{in_sync=0 exec=3584 out_sync=108758 total=112343} out_bytes_avg=7174400 n=6
[2026-09-16T18:43:15.269] [INFO] [T:281467281927872] RTSP OPTIONS rtsp://127.0.0.1:8554/overview/
[ax_runner_axcl] profile runner=0xffffb401a478 devid=0 grpid=0 avg_us{in_sync=0 exec=7539 out_sync=15738 total=23279} out_bytes_avg=2359296 n=11
[ax_runner_axcl] profile runner=0xffffb40c8990 devid=0 grpid=0 avg_us{in_sync=0 exec=2116 out_sync=18346 total=20464} out_bytes_avg=30800 n=13
[ax_runner_axcl] profile runner=0xffffb41e96c0 devid=0 grpid=0 avg_us{in_sync=0 exec=4824 out_sync=69065 total=73890} out_bytes_avg=4838400 n=10
[ax_runner_axcl] profile runner=0xffffb41498f0 devid=0 grpid=0 avg_us{in_sync=0 exec=2129 out_sync=70697 total=72829} out_bytes_avg=2822400 n=9
[ax_runner_axcl] profile runner=0xffffb410e2f0 devid=0 grpid=0 avg_us{in_sync=0 exec=4923 out_sync=70270 total=75194} out_bytes_avg=4838400 n=10
[ax_runner_axcl] profile runner=0xffffb400d388 devid=0 grpid=0 avg_us{in_sync=0 exec=2949 out_sync=107700 total=110650} out_bytes_avg=7174400 n=6
[ax_runner_axcl] profile runner=0xffffb401a478 devid=0 grpid=0 avg_us{in_sync=0 exec=6843 out_sync=15547 total=22391} out_bytes_avg=2359296 n=10
[ax_runner_axcl] profile runner=0xffffb40c8990 devid=0 grpid=0 avg_us{in_sync=0 exec=1686 out_sync=22832 total=24522} out_bytes_avg=30800 n=12
{"channels":[{"decoded":481,"dropped":0,"encoded":480,"infer_fps":11.963028584358947,"inferred":480,"lr":0,"mux_errors":0,"name":"pcd","objects":6,"process_ms":47.51559400028782,"render_ms":6.607458999496885,"render_replaced":0,"rendered":481,"result_age":0.08391361599933589,"rl":0,"submit_errors":0},{"decoded":999,"dropped":0,"encoded":997,"infer_fps":9.4707309626175,"inferred":376,"lr":0,"mux_errors":0,"name":"vehicle","objects":6,"process_ms":95.59306600203854,"render_ms":11.353197001881199,"render_replaced":0,"rendered":997,"result_age":0.07368625899835024,"rl":0,"submit_errors":0},{"decoded":1202,"dropped":0,"encoded":1200,"infer_fps":5.782130482440158,"inferred":221,"lr":0,"mux_errors":0,"name":"seg","objects":1,"process_ms":134.32677000309923,"render_ms":6.232248000742402,"render_replaced":0,"rendered":1202,"result_age":0.01938445599807892,"rl":0,"submit_errors":0},{"decoded":1198,"dropped":0,"encoded":1194,"infer_fps":9.371039057747842,"inferred":378,"lr":0,"mux_errors":0,"name":"driving","objects":1,"process_ms":106.11629900085973,"render_ms":4.953114003001247,"render_replaced":0,"rendered":1197,"result_age":0.04735838399938075,"rl":0,"submit_errors":0},{"decoded":961,"dropped":0,"encoded":960,"infer_fps":10.268266201574763,"inferred":411,"lr":0,"mux_errors":0,"name":"depth","objects":0,"process_ms":106.92001200004597,"render_ms":11.245278998103458,"render_replaced":0,"rendered":961,"result_age":0.07708886399996118,"rl":0,"submit_errors":0},{"decoded":964,"dropped":0,"encoded":963,"infer_fps":9.171655248008525,"inferred":372,"lr":0,"mux_errors":0,"name":"count","objects":6,"process_ms":107.12722099924576,"render_ms":8.65338799849269,"render_replaced":0,"rendered":964,"result_age":0.04965031599931535,"rl":3,"submit_errors":0}],"elapsed":40.03523022900117,"event":"stats","overview_dropped":0,"overview_encoded":1194,"overview_mux_errors":0}
[ax_runner_axcl] profile runner=0xffffb41e96c0 devid=0 grpid=0 avg_us{in_sync=0 exec=5094 out_sync=74372 total=79469} out_bytes_avg=4838400 n=9
[ax_runner_axcl] profile runner=0xffffb41498f0 devid=0 grpid=0 avg_us{in_sync=0 exec=2768 out_sync=72584 total=75356} out_bytes_avg=2822400 n=9
[ax_runner_axcl] profile runner=0xffffb410e2f0 devid=0 grpid=0 avg_us{in_sync=0 exec=5803 out_sync=67389 total=73193} out_bytes_avg=4838400 n=10
[ax_runner_axcl] profile runner=0xffffb401a478 devid=0 grpid=0 avg_us{in_sync=0 exec=6992 out_sync=13526 total=20520} out_bytes_avg=2359296 n=10
[ax_runner_axcl] profile runner=0xffffb400d388 devid=0 grpid=0 avg_us{in_sync=0 exec=3255 out_sync=106326 total=109583} out_bytes_avg=7174400 n=6
[ax_runner_axcl] profile runner=0xffffb40c8990 devid=0 grpid=0 avg_us{in_sync=0 exec=1209 out_sync=21440 total=22658} out_bytes_avg=30800 n=13
{"direction":"right_to_left","event":"crossing","id":128,"lr":0,"rl":4}
[ax_runner_axcl] profile runner=0xffffb41e96c0 devid=0 grpid=0 avg_us{in_sync=0 exec=5265 out_sync=72639 total=77907} out_bytes_avg=4838400 n=9
[ax_runner_axcl] profile runner=0xffffb41498f0 devid=0 grpid=0 avg_us{in_sync=0 exec=2643 out_sync=67453 total=70109} out_bytes_avg=2822400 n=10
[ax_runner_axcl] profile runner=0xffffb410e2f0 devid=0 grpid=0 avg_us{in_sync=0 exec=4437 out_sync=72786 total=77229} out_bytes_avg=4838400 n=10
[ax_runner_axcl] profile runner=0xffffb401a478 devid=0 grpid=0 avg_us{in_sync=0 exec=7018 out_sync=20048 total=27068} out_bytes_avg=2359296 n=10
[ax_runner_axcl] profile runner=0xffffb400d388 devid=0 grpid=0 avg_us{in_sync=0 exec=2917 out_sync=103428 total=106347} out_bytes_avg=7174400 n=5
[ax_runner_axcl] profile runner=0xffffb40c8990 devid=0 grpid=0 avg_us{in_sync=0 exec=1471 out_sync=22162 total=23635} out_bytes_avg=30800 n=13
[ax_runner_axcl] profile runner=0xffffb41e96c0 devid=0 grpid=0 avg_us{in_sync=0 exec=5133 out_sync=66092 total=71227} out_bytes_avg=4838400 n=10
[ax_runner_axcl] profile runner=0xffffb41498f0 devid=0 grpid=0 avg_us{in_sync=0 exec=2712 out_sync=65278 total=67993} out_bytes_avg=2822400 n=10
[ax_runner_axcl] profile runner=0xffffb410e2f0 devid=0 grpid=0 avg_us{in_sync=0 exec=4382 out_sync=72895 total=77279} out_bytes_avg=4838400 n=10
[ax_runner_axcl] profile runner=0xffffb401a478 devid=0 grpid=0 avg_us{in_sync=0 exec=7324 out_sync=12988 total=20314} out_bytes_avg=2359296 n=11
[ax_runner_axcl] profile runner=0xffffb400d388 devid=0 grpid=0 avg_us{in_sync=0 exec=3201 out_sync=96553 total=99756} out_bytes_avg=7174400 n=6
[ax_runner_axcl] profile runner=0xffffb40c8990 devid=0 grpid=0 avg_us{in_sync=0 exec=1136 out_sync=20130 total=21269} out_bytes_avg=30800 n=13
[ax_runner_axcl] profile runner=0xffffb41e96c0 devid=0 grpid=0 avg_us{in_sync=0 exec=4797 out_sync=67509 total=72308} out_bytes_avg=4838400 n=10
[ax_runner_axcl] profile runner=0xffffb41498f0 devid=0 grpid=0 avg_us{in_sync=0 exec=2976 out_sync=67759 total=70739} out_bytes_avg=2822400 n=10
[ax_runner_axcl] profile runner=0xffffb410e2f0 devid=0 grpid=0 avg_us{in_sync=0 exec=4978 out_sync=72229 total=77210} out_bytes_avg=4838400 n=10
[ax_runner_axcl] profile runner=0xffffb401a478 devid=0 grpid=0 avg_us{in_sync=0 exec=6721 out_sync=13282 total=20005} out_bytes_avg=2359296 n=11
[ax_runner_axcl] profile runner=0xffffb400d388 devid=0 grpid=0 avg_us{in_sync=0 exec=3155 out_sync=91998 total=95155} out_bytes_avg=7174400 n=6
[ax_runner_axcl] profile runner=0xffffb40c8990 devid=0 grpid=0 avg_us{in_sync=0 exec=1693 out_sync=23079 total=24775} out_bytes_avg=30800 n=13
[ax_runner_axcl] profile runner=0xffffb41e96c0 devid=0 grpid=0 avg_us{in_sync=0 exec=4399 out_sync=65368 total=69769} out_bytes_avg=4838400 n=10
[ax_runner_axcl] profile runner=0xffffb41498f0 devid=0 grpid=0 avg_us{in_sync=0 exec=2724 out_sync=59764 total=62491} out_bytes_avg=2822400 n=11
[ax_runner_axcl] profile runner=0xffffb410e2f0 devid=0 grpid=0 avg_us{in_sync=0 exec=4886 out_sync=72135 total=77023} out_bytes_avg=4838400 n=10
[ax_runner_axcl] profile runner=0xffffb401a478 devid=0 grpid=0 avg_us{in_sync=0 exec=6605 out_sync=15772 total=22379} out_bytes_avg=2359296 n=11
[ax_runner_axcl] profile runner=0xffffb400d388 devid=0 grpid=0 avg_us{in_sync=0 exec=3982 out_sync=106140 total=110124} out_bytes_avg=7174400 n=5
[ax_runner_axcl] profile runner=0xffffb40c8990 devid=0 grpid=0 avg_us{in_sync=0 exec=1688 out_sync=19049 total=20739} out_bytes_avg=30800 n=13
[ax_runner_axcl] profile runner=0xffffb41e96c0 devid=0 grpid=0 avg_us{in_sync=0 exec=4592 out_sync=70100 total=74694} out_bytes_avg=4838400 n=10
[ax_runner_axcl] profile runner=0xffffb41498f0 devid=0 grpid=0 avg_us{in_sync=0 exec=2863 out_sync=64316 total=67182} out_bytes_avg=2822400 n=11
[ax_runner_axcl] profile runner=0xffffb410e2f0 devid=0 grpid=0 avg_us{in_sync=0 exec=4747 out_sync=72072 total=76821} out_bytes_avg=4838400 n=9
[ax_runner_axcl] profile runner=0xffffb401a478 devid=0 grpid=0 avg_us{in_sync=0 exec=7426 out_sync=15280 total=22708} out_bytes_avg=2359296 n=11
[ax_runner_axcl] profile runner=0xffffb400d388 devid=0 grpid=0 avg_us{in_sync=0 exec=2799 out_sync=95459 total=98260} out_bytes_avg=7174400 n=6
[ax_runner_axcl] profile runner=0xffffb40c8990 devid=0 grpid=0 avg_us{in_sync=0 exec=1523 out_sync=15184 total=16709} out_bytes_avg=30800 n=12
[ax_runner_axcl] profile runner=0xffffb41e96c0 devid=0 grpid=0 avg_us{in_sync=0 exec=4250 out_sync=72683 total=76935} out_bytes_avg=4838400 n=10
[ax_runner_axcl] profile runner=0xffffb41498f0 devid=0 grpid=0 avg_us{in_sync=0 exec=2842 out_sync=63532 total=66377} out_bytes_avg=2822400 n=11
[ax_runner_axcl] profile runner=0xffffb410e2f0 devid=0 grpid=0 avg_us{in_sync=0 exec=4334 out_sync=68059 total=72395} out_bytes_avg=4838400 n=11
[ax_runner_axcl] profile runner=0xffffb401a478 devid=0 grpid=0 avg_us{in_sync=0 exec=6663 out_sync=16738 total=23402} out_bytes_avg=2359296 n=11
[ax_runner_axcl] profile runner=0xffffb400d388 devid=0 grpid=0 avg_us{in_sync=0 exec=3038 out_sync=105672 total=108712} out_bytes_avg=7174400 n=6
[ax_runner_axcl] profile runner=0xffffb40c8990 devid=0 grpid=0 avg_us{in_sync=0 exec=1349 out_sync=21373 total=22724} out_bytes_avg=30800 n=13
[ax_runner_axcl] profile runner=0xffffb41e96c0 devid=0 grpid=0 avg_us{in_sync=0 exec=4292 out_sync=68825 total=73120} out_bytes_avg=4838400 n=10
[ax_runner_axcl] profile runner=0xffffb41498f0 devid=0 grpid=0 avg_us{in_sync=0 exec=2966 out_sync=68356 total=71325} out_bytes_avg=2822400 n=10
[ax_runner_axcl] profile runner=0xffffb410e2f0 devid=0 grpid=0 avg_us{in_sync=0 exec=5011 out_sync=60846 total=65859} out_bytes_avg=4838400 n=11
[ax_runner_axcl] profile runner=0xffffb401a478 devid=0 grpid=0 avg_us{in_sync=0 exec=6776 out_sync=13914 total=20691} out_bytes_avg=2359296 n=11
[ax_runner_axcl] profile runner=0xffffb400d388 devid=0 grpid=0 avg_us{in_sync=0 exec=3112 out_sync=108266 total=111380} out_bytes_avg=7174400 n=5
[ax_runner_axcl] profile runner=0xffffb40c8990 devid=0 grpid=0 avg_us{in_sync=0 exec=2134 out_sync=21800 total=23936} out_bytes_avg=30800 n=12
[ax_runner_axcl] profile runner=0xffffb41e96c0 devid=0 grpid=0 avg_us{in_sync=0 exec=4578 out_sync=68968 total=73548} out_bytes_avg=4838400 n=10
[ax_runner_axcl] profile runner=0xffffb41498f0 devid=0 grpid=0 avg_us{in_sync=0 exec=2470 out_sync=62545 total=65019} out_bytes_avg=2822400 n=10
[ax_runner_axcl] profile runner=0xffffb410e2f0 devid=0 grpid=0 avg_us{in_sync=0 exec=4295 out_sync=70484 total=74781} out_bytes_avg=4838400 n=10
[ax_runner_axcl] profile runner=0xffffb401a478 devid=0 grpid=0 avg_us{in_sync=0 exec=6541 out_sync=14736 total=21279} out_bytes_avg=2359296 n=11
[ax_runner_axcl] profile runner=0xffffb400d388 devid=0 grpid=0 avg_us{in_sync=0 exec=3148 out_sync=105647 total=108797} out_bytes_avg=7174400 n=6
[ax_runner_axcl] profile runner=0xffffb40c8990 devid=0 grpid=0 avg_us{in_sync=0 exec=1671 out_sync=19647 total=21321} out_bytes_avg=30800 n=13
[ax_runner_axcl] profile runner=0xffffb41498f0 devid=0 grpid=0 avg_us{in_sync=0 exec=3059 out_sync=70221 total=73282} out_bytes_avg=2822400 n=10
[ax_runner_axcl] profile runner=0xffffb41e96c0 devid=0 grpid=0 avg_us{in_sync=0 exec=4191 out_sync=69920 total=74113} out_bytes_avg=4838400 n=10
[ax_runner_axcl] profile runner=0xffffb410e2f0 devid=0 grpid=0 avg_us{in_sync=0 exec=4480 out_sync=70609 total=75092} out_bytes_avg=4838400 n=10
{"channels":[{"decoded":602,"dropped":0,"encoded":601,"infer_fps":12.060089603365585,"inferred":601,"lr":0,"mux_errors":0,"name":"pcd","objects":7,"process_ms":60.66792699857615,"render_ms":7.907425002485979,"render_replaced":0,"rendered":602,"result_age":0.022532434999448014,"rl":0,"submit_errors":0},{"decoded":1250,"dropped":0,"encoded":1244,"infer_fps":9.568335553083438,"inferred":472,"lr":0,"mux_errors":0,"name":"vehicle","objects":3,"process_ms":117.04616000133683,"render_ms":4.400820002047112,"render_replaced":0,"rendered":1244,"result_age":0.09586648299955414,"rl":0,"submit_errors":0},{"decoded":1504,"dropped":0,"encoded":1503,"infer_fps":5.282518586598148,"inferred":274,"lr":0,"mux_errors":0,"name":"seg","objects":4,"process_ms":173.17568300131825,"render_ms":7.598257001518505,"render_replaced":0,"rendered":1504,"result_age":0.0508630730000732,"rl":0,"submit_errors":0},{"decoded":1500,"dropped":0,"encoded":1496,"infer_fps":9.76767587710601,"inferred":476,"lr":0,"mux_errors":0,"name":"driving","objects":1,"process_ms":108.26251999969827,"render_ms":5.968705001578201,"render_replaced":0,"rendered":1499,"result_age":0.09802178899917635,"rl":0,"submit_errors":0},{"decoded":1202,"dropped":0,"encoded":1202,"infer_fps":10.266026687162439,"inferred":514,"lr":0,"mux_errors":0,"name":"depth","objects":0,"process_ms":105.97571499965852,"render_ms":6.504790999315446,"render_replaced":0,"rendered":1202,"result_age":0.029186392999690725,"rl":0,"submit_errors":0},{"decoded":1205,"dropped":0,"encoded":1204,"infer_fps":9.26932506704958,"inferred":465,"lr":0,"mux_errors":0,"name":"count","objects":8,"process_ms":119.96880399965448,"render_ms":5.671785998856649,"render_replaced":0,"rendered":1205,"result_age":0.0893096500003594,"rl":4,"submit_errors":0}],"elapsed":50.06832318099987,"event":"stats","overview_dropped":0,"overview_encoded":1496,"overview_mux_errors":0}
[ax_runner_axcl] profile runner=0xffffb401a478 devid=0 grpid=0 avg_us{in_sync=0 exec=6931 out_sync=15785 total=22718} out_bytes_avg=2359296 n=11
[ax_runner_axcl] profile runner=0xffffb400d388 devid=0 grpid=0 avg_us{in_sync=0 exec=3454 out_sync=91882 total=95337} out_bytes_avg=7174400 n=6
[ax_runner_axcl] profile runner=0xffffb40c8990 devid=0 grpid=0 avg_us{in_sync=0 exec=1211 out_sync=18961 total=20175} out_bytes_avg=30800 n=12
{"event":"count_loop_reset","loop":4}
[ax_runner_axcl] profile runner=0xffffb41498f0 devid=0 grpid=0 avg_us{in_sync=0 exec=3030 out_sync=64006 total=67039} out_bytes_avg=2822400 n=10
[ax_runner_axcl] profile runner=0xffffb41e96c0 devid=0 grpid=0 avg_us{in_sync=0 exec=4466 out_sync=69335 total=73802} out_bytes_avg=4838400 n=10
[ax_runner_axcl] profile runner=0xffffb410e2f0 devid=0 grpid=0 avg_us{in_sync=0 exec=4447 out_sync=76454 total=80903} out_bytes_avg=4838400 n=10
[ax_runner_axcl] profile runner=0xffffb401a478 devid=0 grpid=0 avg_us{in_sync=0 exec=8132 out_sync=15449 total=23583} out_bytes_avg=2359296 n=10
[ax_runner_axcl] profile runner=0xffffb40c8990 devid=0 grpid=0 avg_us{in_sync=0 exec=2202 out_sync=19865 total=22069} out_bytes_avg=30800 n=13
[ax_runner_axcl] profile runner=0xffffb400d388 devid=0 grpid=0 avg_us{in_sync=0 exec=2839 out_sync=89309 total=92149} out_bytes_avg=7174400 n=7
[ax_runner_axcl] profile runner=0xffffb41498f0 devid=0 grpid=0 avg_us{in_sync=0 exec=2351 out_sync=61505 total=63859} out_bytes_avg=2822400 n=11
[ax_runner_axcl] profile runner=0xffffb41e96c0 devid=0 grpid=0 avg_us{in_sync=0 exec=4500 out_sync=72108 total=76610} out_bytes_avg=4838400 n=10
[ax_runner_axcl] profile runner=0xffffb410e2f0 devid=0 grpid=0 avg_us{in_sync=0 exec=4705 out_sync=69764 total=74472} out_bytes_avg=4838400 n=10
[ax_runner_axcl] profile runner=0xffffb401a478 devid=0 grpid=0 avg_us{in_sync=0 exec=6622 out_sync=14687 total=21310} out_bytes_avg=2359296 n=11
[ax_runner_axcl] profile runner=0xffffb40c8990 devid=0 grpid=0 avg_us{in_sync=0 exec=1601 out_sync=23034 total=24637} out_bytes_avg=30800 n=12
[ax_runner_axcl] profile runner=0xffffb400d388 devid=0 grpid=0 avg_us{in_sync=0 exec=2926 out_sync=104027 total=106955} out_bytes_avg=7174400 n=6
[ax_runner_axcl] profile runner=0xffffb41498f0 devid=0 grpid=0 avg_us{in_sync=0 exec=2291 out_sync=52994 total=55288} out_bytes_avg=2822400 n=11
[ax_runner_axcl] profile runner=0xffffb41e96c0 devid=0 grpid=0 avg_us{in_sync=0 exec=4592 out_sync=70151 total=74745} out_bytes_avg=4838400 n=10
[ax_runner_axcl] profile runner=0xffffb401a478 devid=0 grpid=0 avg_us{in_sync=0 exec=6664 out_sync=16915 total=23581} out_bytes_avg=2359296 n=10
[ax_runner_axcl] profile runner=0xffffb410e2f0 devid=0 grpid=0 avg_us{in_sync=0 exec=4691 out_sync=71311 total=76004} out_bytes_avg=4838400 n=10
{"direction":"right_to_left","event":"crossing","id":178,"lr":0,"rl":5}
[ax_runner_axcl] profile runner=0xffffb40c8990 devid=0 grpid=0 avg_us{in_sync=0 exec=1162 out_sync=15085 total=16249} out_bytes_avg=30800 n=13
[ax_runner_axcl] profile runner=0xffffb400d388 devid=0 grpid=0 avg_us{in_sync=0 exec=3010 out_sync=95589 total=98601} out_bytes_avg=7174400 n=6
[ax_runner_axcl] profile runner=0xffffb41498f0 devid=0 grpid=0 avg_us{in_sync=0 exec=2793 out_sync=63541 total=66337} out_bytes_avg=2822400 n=10
[ax_runner_axcl] profile runner=0xffffb41e96c0 devid=0 grpid=0 avg_us{in_sync=0 exec=4853 out_sync=66946 total=71801} out_bytes_avg=4838400 n=10
[ax_runner_axcl] profile runner=0xffffb401a478 devid=0 grpid=0 avg_us{in_sync=0 exec=6904 out_sync=14786 total=21691} out_bytes_avg=2359296 n=11
[ax_runner_axcl] profile runner=0xffffb410e2f0 devid=0 grpid=0 avg_us{in_sync=0 exec=4347 out_sync=72676 total=77024} out_bytes_avg=4838400 n=10
[ax_runner_axcl] profile runner=0xffffb40c8990 devid=0 grpid=0 avg_us{in_sync=0 exec=1575 out_sync=20657 total=22233} out_bytes_avg=30800 n=12
[ax_runner_axcl] profile runner=0xffffb400d388 devid=0 grpid=0 avg_us{in_sync=0 exec=3068 out_sync=97524 total=100594} out_bytes_avg=7174400 n=5
[ax_runner_axcl] profile runner=0xffffb41498f0 devid=0 grpid=0 avg_us{in_sync=0 exec=2374 out_sync=66172 total=68549} out_bytes_avg=2822400 n=10
[ax_runner_axcl] profile runner=0xffffb41e96c0 devid=0 grpid=0 avg_us{in_sync=0 exec=4510 out_sync=69857 total=74369} out_bytes_avg=4838400 n=10
[ax_runner_axcl] profile runner=0xffffb401a478 devid=0 grpid=0 avg_us{in_sync=0 exec=6983 out_sync=19530 total=26514} out_bytes_avg=2359296 n=11
[ax_runner_axcl] profile runner=0xffffb410e2f0 devid=0 grpid=0 avg_us{in_sync=0 exec=5822 out_sync=72003 total=77827} out_bytes_avg=4838400 n=10
[ax_runner_axcl] profile runner=0xffffb400d388 devid=0 grpid=0 avg_us{in_sync=0 exec=2851 out_sync=103794 total=106646} out_bytes_avg=7174400 n=6
[ax_runner_axcl] profile runner=0xffffb40c8990 devid=0 grpid=0 avg_us{in_sync=0 exec=1371 out_sync=15909 total=17282} out_bytes_avg=30800 n=13
[ax_runner_axcl] profile runner=0xffffb41498f0 devid=0 grpid=0 avg_us{in_sync=0 exec=2836 out_sync=70094 total=72933} out_bytes_avg=2822400 n=10
[ax_runner_axcl] profile runner=0xffffb41e96c0 devid=0 grpid=0 avg_us{in_sync=0 exec=4405 out_sync=74142 total=78550} out_bytes_avg=4838400 n=10
[ax_runner_axcl] profile runner=0xffffb401a478 devid=0 grpid=0 avg_us{in_sync=0 exec=6811 out_sync=12384 total=19197} out_bytes_avg=2359296 n=11
[ax_runner_axcl] profile runner=0xffffb410e2f0 devid=0 grpid=0 avg_us{in_sync=0 exec=5153 out_sync=78363 total=83518} out_bytes_avg=4838400 n=10
[ax_runner_axcl] profile runner=0xffffb40c8990 devid=0 grpid=0 avg_us{in_sync=0 exec=1536 out_sync=18981 total=20518} out_bytes_avg=30800 n=12
[ax_runner_axcl] profile runner=0xffffb400d388 devid=0 grpid=0 avg_us{in_sync=0 exec=4032 out_sync=100831 total=104864} out_bytes_avg=7174400 n=6
[ax_runner_axcl] profile runner=0xffffb41498f0 devid=0 grpid=0 avg_us{in_sync=0 exec=2982 out_sync=67803 total=70789} out_bytes_avg=2822400 n=10
[ax_runner_axcl] profile runner=0xffffb41e96c0 devid=0 grpid=0 avg_us{in_sync=0 exec=4702 out_sync=69445 total=74149} out_bytes_avg=4838400 n=10
[ax_runner_axcl] profile runner=0xffffb401a478 devid=0 grpid=0 avg_us{in_sync=0 exec=7403 out_sync=13425 total=20829} out_bytes_avg=2359296 n=11
[ax_runner_axcl] profile runner=0xffffb410e2f0 devid=0 grpid=0 avg_us{in_sync=0 exec=4692 out_sync=73543 total=78237} out_bytes_avg=4838400 n=10
[ax_runner_axcl] profile runner=0xffffb400d388 devid=0 grpid=0 avg_us{in_sync=0 exec=3135 out_sync=104707 total=107844} out_bytes_avg=7174400 n=5
[ax_runner_axcl] profile runner=0xffffb40c8990 devid=0 grpid=0 avg_us{in_sync=0 exec=1512 out_sync=19396 total=20910} out_bytes_avg=30800 n=13
[ax_runner_axcl] profile runner=0xffffb41498f0 devid=0 grpid=0 avg_us{in_sync=0 exec=2413 out_sync=69631 total=72048} out_bytes_avg=2822400 n=10
[ax_runner_axcl] profile runner=0xffffb41e96c0 devid=0 grpid=0 avg_us{in_sync=0 exec=5910 out_sync=69700 total=75612} out_bytes_avg=4838400 n=10
[ax_runner_axcl] profile runner=0xffffb401a478 devid=0 grpid=0 avg_us{in_sync=0 exec=6892 out_sync=14983 total=21876} out_bytes_avg=2359296 n=11
[ax_runner_axcl] profile runner=0xffffb410e2f0 devid=0 grpid=0 avg_us{in_sync=0 exec=5350 out_sync=76480 total=81832} out_bytes_avg=4838400 n=10
[ax_runner_axcl] profile runner=0xffffb40c8990 devid=0 grpid=0 avg_us{in_sync=0 exec=1070 out_sync=21714 total=22786} out_bytes_avg=30800 n=13
[ax_runner_axcl] profile runner=0xffffb400d388 devid=0 grpid=0 avg_us{in_sync=0 exec=3304 out_sync=99388 total=102694} out_bytes_avg=7174400 n=7
[ax_runner_axcl] profile runner=0xffffb41498f0 devid=0 grpid=0 avg_us{in_sync=0 exec=2562 out_sync=60181 total=62746} out_bytes_avg=2822400 n=11
[ax_runner_axcl] profile runner=0xffffb41e96c0 devid=0 grpid=0 avg_us{in_sync=0 exec=4689 out_sync=70251 total=74944} out_bytes_avg=4838400 n=10
[ax_runner_axcl] profile runner=0xffffb401a478 devid=0 grpid=0 avg_us{in_sync=0 exec=6794 out_sync=14738 total=21534} out_bytes_avg=2359296 n=11
[ax_runner_axcl] profile runner=0xffffb410e2f0 devid=0 grpid=0 avg_us{in_sync=0 exec=4493 out_sync=64487 total=68982} out_bytes_avg=4838400 n=10
[ax_runner_axcl] profile runner=0xffffb40c8990 devid=0 grpid=0 avg_us{in_sync=0 exec=1389 out_sync=16760 total=18150} out_bytes_avg=30800 n=12
[ax_runner_axcl] profile runner=0xffffb400d388 devid=0 grpid=0 avg_us{in_sync=0 exec=3156 out_sync=102929 total=106086} out_bytes_avg=7174400 n=6
{"channels":[{"decoded":722,"dropped":0,"encoded":722,"infer_fps":12.059987532555027,"inferred":722,"lr":0,"mux_errors":0,"name":"pcd","objects":9,"process_ms":51.24470000009751,"render_ms":6.15012299749651,"render_replaced":0,"rendered":722,"result_age":0.06787813999835635,"rl":0,"submit_errors":0},{"decoded":1500,"dropped":0,"encoded":1495,"infer_fps":9.46858525283246,"inferred":567,"lr":0,"mux_errors":0,"name":"vehicle","objects":1,"process_ms":108.1718120003643,"render_ms":4.795905999344541,"render_replaced":0,"rendered":1495,"result_age":0.09916804599924944,"rl":0,"submit_errors":0},{"decoded":1805,"dropped":0,"encoded":1804,"infer_fps":5.581481833248607,"inferred":330,"lr":0,"mux_errors":0,"name":"seg","objects":4,"process_ms":193.98535700020147,"render_ms":7.952466999995522,"render_replaced":0,"rendered":1805,"result_age":0.029172268998081563,"rl":0,"submit_errors":0},{"decoded":1800,"dropped":0,"encoded":1796,"infer_fps":9.667923889734196,"inferred":573,"lr":0,"mux_errors":0,"name":"driving","objects":1,"process_ms":111.30204000073718,"render_ms":4.65023799915798,"render_replaced":0,"rendered":1797,"result_age":0.0769357389981451,"rl":0,"submit_errors":0},{"decoded":1443,"dropped":0,"encoded":1442,"infer_fps":10.365609118890271,"inferred":618,"lr":0,"mux_errors":0,"name":"depth","objects":0,"process_ms":91.5391640010057,"render_ms":7.119337002222892,"render_replaced":0,"rendered":1442,"result_age":0.08651238300080877,"rl":0,"submit_errors":0},{"decoded":1447,"dropped":0,"encoded":1446,"infer_fps":9.269246615930724,"inferred":558,"lr":0,"mux_errors":0,"name":"count","objects":7,"process_ms":108.69931499837548,"render_ms":4.253693998180097,"render_replaced":0,"rendered":1447,"result_age":0.08303877700018347,"rl":5,"submit_errors":0}],"elapsed":60.101501049000944,"event":"stats","overview_dropped":0,"overview_encoded":1797,"overview_mux_errors":0}
[ax_runner_axcl] profile runner=0xffffb41498f0 devid=0 grpid=0 avg_us{in_sync=0 exec=2605 out_sync=67129 total=69737} out_bytes_avg=2822400 n=10
[ax_runner_axcl] profile runner=0xffffb41e96c0 devid=0 grpid=0 avg_us{in_sync=0 exec=5798 out_sync=71920 total=77720} out_bytes_avg=4838400 n=9
[ax_runner_axcl] profile runner=0xffffb401a478 devid=0 grpid=0 avg_us{in_sync=0 exec=6652 out_sync=17266 total=23919} out_bytes_avg=2359296 n=10
[ax_runner_axcl] profile runner=0xffffb410e2f0 devid=0 grpid=0 avg_us{in_sync=0 exec=4290 out_sync=68179 total=72471} out_bytes_avg=4838400 n=10
[ax_runner_axcl] profile runner=0xffffb40c8990 devid=0 grpid=0 avg_us{in_sync=0 exec=1104 out_sync=21954 total=23060} out_bytes_avg=30800 n=12
[ax_runner_axcl] profile runner=0xffffb400d388 devid=0 grpid=0 avg_us{in_sync=0 exec=2863 out_sync=95508 total=98372} out_bytes_avg=7174400 n=6
[ax_runner_axcl] profile runner=0xffffb41498f0 devid=0 grpid=0 avg_us{in_sync=0 exec=2925 out_sync=73624 total=76552} out_bytes_avg=2822400 n=10
[ax_runner_axcl] profile runner=0xffffb41e96c0 devid=0 grpid=0 avg_us{in_sync=0 exec=4666 out_sync=70059 total=74728} out_bytes_avg=4838400 n=10
[ax_runner_axcl] profile runner=0xffffb401a478 devid=0 grpid=0 avg_us{in_sync=0 exec=6707 out_sync=10897 total=17605} out_bytes_avg=2359296 n=11
[ax_runner_axcl] profile runner=0xffffb410e2f0 devid=0 grpid=0 avg_us{in_sync=0 exec=4727 out_sync=74528 total=79258} out_bytes_avg=4838400 n=10
[ax_runner_axcl] profile runner=0xffffb40c8990 devid=0 grpid=0 avg_us{in_sync=0 exec=1417 out_sync=17747 total=19166} out_bytes_avg=30800 n=13
[ax_runner_axcl] profile runner=0xffffb400d388 devid=0 grpid=0 avg_us{in_sync=0 exec=3102 out_sync=101671 total=104775} out_bytes_avg=7174400 n=6
[ax_runner_axcl] profile runner=0xffffb41498f0 devid=0 grpid=0 avg_us{in_sync=0 exec=2764 out_sync=68662 total=71429} out_bytes_avg=2822400 n=10
[ax_runner_axcl] profile runner=0xffffb41e96c0 devid=0 grpid=0 avg_us{in_sync=0 exec=5067 out_sync=67676 total=72746} out_bytes_avg=4838400 n=10
[ax_runner_axcl] profile runner=0xffffb401a478 devid=0 grpid=0 avg_us{in_sync=0 exec=7064 out_sync=15313 total=22378} out_bytes_avg=2359296 n=11
[ax_runner_axcl] profile runner=0xffffb410e2f0 devid=0 grpid=0 avg_us{in_sync=0 exec=4993 out_sync=73647 total=78642} out_bytes_avg=4838400 n=10
[ax_runner_axcl] profile runner=0xffffb40c8990 devid=0 grpid=0 avg_us{in_sync=0 exec=2014 out_sync=21239 total=23256} out_bytes_avg=30800 n=13
[ax_runner_axcl] profile runner=0xffffb400d388 devid=0 grpid=0 avg_us{in_sync=0 exec=4168 out_sync=94278 total=98448} out_bytes_avg=7174400 n=6
{"event":"count_loop_reset","loop":5}
[ax_runner_axcl] profile runner=0xffffb41498f0 devid=0 grpid=0 avg_us{in_sync=0 exec=3054 out_sync=67251 total=70308} out_bytes_avg=2822400 n=10
[ax_runner_axcl] profile runner=0xffffb41e96c0 devid=0 grpid=0 avg_us{in_sync=0 exec=4698 out_sync=66157 total=70857} out_bytes_avg=4838400 n=10
[ax_runner_axcl] profile runner=0xffffb401a478 devid=0 grpid=0 avg_us{in_sync=0 exec=6729 out_sync=13834 total=20564} out_bytes_avg=2359296 n=12
[ax_runner_axcl] profile runner=0xffffb410e2f0 devid=0 grpid=0 avg_us{in_sync=0 exec=4779 out_sync=64324 total=69105} out_bytes_avg=4838400 n=11
[ax_runner_axcl] profile runner=0xffffb40c8990 devid=0 grpid=0 avg_us{in_sync=0 exec=1694 out_sync=22130 total=23826} out_bytes_avg=30800 n=13
[ax_runner_axcl] profile runner=0xffffb400d388 devid=0 grpid=0 avg_us{in_sync=0 exec=3662 out_sync=106112 total=109776} out_bytes_avg=7174400 n=6
[ax_runner_axcl] profile runner=0xffffb41498f0 devid=0 grpid=0 avg_us{in_sync=0 exec=3406 out_sync=69979 total=73388} out_bytes_avg=2822400 n=10
[ax_runner_axcl] profile runner=0xffffb41e96c0 devid=0 grpid=0 avg_us{in_sync=0 exec=4518 out_sync=76321 total=80841} out_bytes_avg=4838400 n=9
[ax_runner_axcl] profile runner=0xffffb401a478 devid=0 grpid=0 avg_us{in_sync=0 exec=6616 out_sync=13909 total=20526} out_bytes_avg=2359296 n=11
[ax_runner_axcl] profile runner=0xffffb410e2f0 devid=0 grpid=0 avg_us{in_sync=0 exec=5323 out_sync=76574 total=81900} out_bytes_avg=4838400 n=10
[ax_runner_axcl] profile runner=0xffffb40c8990 devid=0 grpid=0 avg_us{in_sync=0 exec=1940 out_sync=19980 total=21923} out_bytes_avg=30800 n=13
[ax_runner_axcl] profile runner=0xffffb400d388 devid=0 grpid=0 avg_us{in_sync=0 exec=2729 out_sync=95827 total=98558} out_bytes_avg=7174400 n=6
[ax_runner_axcl] profile runner=0xffffb41498f0 devid=0 grpid=0 avg_us{in_sync=0 exec=3374 out_sync=65525 total=68902} out_bytes_avg=2822400 n=10
[ax_runner_axcl] profile runner=0xffffb41e96c0 devid=0 grpid=0 avg_us{in_sync=0 exec=4355 out_sync=64745 total=69102} out_bytes_avg=4838400 n=10
[ax_runner_axcl] profile runner=0xffffb401a478 devid=0 grpid=0 avg_us{in_sync=0 exec=6651 out_sync=14953 total=21605} out_bytes_avg=2359296 n=11
{"direction":"right_to_left","event":"crossing","id":213,"lr":0,"rl":6}
[ax_runner_axcl] profile runner=0xffffb410e2f0 devid=0 grpid=0 avg_us{in_sync=0 exec=4653 out_sync=71351 total=76006} out_bytes_avg=4838400 n=10
[ax_runner_axcl] profile runner=0xffffb40c8990 devid=0 grpid=0 avg_us{in_sync=0 exec=1937 out_sync=21377 total=23316} out_bytes_avg=30800 n=12
[ax_runner_axcl] profile runner=0xffffb400d388 devid=0 grpid=0 avg_us{in_sync=0 exec=3280 out_sync=105975 total=109256} out_bytes_avg=7174400 n=6
[ax_runner_axcl] profile runner=0xffffb41e96c0 devid=0 grpid=0 avg_us{in_sync=0 exec=4787 out_sync=64332 total=69122} out_bytes_avg=4838400 n=10
[ax_runner_axcl] profile runner=0xffffb41498f0 devid=0 grpid=0 avg_us{in_sync=0 exec=2617 out_sync=66255 total=68876} out_bytes_avg=2822400 n=10
[ax_runner_axcl] profile runner=0xffffb401a478 devid=0 grpid=0 avg_us{in_sync=0 exec=6807 out_sync=12558 total=19366} out_bytes_avg=2359296 n=11
[ax_runner_axcl] profile runner=0xffffb40c8990 devid=0 grpid=0 avg_us{in_sync=0 exec=1084 out_sync=22082 total=23168} out_bytes_avg=30800 n=12
[ax_runner_axcl] profile runner=0xffffb410e2f0 devid=0 grpid=0 avg_us{in_sync=0 exec=4666 out_sync=69147 total=73815} out_bytes_avg=4838400 n=10
[ax_runner_axcl] profile runner=0xffffb400d388 devid=0 grpid=0 avg_us{in_sync=0 exec=2824 out_sync=106318 total=109147} out_bytes_avg=7174400 n=6
[ax_runner_axcl] profile runner=0xffffb41e96c0 devid=0 grpid=0 avg_us{in_sync=0 exec=4960 out_sync=73158 total=78120} out_bytes_avg=4838400 n=9
[ax_runner_axcl] profile runner=0xffffb41498f0 devid=0 grpid=0 avg_us{in_sync=0 exec=2275 out_sync=68149 total=70427} out_bytes_avg=2822400 n=10
[ax_runner_axcl] profile runner=0xffffb401a478 devid=0 grpid=0 avg_us{in_sync=0 exec=6536 out_sync=14503 total=21041} out_bytes_avg=2359296 n=11
[ax_runner_axcl] profile runner=0xffffb40c8990 devid=0 grpid=0 avg_us{in_sync=0 exec=1311 out_sync=15362 total=16675} out_bytes_avg=30800 n=12
[ax_runner_axcl] profile runner=0xffffb410e2f0 devid=0 grpid=0 avg_us{in_sync=0 exec=4669 out_sync=70852 total=75523} out_bytes_avg=4838400 n=10
[ax_runner_axcl] profile runner=0xffffb400d388 devid=0 grpid=0 avg_us{in_sync=0 exec=3460 out_sync=103866 total=107327} out_bytes_avg=7174400 n=6
[2026-09-16T18:43:45.271] [INFO] [T:281467281927872] RTSP OPTIONS rtsp://127.0.0.1:8554/overview/
[ax_runner_axcl] profile runner=0xffffb41498f0 devid=0 grpid=0 avg_us{in_sync=0 exec=3471 out_sync=64877 total=68352} out_bytes_avg=2822400 n=10
[ax_runner_axcl] profile runner=0xffffb41e96c0 devid=0 grpid=0 avg_us{in_sync=0 exec=5374 out_sync=68954 total=74330} out_bytes_avg=4838400 n=10
[ax_runner_axcl] profile runner=0xffffb401a478 devid=0 grpid=0 avg_us{in_sync=0 exec=6636 out_sync=13666 total=20303} out_bytes_avg=2359296 n=10
[ax_runner_axcl] profile runner=0xffffb40c8990 devid=0 grpid=0 avg_us{in_sync=0 exec=1228 out_sync=22792 total=24022} out_bytes_avg=30800 n=13
[ax_runner_axcl] profile runner=0xffffb410e2f0 devid=0 grpid=0 avg_us{in_sync=0 exec=4935 out_sync=70304 total=75241} out_bytes_avg=4838400 n=10
[ax_runner_axcl] profile runner=0xffffb400d388 devid=0 grpid=0 avg_us{in_sync=0 exec=3994 out_sync=104184 total=108179} out_bytes_avg=7174400 n=6
[ax_runner_axcl] profile runner=0xffffb41498f0 devid=0 grpid=0 avg_us{in_sync=0 exec=2161 out_sync=62840 total=65003} out_bytes_avg=2822400 n=11
[ax_runner_axcl] profile runner=0xffffb41e96c0 devid=0 grpid=0 avg_us{in_sync=0 exec=4669 out_sync=73898 total=78568} out_bytes_avg=4838400 n=10
[ax_runner_axcl] profile runner=0xffffb401a478 devid=0 grpid=0 avg_us{in_sync=0 exec=6819 out_sync=12480 total=19301} out_bytes_avg=2359296 n=11
{"channels":[{"decoded":842,"dropped":0,"encoded":842,"infer_fps":11.999036581753659,"inferred":842,"lr":0,"mux_errors":0,"name":"pcd","objects":10,"process_ms":37.700656001106836,"render_ms":6.753876001312165,"render_replaced":0,"rendered":842,"result_age":0.08877527200093027,"rl":0,"submit_errors":0},{"decoded":1752,"dropped":0,"encoded":1746,"infer_fps":9.499237293888314,"inferred":662,"lr":0,"mux_errors":0,"name":"vehicle","objects":6,"process_ms":98.75166900019394,"render_ms":4.370070000732085,"render_replaced":0,"rendered":1746,"result_age":0.10789489300077548,"rl":0,"submit_errors":0},{"decoded":2105,"dropped":0,"encoded":2104,"infer_fps":5.699542376332988,"inferred":387,"lr":0,"mux_errors":0,"name":"seg","objects":1,"process_ms":164.94496399900527,"render_ms":7.368130001850659,"render_replaced":0,"rendered":2105,"result_age":0.0923329190009099,"rl":0,"submit_errors":0},{"decoded":2101,"dropped":0,"encoded":2096,"infer_fps":9.499237293888314,"inferred":668,"lr":0,"mux_errors":0,"name":"driving","objects":2,"process_ms":101.76606300228741,"render_ms":6.695541997032706,"render_replaced":0,"rendered":2097,"result_age":0.01586122599837836,"rl":0,"submit_errors":0},{"decoded":1683,"dropped":0,"encoded":1682,"infer_fps":10.299173066005224,"inferred":721,"lr":0,"mux_errors":0,"name":"depth","objects":0,"process_ms":95.82244199918932,"render_ms":7.0216280000749975,"render_replaced":0,"rendered":1682,"result_age":0.05224553999869386,"rl":0,"submit_errors":0},{"decoded":1688,"dropped":0,"encoded":1688,"infer_fps":9.299253350859086,"inferred":651,"lr":0,"mux_errors":0,"name":"count","objects":8,"process_ms":95.87494200241053,"render_ms":4.344695000327192,"render_replaced":0,"rendered":1688,"result_age":0.09528693899846985,"rl":6,"submit_errors":0}],"elapsed":70.10230396200132,"event":"stats","overview_dropped":0,"overview_encoded":2097,"overview_mux_errors":0}
[ax_runner_axcl] profile runner=0xffffb410e2f0 devid=0 grpid=0 avg_us{in_sync=0 exec=4402 out_sync=78787 total=83191} out_bytes_avg=4838400 n=9
[ax_runner_axcl] profile runner=0xffffb40c8990 devid=0 grpid=0 avg_us{in_sync=0 exec=1094 out_sync=17451 total=18546} out_bytes_avg=30800 n=13
[ax_runner_axcl] profile runner=0xffffb400d388 devid=0 grpid=0 avg_us{in_sync=0 exec=3380 out_sync=101717 total=105099} out_bytes_avg=7174400 n=7
[ax_runner_axcl] profile runner=0xffffb41498f0 devid=0 grpid=0 avg_us{in_sync=0 exec=2684 out_sync=64994 total=67681} out_bytes_avg=2822400 n=10
[ax_runner_axcl] profile runner=0xffffb41e96c0 devid=0 grpid=0 avg_us{in_sync=0 exec=4494 out_sync=70962 total=75459} out_bytes_avg=4838400 n=10
[ax_runner_axcl] profile runner=0xffffb401a478 devid=0 grpid=0 avg_us{in_sync=0 exec=7598 out_sync=13868 total=21468} out_bytes_avg=2359296 n=10
[ax_runner_axcl] profile runner=0xffffb410e2f0 devid=0 grpid=0 avg_us{in_sync=0 exec=5137 out_sync=71968 total=77107} out_bytes_avg=4838400 n=10
[ax_runner_axcl] profile runner=0xffffb40c8990 devid=0 grpid=0 avg_us{in_sync=0 exec=1541 out_sync=21122 total=22666} out_bytes_avg=30800 n=12
[ax_runner_axcl] profile runner=0xffffb400d388 devid=0 grpid=0 avg_us{in_sync=0 exec=3052 out_sync=101156 total=104210} out_bytes_avg=7174400 n=6
[ax_runner_axcl] profile runner=0xffffb41498f0 devid=0 grpid=0 avg_us{in_sync=0 exec=3328 out_sync=68223 total=71554} out_bytes_avg=2822400 n=10
[ax_runner_axcl] profile runner=0xffffb401a478 devid=0 grpid=0 avg_us{in_sync=0 exec=6559 out_sync=14951 total=21513} out_bytes_avg=2359296 n=11
[ax_runner_axcl] profile runner=0xffffb41e96c0 devid=0 grpid=0 avg_us{in_sync=0 exec=4640 out_sync=68341 total=72983} out_bytes_avg=4838400 n=10
[ax_runner_axcl] profile runner=0xffffb40c8990 devid=0 grpid=0 avg_us{in_sync=0 exec=1304 out_sync=23505 total=24810} out_bytes_avg=30800 n=13
[ax_runner_axcl] profile runner=0xffffb410e2f0 devid=0 grpid=0 avg_us{in_sync=0 exec=4242 out_sync=68717 total=72961} out_bytes_avg=4838400 n=10
[ax_runner_axcl] profile runner=0xffffb400d388 devid=0 grpid=0 avg_us{in_sync=0 exec=2937 out_sync=107295 total=110235} out_bytes_avg=7174400 n=6
[ax_runner_axcl] profile runner=0xffffb41498f0 devid=0 grpid=0 avg_us{in_sync=0 exec=2593 out_sync=66980 total=69581} out_bytes_avg=2822400 n=10
[ax_runner_axcl] profile runner=0xffffb401a478 devid=0 grpid=0 avg_us{in_sync=0 exec=7822 out_sync=12899 total=20722} out_bytes_avg=2359296 n=10
[ax_runner_axcl] profile runner=0xffffb41e96c0 devid=0 grpid=0 avg_us{in_sync=0 exec=4488 out_sync=64399 total=68890} out_bytes_avg=4838400 n=10
[ax_runner_axcl] profile runner=0xffffb40c8990 devid=0 grpid=0 avg_us{in_sync=0 exec=1260 out_sync=19993 total=21255} out_bytes_avg=30800 n=13
[ax_runner_axcl] profile runner=0xffffb410e2f0 devid=0 grpid=0 avg_us{in_sync=0 exec=4637 out_sync=76773 total=81412} out_bytes_avg=4838400 n=10
[ax_runner_axcl] profile runner=0xffffb400d388 devid=0 grpid=0 avg_us{in_sync=0 exec=3240 out_sync=87486 total=90728} out_bytes_avg=7174400 n=7
[ax_runner_axcl] profile runner=0xffffb41498f0 devid=0 grpid=0 avg_us{in_sync=0 exec=2853 out_sync=74794 total=77650} out_bytes_avg=2822400 n=9
[ax_runner_axcl] profile runner=0xffffb401a478 devid=0 grpid=0 avg_us{in_sync=0 exec=6775 out_sync=15251 total=22028} out_bytes_avg=2359296 n=11
[ax_runner_axcl] profile runner=0xffffb41e96c0 devid=0 grpid=0 avg_us{in_sync=0 exec=4756 out_sync=72607 total=77365} out_bytes_avg=4838400 n=9
[ax_runner_axcl] profile runner=0xffffb40c8990 devid=0 grpid=0 avg_us{in_sync=0 exec=2009 out_sync=21947 total=23958} out_bytes_avg=30800 n=12
[ax_runner_axcl] profile runner=0xffffb410e2f0 devid=0 grpid=0 avg_us{in_sync=0 exec=5350 out_sync=79988 total=85340} out_bytes_avg=4838400 n=9
[ax_runner_axcl] profile runner=0xffffb400d388 devid=0 grpid=0 avg_us{in_sync=0 exec=2856 out_sync=71150 total=74008} out_bytes_avg=7174400 n=7
[ax_runner_axcl] profile runner=0xffffb41498f0 devid=0 grpid=0 avg_us{in_sync=0 exec=2450 out_sync=64865 total=67318} out_bytes_avg=2822400 n=10
[ax_runner_axcl] profile runner=0xffffb401a478 devid=0 grpid=0 avg_us{in_sync=0 exec=6652 out_sync=11994 total=18648} out_bytes_avg=2359296 n=11
[ax_runner_axcl] profile runner=0xffffb41e96c0 devid=0 grpid=0 avg_us{in_sync=0 exec=4501 out_sync=69508 total=74011} out_bytes_avg=4838400 n=10
[ax_runner_axcl] profile runner=0xffffb40c8990 devid=0 grpid=0 avg_us{in_sync=0 exec=2222 out_sync=22770 total=24995} out_bytes_avg=30800 n=13
[ax_runner_axcl] profile runner=0xffffb410e2f0 devid=0 grpid=0 avg_us{in_sync=0 exec=4735 out_sync=70944 total=75681} out_bytes_avg=4838400 n=10
[ax_runner_axcl] profile runner=0xffffb400d388 devid=0 grpid=0 avg_us{in_sync=0 exec=3388 out_sync=102621 total=106011} out_bytes_avg=7174400 n=6
{"event":"count_loop_reset","loop":6}
[ax_runner_axcl] profile runner=0xffffb41498f0 devid=0 grpid=0 avg_us{in_sync=0 exec=2568 out_sync=59674 total=62245} out_bytes_avg=2822400 n=11
[ax_runner_axcl] profile runner=0xffffb401a478 devid=0 grpid=0 avg_us{in_sync=0 exec=6678 out_sync=14618 total=21298} out_bytes_avg=2359296 n=11
[ax_runner_axcl] profile runner=0xffffb41e96c0 devid=0 grpid=0 avg_us{in_sync=0 exec=5083 out_sync=73265 total=78349} out_bytes_avg=4838400 n=10
[ax_runner_axcl] profile runner=0xffffb40c8990 devid=0 grpid=0 avg_us{in_sync=0 exec=2010 out_sync=16772 total=18784} out_bytes_avg=30800 n=13
[ax_runner_axcl] profile runner=0xffffb410e2f0 devid=0 grpid=0 avg_us{in_sync=0 exec=5276 out_sync=72415 total=77694} out_bytes_avg=4838400 n=10
[ax_runner_axcl] profile runner=0xffffb400d388 devid=0 grpid=0 avg_us{in_sync=0 exec=3300 out_sync=105181 total=108482} out_bytes_avg=7174400 n=7
[ax_runner_axcl] profile runner=0xffffb41498f0 devid=0 grpid=0 avg_us{in_sync=0 exec=2997 out_sync=68397 total=71397} out_bytes_avg=2822400 n=10
[ax_runner_axcl] profile runner=0xffffb401a478 devid=0 grpid=0 avg_us{in_sync=0 exec=6723 out_sync=11830 total=18555} out_bytes_avg=2359296 n=11
[ax_runner_axcl] profile runner=0xffffb41e96c0 devid=0 grpid=0 avg_us{in_sync=0 exec=4818 out_sync=69164 total=73986} out_bytes_avg=4838400 n=10
[ax_runner_axcl] profile runner=0xffffb40c8990 devid=0 grpid=0 avg_us{in_sync=0 exec=1912 out_sync=18625 total=20539} out_bytes_avg=30800 n=12
[ax_runner_axcl] profile runner=0xffffb410e2f0 devid=0 grpid=0 avg_us{in_sync=0 exec=4610 out_sync=71132 total=75744} out_bytes_avg=4838400 n=10
[ax_runner_axcl] profile runner=0xffffb400d388 devid=0 grpid=0 avg_us{in_sync=0 exec=4042 out_sync=97686 total=101729} out_bytes_avg=7174400 n=6
[ax_runner_axcl] profile runner=0xffffb41498f0 devid=0 grpid=0 avg_us{in_sync=0 exec=2737 out_sync=62622 total=65362} out_bytes_avg=2822400 n=11
[ax_runner_axcl] profile runner=0xffffb401a478 devid=0 grpid=0 avg_us{in_sync=0 exec=6677 out_sync=12452 total=19131} out_bytes_avg=2359296 n=10
[ax_runner_axcl] profile runner=0xffffb41e96c0 devid=0 grpid=0 avg_us{in_sync=0 exec=4742 out_sync=71068 total=75812} out_bytes_avg=4838400 n=10
[ax_runner_axcl] profile runner=0xffffb40c8990 devid=0 grpid=0 avg_us{in_sync=0 exec=1738 out_sync=18898 total=20639} out_bytes_avg=30800 n=13
[ax_runner_axcl] profile runner=0xffffb410e2f0 devid=0 grpid=0 avg_us{in_sync=0 exec=4334 out_sync=70461 total=74797} out_bytes_avg=4838400 n=10
{"direction":"right_to_left","event":"crossing","id":273,"lr":0,"rl":7}
[ax_runner_axcl] profile runner=0xffffb400d388 devid=0 grpid=0 avg_us{in_sync=0 exec=2858 out_sync=99691 total=102551} out_bytes_avg=7174400 n=6
[ax_runner_axcl] profile runner=0xffffb41498f0 devid=0 grpid=0 avg_us{in_sync=0 exec=2361 out_sync=64142 total=66506} out_bytes_avg=2822400 n=10
[ax_runner_axcl] profile runner=0xffffb401a478 devid=0 grpid=0 avg_us{in_sync=0 exec=6756 out_sync=11207 total=17971} out_bytes_avg=2359296 n=11
[ax_runner_axcl] profile runner=0xffffb40c8990 devid=0 grpid=0 avg_us{in_sync=0 exec=2102 out_sync=20377 total=22481} out_bytes_avg=30800 n=12
[ax_runner_axcl] profile runner=0xffffb41e96c0 devid=0 grpid=0 avg_us{in_sync=0 exec=4815 out_sync=70072 total=74888} out_bytes_avg=4838400 n=10
[ax_runner_axcl] profile runner=0xffffb410e2f0 devid=0 grpid=0 avg_us{in_sync=0 exec=5071 out_sync=66668 total=71740} out_bytes_avg=4838400 n=10
{"channels":[{"decoded":962,"dropped":0,"encoded":961,"infer_fps":11.899504244047222,"inferred":961,"lr":0,"mux_errors":0,"name":"pcd","objects":9,"process_ms":56.77327700323076,"render_ms":4.669445999752497,"render_replaced":0,"rendered":962,"result_age":0.07068744799835258,"rl":0,"submit_errors":0},{"decoded":2003,"dropped":0,"encoded":1995,"infer_fps":9.299612560473879,"inferred":755,"lr":0,"mux_errors":0,"name":"vehicle","objects":4,"process_ms":104.8454989977472,"render_ms":9.647810999013018,"render_replaced":0,"rendered":1997,"result_age":0.02858497299894225,"rl":0,"submit_errors":0},{"decoded":2406,"dropped":0,"encoded":2404,"infer_fps":5.899754205031816,"inferred":446,"lr":0,"mux_errors":0,"name":"seg","objects":1,"process_ms":161.09860600045067,"render_ms":13.077540999802295,"render_replaced":0,"rendered":2405,"result_age":0.08379998999953386,"rl":0,"submit_errors":0},{"decoded":2400,"dropped":0,"encoded":2394,"infer_fps":9.59960006242465,"inferred":764,"lr":0,"mux_errors":0,"name":"driving","objects":0,"process_ms":100.30117900168989,"render_ms":9.766978000698145,"render_replaced":0,"rendered":2396,"result_age":0.08052659399982076,"rl":0,"submit_errors":0},{"decoded":1923,"dropped":0,"encoded":1922,"infer_fps":10.29957090030978,"inferred":824,"lr":0,"mux_errors":0,"name":"depth","objects":0,"process_ms":97.52491100152838,"render_ms":12.307245000556577,"render_replaced":0,"rendered":1923,"result_age":0.08978998699967633,"rl":0,"submit_errors":0},{"decoded":1929,"dropped":0,"encoded":1928,"infer_fps":9.199616726490289,"inferred":743,"lr":0,"mux_errors":0,"name":"count","objects":7,"process_ms":97.9950809996808,"render_ms":8.465679002256365,"render_replaced":0,"rendered":1929,"result_age":0.10218793999956688,"rl":7,"submit_errors":0}],"elapsed":80.10272058099872,"event":"stats","overview_dropped":0,"overview_encoded":2397,"overview_mux_errors":0}
[ax_runner_axcl] profile runner=0xffffb400d388 devid=0 grpid=0 avg_us{in_sync=0 exec=3000 out_sync=107358 total=110359} out_bytes_avg=7174400 n=6
[ax_runner_axcl] profile runner=0xffffb41498f0 devid=0 grpid=0 avg_us{in_sync=0 exec=2901 out_sync=66033 total=68937} out_bytes_avg=2822400 n=10
[ax_runner_axcl] profile runner=0xffffb401a478 devid=0 grpid=0 avg_us{in_sync=0 exec=6791 out_sync=15684 total=22477} out_bytes_avg=2359296 n=11
[ax_runner_axcl] profile runner=0xffffb410e2f0 devid=0 grpid=0 avg_us{in_sync=0 exec=4325 out_sync=65249 total=69577} out_bytes_avg=4838400 n=10
[ax_runner_axcl] profile runner=0xffffb40c8990 devid=0 grpid=0 avg_us{in_sync=0 exec=1037 out_sync=20175 total=21213} out_bytes_avg=30800 n=13
[ax_runner_axcl] profile runner=0xffffb41e96c0 devid=0 grpid=0 avg_us{in_sync=0 exec=4551 out_sync=65020 total=69573} out_bytes_avg=4838400 n=10
[ax_runner_axcl] profile runner=0xffffb400d388 devid=0 grpid=0 avg_us{in_sync=0 exec=3006 out_sync=102263 total=105271} out_bytes_avg=7174400 n=6
[ax_runner_axcl] profile runner=0xffffb41498f0 devid=0 grpid=0 avg_us{in_sync=0 exec=2518 out_sync=59998 total=62518} out_bytes_avg=2822400 n=11
[ax_runner_axcl] profile runner=0xffffb401a478 devid=0 grpid=0 avg_us{in_sync=0 exec=6586 out_sync=15274 total=21861} out_bytes_avg=2359296 n=11
[ax_runner_axcl] profile runner=0xffffb40c8990 devid=0 grpid=0 avg_us{in_sync=0 exec=1407 out_sync=19614 total=21023} out_bytes_avg=30800 n=12
[ax_runner_axcl] profile runner=0xffffb410e2f0 devid=0 grpid=0 avg_us{in_sync=0 exec=4894 out_sync=68036 total=72932} out_bytes_avg=4838400 n=10
[ax_runner_axcl] profile runner=0xffffb41e96c0 devid=0 grpid=0 avg_us{in_sync=0 exec=4778 out_sync=68155 total=72935} out_bytes_avg=4838400 n=10
[ax_runner_axcl] profile runner=0xffffb41498f0 devid=0 grpid=0 avg_us{in_sync=0 exec=3169 out_sync=69656 total=72832} out_bytes_avg=2822400 n=10
[ax_runner_axcl] profile runner=0xffffb400d388 devid=0 grpid=0 avg_us{in_sync=0 exec=2962 out_sync=107284 total=110247} out_bytes_avg=7174400 n=5
[ax_runner_axcl] profile runner=0xffffb401a478 devid=0 grpid=0 avg_us{in_sync=0 exec=6936 out_sync=16057 total=22994} out_bytes_avg=2359296 n=10
[ax_runner_axcl] profile runner=0xffffb40c8990 devid=0 grpid=0 avg_us{in_sync=0 exec=1890 out_sync=15828 total=17720} out_bytes_avg=30800 n=12
[ax_runner_axcl] profile runner=0xffffb410e2f0 devid=0 grpid=0 avg_us{in_sync=0 exec=5187 out_sync=73746 total=78940} out_bytes_avg=4838400 n=10
[ax_runner_axcl] profile runner=0xffffb41e96c0 devid=0 grpid=0 avg_us{in_sync=0 exec=4721 out_sync=74926 total=79650} out_bytes_avg=4838400 n=9
[ax_runner_axcl] profile runner=0xffffb41498f0 devid=0 grpid=0 avg_us{in_sync=0 exec=2142 out_sync=61001 total=63145} out_bytes_avg=2822400 n=11
[ax_runner_axcl] profile runner=0xffffb401a478 devid=0 grpid=0 avg_us{in_sync=0 exec=6897 out_sync=14032 total=20930} out_bytes_avg=2359296 n=11
[ax_runner_axcl] profile runner=0xffffb400d388 devid=0 grpid=0 avg_us{in_sync=0 exec=2822 out_sync=101592 total=104416} out_bytes_avg=7174400 n=6
[ax_runner_axcl] profile runner=0xffffb40c8990 devid=0 grpid=0 avg_us{in_sync=0 exec=1049 out_sync=18823 total=19874} out_bytes_avg=30800 n=13
[ax_runner_axcl] profile runner=0xffffb410e2f0 devid=0 grpid=0 avg_us{in_sync=0 exec=4564 out_sync=72078 total=76644} out_bytes_avg=4838400 n=10
[ax_runner_axcl] profile runner=0xffffb41e96c0 devid=0 grpid=0 avg_us{in_sync=0 exec=4405 out_sync=71058 total=75465} out_bytes_avg=4838400 n=10
[ax_runner_axcl] profile runner=0xffffb41498f0 devid=0 grpid=0 avg_us{in_sync=0 exec=2449 out_sync=60395 total=62848} out_bytes_avg=2822400 n=10
[ax_runner_axcl] profile runner=0xffffb401a478 devid=0 grpid=0 avg_us{in_sync=0 exec=6673 out_sync=16031 total=22705} out_bytes_avg=2359296 n=11
[ax_runner_axcl] profile runner=0xffffb400d388 devid=0 grpid=0 avg_us{in_sync=0 exec=3074 out_sync=97852 total=100928} out_bytes_avg=7174400 n=5
[ax_runner_axcl] profile runner=0xffffb40c8990 devid=0 grpid=0 avg_us{in_sync=0 exec=1564 out_sync=20873 total=22439} out_bytes_avg=30800 n=12
[ax_runner_axcl] profile runner=0xffffb410e2f0 devid=0 grpid=0 avg_us{in_sync=0 exec=4473 out_sync=66037 total=70512} out_bytes_avg=4838400 n=10
[ax_runner_axcl] profile runner=0xffffb41e96c0 devid=0 grpid=0 avg_us{in_sync=0 exec=4867 out_sync=67066 total=71935} out_bytes_avg=4838400 n=10
[ax_runner_axcl] profile runner=0xffffb41498f0 devid=0 grpid=0 avg_us{in_sync=0 exec=2552 out_sync=60719 total=63274} out_bytes_avg=2822400 n=10
[ax_runner_axcl] profile runner=0xffffb401a478 devid=0 grpid=0 avg_us{in_sync=0 exec=6669 out_sync=14070 total=20740} out_bytes_avg=2359296 n=11
[ax_runner_axcl] profile runner=0xffffb40c8990 devid=0 grpid=0 avg_us{in_sync=0 exec=1580 out_sync=22181 total=23763} out_bytes_avg=30800 n=12
[ax_runner_axcl] profile runner=0xffffb400d388 devid=0 grpid=0 avg_us{in_sync=0 exec=4572 out_sync=102335 total=106910} out_bytes_avg=7174400 n=6
[ax_runner_axcl] profile runner=0xffffb410e2f0 devid=0 grpid=0 avg_us{in_sync=0 exec=4727 out_sync=66510 total=71239} out_bytes_avg=4838400 n=11
[ax_runner_axcl] profile runner=0xffffb41e96c0 devid=0 grpid=0 avg_us{in_sync=0 exec=4660 out_sync=70167 total=74830} out_bytes_avg=4838400 n=10
[ax_runner_axcl] profile runner=0xffffb41498f0 devid=0 grpid=0 avg_us{in_sync=0 exec=2833 out_sync=70469 total=73305} out_bytes_avg=2822400 n=10
[ax_runner_axcl] profile runner=0xffffb401a478 devid=0 grpid=0 avg_us{in_sync=0 exec=6752 out_sync=14472 total=21226} out_bytes_avg=2359296 n=11
[ax_runner_axcl] profile runner=0xffffb40c8990 devid=0 grpid=0 avg_us{in_sync=0 exec=1925 out_sync=21892 total=23819} out_bytes_avg=30800 n=13
[ax_runner_axcl] profile runner=0xffffb400d388 devid=0 grpid=0 avg_us{in_sync=0 exec=3100 out_sync=104615 total=107717} out_bytes_avg=7174400 n=6
[ax_runner_axcl] profile runner=0xffffb410e2f0 devid=0 grpid=0 avg_us{in_sync=0 exec=5404 out_sync=66341 total=71747} out_bytes_avg=4838400 n=10
[ax_runner_axcl] profile runner=0xffffb41e96c0 devid=0 grpid=0 avg_us{in_sync=0 exec=4616 out_sync=70373 total=74991} out_bytes_avg=4838400 n=10
