json file
16:36:12.327 INF operator():132 | AXCL engine VNPU kind=0
16:36:12.371 INF operator():132 | AXCL engine VNPU kind=0
[2026-09-16T16:36:12.399] [INFO] [T:281473639952064] Added path: /pcd
[2026-09-16T16:36:12.400] [INFO] [T:281473639952064] RTSP server started on 0.0.0.0:8554
16:36:12.463 INF operator():132 | AXCL engine VNPU kind=0
[2026-09-16T16:36:12.684] [INFO] [T:281473639952064] Added path: /vehicle
16:36:12.726 INF operator():132 | AXCL engine VNPU kind=0
[2026-09-16T16:36:12.744] [INFO] [T:281473639952064] Added path: /helmet
{"event":"model","input":[1,768,768,3],"kind":"depth","outputs":[{"bytes":2359296,"name":"depth","shape":[1,1,768,768]}]}
[2026-09-16T16:36:12.945] [INFO] [T:281473639952064] Added path: /depth
{"event":"model","input":[1,640,640,3],"kind":"seg","outputs":[{"bytes":102400,"name":"output0","shape":[1,80,80,4]},{"bytes":2048000,"name":"output1","shape":[1,80,80,80]},{"bytes":819200,"name":"674","shape":[1,80,80,32]},{"bytes":25600,"name":"696","shape":[1,40,40,4]},{"bytes":512000,"name":"736","shape":[1,40,40,80]},{"bytes":204800,"name":"758","shape":[1,40,40,32]},{"bytes":6400,"name":"780","shape":[1,20,20,4]},{"bytes":128000,"name":"820","shape":[1,20,20,80]},{"bytes":51200,"name":"842","shape":[1,20,20,32]},{"bytes":3276800,"name":"935","shape":[1,32,160,160]}]}
[2026-09-16T16:36:13.121] [INFO] [T:281473639952064] Added path: /seg
[2026-09-16T16:36:13.370] [INFO] [T:281473639952064] Added path: /count
[2026-09-16T16:36:13.378] [INFO] [T:281473639952064] Added path: /overview
pipeline demux: pkt=0 bytes=435554 pts=0 dur=83333 key=1
pipeline demux: pkt=0 bytes=195392 pts=120000 dur=40000 key=1
pipeline demux: pkt=0 bytes=218394 pts=0 dur=33333 key=1
pipeline demux: pkt=0 bytes=320653 pts=0 dur=33366 key=1
pipeline demux: pkt=0 bytes=268325 pts=0 dur=41708 key=1
pipeline demux: pkt=0 bytes=282655 pts=0 dur=41666 key=1
pipeline demux: pkt=1 bytes=21852 pts=33333 dur=33333 key=0
pipeline demux: pkt=1 bytes=89831 pts=33366 dur=33366 key=0
pipeline demux: pkt=1 bytes=68400 pts=240000 dur=40000 key=0
pipeline demux: pkt=1 bytes=6279 pts=41708 dur=41708 key=0
pipeline demux: pkt=1 bytes=32929 pts=41666 dur=41666 key=0
pipeline demux: pkt=2 bytes=44752 pts=66666 dur=33333 key=0
pipeline demux: pkt=2 bytes=102209 pts=66733 dur=33366 key=0
pipeline demux: pkt=2 bytes=22014 pts=160000 dur=40000 key=0
pipeline demux: pkt=1 bytes=39182 pts=83333 dur=83333 key=0
pipeline demux: pkt=2 bytes=9049 pts=83416 dur=41708 key=0
pipeline demux: pkt=2 bytes=55694 pts=83333 dur=41666 key=0
pipeline demux: pkt=2 bytes=64122 pts=166666 dur=83333 key=0
[2026-09-16T16:36:13.612] [INFO] [T:281471604354752] Auto-updated H264 parameter sets for path: /helmet
[2026-09-16T16:36:13.613] [INFO] [T:281473049898688] Auto-updated H264 parameter sets for path: /pcd
[2026-09-16T16:36:13.856] [INFO] [T:281471258660544] Auto-updated H264 parameter sets for path: /depth
[2026-09-16T16:36:13.872] [INFO] [T:281470815956672] Auto-updated H264 parameter sets for path: /count
[2026-09-16T16:36:13.984] [INFO] [T:281472782810816] Auto-updated H264 parameter sets for path: /vehicle
[2026-09-16T16:36:14.003] [INFO] [T:281471105040064] Auto-updated H264 parameter sets for path: /seg
[2026-09-16T16:36:14.050] [INFO] [T:281470681738944] Auto-updated H264 parameter sets for path: /overview
{"direction":"right_to_left","event":"crossing","id":24,"lr":0,"rl":1}
{"channels":[{"decoded":121,"dropped":0,"encoded":99,"infer_fps":6.6933844395418225,"inferred":67,"lr":0,"mux_errors":0,"name":"pcd","objects":4,"process_ms":148.35640100136516,"result_age":0.060299929999018786,"rl":0,"submit_errors":0,"upload_replaced":0},{"decoded":249,"dropped":0,"encoded":96,"infer_fps":3.796247891083422,"inferred":38,"lr":0,"mux_errors":0,"name":"vehicle","objects":6,"process_ms":223.70404200046323,"result_age":0.14124437900318298,"rl":0,"submit_errors":0,"upload_replaced":0},{"decoded":302,"dropped":0,"encoded":98,"infer_fps":7.3926932615835055,"inferred":74,"lr":0,"mux_errors":0,"name":"helmet","objects":0,"process_ms":107.82453000138048,"result_age":0.03775169499931508,"rl":0,"submit_errors":0,"upload_replaced":0},{"decoded":302,"dropped":0,"encoded":97,"infer_fps":3.9960504116667597,"inferred":40,"lr":0,"mux_errors":0,"name":"depth","objects":0,"process_ms":240.52450899762334,"result_age":0.12017110799934017,"rl":0,"submit_errors":0,"upload_replaced":0},{"decoded":241,"dropped":0,"encoded":96,"infer_fps":1.9980252058333798,"inferred":20,"lr":0,"mux_errors":0,"name":"seg","objects":12,"process_ms":425.41780999818,"result_age":0.22568417400179897,"rl":0,"submit_errors":0,"upload_replaced":0},{"decoded":242,"dropped":0,"encoded":96,"infer_fps":3.796247891083422,"inferred":38,"lr":0,"mux_errors":0,"name":"count","objects":7,"process_ms":240.1683829993999,"result_age":0.19491820599796483,"rl":1,"submit_errors":0,"upload_replaced":0}],"elapsed":10.009883729999274,"event":"stats","overview_dropped":0,"overview_encoded":95,"overview_mux_errors":0}
{"event":"count_loop_reset","loop":1}
{"direction":"right_to_left","event":"crossing","id":61,"lr":0,"rl":2}
{"channels":[{"decoded":242,"dropped":0,"encoded":200,"infer_fps":7.128908477241922,"inferred":139,"lr":0,"mux_errors":0,"name":"pcd","objects":1,"process_ms":171.07321900039096,"result_age":0.02322577800077852,"rl":0,"submit_errors":0,"upload_replaced":0},{"decoded":501,"dropped":0,"encoded":197,"infer_fps":3.7624794740999032,"inferred":76,"lr":0,"mux_errors":0,"name":"vehicle","objects":7,"process_ms":195.24020799872233,"result_age":0.1296680949999427,"rl":0,"submit_errors":0,"upload_replaced":0},{"decoded":605,"dropped":0,"encoded":199,"infer_fps":7.02989585950245,"inferred":145,"lr":0,"mux_errors":0,"name":"helmet","objects":0,"process_ms":171.8925120003405,"result_age":0.024180697000701912,"rl":0,"submit_errors":0,"upload_replaced":0},{"decoded":605,"dropped":0,"encoded":197,"infer_fps":4.059517327318317,"inferred":81,"lr":0,"mux_errors":0,"name":"depth","objects":0,"process_ms":227.76172099838732,"result_age":0.20937558299920056,"rl":0,"submit_errors":0,"upload_replaced":0},{"decoded":484,"dropped":0,"encoded":196,"infer_fps":1.9802523547894226,"inferred":40,"lr":0,"mux_errors":0,"name":"seg","objects":13,"process_ms":495.44864400013466,"result_age":0.16138577300080215,"rl":0,"submit_errors":0,"upload_replaced":0},{"decoded":485,"dropped":0,"encoded":197,"infer_fps":3.663466856360432,"inferred":75,"lr":0,"mux_errors":0,"name":"count","objects":7,"process_ms":198.12334099697182,"result_age":0.21093192099942826,"rl":2,"submit_errors":0,"upload_replaced":0}],"elapsed":20.109606601999985,"event":"stats","overview_dropped":0,"overview_encoded":196,"overview_mux_errors":0}
{"event":"count_loop_reset","loop":2}
{"direction":"right_to_left","event":"crossing","id":76,"lr":0,"rl":3}
{"channels":[{"decoded":363,"dropped":0,"encoded":300,"infer_fps":6.899252641907964,"inferred":208,"lr":0,"mux_errors":0,"name":"pcd","objects":2,"process_ms":166.75653900165344,"result_age":0.021560064000368584,"rl":0,"submit_errors":0,"upload_replaced":0},{"decoded":751,"dropped":0,"encoded":297,"infer_fps":3.6995992427622415,"inferred":113,"lr":0,"mux_errors":0,"name":"vehicle","objects":1,"process_ms":281.16254699853016,"result_age":0.27784220299872686,"rl":0,"submit_errors":0,"upload_replaced":0},{"decoded":905,"dropped":0,"encoded":299,"infer_fps":7.199220148077875,"inferred":217,"lr":0,"mux_errors":0,"name":"helmet","objects":0,"process_ms":161.856231999991,"result_age":0.0064166859992838,"rl":0,"submit_errors":0,"upload_replaced":0},{"decoded":906,"dropped":0,"encoded":298,"infer_fps":4.199545086378761,"inferred":123,"lr":0,"mux_errors":0,"name":"depth","objects":0,"process_ms":235.81816200021422,"result_age":0.04447463300311938,"rl":0,"submit_errors":0,"upload_replaced":0},{"decoded":723,"dropped":0,"encoded":297,"infer_fps":1.9997833744660765,"inferred":60,"lr":0,"mux_errors":0,"name":"seg","objects":8,"process_ms":432.06170499979635,"result_age":0.16623037099998328,"rl":0,"submit_errors":0,"upload_replaced":0},{"decoded":726,"dropped":0,"encoded":297,"infer_fps":3.5996100740389374,"inferred":111,"lr":0,"mux_errors":0,"name":"count","objects":6,"process_ms":250.7439559994964,"result_age":0.28007929399973364,"rl":3,"submit_errors":0,"upload_replaced":0}],"elapsed":30.110689846998866,"event":"stats","overview_dropped":0,"overview_encoded":296,"overview_mux_errors":0}
{"event":"count_loop_reset","loop":3}
{"channels":[{"decoded":482,"dropped":0,"encoded":401,"infer_fps":6.798717622481371,"inferred":276,"lr":0,"mux_errors":0,"name":"pcd","objects":6,"process_ms":160.34714499983238,"result_age":0.03846132300168392,"rl":0,"submit_errors":0,"upload_replaced":0},{"decoded":1002,"dropped":0,"encoded":397,"infer_fps":3.7992833772690013,"inferred":151,"lr":0,"mux_errors":0,"name":"vehicle","objects":5,"process_ms":313.06805799977155,"result_age":0.09103293800217216,"rl":0,"submit_errors":0,"upload_replaced":0},{"decoded":1205,"dropped":0,"encoded":400,"infer_fps":7.098661047002608,"inferred":288,"lr":0,"mux_errors":0,"name":"helmet","objects":0,"process_ms":162.67173500091303,"result_age":0.02576649399998132,"rl":0,"submit_errors":0,"upload_replaced":0},{"decoded":1207,"dropped":0,"encoded":398,"infer_fps":4.199207943297318,"inferred":165,"lr":0,"mux_errors":0,"name":"depth","objects":0,"process_ms":282.3038419992372,"result_age":0.04269050199945923,"rl":0,"submit_errors":0,"upload_replaced":0},{"decoded":964,"dropped":0,"encoded":396,"infer_fps":1.9996228301415797,"inferred":80,"lr":0,"mux_errors":0,"name":"seg","objects":6,"process_ms":570.7137440003862,"result_age":0.3168200699983572,"rl":0,"submit_errors":0,"upload_replaced":0},{"decoded":967,"dropped":0,"encoded":397,"infer_fps":3.6993022357619227,"inferred":148,"lr":0,"mux_errors":0,"name":"count","objects":6,"process_ms":182.36191899995902,"result_age":0.2331546530003834,"rl":3,"submit_errors":0,"upload_replaced":0}],"elapsed":40.112576052000804,"event":"stats","overview_dropped":0,"overview_encoded":396,"overview_mux_errors":0}
{"direction":"right_to_left","event":"crossing","id":116,"lr":0,"rl":4}
[2026-09-16T16:36:55.203] [INFO] [T:281467054390976] RTSP OPTIONS rtsp://127.0.0.1:8554/overview
[2026-09-16T16:36:55.204] [INFO] [T:281467054390976] RTSP DESCRIBE rtsp://127.0.0.1:8554/overview
[2026-09-16T16:36:55.205] [INFO] [T:281467054390976] RTSP SETUP rtsp://127.0.0.1:8554/overview/stream
[2026-09-16T16:36:55.209] [INFO] [T:281467054390976] RTSP PLAY rtsp://127.0.0.1:8554/overview/
[2026-09-16T16:37:02.630] [INFO] [T:281467115327168] RTSP DESCRIBE rtsp://192.168.1.44:8554/pcd
[2026-09-16T16:37:02.653] [INFO] [T:281467014827712] RTSP DESCRIBE rtsp://192.168.1.44:8554/vehicle
[2026-09-16T16:37:02.669] [INFO] [T:281467006373568] RTSP DESCRIBE rtsp://192.168.1.44:8554/helmet
[2026-09-16T16:37:02.685] [INFO] [T:281466997919424] RTSP DESCRIBE rtsp://192.168.1.44:8554/depth
[2026-09-16T16:37:02.687] [INFO] [T:281467006373568] RTSP DESCRIBE rtsp://192.168.1.44:8554/seg
[2026-09-16T16:37:02.688] [INFO] [T:281467014827712] RTSP DESCRIBE rtsp://192.168.1.44:8554/count
[2026-09-16T16:37:02.700] [INFO] [T:281467115327168] RTSP DESCRIBE rtsp://192.168.1.44:8554/overview
{"channels":[{"decoded":604,"dropped":0,"encoded":501,"infer_fps":6.732501233923352,"inferred":344,"lr":0,"mux_errors":0,"name":"pcd","objects":8,"process_ms":113.90929799745209,"result_age":0.015190919999440666,"rl":0,"submit_errors":0,"upload_replaced":0},{"decoded":1255,"dropped":0,"encoded":498,"infer_fps":3.6632727302230004,"inferred":188,"lr":0,"mux_errors":0,"name":"vehicle","objects":3,"process_ms":307.7416259984602,"result_age":0.13689299099860364,"rl":0,"submit_errors":0,"upload_replaced":0},{"decoded":1509,"dropped":0,"encoded":501,"infer_fps":7.425552831533109,"inferred":363,"lr":0,"mux_errors":0,"name":"helmet","objects":0,"process_ms":100.56229999827337,"result_age":0.02696583000215469,"rl":0,"submit_errors":0,"upload_replaced":0},{"decoded":1511,"dropped":0,"encoded":499,"infer_fps":4.15830958565854,"inferred":207,"lr":0,"mux_errors":0,"name":"depth","objects":0,"process_ms":237.19483199965907,"result_age":0.045517636001022765,"rl":0,"submit_errors":0,"upload_replaced":0},{"decoded":1206,"dropped":0,"encoded":498,"infer_fps":1.9801474217421622,"inferred":100,"lr":0,"mux_errors":0,"name":"seg","objects":9,"process_ms":492.51330200058874,"result_age":0.34178797799904714,"rl":0,"submit_errors":0,"upload_replaced":0},{"decoded":1210,"dropped":0,"encoded":499,"infer_fps":3.6632727302230004,"inferred":185,"lr":0,"mux_errors":0,"name":"count","objects":6,"process_ms":237.20329100251547,"result_age":0.21250342600251315,"rl":4,"submit_errors":0,"upload_replaced":0}],"elapsed":50.21283413399942,"event":"stats","overview_dropped":0,"overview_encoded":497,"overview_mux_errors":0}
{"event":"count_loop_reset","loop":4}
{"direction":"right_to_left","event":"crossing","id":155,"lr":0,"rl":5}
{"channels":[{"decoded":725,"dropped":0,"encoded":602,"infer_fps":6.635932321030659,"inferred":411,"lr":0,"mux_errors":0,"name":"pcd","objects":9,"process_ms":123.34911799916881,"result_age":0.03324134899958153,"rl":0,"submit_errors":0,"upload_replaced":0},{"decoded":1508,"dropped":0,"encoded":600,"infer_fps":3.763663107450225,"inferred":226,"lr":0,"mux_errors":0,"name":"vehicle","objects":1,"process_ms":273.37998199800495,"result_age":0.1809840810019523,"rl":0,"submit_errors":0,"upload_replaced":0},{"decoded":1812,"dropped":0,"encoded":602,"infer_fps":7.230194916943852,"inferred":436,"lr":0,"mux_errors":0,"name":"helmet","objects":0,"process_ms":103.4393080008158,"result_age":0.019888809001713526,"rl":0,"submit_errors":0,"upload_replaced":0},{"decoded":1814,"dropped":0,"encoded":600,"infer_fps":4.159838171392353,"inferred":249,"lr":0,"mux_errors":0,"name":"depth","objects":0,"process_ms":245.40556599822594,"result_age":0.12063952600146877,"rl":0,"submit_errors":0,"upload_replaced":0},{"decoded":1448,"dropped":0,"encoded":599,"infer_fps":1.9808753197106446,"inferred":120,"lr":0,"mux_errors":0,"name":"seg","objects":13,"process_ms":506.98117899810313,"result_age":0.3410628919991723,"rl":0,"submit_errors":0,"upload_replaced":0},{"decoded":1453,"dropped":0,"encoded":599,"infer_fps":3.6646193414646926,"inferred":222,"lr":0,"mux_errors":0,"name":"count","objects":7,"process_ms":270.3874729995732,"result_age":0.20733274400117807,"rl":5,"submit_errors":0,"upload_replaced":0}],"elapsed":60.30938074699952,"event":"stats","overview_dropped":0,"overview_encoded":598,"overview_mux_errors":0}
{"event":"count_loop_reset","loop":5}
{"direction":"right_to_left","event":"crossing","id":193,"lr":0,"rl":6}
{"channels":[{"decoded":845,"dropped":0,"encoded":702,"infer_fps":6.498395005605856,"inferred":476,"lr":0,"mux_errors":0,"name":"pcd","objects":10,"process_ms":219.28352899703896,"result_age":0.07626289399922825,"rl":0,"submit_errors":0,"upload_replaced":0},{"decoded":1759,"dropped":0,"encoded":699,"infer_fps":3.7990616955849617,"inferred":264,"lr":0,"mux_errors":0,"name":"vehicle","objects":6,"process_ms":299.2196839986718,"result_age":0.06860574600068503,"rl":0,"submit_errors":0,"upload_replaced":0},{"decoded":2112,"dropped":0,"encoded":702,"infer_fps":7.198222160055717,"inferred":508,"lr":0,"mux_errors":0,"name":"helmet","objects":0,"process_ms":71.88409000082174,"result_age":0.014881169998261612,"rl":0,"submit_errors":0,"upload_replaced":0},{"decoded":2115,"dropped":0,"encoded":700,"infer_fps":4.198962926699168,"inferred":291,"lr":0,"mux_errors":0,"name":"depth","objects":0,"process_ms":268.78446900082054,"result_age":0.0018491720002202783,"rl":0,"submit_errors":0,"upload_replaced":0},{"decoded":1688,"dropped":0,"encoded":699,"infer_fps":1.9995061555710325,"inferred":140,"lr":0,"mux_errors":0,"name":"seg","objects":10,"process_ms":518.8155889991322,"result_age":0.3921697529985977,"rl":0,"submit_errors":0,"upload_replaced":0},{"decoded":1694,"dropped":0,"encoded":700,"infer_fps":3.69908638780641,"inferred":259,"lr":0,"mux_errors":0,"name":"count","objects":8,"process_ms":259.63485799729824,"result_age":0.04870906200085301,"rl":6,"submit_errors":0,"upload_replaced":0}],"elapsed":70.31185057900075,"event":"stats","overview_dropped":0,"overview_encoded":699,"overview_mux_errors":0}
[2026-09-16T16:37:25.254] [INFO] [T:281467054390976] RTSP OPTIONS rtsp://127.0.0.1:8554/overview/
{"event":"count_loop_reset","loop":6}
{"direction":"right_to_left","event":"crossing","id":250,"lr":0,"rl":7}
{"channels":[{"decoded":966,"dropped":0,"encoded":803,"infer_fps":6.634568479787521,"inferred":543,"lr":0,"mux_errors":0,"name":"pcd","objects":8,"process_ms":181.9915010019031,"result_age":0.11837064499923144,"rl":0,"submit_errors":0,"upload_replaced":0},{"decoded":2011,"dropped":0,"encoded":800,"infer_fps":3.6638661754050488,"inferred":301,"lr":0,"mux_errors":0,"name":"vehicle","objects":4,"process_ms":275.03519499805407,"result_age":0.1623663589998614,"rl":0,"submit_errors":0,"upload_replaced":0},{"decoded":2416,"dropped":0,"encoded":803,"infer_fps":7.129685530517933,"inferred":580,"lr":0,"mux_errors":0,"name":"helmet","objects":0,"process_ms":118.15772799673141,"result_age":0.0957112860014604,"rl":0,"submit_errors":0,"upload_replaced":0},{"decoded":2418,"dropped":0,"encoded":801,"infer_fps":4.059959815989378,"inferred":332,"lr":0,"mux_errors":0,"name":"depth","objects":0,"process_ms":264.42228900123155,"result_age":0.14717631399980746,"rl":0,"submit_errors":0,"upload_replaced":0},{"decoded":1931,"dropped":0,"encoded":800,"infer_fps":2.178515023213813,"inferred":162,"lr":0,"mux_errors":0,"name":"seg","objects":13,"process_ms":490.6142549989454,"result_age":0.011550908999197418,"rl":0,"submit_errors":0,"upload_replaced":0},{"decoded":1937,"dropped":0,"encoded":801,"infer_fps":3.6638661754050488,"inferred":296,"lr":0,"mux_errors":0,"name":"count","objects":6,"process_ms":283.67788800096605,"result_age":0.07866069300143863,"rl":7,"submit_errors":0,"upload_replaced":0}],"elapsed":80.41047269800038,"event":"stats","overview_dropped":0,"overview_encoded":799,"overview_mux_errors":0}
{"event":"count_loop_reset","loop":7}
{"channels":[{"decoded":1087,"dropped":0,"encoded":904,"infer_fps":6.631705968417846,"inferred":610,"lr":0,"mux_errors":0,"name":"pcd","objects":5,"process_ms":160.66652000154136,"result_age":0.16695720700226957,"rl":0,"submit_errors":0,"upload_replaced":0},{"decoded":2265,"dropped":0,"encoded":901,"infer_fps":3.761266071639972,"inferred":339,"lr":0,"mux_errors":0,"name":"vehicle","objects":1,"process_ms":246.40919299781672,"result_age":0.2706770980003057,"rl":0,"submit_errors":0,"upload_replaced":0},{"decoded":2719,"dropped":0,"encoded":904,"infer_fps":7.12660939889679,"inferred":652,"lr":0,"mux_errors":0,"name":"helmet","objects":0,"process_ms":130.87647299835226,"result_age":0.08653630000117118,"rl":0,"submit_errors":0,"upload_replaced":0},{"decoded":2722,"dropped":0,"encoded":901,"infer_fps":4.157188816023127,"inferred":374,"lr":0,"mux_errors":0,"name":"depth","objects":0,"process_ms":230.62268799913,"result_age":0.16365202900124132,"rl":0,"submit_errors":0,"upload_replaced":0},{"decoded":2174,"dropped":0,"encoded":901,"infer_fps":1.9796137219157748,"inferred":182,"lr":0,"mux_errors":0,"name":"seg","objects":9,"process_ms":457.9626580016338,"result_age":0.30969784000262734,"rl":0,"submit_errors":0,"upload_replaced":0},{"decoded":2181,"dropped":0,"encoded":901,"infer_fps":3.6622853855441835,"inferred":333,"lr":0,"mux_errors":0,"name":"count","objects":7,"process_ms":255.26509499832173,"result_age":0.1783552820015757,"rl":7,"submit_errors":0,"upload_replaced":0}],"elapsed":90.51345378900078,"event":"stats","overview_dropped":0,"overview_encoded":900,"overview_mux_errors":0}
{"direction":"right_to_left","event":"crossing","id":293,"lr":0,"rl":8}
{"channels":[{"decoded":1209,"dropped":0,"encoded":1005,"infer_fps":6.537253030552613,"inferred":676,"lr":0,"mux_errors":0,"name":"pcd","objects":8,"process_ms":133.80948299891315,"result_age":0.014472543000010774,"rl":0,"submit_errors":0,"upload_replaced":0},{"decoded":2517,"dropped":0,"encoded":1003,"infer_fps":3.8629222453265437,"inferred":378,"lr":0,"mux_errors":0,"name":"vehicle","objects":6,"process_ms":256.5140149999934,"result_age":0.0024082990021270234,"rl":0,"submit_errors":0,"upload_replaced":0},{"decoded":3023,"dropped":0,"encoded":1005,"infer_fps":7.2305980489445565,"inferred":725,"lr":0,"mux_errors":0,"name":"helmet","objects":0,"process_ms":124.49012100114487,"result_age":0.05541595699833124,"rl":0,"submit_errors":0,"upload_replaced":0},{"decoded":3025,"dropped":0,"encoded":1003,"infer_fps":4.160070110351662,"inferred":416,"lr":0,"mux_errors":0,"name":"depth","objects":0,"process_ms":231.38335700059542,"result_age":0.19079373500062502,"rl":0,"submit_errors":0,"upload_replaced":0},{"decoded":2416,"dropped":0,"encoded":1002,"infer_fps":1.9809857668341249,"inferred":202,"lr":0,"mux_errors":0,"name":"seg","objects":13,"process_ms":531.7638779997651,"result_age":0.4260889379984292,"rl":0,"submit_errors":0,"upload_replaced":0},{"decoded":2423,"dropped":0,"encoded":1003,"infer_fps":3.7638729569848373,"inferred":371,"lr":0,"mux_errors":0,"name":"count","objects":8,"process_ms":273.94173399807187,"result_age":0.042566250998788746,"rl":8,"submit_errors":0,"upload_replaced":0}],"elapsed":100.60943748299906,"event":"stats","overview_dropped":0,"overview_encoded":1001,"overview_mux_errors":0}
{"event":"count_loop_reset","loop":8}
[2026-09-16T16:37:55.342] [INFO] [T:281467054390976] RTSP OPTIONS rtsp://127.0.0.1:8554/overview/
[2026-09-16T16:37:55.507] [WARNING] [T:281467045936832] interleaved send timeout/failed, dropping session send loop
[2026-09-16T16:37:55.507] [INFO] [T:281467054390976] RTSP TEARDOWN rtsp://127.0.0.1:8554/overview/
[2026-09-16T16:37:55.507] [WARNING] [T:281467045936832] interleaved send timeout/failed, dropping session send loop
[2026-09-16T16:37:55.507] [WARNING] [T:281467045936832] interleaved send timeout/failed, dropping session send loop
[2026-09-16T16:37:55.507] [WARNING] [T:281467045936832] interleaved send timeout/failed, dropping session send loop
[2026-09-16T16:37:55.507] [WARNING] [T:281467045936832] interleaved send timeout/failed, dropping session send loop
[2026-09-16T16:37:55.507] [WARNING] [T:281467045936832] interleaved send timeout/failed, dropping session send loop
[2026-09-16T16:37:55.507] [WARNING] [T:281467045936832] interleaved send timeout/failed, dropping session send loop
[2026-09-16T16:37:55.507] [WARNING] [T:281467045936832] interleaved send timeout/failed, dropping session send loop
[2026-09-16T16:37:55.508] [WARNING] [T:281467045936832] interleaved send timeout/failed, dropping session send loop
[2026-09-16T16:37:55.508] [WARNING] [T:281467045936832] interleaved send timeout/failed, dropping session send loop
[2026-09-16T16:37:55.508] [WARNING] [T:281467045936832] interleaved send timeout/failed, dropping session send loop
[2026-09-16T16:37:55.508] [WARNING] [T:281467045936832] interleaved send timeout/failed, dropping session send loop
[2026-09-16T16:37:55.508] [WARNING] [T:281467045936832] interleaved send timeout/failed, dropping session send loop
[2026-09-16T16:37:55.508] [WARNING] [T:281467045936832] interleaved send timeout/failed, dropping session send loop
[2026-09-16T16:37:55.508] [WARNING] [T:281467045936832] interleaved send timeout/failed, dropping session send loop
[2026-09-16T16:37:55.508] [WARNING] [T:281467045936832] interleaved send timeout/failed, dropping session send loop
[2026-09-16T16:37:55.508] [WARNING] [T:281467045936832] interleaved send timeout/failed, dropping session send loop
[2026-09-16T16:37:55.508] [WARNING] [T:281467045936832] interleaved send timeout/failed, dropping session send loop
[2026-09-16T16:37:55.508] [WARNING] [T:281467045936832] interleaved send timeout/failed, dropping session send loop
[2026-09-16T16:37:55.508] [WARNING] [T:281467045936832] interleaved send timeout/failed, dropping session send loop
[2026-09-16T16:37:55.508] [WARNING] [T:281467045936832] interleaved send timeout/failed, dropping session send loop
[2026-09-16T16:37:55.508] [WARNING] [T:281467045936832] interleaved send timeout/failed, dropping session send loop
[2026-09-16T16:37:55.508] [WARNING] [T:281467045936832] interleaved send timeout/failed, dropping session send loop
[2026-09-16T16:37:55.508] [WARNING] [T:281467045936832] interleaved send timeout/failed, dropping session send loop
[2026-09-16T16:37:55.508] [WARNING] [T:281467045936832] interleaved send timeout/failed, dropping session send loop
[2026-09-16T16:37:55.508] [WARNING] [T:281467045936832] interleaved send timeout/failed, dropping session send loop
[2026-09-16T16:37:55.508] [WARNING] [T:281467045936832] interleaved send timeout/failed, dropping session send loop
[2026-09-16T16:37:55.508] [WARNING] [T:281467045936832] interleaved send timeout/failed, dropping session send loop
[2026-09-16T16:37:55.508] [WARNING] [T:281467045936832] interleaved send timeout/failed, dropping session send loop
[2026-09-16T16:37:55.508] [WARNING] [T:281467045936832] interleaved send timeout/failed, dropping session send loop
[2026-09-16T16:37:55.508] [WARNING] [T:281467045936832] interleaved send timeout/failed, dropping session send loop
[2026-09-16T16:37:55.509] [WARNING] [T:281467054390976] RTSP response send timeout/failed, closing connection
{"direction":"right_to_left","event":"crossing","id":331,"lr":0,"rl":9}
{"channels":[{"decoded":1330,"dropped":0,"encoded":1106,"infer_fps":6.633388699384296,"inferred":743,"lr":0,"mux_errors":0,"name":"pcd","objects":8,"process_ms":122.3241980005696,"result_age":0.07522339099887176,"rl":0,"submit_errors":0,"upload_replaced":0},{"decoded":2769,"dropped":0,"encoded":1103,"infer_fps":3.6632146548838653,"inferred":415,"lr":0,"mux_errors":0,"name":"vehicle","objects":4,"process_ms":253.43138099924545,"result_age":0.08730746899891528,"rl":0,"submit_errors":0,"upload_replaced":0},{"decoded":3325,"dropped":0,"encoded":1106,"infer_fps":7.128417706801035,"inferred":797,"lr":0,"mux_errors":0,"name":"helmet","objects":0,"process_ms":151.1158670000441,"result_age":0.09682195499772206,"rl":0,"submit_errors":0,"upload_replaced":0},{"decoded":3328,"dropped":0,"encoded":1104,"infer_fps":4.2572494637839515,"inferred":459,"lr":0,"mux_errors":0,"name":"depth","objects":0,"process_ms":240.14475799776847,"result_age":0.07654172800175729,"rl":0,"submit_errors":0,"upload_replaced":0},{"decoded":2658,"dropped":0,"encoded":1102,"infer_fps":2.079121831150302,"inferred":223,"lr":0,"mux_errors":0,"name":"seg","objects":10,"process_ms":484.5662369989441,"result_age":0.13706740899942815,"rl":0,"submit_errors":0,"upload_replaced":0},{"decoded":2666,"dropped":0,"encoded":1104,"infer_fps":3.6632146548838653,"inferred":408,"lr":0,"mux_errors":0,"name":"count","objects":6,"process_ms":297.8132630014443,"result_age":0.005266348998702597,"rl":9,"submit_errors":0,"upload_replaced":0}],"elapsed":110.70985569099867,"event":"stats","overview_dropped":0,"overview_encoded":1102,"overview_mux_errors":0}
{"event":"count_loop_reset","loop":9}
{"direction":"right_to_left","event":"crossing","id":356,"lr":0,"rl":10}
{"channels":[{"decoded":1451,"dropped":0,"encoded":1206,"infer_fps":6.436095235499616,"inferred":808,"lr":0,"mux_errors":0,"name":"pcd","objects":12,"process_ms":152.38782999949763,"result_age":0.04598459499902674,"rl":0,"submit_errors":0,"upload_replaced":0},{"decoded":3022,"dropped":0,"encoded":1203,"infer_fps":3.7626402915228527,"inferred":453,"lr":0,"mux_errors":0,"name":"vehicle","objects":4,"process_ms":245.91598299957695,"result_age":0.1817780000019411,"rl":0,"submit_errors":0,"upload_replaced":0},{"decoded":3629,"dropped":0,"encoded":1206,"infer_fps":7.3272468834918705,"inferred":871,"lr":0,"mux_errors":0,"name":"helmet","objects":0,"process_ms":104.95510500186356,"result_age":0.08849047200055793,"rl":0,"submit_errors":0,"upload_replaced":0},{"decoded":3632,"dropped":0,"encoded":1204,"infer_fps":4.059690840853604,"inferred":500,"lr":0,"mux_errors":0,"name":"depth","objects":0,"process_ms":236.9932900001004,"result_age":0.13780766100171604,"rl":0,"submit_errors":0,"upload_replaced":0},{"decoded":2901,"dropped":0,"encoded":1203,"infer_fps":2.0793538453152607,"inferred":244,"lr":0,"mux_errors":0,"name":"seg","objects":13,"process_ms":469.8574430003646,"result_age":0.27730786800020724,"rl":0,"submit_errors":0,"upload_replaced":0},{"decoded":2908,"dropped":0,"encoded":1204,"infer_fps":3.6636234417459352,"inferred":445,"lr":0,"mux_errors":0,"name":"count","objects":7,"process_ms":250.52666400006274,"result_age":0.1697860890017182,"rl":10,"submit_errors":0,"upload_replaced":0}],"elapsed":120.8091468950006,"event":"stats","overview_dropped":0,"overview_encoded":1203,"overview_mux_errors":0}
